<testsuites id="" name="" tests="462" failures="253" skipped="0" errors="0" time="1391.121383">
<testsuite name="about.spec.ts" timestamp="2025-12-12T21:41:49.549Z" hostname="chromium" tests="11" failures="10" skipped="0" time="48.961" errors="0">
<testcase name="About Page › About 페이지 접근 및 기본 렌더링 확인" classname="about.spec.ts" time="5.883">
<failure message="about.spec.ts:15:7 About 페이지 접근 및 기본 렌더링 확인" type="FAILURE">
<![CDATA[  [chromium] › about.spec.ts:15:7 › About Page › About 페이지 접근 및 기본 렌더링 확인 ──────────────────────────

    Error: expect(locator).toContainText(expected) failed

    Locator: locator('h1')
    Expected substring: "Epackage Labとは"
    Received string:    "404"
    Timeout: 5000ms

    Call log:
      - Expect "toContainText" with timeout 5000ms
      - waiting for locator('h1')
        9 × locator resolved to <h1 class="next-error-h1">404</h1>
          - unexpected value "404"


      17 |
      18 |     // 페이지 제목 확인
    > 19 |     await expect(page.locator('h1')).toContainText('Epackage Labとは');
         |                                      ^
      20 |
      21 |     // 모든 섹션이 렌더링되는지 확인
      22 |     await expect(page.locator('section')).toHaveCount(5);
        at C:\Users\kanei\claudecode\02.Homepage_Dev\02.epac_homepagever1.1\epackage-lab-web\tests\about.spec.ts:19:38

    attachment #1: screenshot (image/png) ──────────────────────────────────────────────────────────
    ..\test-results\about-About-Page-About-페이지-접근-및-기본-렌더링-확인-chromium\test-failed-2.png
    ────────────────────────────────────────────────────────────────────────────────────────────────

    attachment #2: screenshot (image/png) ──────────────────────────────────────────────────────────
    ..\test-results\about-About-Page-About-페이지-접근-및-기본-렌더링-확인-chromium\test-failed-1.png
    ────────────────────────────────────────────────────────────────────────────────────────────────

    attachment #3: video (video/webm) ──────────────────────────────────────────────────────────────
    ..\test-results\about-About-Page-About-페이지-접근-및-기본-렌더링-확인-chromium\video.webm
    ────────────────────────────────────────────────────────────────────────────────────────────────

    Error Context: ..\test-results\about-About-Page-About-페이지-접근-및-기본-렌더링-확인-chromium\error-context.md
]]>
</failure>
<system-out>
<![CDATA[
[[ATTACHMENT|about-About-Page-About-페이지-접근-및-기본-렌더링-확인-chromium\test-failed-2.png]]

[[ATTACHMENT|about-About-Page-About-페이지-접근-및-기본-렌더링-확인-chromium\test-failed-1.png]]

[[ATTACHMENT|about-About-Page-About-페이지-접근-및-기본-렌더링-확인-chromium\video.webm]]

[[ATTACHMENT|about-About-Page-About-페이지-접근-및-기본-렌더링-확인-chromium\error-context.md]]
]]>
</system-out>
</testcase>
<testcase name="About Page › Hero Section 기능 확인" classname="about.spec.ts" time="5.832">
<failure message="about.spec.ts:25:7 Hero Section 기능 확인" type="FAILURE">
<![CDATA[  [chromium] › about.spec.ts:25:7 › About Page › Hero Section 기능 확인 ────────────────────────────────

    Error: expect(locator).toBeVisible() failed

    Locator: locator('text="韓国製の高品質軟包材を、短期納期・適正価格で"')
    Expected: visible
    Timeout: 5000ms
    Error: element(s) not found

    Call log:
      - Expect "toBeVisible" with timeout 5000ms
      - waiting for locator('text="韓国製の高品質軟包材を、短期納期・適正価格で"')


      27 |
      28 |     // Hero Section 내용 확인
    > 29 |     await expect(page.locator('text="韓国製の高品質軟包材を、短期納期・適正価格で"')).toBeVisible();
         |                                                                 ^
      30 |
      31 |     // 동영상 컨트롤 버튼 확인
      32 |     await expect(page.locator('button:has-text("再生")')).toBeVisible();
        at C:\Users\kanei\claudecode\02.Homepage_Dev\02.epac_homepagever1.1\epackage-lab-web\tests\about.spec.ts:29:65

    attachment #1: screenshot (image/png) ──────────────────────────────────────────────────────────
    ..\test-results\about-About-Page-Hero-Section-기능-확인-chromium\test-failed-1.png
    ────────────────────────────────────────────────────────────────────────────────────────────────

    attachment #2: screenshot (image/png) ──────────────────────────────────────────────────────────
    ..\test-results\about-About-Page-Hero-Section-기능-확인-chromium\test-failed-2.png
    ────────────────────────────────────────────────────────────────────────────────────────────────

    attachment #3: video (video/webm) ──────────────────────────────────────────────────────────────
    ..\test-results\about-About-Page-Hero-Section-기능-확인-chromium\video.webm
    ────────────────────────────────────────────────────────────────────────────────────────────────

    Error Context: ..\test-results\about-About-Page-Hero-Section-기능-확인-chromium\error-context.md
]]>
</failure>
<system-out>
<![CDATA[
[[ATTACHMENT|about-About-Page-Hero-Section-기능-확인-chromium\test-failed-1.png]]

[[ATTACHMENT|about-About-Page-Hero-Section-기능-확인-chromium\test-failed-2.png]]

[[ATTACHMENT|about-About-Page-Hero-Section-기능-확인-chromium\video.webm]]

[[ATTACHMENT|about-About-Page-Hero-Section-기능-확인-chromium\error-context.md]]
]]>
</system-out>
</testcase>
<testcase name="About Page › Problem Solution Section 확인" classname="about.spec.ts" time="5.859">
<failure message="about.spec.ts:46:7 Problem Solution Section 확인" type="FAILURE">
<![CDATA[  [chromium] › about.spec.ts:46:7 › About Page › Problem Solution Section 확인 ───────────────────────

    Error: expect(locator).toBeVisible() failed

    Locator: locator('text="包装資材の課題を解決します"')
    Expected: visible
    Timeout: 5000ms
    Error: element(s) not found

    Call log:
      - Expect "toBeVisible" with timeout 5000ms
      - waiting for locator('text="包装資材の課題を解決します"')


      48 |
      49 |     // 섹션 제목 확인
    > 50 |     await expect(page.locator('text="包装資材の課題を解決します"')).toBeVisible();
         |                                                        ^
      51 |
      52 |     // 문제점 확인 (4개)
      53 |     const problems = page.locator('.text-red-600');
        at C:\Users\kanei\claudecode\02.Homepage_Dev\02.epac_homepagever1.1\epackage-lab-web\tests\about.spec.ts:50:56

    attachment #1: screenshot (image/png) ──────────────────────────────────────────────────────────
    ..\test-results\about-About-Page-Problem-Solution-Section-확인-chromium\test-failed-2.png
    ────────────────────────────────────────────────────────────────────────────────────────────────

    attachment #2: screenshot (image/png) ──────────────────────────────────────────────────────────
    ..\test-results\about-About-Page-Problem-Solution-Section-확인-chromium\test-failed-1.png
    ────────────────────────────────────────────────────────────────────────────────────────────────

    attachment #3: video (video/webm) ──────────────────────────────────────────────────────────────
    ..\test-results\about-About-Page-Problem-Solution-Section-확인-chromium\video.webm
    ────────────────────────────────────────────────────────────────────────────────────────────────

    Error Context: ..\test-results\about-About-Page-Problem-Solution-Section-확인-chromium\error-context.md
]]>
</failure>
<system-out>
<![CDATA[
[[ATTACHMENT|about-About-Page-Problem-Solution-Section-확인-chromium\test-failed-2.png]]

[[ATTACHMENT|about-About-Page-Problem-Solution-Section-확인-chromium\test-failed-1.png]]

[[ATTACHMENT|about-About-Page-Problem-Solution-Section-확인-chromium\video.webm]]

[[ATTACHMENT|about-About-Page-Problem-Solution-Section-확인-chromium\error-context.md]]
]]>
</system-out>
</testcase>
<testcase name="About Page › Company Strengths Section 확인" classname="about.spec.ts" time="5.81">
<failure message="about.spec.ts:64:7 Company Strengths Section 확인" type="FAILURE">
<![CDATA[  [chromium] › about.spec.ts:64:7 › About Page › Company Strengths Section 확인 ──────────────────────

    Error: expect(locator).toBeVisible() failed

    Locator: locator('text="Epackage Labの強み"')
    Expected: visible
    Timeout: 5000ms
    Error: element(s) not found

    Call log:
      - Expect "toBeVisible" with timeout 5000ms
      - waiting for locator('text="Epackage Labの強み"')


      66 |
      67 |     // 섹션 제목 확인
    > 68 |     await expect(page.locator('text="Epackage Labの強み"')).toBeVisible();
         |                                                          ^
      69 |
      70 |     // 5가지 강점 확인
      71 |     await expect(page.locator('text="6種類のパウチ製品専門"')).toBeVisible();
        at C:\Users\kanei\claudecode\02.Homepage_Dev\02.epac_homepagever1.1\epackage-lab-web\tests\about.spec.ts:68:58

    attachment #1: screenshot (image/png) ──────────────────────────────────────────────────────────
    ..\test-results\about-About-Page-Company-Strengths-Section-확인-chromium\test-failed-1.png
    ────────────────────────────────────────────────────────────────────────────────────────────────

    attachment #2: screenshot (image/png) ──────────────────────────────────────────────────────────
    ..\test-results\about-About-Page-Company-Strengths-Section-확인-chromium\test-failed-2.png
    ────────────────────────────────────────────────────────────────────────────────────────────────

    attachment #3: video (video/webm) ──────────────────────────────────────────────────────────────
    ..\test-results\about-About-Page-Company-Strengths-Section-확인-chromium\video.webm
    ────────────────────────────────────────────────────────────────────────────────────────────────

    Error Context: ..\test-results\about-About-Page-Company-Strengths-Section-확인-chromium\error-context.md
]]>
</failure>
<system-out>
<![CDATA[
[[ATTACHMENT|about-About-Page-Company-Strengths-Section-확인-chromium\test-failed-1.png]]

[[ATTACHMENT|about-About-Page-Company-Strengths-Section-확인-chromium\test-failed-2.png]]

[[ATTACHMENT|about-About-Page-Company-Strengths-Section-확인-chromium\video.webm]]

[[ATTACHMENT|about-About-Page-Company-Strengths-Section-확인-chromium\error-context.md]]
]]>
</system-out>
</testcase>
<testcase name="About Page › EPackage Section 확인" classname="about.spec.ts" time="5.881">
<failure message="about.spec.ts:82:7 EPackage Section 확인" type="FAILURE">
<![CDATA[  [chromium] › about.spec.ts:82:7 › About Page › EPackage Section 확인 ───────────────────────────────

    Error: expect(locator).toBeVisible() failed

    Locator: locator('text="品質の源泉"')
    Expected: visible
    Timeout: 5000ms
    Error: element(s) not found

    Call log:
      - Expect "toBeVisible" with timeout 5000ms
      - waiting for locator('text="品質の源泉"')


      84 |
      85 |     // 섹션 제목 확인
    > 86 |     await expect(page.locator('text="品質の源泉"')).toBeVisible();
         |                                                ^
      87 |
      88 |     // 기술 정보 확인
      89 |     await expect(page.locator('text="世界最新鋭設備による製造技術"')).toBeVisible();
        at C:\Users\kanei\claudecode\02.Homepage_Dev\02.epac_homepagever1.1\epackage-lab-web\tests\about.spec.ts:86:48

    attachment #1: screenshot (image/png) ──────────────────────────────────────────────────────────
    ..\test-results\about-About-Page-EPackage-Section-확인-chromium\test-failed-1.png
    ────────────────────────────────────────────────────────────────────────────────────────────────

    attachment #2: screenshot (image/png) ──────────────────────────────────────────────────────────
    ..\test-results\about-About-Page-EPackage-Section-확인-chromium\test-failed-2.png
    ────────────────────────────────────────────────────────────────────────────────────────────────

    attachment #3: video (video/webm) ──────────────────────────────────────────────────────────────
    ..\test-results\about-About-Page-EPackage-Section-확인-chromium\video.webm
    ────────────────────────────────────────────────────────────────────────────────────────────────

    Error Context: ..\test-results\about-About-Page-EPackage-Section-확인-chromium\error-context.md
]]>
</failure>
<system-out>
<![CDATA[
[[ATTACHMENT|about-About-Page-EPackage-Section-확인-chromium\test-failed-1.png]]

[[ATTACHMENT|about-About-Page-EPackage-Section-확인-chromium\test-failed-2.png]]

[[ATTACHMENT|about-About-Page-EPackage-Section-확인-chromium\video.webm]]

[[ATTACHMENT|about-About-Page-EPackage-Section-확인-chromium\error-context.md]]
]]>
</system-out>
</testcase>
<testcase name="About Page › CTA Section 확인" classname="about.spec.ts" time="5.717">
<failure message="about.spec.ts:98:7 CTA Section 확인" type="FAILURE">
<![CDATA[  [chromium] › about.spec.ts:98:7 › About Page › CTA Section 확인 ────────────────────────────────────

    Error: expect(locator).toBeVisible() failed

    Locator: locator('text="今すぐ始めましょう"')
    Expected: visible
    Timeout: 5000ms
    Error: element(s) not found

    Call log:
      - Expect "toBeVisible" with timeout 5000ms
      - waiting for locator('text="今すぐ始めましょう"')


      100 |
      101 |     // 섹션 제목 확인
    > 102 |     await expect(page.locator('text="今すぐ始めましょう"')).toBeVisible();
          |                                                    ^
      103 |
      104 |     // 3가지 CTA 버튼 확인
      105 |     await expect(page.locator('a[href="/samples"]:has-text("無料サンプルをもらう")')).toBeVisible();
        at C:\Users\kanei\claudecode\02.Homepage_Dev\02.epac_homepagever1.1\epackage-lab-web\tests\about.spec.ts:102:52

    attachment #1: screenshot (image/png) ──────────────────────────────────────────────────────────
    ..\test-results\about-About-Page-CTA-Section-확인-chromium\test-failed-2.png
    ────────────────────────────────────────────────────────────────────────────────────────────────

    attachment #2: screenshot (image/png) ──────────────────────────────────────────────────────────
    ..\test-results\about-About-Page-CTA-Section-확인-chromium\test-failed-1.png
    ────────────────────────────────────────────────────────────────────────────────────────────────

    attachment #3: video (video/webm) ──────────────────────────────────────────────────────────────
    ..\test-results\about-About-Page-CTA-Section-확인-chromium\video.webm
    ────────────────────────────────────────────────────────────────────────────────────────────────

    Error Context: ..\test-results\about-About-Page-CTA-Section-확인-chromium\error-context.md
]]>
</failure>
<system-out>
<![CDATA[
[[ATTACHMENT|about-About-Page-CTA-Section-확인-chromium\test-failed-2.png]]

[[ATTACHMENT|about-About-Page-CTA-Section-확인-chromium\test-failed-1.png]]

[[ATTACHMENT|about-About-Page-CTA-Section-확인-chromium\video.webm]]

[[ATTACHMENT|about-About-Page-CTA-Section-확인-chromium\error-context.md]]
]]>
</system-out>
</testcase>
<testcase name="About Page › 반응형 디자인 확인" classname="about.spec.ts" time="5.907">
<failure message="about.spec.ts:113:7 반응형 디자인 확인" type="FAILURE">
<![CDATA[  [chromium] › about.spec.ts:113:7 › About Page › 반응형 디자인 확인 ───────────────────────────────────────

    Error: expect(locator).toBeVisible() failed

    Locator: locator('button').filter({ hasText: /再生|一時停止/ }).first()
    Expected: visible
    Timeout: 5000ms
    Error: element(s) not found

    Call log:
      - Expect "toBeVisible" with timeout 5000ms
      - waiting for locator('button').filter({ hasText: /再生|一時停止/ }).first()


      118 |     // 모바일에서 히스 컨트롤 크기 확인
      119 |     const videoControls = page.locator('button').filter({ hasText: /再生|一時停止/ });
    > 120 |     await expect(videoControls.first()).toBeVisible();
          |                                         ^
      121 |
      122 |     // 데스크톱 뷰포트 테스트
      123 |     await page.setViewportSize({ width: 1920, height: 1080 });
        at C:\Users\kanei\claudecode\02.Homepage_Dev\02.epac_homepagever1.1\epackage-lab-web\tests\about.spec.ts:120:41

    attachment #1: screenshot (image/png) ──────────────────────────────────────────────────────────
    ..\test-results\about-About-Page-반응형-디자인-확인-chromium\test-failed-2.png
    ────────────────────────────────────────────────────────────────────────────────────────────────

    attachment #2: screenshot (image/png) ──────────────────────────────────────────────────────────
    ..\test-results\about-About-Page-반응형-디자인-확인-chromium\test-failed-1.png
    ────────────────────────────────────────────────────────────────────────────────────────────────

    attachment #3: video (video/webm) ──────────────────────────────────────────────────────────────
    ..\test-results\about-About-Page-반응형-디자인-확인-chromium\video.webm
    ────────────────────────────────────────────────────────────────────────────────────────────────

    Error Context: ..\test-results\about-About-Page-반응형-디자인-확인-chromium\error-context.md
]]>
</failure>
<system-out>
<![CDATA[
[[ATTACHMENT|about-About-Page-반응형-디자인-확인-chromium\test-failed-2.png]]

[[ATTACHMENT|about-About-Page-반응형-디자인-확인-chromium\test-failed-1.png]]

[[ATTACHMENT|about-About-Page-반응형-디자인-확인-chromium\video.webm]]

[[ATTACHMENT|about-About-Page-반응형-디자인-확인-chromium\error-context.md]]
]]>
</system-out>
</testcase>
<testcase name="About Page › 페이지 성능 확인" classname="about.spec.ts" time="0.785">
<failure message="about.spec.ts:131:7 페이지 성능 확인" type="FAILURE">
<![CDATA[  [chromium] › about.spec.ts:131:7 › About Page › 페이지 성능 확인 ────────────────────────────────────────

    Error: expect(received).toBe(expected) // Object.is equality

    Expected: 200
    Received: 404

      131 |   test('페이지 성능 확인', async ({ page }) => {
      132 |     const response = await page.goto('/about');
    > 133 |     expect(response.status()).toBe(200);
          |                               ^
      134 |
      135 |     // 페이지 로딩 시간 측정 (3초 이내 목표)
      136 |     const loadTime = response.timing()?.requestTime || 0;
        at C:\Users\kanei\claudecode\02.Homepage_Dev\02.epac_homepagever1.1\epackage-lab-web\tests\about.spec.ts:133:31

    attachment #1: screenshot (image/png) ──────────────────────────────────────────────────────────
    ..\test-results\about-About-Page-페이지-성능-확인-chromium\test-failed-1.png
    ────────────────────────────────────────────────────────────────────────────────────────────────

    attachment #2: screenshot (image/png) ──────────────────────────────────────────────────────────
    ..\test-results\about-About-Page-페이지-성능-확인-chromium\test-failed-2.png
    ────────────────────────────────────────────────────────────────────────────────────────────────

    attachment #3: video (video/webm) ──────────────────────────────────────────────────────────────
    ..\test-results\about-About-Page-페이지-성능-확인-chromium\video.webm
    ────────────────────────────────────────────────────────────────────────────────────────────────

    Error Context: ..\test-results\about-About-Page-페이지-성능-확인-chromium\error-context.md
]]>
</failure>
<system-out>
<![CDATA[
[[ATTACHMENT|about-About-Page-페이지-성능-확인-chromium\test-failed-1.png]]

[[ATTACHMENT|about-About-Page-페이지-성능-확인-chromium\test-failed-2.png]]

[[ATTACHMENT|about-About-Page-페이지-성능-확인-chromium\video.webm]]

[[ATTACHMENT|about-About-Page-페이지-성능-확인-chromium\error-context.md]]
]]>
</system-out>
</testcase>
<testcase name="About Page › SEO 메타데이터 확인" classname="about.spec.ts" time="0.585">
<failure message="about.spec.ts:140:7 SEO 메타데이터 확인" type="FAILURE">
<![CDATA[  [chromium] › about.spec.ts:140:7 › About Page › SEO 메타데이터 확인 ─────────────────────────────────────

    Error: expect(received).toContain(expected) // indexOf

    Expected substring: "Epackage Labとは"
    Received string:    "404: This page could not be found."

      143 |     // 메타 타이틀 확인
      144 |     const title = await page.title();
    > 145 |     expect(title).toContain('Epackage Labとは');
          |                   ^
      146 |
      147 |     // 메타 설명 확인
      148 |     const description = await page.locator('meta[name="description"]').getAttribute('content');
        at C:\Users\kanei\claudecode\02.Homepage_Dev\02.epac_homepagever1.1\epackage-lab-web\tests\about.spec.ts:145:19

    attachment #1: screenshot (image/png) ──────────────────────────────────────────────────────────
    ..\test-results\about-About-Page-SEO-메타데이터-확인-chromium\test-failed-1.png
    ────────────────────────────────────────────────────────────────────────────────────────────────

    attachment #2: screenshot (image/png) ──────────────────────────────────────────────────────────
    ..\test-results\about-About-Page-SEO-메타데이터-확인-chromium\test-failed-2.png
    ────────────────────────────────────────────────────────────────────────────────────────────────

    attachment #3: video (video/webm) ──────────────────────────────────────────────────────────────
    ..\test-results\about-About-Page-SEO-메타데이터-확인-chromium\video.webm
    ────────────────────────────────────────────────────────────────────────────────────────────────

    Error Context: ..\test-results\about-About-Page-SEO-메타데이터-확인-chromium\error-context.md
]]>
</failure>
<system-out>
<![CDATA[
[[ATTACHMENT|about-About-Page-SEO-메타데이터-확인-chromium\test-failed-1.png]]

[[ATTACHMENT|about-About-Page-SEO-메타데이터-확인-chromium\test-failed-2.png]]

[[ATTACHMENT|about-About-Page-SEO-메타데이터-확인-chromium\video.webm]]

[[ATTACHMENT|about-About-Page-SEO-메타데이터-확인-chromium\error-context.md]]
]]>
</system-out>
</testcase>
<testcase name="About Page › 내비게이션 링크 확인" classname="about.spec.ts" time="5.67">
<failure message="about.spec.ts:152:7 내비게이션 링크 확인" type="FAILURE">
<![CDATA[  [chromium] › about.spec.ts:152:7 › About Page › 내비게이션 링크 확인 ──────────────────────────────────────

    Error: expect(locator).toHaveCount(expected) failed

    Locator:  locator('a[href="/about"]')
    Expected: 1
    Received: 0
    Timeout:  5000ms

    Call log:
      - Expect "toHaveCount" with timeout 5000ms
      - waiting for locator('a[href="/about"]')
        8 × locator resolved to 0 elements
          - unexpected value "0"


      155 |     // 홈페이지에서 about 페이지 링크 확인
      156 |     const aboutLinks = page.locator('a[href="/about"]');
    > 157 |     expect(aboutLinks).toHaveCount(1);
          |                        ^
      158 |
      159 |     // 클릭 후 about 페이지로 이동 확인
      160 |     await aboutLinks.first().click();
        at C:\Users\kanei\claudecode\02.Homepage_Dev\02.epac_homepagever1.1\epackage-lab-web\tests\about.spec.ts:157:24

    Error: locator.click: Test ended.
    Call log:
      - waiting for locator('a[href="/about"]').first()


      158 |
      159 |     // 클릭 후 about 페이지로 이동 확인
    > 160 |     await aboutLinks.first().click();
          |                              ^
      161 |     await expect(page).toHaveURL(/\/about/);
      162 |   });
      163 | });
        at C:\Users\kanei\claudecode\02.Homepage_Dev\02.epac_homepagever1.1\epackage-lab-web\tests\about.spec.ts:160:30

    attachment #1: screenshot (image/png) ──────────────────────────────────────────────────────────
    ..\test-results\about-About-Page-내비게이션-링크-확인-chromium\test-failed-1.png
    ────────────────────────────────────────────────────────────────────────────────────────────────

    attachment #2: screenshot (image/png) ──────────────────────────────────────────────────────────
    ..\test-results\about-About-Page-내비게이션-링크-확인-chromium\test-failed-2.png
    ────────────────────────────────────────────────────────────────────────────────────────────────

    attachment #3: video (video/webm) ──────────────────────────────────────────────────────────────
    ..\test-results\about-About-Page-내비게이션-링크-확인-chromium\video.webm
    ────────────────────────────────────────────────────────────────────────────────────────────────

    Error Context: ..\test-results\about-About-Page-내비게이션-링크-확인-chromium\error-context.md
]]>
</failure>
<system-out>
<![CDATA[
[[ATTACHMENT|about-About-Page-내비게이션-링크-확인-chromium\test-failed-1.png]]

[[ATTACHMENT|about-About-Page-내비게이션-링크-확인-chromium\test-failed-2.png]]

[[ATTACHMENT|about-About-Page-내비게이션-링크-확인-chromium\video.webm]]

[[ATTACHMENT|about-About-Page-내비게이션-링크-확인-chromium\error-context.md]]
]]>
</system-out>
</testcase>
<testcase name="About 페이지 접근성 확인" classname="about.spec.ts" time="1.032">
</testcase>
</testsuite>
<testsuite name="catalog.spec.ts" timestamp="2025-12-12T21:41:49.549Z" hostname="chromium" tests="7" failures="1" skipped="0" time="14.563" errors="0">
<testcase name="Product Catalog › displays Japanese product names correctly" classname="catalog.spec.ts" time="2.07">
<failure message="catalog.spec.ts:9:9 displays Japanese product names correctly" type="FAILURE">
<![CDATA[  [chromium] › catalog.spec.ts:9:9 › Product Catalog › displays Japanese product names correctly ───

    Error: expect(received).toBeGreaterThan(expected)

    Expected: > 0
    Received:   0

      13 |         // Check product names contain Japanese characters
      14 |         const productNames = await page.locator('.product-name, [data-testid="product-name"]').allTextContents();
    > 15 |         expect(productNames.length).toBeGreaterThan(0);
         |                                     ^
      16 |
      17 |         const hasJapaneseText = productNames.some(name => /[\u3040-\u309f\u30a0-\u30ff\u4e00-\u9faf]/.test(name));
      18 |         expect(hasJapaneseText).toBeTruthy();
        at C:\Users\kanei\claudecode\02.Homepage_Dev\02.epac_homepagever1.1\epackage-lab-web\tests\catalog.spec.ts:15:37

    attachment #1: screenshot (image/png) ──────────────────────────────────────────────────────────
    ..\test-results\catalog-Product-Catalog-di-437ad-ese-product-names-correctly-chromium\test-failed-1.png
    ────────────────────────────────────────────────────────────────────────────────────────────────

    attachment #2: video (video/webm) ──────────────────────────────────────────────────────────────
    ..\test-results\catalog-Product-Catalog-di-437ad-ese-product-names-correctly-chromium\video.webm
    ────────────────────────────────────────────────────────────────────────────────────────────────

    Error Context: ..\test-results\catalog-Product-Catalog-di-437ad-ese-product-names-correctly-chromium\error-context.md
]]>
</failure>
<system-out>
<![CDATA[
[[ATTACHMENT|catalog-Product-Catalog-di-437ad-ese-product-names-correctly-chromium\test-failed-1.png]]

[[ATTACHMENT|catalog-Product-Catalog-di-437ad-ese-product-names-correctly-chromium\video.webm]]

[[ATTACHMENT|catalog-Product-Catalog-di-437ad-ese-product-names-correctly-chromium\error-context.md]]
]]>
</system-out>
</testcase>
<testcase name="Product Catalog › search functionality with Japanese keywords" classname="catalog.spec.ts" time="2.07">
</testcase>
<testcase name="Product Catalog › filter options work correctly" classname="catalog.spec.ts" time="2.014">
</testcase>
<testcase name="Product Catalog › product images load correctly" classname="catalog.spec.ts" time="2.004">
</testcase>
<testcase name="Product Catalog › responsive design on mobile" classname="catalog.spec.ts" time="2.413">
</testcase>
<testcase name="Product Catalog › pagination works if present" classname="catalog.spec.ts" time="1.98">
</testcase>
<testcase name="Product Catalog › breadcrumb navigation" classname="catalog.spec.ts" time="2.012">
</testcase>
</testsuite>
<testsuite name="core-features.spec.ts" timestamp="2025-12-12T21:41:49.549Z" hostname="chromium" tests="9" failures="6" skipped="0" time="24.853" errors="0">
<testcase name="Core TaskMaster Features › Homepage loads with Japanese localization" classname="core-features.spec.ts" time="0.575">
<failure message="core-features.spec.ts:13:7 Homepage loads with Japanese localization" type="FAILURE">
<![CDATA[  [chromium] › core-features.spec.ts:13:7 › Core TaskMaster Features › Homepage loads with Japanese localization 

    Error: expect(locator).toContainText(expected) failed

    Locator: locator('a[href="/catalog/"]')
    Expected substring: "製品カタログ"
    Error: strict mode violation: locator('a[href="/catalog/"]') resolved to 5 elements:
        1) <a title="パウチ製品一覧" href="/catalog/" class="px-4 py-2 text-sm font-medium text-text-secondary transition-colors hover:text-brixa-600 focus:outline-none focus:text-brixa-600 rounded-lg hover:bg-bg-secondary after:absolute after:bottom-[-2px] after:left-0 after:w-0 after:h-0.5 after:bg-brixa-600 after:transition-all after:duration-200 hover:after:w-full">…</a> aka getByRole('link', { name: '製品カタログ', exact: true })
        2) <a title="パウチ製品一覧" href="/catalog/" class="block px-4 py-3 text-base font-medium text-text-secondary rounded-lg transition-colors hover:bg-bg-secondary hover:text-text-primary focus:outline-none focus:bg-bg-secondary focus:text-text-primary after:absolute after:bottom-[-2px] after:left-0 after:w-0 after:h-0.5 after:bg-brixa-600 after:transition-all after:duration-200 hover:after:w-full">…</a> aka getByLabel('Mobile navigation').getByTitle('パウチ製品一覧')
        3) <a href="/catalog/" class="inline-flex group relative">…</a> aka getByRole('link', { name: '全製品を見る 人気' })
        4) <a href="/catalog/">…</a> aka getByRole('link', { name: '全製品を見る', exact: true })
        5) <a class="group" href="/catalog/">…</a> aka getByRole('link', { name: '全製品カタログ 全製品を詳しく確認。仕様と価格を比較。 おすすめ 全製品確認' })

    Call log:
      - Expect "toContainText" with timeout 5000ms
      - waiting for locator('a[href="/catalog/"]')


      22 |
      23 |     // Check navigation is in Japanese
    > 24 |     await expect(page.locator('a[href="/catalog/"]')).toContainText('製品カタログ');
         |                                                       ^
      25 |     await expect(page.locator('a[href="/quote-simulator/"]')).toContainText('お見積り');
      26 |   });
      27 |
        at C:\Users\kanei\claudecode\02.Homepage_Dev\02.epac_homepagever1.1\epackage-lab-web\tests\core-features.spec.ts:24:55

    attachment #1: screenshot (image/png) ──────────────────────────────────────────────────────────
    ..\test-results\core-features-Core-TaskMas-1dc6e--with-Japanese-localization-chromium\test-failed-1.png
    ────────────────────────────────────────────────────────────────────────────────────────────────

    attachment #2: video (video/webm) ──────────────────────────────────────────────────────────────
    ..\test-results\core-features-Core-TaskMas-1dc6e--with-Japanese-localization-chromium\video.webm
    ────────────────────────────────────────────────────────────────────────────────────────────────

    Error Context: ..\test-results\core-features-Core-TaskMas-1dc6e--with-Japanese-localization-chromium\error-context.md
]]>
</failure>
<system-out>
<![CDATA[
[[ATTACHMENT|core-features-Core-TaskMas-1dc6e--with-Japanese-localization-chromium\test-failed-1.png]]

[[ATTACHMENT|core-features-Core-TaskMas-1dc6e--with-Japanese-localization-chromium\video.webm]]

[[ATTACHMENT|core-features-Core-TaskMas-1dc6e--with-Japanese-localization-chromium\error-context.md]]
]]>
</system-out>
</testcase>
<testcase name="Core TaskMaster Features › Header maintains consistent styling" classname="core-features.spec.ts" time="6.306">
<failure message="core-features.spec.ts:28:7 Header maintains consistent styling" type="FAILURE">
<![CDATA[  [chromium] › core-features.spec.ts:28:7 › Core TaskMaster Features › Header maintains consistent styling 

    Error: expect(locator).toBeVisible() failed

    Locator: locator('nav[role="menubar"]')
    Expected: visible
    Timeout: 5000ms
    Error: element(s) not found

    Call log:
      - Expect "toBeVisible" with timeout 5000ms
      - waiting for locator('nav[role="menubar"]')


      41 |     // Check key navigation elements remain visible
      42 |     const mainNav = page.locator('nav[role="menubar"]');
    > 43 |     await expect(mainNav).toBeVisible();
         |                           ^
      44 |     await expect(mainNav.locator('a[href="/catalog/"]')).toBeVisible();
      45 |   });
      46 |
        at C:\Users\kanei\claudecode\02.Homepage_Dev\02.epac_homepagever1.1\epackage-lab-web\tests\core-features.spec.ts:43:27

    attachment #1: screenshot (image/png) ──────────────────────────────────────────────────────────
    ..\test-results\core-features-Core-TaskMas-4e827-aintains-consistent-styling-chromium\test-failed-1.png
    ────────────────────────────────────────────────────────────────────────────────────────────────

    attachment #2: video (video/webm) ──────────────────────────────────────────────────────────────
    ..\test-results\core-features-Core-TaskMas-4e827-aintains-consistent-styling-chromium\video.webm
    ────────────────────────────────────────────────────────────────────────────────────────────────

    Error Context: ..\test-results\core-features-Core-TaskMas-4e827-aintains-consistent-styling-chromium\error-context.md
]]>
</failure>
<system-out>
<![CDATA[
[[ATTACHMENT|core-features-Core-TaskMas-4e827-aintains-consistent-styling-chromium\test-failed-1.png]]

[[ATTACHMENT|core-features-Core-TaskMas-4e827-aintains-consistent-styling-chromium\video.webm]]

[[ATTACHMENT|core-features-Core-TaskMas-4e827-aintains-consistent-styling-chromium\error-context.md]]
]]>
</system-out>
</testcase>
<testcase name="Core TaskMaster Features › Footer is properly structured with Japanese content" classname="core-features.spec.ts" time="6.747">
<failure message="core-features.spec.ts:47:7 Footer is properly structured with Japanese content" type="FAILURE">
<![CDATA[  [chromium] › core-features.spec.ts:47:7 › Core TaskMaster Features › Footer is properly structured with Japanese content 

    Error: expect(locator).toBeVisible() failed

    Locator: locator('text=〒673-0846')
    Expected: visible
    Timeout: 5000ms
    Error: element(s) not found

    Call log:
      - Expect "toBeVisible" with timeout 5000ms
      - waiting for locator('text=〒673-0846')


      57 |
      58 |     // Check for contact information
    > 59 |     await expect(page.locator('text=〒673-0846')).toBeVisible();
         |                                                  ^
      60 |     await expect(page.locator('text=080-6942-7235')).toBeVisible();
      61 |   });
      62 |
        at C:\Users\kanei\claudecode\02.Homepage_Dev\02.epac_homepagever1.1\epackage-lab-web\tests\core-features.spec.ts:59:50

    attachment #1: screenshot (image/png) ──────────────────────────────────────────────────────────
    ..\test-results\core-features-Core-TaskMas-c3774-tured-with-Japanese-content-chromium\test-failed-1.png
    ────────────────────────────────────────────────────────────────────────────────────────────────

    attachment #2: video (video/webm) ──────────────────────────────────────────────────────────────
    ..\test-results\core-features-Core-TaskMas-c3774-tured-with-Japanese-content-chromium\video.webm
    ────────────────────────────────────────────────────────────────────────────────────────────────

    Error Context: ..\test-results\core-features-Core-TaskMas-c3774-tured-with-Japanese-content-chromium\error-context.md
]]>
</failure>
<system-out>
<![CDATA[
[[ATTACHMENT|core-features-Core-TaskMas-c3774-tured-with-Japanese-content-chromium\test-failed-1.png]]

[[ATTACHMENT|core-features-Core-TaskMas-c3774-tured-with-Japanese-content-chromium\video.webm]]

[[ATTACHMENT|core-features-Core-TaskMas-c3774-tured-with-Japanese-content-chromium\error-context.md]]
]]>
</system-out>
</testcase>
<testcase name="Core TaskMaster Features › Design guide pages are accessible" classname="core-features.spec.ts" time="5.123">
</testcase>
<testcase name="Core TaskMaster Features › API endpoints respond correctly" classname="core-features.spec.ts" time="0.823">
</testcase>
<testcase name="Core TaskMaster Features › Navigation links work correctly" classname="core-features.spec.ts" time="1.291">
<failure message="core-features.spec.ts:96:7 Navigation links work correctly" type="FAILURE">
<![CDATA[  [chromium] › core-features.spec.ts:96:7 › Core TaskMaster Features › Navigation links work correctly 

    Error: expect(received).toContain(expected) // indexOf

    Expected substring: "/catalog/"
    Received string:    "http://localhost:3000/"

      110 |
      111 |       // Verify we navigated to the correct page
    > 112 |       expect(page.url()).toContain(navTest.href);
          |                          ^
      113 |
      114 |       // Return to home for next test
      115 |       await page.goto('http://localhost:3000');
        at C:\Users\kanei\claudecode\02.Homepage_Dev\02.epac_homepagever1.1\epackage-lab-web\tests\core-features.spec.ts:112:26

    attachment #1: screenshot (image/png) ──────────────────────────────────────────────────────────
    ..\test-results\core-features-Core-TaskMas-a492e-gation-links-work-correctly-chromium\test-failed-1.png
    ────────────────────────────────────────────────────────────────────────────────────────────────

    attachment #2: video (video/webm) ──────────────────────────────────────────────────────────────
    ..\test-results\core-features-Core-TaskMas-a492e-gation-links-work-correctly-chromium\video.webm
    ────────────────────────────────────────────────────────────────────────────────────────────────

    Error Context: ..\test-results\core-features-Core-TaskMas-a492e-gation-links-work-correctly-chromium\error-context.md
]]>
</failure>
<system-out>
<![CDATA[
[[ATTACHMENT|core-features-Core-TaskMas-a492e-gation-links-work-correctly-chromium\test-failed-1.png]]

[[ATTACHMENT|core-features-Core-TaskMas-a492e-gation-links-work-correctly-chromium\video.webm]]

[[ATTACHMENT|core-features-Core-TaskMas-a492e-gation-links-work-correctly-chromium\error-context.md]]
]]>
</system-out>
</testcase>
<testcase name="Core TaskMaster Features › Mobile responsiveness works" classname="core-features.spec.ts" time="1.987">
<failure message="core-features.spec.ts:119:7 Mobile responsiveness works" type="FAILURE">
<![CDATA[  [chromium] › core-features.spec.ts:119:7 › Core TaskMaster Features › Mobile responsiveness works 

    Error: expect(locator).toBeVisible() failed

    Locator: locator('a[href="/catalog/"]')
    Expected: visible
    Error: strict mode violation: locator('a[href="/catalog/"]') resolved to 10 elements:
        1) <a title="パウチ製品一覧" href="/catalog/" class="px-4 py-2 text-sm font-medium text-text-secondary transition-colors hover:text-brixa-600 focus:outline-none focus:text-brixa-600 rounded-lg hover:bg-bg-secondary after:absolute after:bottom-[-2px] after:left-0 after:w-0 after:h-0.5 after:bg-brixa-600 after:transition-all after:duration-200 hover:after:w-full">…</a> aka getByLabel('Main navigation').getByTitle('パウチ製品一覧')
        2) <a title="パウチ製品一覧" href="/catalog/" class="block px-4 py-3 text-base font-medium text-text-secondary rounded-lg transition-colors hover:bg-bg-secondary hover:text-text-primary focus:outline-none focus:bg-bg-secondary focus:text-text-primary after:absolute after:bottom-[-2px] after:left-0 after:w-0 after:h-0.5 after:bg-brixa-600 after:transition-all after:duration-200 hover:after:w-full">…</a> aka getByRole('link', { name: '製品カタログ', exact: true })
        3) <a href="/catalog/" class="inline-flex group relative">…</a> aka getByRole('link', { name: '全製品を見る 人気' })
        4) <a class="flex-1" href="/catalog/">…</a> aka getByRole('link', { name: '詳細をご確認' }).first()
        5) <a class="flex-1" href="/catalog/">…</a> aka getByRole('link', { name: '詳細をご確認' }).nth(1)
        6) <a class="flex-1" href="/catalog/">…</a> aka getByRole('link', { name: '詳細をご確認' }).nth(2)
        7) <a class="flex-1" href="/catalog/">…</a> aka getByRole('link', { name: '詳細をご確認' }).nth(3)
        8) <a class="flex-1" href="/catalog/">…</a> aka getByRole('link', { name: '詳細をご確認' }).nth(4)
        9) <a href="/catalog/">…</a> aka getByRole('link', { name: '全製品を見る', exact: true })
        10) <a class="group" href="/catalog/">…</a> aka getByRole('link', { name: '全製品カタログ 全製品を詳しく確認。仕様と価格を比較。 おすすめ 全製品確認' })

    Call log:
      - Expect "toBeVisible" with timeout 5000ms
      - waiting for locator('a[href="/catalog/"]')


      130 |
      131 |       // Check navigation is visible in mobile view
    > 132 |       await expect(page.locator('a[href="/catalog/"]')).toBeVisible();
          |                                                         ^
      133 |     }
      134 |
      135 |     // Reset to desktop
        at C:\Users\kanei\claudecode\02.Homepage_Dev\02.epac_homepagever1.1\epackage-lab-web\tests\core-features.spec.ts:132:57

    attachment #1: screenshot (image/png) ──────────────────────────────────────────────────────────
    ..\test-results\core-features-Core-TaskMas-f5d3b-Mobile-responsiveness-works-chromium\test-failed-1.png
    ────────────────────────────────────────────────────────────────────────────────────────────────

    attachment #2: video (video/webm) ──────────────────────────────────────────────────────────────
    ..\test-results\core-features-Core-TaskMas-f5d3b-Mobile-responsiveness-works-chromium\video.webm
    ────────────────────────────────────────────────────────────────────────────────────────────────

    Error Context: ..\test-results\core-features-Core-TaskMas-f5d3b-Mobile-responsiveness-works-chromium\error-context.md
]]>
</failure>
<system-out>
<![CDATA[
[[ATTACHMENT|core-features-Core-TaskMas-f5d3b-Mobile-responsiveness-works-chromium\test-failed-1.png]]

[[ATTACHMENT|core-features-Core-TaskMas-f5d3b-Mobile-responsiveness-works-chromium\video.webm]]

[[ATTACHMENT|core-features-Core-TaskMas-f5d3b-Mobile-responsiveness-works-chromium\error-context.md]]
]]>
</system-out>
</testcase>
<testcase name="Additional Functionality › Catalog page loads" classname="core-features.spec.ts" time="0.939">
</testcase>
<testcase name="Additional Functionality › Contact page loads" classname="core-features.spec.ts" time="1.062">
<failure message="core-features.spec.ts:149:7 Contact page loads" type="FAILURE">
<![CDATA[  [chromium] › core-features.spec.ts:149:7 › Additional Functionality › Contact page loads ─────────

    Error: expect(locator).toBeVisible() failed

    Locator: locator('text=お問い合わせ')
    Expected: visible
    Error: strict mode violation: locator('text=お問い合わせ') resolved to 5 elements:
        1) <span class="truncate">お問い合わせ</span> aka getByRole('button', { name: 'お問い合わせ' })
        2) <span class="truncate">お問い合わせ</span> aka getByLabel('Get a quote - mobile CTA').getByText('お問い合わせ')
        3) <h1 class="text-4xl font-bold text-gray-900 mb-4">パウチ専門お問い合わせ</h1> aka getByRole('heading', { name: 'パウチ専門お問い合わせ' })
        4) <label class="flex items-center text-lg font-medium text-gray-900">…</label> aka getByText('お問い合わせ内容 *')
        5) <title>パウチお問い合わせ | Epackage Lab | Epackage Lab</title> aka getByText('パウチお問い合わせ | Epackage Lab |')

    Call log:
      - Expect "toBeVisible" with timeout 5000ms
      - waiting for locator('text=お問い合わせ')


      153 |     // Page should load
      154 |     await expect(page.locator('body')).toBeVisible();
    > 155 |     await expect(page.locator('text=お問い合わせ')).toBeVisible();
          |                                               ^
      156 |   });
      157 | });
        at C:\Users\kanei\claudecode\02.Homepage_Dev\02.epac_homepagever1.1\epackage-lab-web\tests\core-features.spec.ts:155:47

    attachment #1: screenshot (image/png) ──────────────────────────────────────────────────────────
    ..\test-results\core-features-Additional-Functionality-Contact-page-loads-chromium\test-failed-1.png
    ────────────────────────────────────────────────────────────────────────────────────────────────

    attachment #2: video (video/webm) ──────────────────────────────────────────────────────────────
    ..\test-results\core-features-Additional-Functionality-Contact-page-loads-chromium\video.webm
    ────────────────────────────────────────────────────────────────────────────────────────────────

    Error Context: ..\test-results\core-features-Additional-Functionality-Contact-page-loads-chromium\error-context.md
]]>
</failure>
<system-out>
<![CDATA[
[[ATTACHMENT|core-features-Additional-Functionality-Contact-page-loads-chromium\test-failed-1.png]]

[[ATTACHMENT|core-features-Additional-Functionality-Contact-page-loads-chromium\video.webm]]

[[ATTACHMENT|core-features-Additional-Functionality-Contact-page-loads-chromium\error-context.md]]
]]>
</system-out>
</testcase>
</testsuite>
<testsuite name="download.spec.ts" timestamp="2025-12-12T21:41:49.549Z" hostname="chromium" tests="7" failures="2" skipped="0" time="12.001" errors="0">
<testcase name="Catalog Download System › initiates PDF download" classname="download.spec.ts" time="1.688">
<failure message="download.spec.ts:9:9 initiates PDF download" type="FAILURE">
<![CDATA[  [chromium] › download.spec.ts:9:9 › Catalog Download System › initiates PDF download ─────────────

    Error: locator.isVisible: Error: strict mode violation: locator('[data-testid="catalog-download"], .catalog-download, a[href*="catalog"], button:has-text("カタログダウンロード"), button:has-text("Download Catalog")') resolved to 2 elements:
        1) <a title="パウチ製品一覧" href="/catalog/" class="px-4 py-2 text-sm font-medium text-text-secondary transition-colors hover:text-brixa-600 focus:outline-none focus:text-brixa-600 rounded-lg hover:bg-bg-secondary after:absolute after:bottom-[-2px] after:left-0 after:w-0 after:h-0.5 after:bg-brixa-600 after:transition-all after:duration-200 hover:after:w-full">…</a> aka getByRole('link', { name: '製品カタログ' })
        2) <a title="パウチ製品一覧" href="/catalog/" class="block px-4 py-3 text-base font-medium text-text-secondary rounded-lg transition-colors hover:bg-bg-secondary hover:text-text-primary focus:outline-none focus:bg-bg-secondary focus:text-text-primary after:absolute after:bottom-[-2px] after:left-0 after:w-0 after:h-0.5 after:bg-brixa-600 after:transition-all after:duration-200 hover:after:w-full">…</a> aka getByLabel('Mobile navigation').getByTitle('パウチ製品一覧')

    Call log:
        - checking visibility of locator('[data-testid="catalog-download"], .catalog-download, a[href*="catalog"], button:has-text("カタログダウンロード"), button:has-text("Download Catalog")')


      17 |         );
      18 |
    > 19 |         if (await downloadButton.isVisible()) {
         |                                  ^
      20 |             // Set up download handler
      21 |             const downloadPromise = page.waitForEvent('download', { timeout: 30000 });
      22 |
        at C:\Users\kanei\claudecode\02.Homepage_Dev\02.epac_homepagever1.1\epackage-lab-web\tests\download.spec.ts:19:34

    attachment #1: screenshot (image/png) ──────────────────────────────────────────────────────────
    ..\test-results\download-Catalog-Download-System-initiates-PDF-download-chromium\test-failed-1.png
    ────────────────────────────────────────────────────────────────────────────────────────────────

    attachment #2: video (video/webm) ──────────────────────────────────────────────────────────────
    ..\test-results\download-Catalog-Download-System-initiates-PDF-download-chromium\video.webm
    ────────────────────────────────────────────────────────────────────────────────────────────────

    Error Context: ..\test-results\download-Catalog-Download-System-initiates-PDF-download-chromium\error-context.md
]]>
</failure>
<system-out>
<![CDATA[
[[ATTACHMENT|download-Catalog-Download-System-initiates-PDF-download-chromium\test-failed-1.png]]

[[ATTACHMENT|download-Catalog-Download-System-initiates-PDF-download-chromium\video.webm]]

[[ATTACHMENT|download-Catalog-Download-System-initiates-PDF-download-chromium\error-context.md]]
]]>
</system-out>
</testcase>
<testcase name="Catalog Download System › captures email before download" classname="download.spec.ts" time="1.697">
</testcase>
<testcase name="Catalog Download System › progress tracking display" classname="download.spec.ts" time="1.595">
</testcase>
<testcase name="Catalog Download System › error handling for invalid email" classname="download.spec.ts" time="1.851">
</testcase>
<testcase name="Catalog Download System › download on mobile devices" classname="download.spec.ts" time="2.047">
<failure message="download.spec.ts:169:9 download on mobile devices" type="FAILURE">
<![CDATA[  [chromium] › download.spec.ts:169:9 › Catalog Download System › download on mobile devices ───────

    Error: locator.isVisible: Error: strict mode violation: locator('[data-testid="catalog-download"], .catalog-download, a[href*="catalog"]') resolved to 2 elements:
        1) <a title="パウチ製品一覧" href="/catalog/" class="px-4 py-2 text-sm font-medium text-text-secondary transition-colors hover:text-brixa-600 focus:outline-none focus:text-brixa-600 rounded-lg hover:bg-bg-secondary after:absolute after:bottom-[-2px] after:left-0 after:w-0 after:h-0.5 after:bg-brixa-600 after:transition-all after:duration-200 hover:after:w-full">…</a> aka getByLabel('Main navigation').getByTitle('パウチ製品一覧')
        2) <a title="パウチ製品一覧" href="/catalog/" class="block px-4 py-3 text-base font-medium text-text-secondary rounded-lg transition-colors hover:bg-bg-secondary hover:text-text-primary focus:outline-none focus:bg-bg-secondary focus:text-text-primary after:absolute after:bottom-[-2px] after:left-0 after:w-0 after:h-0.5 after:bg-brixa-600 after:transition-all after:duration-200 hover:after:w-full">…</a> aka getByLabel('Mobile navigation').getByTitle('パウチ製品一覧')

    Call log:
        - checking visibility of locator('[data-testid="catalog-download"], .catalog-download, a[href*="catalog"]')


      178 |         );
      179 |
    > 180 |         if (await downloadButton.isVisible()) {
          |                                  ^
      181 |             // Check button is touch-friendly
      182 |             const buttonBox = await downloadButton.boundingBox();
      183 |             if (buttonBox) {
        at C:\Users\kanei\claudecode\02.Homepage_Dev\02.epac_homepagever1.1\epackage-lab-web\tests\download.spec.ts:180:34

    attachment #1: screenshot (image/png) ──────────────────────────────────────────────────────────
    ..\test-results\download-Catalog-Download-System-download-on-mobile-devices-chromium\test-failed-1.png
    ────────────────────────────────────────────────────────────────────────────────────────────────

    attachment #2: video (video/webm) ──────────────────────────────────────────────────────────────
    ..\test-results\download-Catalog-Download-System-download-on-mobile-devices-chromium\video.webm
    ────────────────────────────────────────────────────────────────────────────────────────────────

    Error Context: ..\test-results\download-Catalog-Download-System-download-on-mobile-devices-chromium\error-context.md
]]>
</failure>
<system-out>
<![CDATA[
[[ATTACHMENT|download-Catalog-Download-System-download-on-mobile-devices-chromium\test-failed-1.png]]

[[ATTACHMENT|download-Catalog-Download-System-download-on-mobile-devices-chromium\video.webm]]

[[ATTACHMENT|download-Catalog-Download-System-download-on-mobile-devices-chromium\error-context.md]]
]]>
</system-out>
</testcase>
<testcase name="Catalog Download System › analytics tracking" classname="download.spec.ts" time="1.573">
</testcase>
<testcase name="Catalog Download System › email confirmation after download" classname="download.spec.ts" time="1.55">
</testcase>
</testsuite>
<testsuite name="implementation-validation.spec.ts" timestamp="2025-12-12T21:41:49.549Z" hostname="chromium" tests="15" failures="7" skipped="0" time="42.475" errors="0">
<testcase name="TaskMaster Implementation Validation › Homepage loads successfully with Japanese content" classname="implementation-validation.spec.ts" time="5.7">
<failure message="implementation-validation.spec.ts:14:7 Homepage loads successfully with Japanese content" type="FAILURE">
<![CDATA[  [chromium] › implementation-validation.spec.ts:14:7 › TaskMaster Implementation Validation › Homepage loads successfully with Japanese content 

    Error: expect(page).toHaveTitle(expected) failed

    Expected pattern: /Epackage Lab.*パッケージソリューション/
    Received string:  "Epackage Lab | 韓国品質の包装材料で日本のものづくりを支援 | パッケージングソリューション"
    Timeout: 5000ms

    Call log:
      - Expect "toHaveTitle" with timeout 5000ms
        9 × unexpected value "Epackage Lab | 韓国品質の包装材料で日本のものづくりを支援 | パッケージングソリューション"


      14 |   test('Homepage loads successfully with Japanese content', async ({ page }) => {
      15 |     // Test basic homepage functionality
    > 16 |     await expect(page).toHaveTitle(/Epackage Lab.*パッケージソリューション/);
         |                        ^
      17 |
      18 |     // Check for main Japanese content
      19 |     await expect(page.locator('h1')).toContainText('あなたの製品を');
        at C:\Users\kanei\claudecode\02.Homepage_Dev\02.epac_homepagever1.1\epackage-lab-web\tests\implementation-validation.spec.ts:16:24

    attachment #1: screenshot (image/png) ──────────────────────────────────────────────────────────
    ..\test-results\implementation-validation--69f09-fully-with-Japanese-content-chromium\test-failed-1.png
    ────────────────────────────────────────────────────────────────────────────────────────────────

    attachment #2: video (video/webm) ──────────────────────────────────────────────────────────────
    ..\test-results\implementation-validation--69f09-fully-with-Japanese-content-chromium\video.webm
    ────────────────────────────────────────────────────────────────────────────────────────────────

    Error Context: ..\test-results\implementation-validation--69f09-fully-with-Japanese-content-chromium\error-context.md
]]>
</failure>
<system-out>
<![CDATA[
[[ATTACHMENT|implementation-validation--69f09-fully-with-Japanese-content-chromium\test-failed-1.png]]

[[ATTACHMENT|implementation-validation--69f09-fully-with-Japanese-content-chromium\video.webm]]

[[ATTACHMENT|implementation-validation--69f09-fully-with-Japanese-content-chromium\error-context.md]]
]]>
</system-out>
</testcase>
<testcase name="TaskMaster Implementation Validation › Header background color consistency (Task 16)" classname="implementation-validation.spec.ts" time="1.251">
<failure message="implementation-validation.spec.ts:29:7 Header background color consistency (Task 16)" type="FAILURE">
<![CDATA[  [chromium] › implementation-validation.spec.ts:29:7 › TaskMaster Implementation Validation › Header background color consistency (Task 16) 

    Error: expect(received).toBe(expected) // Object.is equality

    Expected: "rgb(255, 255, 255)"
    Received: "rgba(0, 0, 0, 0)"

      46 |     // Background colors should be consistent (both should be solid white)
      47 |     expect(initialBgColor).toBe(scrolledBgColor);
    > 48 |     expect(initialBgColor).toBe('rgb(255, 255, 255)');
         |                            ^
      49 |
      50 |     // Scroll back to top
      51 |     await page.evaluate(() => window.scrollTo(0, 0));
        at C:\Users\kanei\claudecode\02.Homepage_Dev\02.epac_homepagever1.1\epackage-lab-web\tests\implementation-validation.spec.ts:48:28

    attachment #1: screenshot (image/png) ──────────────────────────────────────────────────────────
    ..\test-results\implementation-validation--9d38c--color-consistency-Task-16--chromium\test-failed-1.png
    ────────────────────────────────────────────────────────────────────────────────────────────────

    attachment #2: video (video/webm) ──────────────────────────────────────────────────────────────
    ..\test-results\implementation-validation--9d38c--color-consistency-Task-16--chromium\video.webm
    ────────────────────────────────────────────────────────────────────────────────────────────────

    Error Context: ..\test-results\implementation-validation--9d38c--color-consistency-Task-16--chromium\error-context.md
]]>
</failure>
<system-out>
<![CDATA[
[[ATTACHMENT|implementation-validation--9d38c--color-consistency-Task-16--chromium\test-failed-1.png]]

[[ATTACHMENT|implementation-validation--9d38c--color-consistency-Task-16--chromium\video.webm]]

[[ATTACHMENT|implementation-validation--9d38c--color-consistency-Task-16--chromium\error-context.md]]
]]>
</system-out>
</testcase>
<testcase name="TaskMaster Implementation Validation › Footer layout restructure (horizontal single row)" classname="implementation-validation.spec.ts" time="6.005">
<failure message="implementation-validation.spec.ts:55:7 Footer layout restructure (horizontal single row)" type="FAILURE">
<![CDATA[  [chromium] › implementation-validation.spec.ts:55:7 › TaskMaster Implementation Validation › Footer layout restructure (horizontal single row) 

    Error: expect(locator).toBeVisible() failed

    Locator: locator('footer').locator('a[href="/about"]')
    Expected: visible
    Timeout: 5000ms
    Error: element(s) not found

    Call log:
      - Expect "toBeVisible" with timeout 5000ms
      - waiting for locator('footer').locator('a[href="/about"]')


      63 |
      64 |     // Check footer links are properly organized
    > 65 |     await expect(footer.locator('a[href="/about"]')).toBeVisible();
         |                                                      ^
      66 |     await expect(footer.locator('a[href="/privacy"]')).toBeVisible();
      67 |     await expect(footer.locator('a[href="/terms"]')).toBeVisible();
      68 |
        at C:\Users\kanei\claudecode\02.Homepage_Dev\02.epac_homepagever1.1\epackage-lab-web\tests\implementation-validation.spec.ts:65:54

    attachment #1: screenshot (image/png) ──────────────────────────────────────────────────────────
    ..\test-results\implementation-validation--caaab-ture-horizontal-single-row--chromium\test-failed-1.png
    ────────────────────────────────────────────────────────────────────────────────────────────────

    attachment #2: video (video/webm) ──────────────────────────────────────────────────────────────
    ..\test-results\implementation-validation--caaab-ture-horizontal-single-row--chromium\video.webm
    ────────────────────────────────────────────────────────────────────────────────────────────────

    Error Context: ..\test-results\implementation-validation--caaab-ture-horizontal-single-row--chromium\error-context.md
]]>
</failure>
<system-out>
<![CDATA[
[[ATTACHMENT|implementation-validation--caaab-ture-horizontal-single-row--chromium\test-failed-1.png]]

[[ATTACHMENT|implementation-validation--caaab-ture-horizontal-single-row--chromium\video.webm]]

[[ATTACHMENT|implementation-validation--caaab-ture-horizontal-single-row--chromium\error-context.md]]
]]>
</system-out>
</testcase>
<testcase name="TaskMaster Implementation Validation › Product catalog design template download functionality (Task 15)" classname="implementation-validation.spec.ts" time="1.803">
</testcase>
<testcase name="TaskMaster Implementation Validation › Design guide pages availability (Task 10)" classname="implementation-validation.spec.ts" time="5.183">
</testcase>
<testcase name="TaskMaster Implementation Validation › Japanese localization verification (Task 8)" classname="implementation-validation.spec.ts" time="0.772">
<failure message="implementation-validation.spec.ts:134:7 Japanese localization verification (Task 8)" type="FAILURE">
<![CDATA[  [chromium] › implementation-validation.spec.ts:134:7 › TaskMaster Implementation Validation › Japanese localization verification (Task 8) 

    Error: expect(locator).toBeVisible() failed

    Locator: locator('text=日本語')
    Expected: visible
    Error: strict mode violation: locator('text=日本語') resolved to 2 elements:
        1) <span class="hidden sm:inline text-xs font-medium">日本語</span> aka getByRole('button', { name: '言語を選択: 日本語' })
        2) <span class="text-sm font-medium text-white">日本語サポート</span> aka getByText('日本語サポート')

    Call log:
      - Expect "toBeVisible" with timeout 5000ms
      - waiting for locator('text=日本語')


      149 |
      150 |     // Check for Japanese-specific content
    > 151 |     await expect(page.locator('text=日本語')).toBeVisible();
          |                                            ^
      152 |     await expect(page.locator('text=食品包装')).toBeVisible();
      153 |     await expect(page.locator('text=JIS規格')).toBeVisible();
      154 |   });
        at C:\Users\kanei\claudecode\02.Homepage_Dev\02.epac_homepagever1.1\epackage-lab-web\tests\implementation-validation.spec.ts:151:44

    attachment #1: screenshot (image/png) ──────────────────────────────────────────────────────────
    ..\test-results\implementation-validation--213d0-zation-verification-Task-8--chromium\test-failed-1.png
    ────────────────────────────────────────────────────────────────────────────────────────────────

    attachment #2: video (video/webm) ──────────────────────────────────────────────────────────────
    ..\test-results\implementation-validation--213d0-zation-verification-Task-8--chromium\video.webm
    ────────────────────────────────────────────────────────────────────────────────────────────────

    Error Context: ..\test-results\implementation-validation--213d0-zation-verification-Task-8--chromium\error-context.md
]]>
</failure>
<system-out>
<![CDATA[
[[ATTACHMENT|implementation-validation--213d0-zation-verification-Task-8--chromium\test-failed-1.png]]

[[ATTACHMENT|implementation-validation--213d0-zation-verification-Task-8--chromium\video.webm]]

[[ATTACHMENT|implementation-validation--213d0-zation-verification-Task-8--chromium\error-context.md]]
]]>
</system-out>
</testcase>
<testcase name="TaskMaster Implementation Validation › Catalog page functionality and product display" classname="implementation-validation.spec.ts" time="1.971">
</testcase>
<testcase name="TaskMaster Implementation Validation › Navigation and routing functionality" classname="implementation-validation.spec.ts" time="7.324">
</testcase>
<testcase name="TaskMaster Implementation Validation › Mobile responsiveness and mobile menu functionality" classname="implementation-validation.spec.ts" time="1.441">
<failure message="implementation-validation.spec.ts:203:7 Mobile responsiveness and mobile menu functionality" type="FAILURE">
<![CDATA[  [chromium] › implementation-validation.spec.ts:203:7 › TaskMaster Implementation Validation › Mobile responsiveness and mobile menu functionality 

    Error: expect(locator).toBeVisible() failed

    Locator: locator('a[href="/catalog/"]')
    Expected: visible
    Error: strict mode violation: locator('a[href="/catalog/"]') resolved to 10 elements:
        1) <a title="パウチ製品一覧" href="/catalog/" class="px-4 py-2 text-sm font-medium text-text-secondary transition-colors hover:text-brixa-600 focus:outline-none focus:text-brixa-600 rounded-lg hover:bg-bg-secondary after:absolute after:bottom-[-2px] after:left-0 after:w-0 after:h-0.5 after:bg-brixa-600 after:transition-all after:duration-200 hover:after:w-full">…</a> aka getByLabel('Main navigation').getByTitle('パウチ製品一覧')
        2) <a title="パウチ製品一覧" href="/catalog/" class="block px-4 py-3 text-base font-medium text-text-secondary rounded-lg transition-colors hover:bg-bg-secondary hover:text-text-primary focus:outline-none focus:bg-bg-secondary focus:text-text-primary after:absolute after:bottom-[-2px] after:left-0 after:w-0 after:h-0.5 after:bg-brixa-600 after:transition-all after:duration-200 hover:after:w-full">…</a> aka getByRole('link', { name: '製品カタログ', exact: true })
        3) <a href="/catalog/" class="inline-flex group relative">…</a> aka getByRole('link', { name: '全製品を見る 人気' })
        4) <a class="flex-1" href="/catalog/">…</a> aka getByRole('link', { name: '詳細をご確認' }).first()
        5) <a class="flex-1" href="/catalog/">…</a> aka getByRole('link', { name: '詳細をご確認' }).nth(1)
        6) <a class="flex-1" href="/catalog/">…</a> aka getByRole('link', { name: '詳細をご確認' }).nth(2)
        7) <a class="flex-1" href="/catalog/">…</a> aka getByRole('link', { name: '詳細をご確認' }).nth(3)
        8) <a class="flex-1" href="/catalog/">…</a> aka getByRole('link', { name: '詳細をご確認' }).nth(4)
        9) <a href="/catalog/">…</a> aka getByRole('link', { name: '全製品を見る', exact: true })
        10) <a class="group" href="/catalog/">…</a> aka getByRole('link', { name: '全製品カタログ 全製品を詳しく確認。仕様と価格を比較。 おすすめ 全製品確認' })

    Call log:
      - Expect "toBeVisible" with timeout 5000ms
      - waiting for locator('a[href="/catalog/"]')


      217 |
      218 |     // Check navigation items are visible in mobile menu
    > 219 |     await expect(page.locator('a[href="/catalog/"]')).toBeVisible();
          |                                                       ^
      220 |     await expect(page.locator('a[href="/contact/"]')).toBeVisible();
      221 |
      222 |     // Close mobile menu
        at C:\Users\kanei\claudecode\02.Homepage_Dev\02.epac_homepagever1.1\epackage-lab-web\tests\implementation-validation.spec.ts:219:55

    attachment #1: screenshot (image/png) ──────────────────────────────────────────────────────────
    ..\test-results\implementation-validation--8034f-d-mobile-menu-functionality-chromium\test-failed-1.png
    ────────────────────────────────────────────────────────────────────────────────────────────────

    attachment #2: video (video/webm) ──────────────────────────────────────────────────────────────
    ..\test-results\implementation-validation--8034f-d-mobile-menu-functionality-chromium\video.webm
    ────────────────────────────────────────────────────────────────────────────────────────────────

    Error Context: ..\test-results\implementation-validation--8034f-d-mobile-menu-functionality-chromium\error-context.md
]]>
</failure>
<system-out>
<![CDATA[
[[ATTACHMENT|implementation-validation--8034f-d-mobile-menu-functionality-chromium\test-failed-1.png]]

[[ATTACHMENT|implementation-validation--8034f-d-mobile-menu-functionality-chromium\video.webm]]

[[ATTACHMENT|implementation-validation--8034f-d-mobile-menu-functionality-chromium\error-context.md]]
]]>
</system-out>
</testcase>
<testcase name="TaskMaster Implementation Validation › Performance and accessibility checks" classname="implementation-validation.spec.ts" time="0.786">
</testcase>
<testcase name="TaskMaster Implementation Validation › Contact and inquiry functionality" classname="implementation-validation.spec.ts" time="2.654">
<failure message="implementation-validation.spec.ts:262:7 Contact and inquiry functionality" type="FAILURE">
<![CDATA[  [chromium] › implementation-validation.spec.ts:262:7 › TaskMaster Implementation Validation › Contact and inquiry functionality 

    Error: expect(locator).toBeVisible() failed

    Locator: locator('text=お問い合わせ')
    Expected: visible
    Error: strict mode violation: locator('text=お問い合わせ') resolved to 5 elements:
        1) <span class="truncate">お問い合わせ</span> aka getByRole('button', { name: 'お問い合わせ' })
        2) <span class="truncate">お問い合わせ</span> aka getByLabel('Get a quote - mobile CTA').getByText('お問い合わせ')
        3) <h1 class="text-4xl font-bold text-gray-900 mb-4">パウチ専門お問い合わせ</h1> aka getByRole('heading', { name: 'パウチ専門お問い合わせ' })
        4) <label class="flex items-center text-lg font-medium text-gray-900">…</label> aka getByText('お問い合わせ内容 *')
        5) <div role="alert" aria-live="assertive" id="__next-route-announcer__">パウチお問い合わせ | Epackage Lab | Epackage Lab</div> aka getByText('パウチお問い合わせ | Epackage Lab |')

    Call log:
      - Expect "toBeVisible" with timeout 5000ms
      - waiting for locator('text=お問い合わせ')


      284 |
      285 |     // Check for Japanese content in contact page
    > 286 |     await expect(page.locator('text=お問い合わせ')).toBeVisible();
          |                                               ^
      287 |   });
      288 | });
      289 |
        at C:\Users\kanei\claudecode\02.Homepage_Dev\02.epac_homepagever1.1\epackage-lab-web\tests\implementation-validation.spec.ts:286:47

    attachment #1: screenshot (image/png) ──────────────────────────────────────────────────────────
    ..\test-results\implementation-validation--cf019-t-and-inquiry-functionality-chromium\test-failed-1.png
    ────────────────────────────────────────────────────────────────────────────────────────────────

    attachment #2: video (video/webm) ──────────────────────────────────────────────────────────────
    ..\test-results\implementation-validation--cf019-t-and-inquiry-functionality-chromium\video.webm
    ────────────────────────────────────────────────────────────────────────────────────────────────

    Error Context: ..\test-results\implementation-validation--cf019-t-and-inquiry-functionality-chromium\error-context.md
]]>
</failure>
<system-out>
<![CDATA[
[[ATTACHMENT|implementation-validation--cf019-t-and-inquiry-functionality-chromium\test-failed-1.png]]

[[ATTACHMENT|implementation-validation--cf019-t-and-inquiry-functionality-chromium\video.webm]]

[[ATTACHMENT|implementation-validation--cf019-t-and-inquiry-functionality-chromium\error-context.md]]
]]>
</system-out>
</testcase>
<testcase name="API and Backend Functionality › Design template download API endpoints" classname="implementation-validation.spec.ts" time="0.679">
<failure message="implementation-validation.spec.ts:291:7 Design template download API endpoints" type="FAILURE">
<![CDATA[  [chromium] › implementation-validation.spec.ts:291:7 › API and Backend Functionality › Design template download API endpoints 

    Error: expect(received).toBe(expected) // Object.is equality

    Expected: 200
    Received: 405

      298 |
      299 |     // API should respond successfully
    > 300 |     expect(apiResponse.status()).toBe(200);
          |                                  ^
      301 |
      302 |     // Response should contain template information
      303 |     const responseData = await apiResponse.json();
        at C:\Users\kanei\claudecode\02.Homepage_Dev\02.epac_homepagever1.1\epackage-lab-web\tests\implementation-validation.spec.ts:300:34

    attachment #1: screenshot (image/png) ──────────────────────────────────────────────────────────
    ..\test-results\implementation-validation--ecc2c-late-download-API-endpoints-chromium\test-failed-1.png
    ────────────────────────────────────────────────────────────────────────────────────────────────

    attachment #2: video (video/webm) ──────────────────────────────────────────────────────────────
    ..\test-results\implementation-validation--ecc2c-late-download-API-endpoints-chromium\video.webm
    ────────────────────────────────────────────────────────────────────────────────────────────────
]]>
</failure>
<system-out>
<![CDATA[
[[ATTACHMENT|implementation-validation--ecc2c-late-download-API-endpoints-chromium\test-failed-1.png]]

[[ATTACHMENT|implementation-validation--ecc2c-late-download-API-endpoints-chromium\video.webm]]
]]>
</system-out>
</testcase>
<testcase name="API and Backend Functionality › Product catalog API" classname="implementation-validation.spec.ts" time="3.35">
</testcase>
<testcase name="Error Handling and Edge Cases › 404 page handling" classname="implementation-validation.spec.ts" time="0.847">
</testcase>
<testcase name="Error Handling and Edge Cases › Image loading with fallbacks" classname="implementation-validation.spec.ts" time="2.709">
</testcase>
</testsuite>
<testsuite name="navigation.spec.ts" timestamp="2025-12-12T21:41:49.549Z" hostname="chromium" tests="8" failures="1" skipped="0" time="34.942" errors="0">
<testcase name="Navigation System › header menu has no nested duplication" classname="navigation.spec.ts" time="2.459">
</testcase>
<testcase name="Navigation System › all menu links work correctly" classname="navigation.spec.ts" time="14.225">
<failure message="navigation.spec.ts:27:9 all menu links work correctly" type="FAILURE">
<![CDATA[  [chromium] › navigation.spec.ts:27:9 › Navigation System › all menu links work correctly ─────────

    TimeoutError: locator.getAttribute: Timeout 10000ms exceeded.
    Call log:
      - waiting for locator('nav a, header a, [data-testid="nav-link"]').nth(1)


      35 |         for (let i = 0; i < linksToTest; i++) {
      36 |             const link = navLinks.nth(i);
    > 37 |             const href = await link.getAttribute('href');
         |                                     ^
      38 |
      39 |             // Skip external links and anchors
      40 |             if (href && !href.startsWith('http') && !href.startsWith('#') && !href.startsWith('mailto:')) {
        at C:\Users\kanei\claudecode\02.Homepage_Dev\02.epac_homepagever1.1\epackage-lab-web\tests\navigation.spec.ts:37:37

    attachment #1: screenshot (image/png) ──────────────────────────────────────────────────────────
    ..\test-results\navigation-Navigation-System-all-menu-links-work-correctly-chromium\test-failed-1.png
    ────────────────────────────────────────────────────────────────────────────────────────────────

    attachment #2: video (video/webm) ──────────────────────────────────────────────────────────────
    ..\test-results\navigation-Navigation-System-all-menu-links-work-correctly-chromium\video.webm
    ────────────────────────────────────────────────────────────────────────────────────────────────
]]>
</failure>
<system-out>
<![CDATA[
[[ATTACHMENT|navigation-Navigation-System-all-menu-links-work-correctly-chromium\test-failed-1.png]]

[[ATTACHMENT|navigation-Navigation-System-all-menu-links-work-correctly-chromium\video.webm]]
]]>
</system-out>
</testcase>
<testcase name="Navigation System › Japanese text renders correctly in navigation" classname="navigation.spec.ts" time="2.472">
<system-out>
<![CDATA[Navigation font: "Noto Sans JP", "Noto Sans CJK JP", "Hiragino Sans", "Yu Gothic", sans-serif
]]>
</system-out>
</testcase>
<testcase name="Navigation System › dropdown menu functionality" classname="navigation.spec.ts" time="2.19">
</testcase>
<testcase name="Navigation System › mobile menu functionality" classname="navigation.spec.ts" time="2.184">
</testcase>
<testcase name="Navigation System › sticky navigation on scroll" classname="navigation.spec.ts" time="2.651">
</testcase>
<testcase name="Navigation System › active page highlighting" classname="navigation.spec.ts" time="6.2">
</testcase>
<testcase name="Navigation System › navigation accessibility" classname="navigation.spec.ts" time="2.561">
<system-out>
<![CDATA[Tab 1: Focused on A
Tab 2: Focused on A
Tab 3: Focused on BUTTON
Tab 4: Focused on A
Tab 5: Focused on A
Tab 6: Focused on BUTTON
Tab 7: Focused on A
Tab 8: Focused on BUTTON
Tab 9: Focused on A
Tab 10: Focused on BUTTON
]]>
</system-out>
</testcase>
</testsuite>
<testsuite name="post-processing.spec.ts" timestamp="2025-12-12T21:41:49.549Z" hostname="chromium" tests="8" failures="1" skipped="0" time="12.779" errors="0">
<testcase name="Post-Processing Preview System › displays all 14 processing types" classname="post-processing.spec.ts" time="1.715">
<failure message="post-processing.spec.ts:9:9 displays all 14 processing types" type="FAILURE">
<![CDATA[  [chromium] › post-processing.spec.ts:9:9 › Post-Processing Preview System › displays all 14 processing types 

    Error: expect(received).toBeGreaterThan(expected)

    Expected: > 10
    Received:   0

      20 |
      21 |         // Should have multiple options
    > 22 |         expect(optionCount).toBeGreaterThan(10);
         |                             ^
      23 |
      24 |         // Check category labels
      25 |         const categories = ['ジッパー', '仕上げ', '穴', 'その他'];
        at C:\Users\kanei\claudecode\02.Homepage_Dev\02.epac_homepagever1.1\epackage-lab-web\tests\post-processing.spec.ts:22:29

    attachment #1: screenshot (image/png) ──────────────────────────────────────────────────────────
    ..\test-results\post-processing-Post-Proce-768ad-ays-all-14-processing-types-chromium\test-failed-1.png
    ────────────────────────────────────────────────────────────────────────────────────────────────

    attachment #2: video (video/webm) ──────────────────────────────────────────────────────────────
    ..\test-results\post-processing-Post-Proce-768ad-ays-all-14-processing-types-chromium\video.webm
    ────────────────────────────────────────────────────────────────────────────────────────────────

    Error Context: ..\test-results\post-processing-Post-Proce-768ad-ays-all-14-processing-types-chromium\error-context.md
]]>
</failure>
<system-out>
<![CDATA[Found 0 processing options

[[ATTACHMENT|post-processing-Post-Proce-768ad-ays-all-14-processing-types-chromium\test-failed-1.png]]

[[ATTACHMENT|post-processing-Post-Proce-768ad-ays-all-14-processing-types-chromium\video.webm]]

[[ATTACHMENT|post-processing-Post-Proce-768ad-ays-all-14-processing-types-chromium\error-context.md]]
]]>
</system-out>
</testcase>
<testcase name="Post-Processing Preview System › shows visual previews correctly" classname="post-processing.spec.ts" time="1.671">
</testcase>
<testcase name="Post-Processing Preview System › updates price calculation in real-time" classname="post-processing.spec.ts" time="1.549">
</testcase>
<testcase name="Post-Processing Preview System › selection and deselection functionality" classname="post-processing.spec.ts" time="1.536">
</testcase>
<testcase name="Post-Processing Preview System › mobile responsive preview display" classname="post-processing.spec.ts" time="1.746">
</testcase>
<testcase name="Post-Processing Preview System › category grouping functionality" classname="post-processing.spec.ts" time="1.533">
<system-out>
<![CDATA[Categories - Zipper: false, Finishing: false, Holes: false
]]>
</system-out>
</testcase>
<testcase name="Post-Processing Preview System › preview image loading states" classname="post-processing.spec.ts" time="1.481">
</testcase>
<testcase name="Post-Processing Preview System › processing options affect quote summary" classname="post-processing.spec.ts" time="1.548">
</testcase>
</testsuite>
<testsuite name="simulation.spec.ts" timestamp="2025-12-12T21:41:49.549Z" hostname="chromium" tests="1" failures="1" skipped="0" time="6.433" errors="0">
<testcase name="Simulation Wizard Flow" classname="simulation.spec.ts" time="6.433">
<failure message="simulation.spec.ts:3:5 Simulation Wizard Flow" type="FAILURE">
<![CDATA[  [chromium] › simulation.spec.ts:3:5 › Simulation Wizard Flow ─────────────────────────────────────

    Error: expect(page).toHaveTitle(expected) failed

    Expected pattern: /見積り/
    Received string:  "自動見積もり | Epackage Lab"
    Timeout: 5000ms

    Call log:
      - Expect "toHaveTitle" with timeout 5000ms
        9 × unexpected value "自動見積もり | Epackage Lab"


       6 |     await page.goto('/simulation');
       7 |     console.log('Navigated to /simulation');
    >  8 |     await expect(page).toHaveTitle(/見積り/);
         |                        ^
       9 |     console.log('Title verified');
      10 |
      11 |     // 2. Step 1: Bag Selection
        at C:\Users\kanei\claudecode\02.Homepage_Dev\02.epac_homepagever1.1\epackage-lab-web\tests\simulation.spec.ts:8:24

    attachment #1: screenshot (image/png) ──────────────────────────────────────────────────────────
    ..\test-results\simulation-Simulation-Wizard-Flow-chromium\test-failed-1.png
    ────────────────────────────────────────────────────────────────────────────────────────────────

    attachment #2: video (video/webm) ──────────────────────────────────────────────────────────────
    ..\test-results\simulation-Simulation-Wizard-Flow-chromium\video.webm
    ────────────────────────────────────────────────────────────────────────────────────────────────

    Error Context: ..\test-results\simulation-Simulation-Wizard-Flow-chromium\error-context.md
]]>
</failure>
<system-out>
<![CDATA[Starting test...
Navigated to /simulation

[[ATTACHMENT|simulation-Simulation-Wizard-Flow-chromium\test-failed-1.png]]

[[ATTACHMENT|simulation-Simulation-Wizard-Flow-chromium\video.webm]]

[[ATTACHMENT|simulation-Simulation-Wizard-Flow-chromium\error-context.md]]
]]>
</system-out>
</testcase>
</testsuite>
<testsuite name="test-summary.spec.ts" timestamp="2025-12-12T21:41:49.549Z" hostname="chromium" tests="11" failures="5" skipped="0" time="31.632" errors="0">
<testcase name="TaskMaster Implementation Summary › ✅ SUCCESS: Japanese localization is properly implemented" classname="test-summary.spec.ts" time="0.96">
<failure message="test-summary.spec.ts:13:7 ✅ SUCCESS: Japanese localization is properly implemented" type="FAILURE">
<![CDATA[  [chromium] › test-summary.spec.ts:13:7 › TaskMaster Implementation Summary › ✅ SUCCESS: Japanese localization is properly implemented 

    Error: expect(locator).toBeVisible() failed

    Locator: locator('text=食品・化粧品・電子部品')
    Expected: visible
    Error: strict mode violation: locator('text=食品・化粧品・電子部品') resolved to 2 elements:
        1) <p class="text-lg md:text-xl text-gray-200 leading-relaxed max-w-4xl mx-auto bg-black/30 backdrop-blur-sm rounded-2xl p-6 border border-white/10">食品・化粧品・電子部品など、あらゆる業界に対応する高品質パウチ包装。 あなたの製品価値を最大限に引…</p> aka getByText('食品・化粧品・電子部品など、あらゆる業界に対応する高品質パウチ包装。 あなたの製品価値を最大限に引き出す最適な包装ソリューションをご提案します。')
        2) <p class="text-lg text-gray-600 max-w-3xl mx-auto">食品・化粧品・電子部品など、あらゆる製品に対応する専門パウチ製品。 お客様のニーズに合わせて最適な…</p> aka getByText('食品・化粧品・電子部品など、あらゆる製品に対応する専門パウチ製品。 お客様のニーズに合わせて最適な包装ソリューションをご提案します。')

    Call log:
      - Expect "toBeVisible" with timeout 5000ms
      - waiting for locator('text=食品・化粧品・電子部品')


      20 |     await expect(page.locator('h1')).toContainText('あなたの製品を');
      21 |     await expect(page.locator('h1')).toContainText('輝かせる');
    > 22 |     await expect(page.locator('text=食品・化粧品・電子部品')).toBeVisible();
         |                                                    ^
      23 |   });
      24 |
      25 |   test('✅ SUCCESS: All key pages are accessible', async ({ page }) => {
        at C:\Users\kanei\claudecode\02.Homepage_Dev\02.epac_homepagever1.1\epackage-lab-web\tests\test-summary.spec.ts:22:52

    attachment #1: screenshot (image/png) ──────────────────────────────────────────────────────────
    ..\test-results\test-summary-TaskMaster-Im-3ad08-ion-is-properly-implemented-chromium\test-failed-1.png
    ────────────────────────────────────────────────────────────────────────────────────────────────

    attachment #2: video (video/webm) ──────────────────────────────────────────────────────────────
    ..\test-results\test-summary-TaskMaster-Im-3ad08-ion-is-properly-implemented-chromium\video.webm
    ────────────────────────────────────────────────────────────────────────────────────────────────

    Error Context: ..\test-results\test-summary-TaskMaster-Im-3ad08-ion-is-properly-implemented-chromium\error-context.md
]]>
</failure>
<system-out>
<![CDATA[
[[ATTACHMENT|test-summary-TaskMaster-Im-3ad08-ion-is-properly-implemented-chromium\test-failed-1.png]]

[[ATTACHMENT|test-summary-TaskMaster-Im-3ad08-ion-is-properly-implemented-chromium\video.webm]]

[[ATTACHMENT|test-summary-TaskMaster-Im-3ad08-ion-is-properly-implemented-chromium\error-context.md]]
]]>
</system-out>
</testcase>
<testcase name="TaskMaster Implementation Summary › ✅ SUCCESS: All key pages are accessible" classname="test-summary.spec.ts" time="2.018">
</testcase>
<testcase name="TaskMaster Implementation Summary › ✅ SUCCESS: Design guide pages are functional" classname="test-summary.spec.ts" time="2.584">
</testcase>
<testcase name="TaskMaster Implementation Summary › ✅ SUCCESS: Footer has been restructured" classname="test-summary.spec.ts" time="6.925">
<failure message="test-summary.spec.ts:56:7 ✅ SUCCESS: Footer has been restructured" type="FAILURE">
<![CDATA[  [chromium] › test-summary.spec.ts:56:7 › TaskMaster Implementation Summary › ✅ SUCCESS: Footer has been restructured 

    Error: expect(locator).toBeVisible() failed

    Locator: locator('text=〒673-0846')
    Expected: visible
    Timeout: 5000ms
    Error: element(s) not found

    Call log:
      - Expect "toBeVisible" with timeout 5000ms
      - waiting for locator('text=〒673-0846')


      61 |     // Check footer content
      62 |     await expect(page.locator('text=先進技術と卓越した品質で')).toBeVisible();
    > 63 |     await expect(page.locator('text=〒673-0846')).toBeVisible();
         |                                                  ^
      64 |     await expect(page.locator('text=080-6942-7235')).toBeVisible();
      65 |   });
      66 |
        at C:\Users\kanei\claudecode\02.Homepage_Dev\02.epac_homepagever1.1\epackage-lab-web\tests\test-summary.spec.ts:63:50

    attachment #1: screenshot (image/png) ──────────────────────────────────────────────────────────
    ..\test-results\test-summary-TaskMaster-Im-ceb8f-ooter-has-been-restructured-chromium\test-failed-1.png
    ────────────────────────────────────────────────────────────────────────────────────────────────

    attachment #2: video (video/webm) ──────────────────────────────────────────────────────────────
    ..\test-results\test-summary-TaskMaster-Im-ceb8f-ooter-has-been-restructured-chromium\video.webm
    ────────────────────────────────────────────────────────────────────────────────────────────────

    Error Context: ..\test-results\test-summary-TaskMaster-Im-ceb8f-ooter-has-been-restructured-chromium\error-context.md
]]>
</failure>
<system-out>
<![CDATA[
[[ATTACHMENT|test-summary-TaskMaster-Im-ceb8f-ooter-has-been-restructured-chromium\test-failed-1.png]]

[[ATTACHMENT|test-summary-TaskMaster-Im-ceb8f-ooter-has-been-restructured-chromium\video.webm]]

[[ATTACHMENT|test-summary-TaskMaster-Im-ceb8f-ooter-has-been-restructured-chromium\error-context.md]]
]]>
</system-out>
</testcase>
<testcase name="TaskMaster Implementation Summary › ✅ SUCCESS: API endpoints are working" classname="test-summary.spec.ts" time="0.937">
</testcase>
<testcase name="TaskMaster Implementation Summary › ✅ SUCCESS: Header functionality works" classname="test-summary.spec.ts" time="6.388">
<failure message="test-summary.spec.ts:76:7 ✅ SUCCESS: Header functionality works" type="FAILURE">
<![CDATA[  [chromium] › test-summary.spec.ts:76:7 › TaskMaster Implementation Summary › ✅ SUCCESS: Header functionality works 

    Error: expect(locator).toHaveCount(expected) failed

    Locator:  locator('a[href="/catalog/"]')
    Expected: 5
    Received: 10
    Timeout:  5000ms

    Call log:
      - Expect "toHaveCount" with timeout 5000ms
      - waiting for locator('a[href="/catalog/"]')
        9 × locator resolved to 10 elements
          - unexpected value "10"


      86 |     // Test navigation links exist
      87 |     const catalogLinks = page.locator('a[href="/catalog/"]');
    > 88 |     await expect(catalogLinks).toHaveCount(5); // Multiple catalog links is expected
         |                                ^
      89 |   });
      90 |
      91 |   test('✅ SUCCESS: Mobile responsiveness', async ({ page }) => {
        at C:\Users\kanei\claudecode\02.Homepage_Dev\02.epac_homepagever1.1\epackage-lab-web\tests\test-summary.spec.ts:88:32

    attachment #1: screenshot (image/png) ──────────────────────────────────────────────────────────
    ..\test-results\test-summary-TaskMaster-Im-b5352--Header-functionality-works-chromium\test-failed-1.png
    ────────────────────────────────────────────────────────────────────────────────────────────────

    attachment #2: video (video/webm) ──────────────────────────────────────────────────────────────
    ..\test-results\test-summary-TaskMaster-Im-b5352--Header-functionality-works-chromium\video.webm
    ────────────────────────────────────────────────────────────────────────────────────────────────

    Error Context: ..\test-results\test-summary-TaskMaster-Im-b5352--Header-functionality-works-chromium\error-context.md
]]>
</failure>
<system-out>
<![CDATA[
[[ATTACHMENT|test-summary-TaskMaster-Im-b5352--Header-functionality-works-chromium\test-failed-1.png]]

[[ATTACHMENT|test-summary-TaskMaster-Im-b5352--Header-functionality-works-chromium\video.webm]]

[[ATTACHMENT|test-summary-TaskMaster-Im-b5352--Header-functionality-works-chromium\error-context.md]]
]]>
</system-out>
</testcase>
<testcase name="TaskMaster Implementation Summary › ✅ SUCCESS: Mobile responsiveness" classname="test-summary.spec.ts" time="0.805">
</testcase>
<testcase name="TaskMaster Implementation Summary › ✅ SUCCESS: Navigation functionality" classname="test-summary.spec.ts" time="1.352">
<failure message="test-summary.spec.ts:107:7 ✅ SUCCESS: Navigation functionality" type="FAILURE">
<![CDATA[  [chromium] › test-summary.spec.ts:107:7 › TaskMaster Implementation Summary › ✅ SUCCESS: Navigation functionality 

    Error: expect(received).toContain(expected) // indexOf

    Expected substring: "/catalog/"
    Received string:    "http://localhost:3000/"

      117 |       await page.click(`a[href="${navTest.href}"]`);
      118 |       await page.waitForLoadState('domcontentloaded');
    > 119 |       expect(page.url()).toContain(navTest.href);
          |                          ^
      120 |       await page.goto('http://localhost:3000'); // Return home
      121 |     }
      122 |   });
        at C:\Users\kanei\claudecode\02.Homepage_Dev\02.epac_homepagever1.1\epackage-lab-web\tests\test-summary.spec.ts:119:26

    attachment #1: screenshot (image/png) ──────────────────────────────────────────────────────────
    ..\test-results\test-summary-TaskMaster-Im-9ba1c-SS-Navigation-functionality-chromium\test-failed-1.png
    ────────────────────────────────────────────────────────────────────────────────────────────────

    attachment #2: video (video/webm) ──────────────────────────────────────────────────────────────
    ..\test-results\test-summary-TaskMaster-Im-9ba1c-SS-Navigation-functionality-chromium\video.webm
    ────────────────────────────────────────────────────────────────────────────────────────────────

    Error Context: ..\test-results\test-summary-TaskMaster-Im-9ba1c-SS-Navigation-functionality-chromium\error-context.md
]]>
</failure>
<system-out>
<![CDATA[
[[ATTACHMENT|test-summary-TaskMaster-Im-9ba1c-SS-Navigation-functionality-chromium\test-failed-1.png]]

[[ATTACHMENT|test-summary-TaskMaster-Im-9ba1c-SS-Navigation-functionality-chromium\video.webm]]

[[ATTACHMENT|test-summary-TaskMaster-Im-9ba1c-SS-Navigation-functionality-chromium\error-context.md]]
]]>
</system-out>
</testcase>
<testcase name="TaskMaster Implementation Summary › ✅ SUCCESS: All TaskMaster requirements implemented" classname="test-summary.spec.ts" time="1.619">
<failure message="test-summary.spec.ts:124:7 ✅ SUCCESS: All TaskMaster requirements implemented" type="FAILURE">
<![CDATA[  [chromium] › test-summary.spec.ts:124:7 › TaskMaster Implementation Summary › ✅ SUCCESS: All TaskMaster requirements implemented 

    Error: expect(locator).toBeVisible() failed

    Locator: locator('text=お問い合わせ')
    Expected: visible
    Error: strict mode violation: locator('text=お問い合わせ') resolved to 5 elements:
        1) <span class="truncate">お問い合わせ</span> aka getByRole('button', { name: 'お問い合わせ' })
        2) <span class="truncate">お問い合わせ</span> aka getByLabel('Get a quote - mobile CTA').getByText('お問い合わせ')
        3) <h1 class="text-4xl font-bold text-gray-900 mb-4">パウチ専門お問い合わせ</h1> aka getByRole('heading', { name: 'パウチ専門お問い合わせ' })
        4) <label class="flex items-center text-lg font-medium text-gray-900">…</label> aka getByText('お問い合わせ内容 *')
        5) <title>パウチお問い合わせ | Epackage Lab | Epackage Lab</title> aka getByText('パウチお問い合わせ | Epackage Lab |')

    Call log:
      - Expect "toBeVisible" with timeout 5000ms
      - waiting for locator('text=お問い合わせ')


      150 |     // 6. Contact functionality - ✓ Confirmed
      151 |     await page.goto('http://localhost:3000/contact');
    > 152 |     await expect(page.locator('text=お問い合わせ')).toBeVisible();
          |                                               ^
      153 |   });
      154 | });
      155 |
        at C:\Users\kanei\claudecode\02.Homepage_Dev\02.epac_homepagever1.1\epackage-lab-web\tests\test-summary.spec.ts:152:47

    attachment #1: screenshot (image/png) ──────────────────────────────────────────────────────────
    ..\test-results\test-summary-TaskMaster-Im-4fd17-er-requirements-implemented-chromium\test-failed-1.png
    ────────────────────────────────────────────────────────────────────────────────────────────────

    attachment #2: video (video/webm) ──────────────────────────────────────────────────────────────
    ..\test-results\test-summary-TaskMaster-Im-4fd17-er-requirements-implemented-chromium\video.webm
    ────────────────────────────────────────────────────────────────────────────────────────────────

    Error Context: ..\test-results\test-summary-TaskMaster-Im-4fd17-er-requirements-implemented-chromium\error-context.md
]]>
</failure>
<system-out>
<![CDATA[
[[ATTACHMENT|test-summary-TaskMaster-Im-4fd17-er-requirements-implemented-chromium\test-failed-1.png]]

[[ATTACHMENT|test-summary-TaskMaster-Im-4fd17-er-requirements-implemented-chromium\video.webm]]

[[ATTACHMENT|test-summary-TaskMaster-Im-4fd17-er-requirements-implemented-chromium\error-context.md]]
]]>
</system-out>
</testcase>
<testcase name="Performance and Quality › ✅ SUCCESS: Page loads within reasonable time" classname="test-summary.spec.ts" time="0.896">
</testcase>
<testcase name="Performance and Quality › ✅ SUCCESS: No console errors on critical pages" classname="test-summary.spec.ts" time="7.148">
</testcase>
</testsuite>
<testsuite name="about.spec.ts" timestamp="2025-12-12T21:41:49.549Z" hostname="firefox" tests="11" failures="10" skipped="0" time="42.541" errors="0">
<testcase name="About Page › About 페이지 접근 및 기본 렌더링 확인" classname="about.spec.ts" time="6.6">
<failure message="about.spec.ts:15:7 About 페이지 접근 및 기본 렌더링 확인" type="FAILURE">
<![CDATA[  [firefox] › about.spec.ts:15:7 › About Page › About 페이지 접근 및 기본 렌더링 확인 ───────────────────────────

    Error: expect(locator).toContainText(expected) failed

    Locator: locator('h1')
    Expected substring: "Epackage Labとは"
    Received string:    "404"
    Timeout: 5000ms

    Call log:
      - Expect "toContainText" with timeout 5000ms
      - waiting for locator('h1')
        8 × locator resolved to <h1 class="next-error-h1">404</h1>
          - unexpected value "404"


      17 |
      18 |     // 페이지 제목 확인
    > 19 |     await expect(page.locator('h1')).toContainText('Epackage Labとは');
         |                                      ^
      20 |
      21 |     // 모든 섹션이 렌더링되는지 확인
      22 |     await expect(page.locator('section')).toHaveCount(5);
        at C:\Users\kanei\claudecode\02.Homepage_Dev\02.epac_homepagever1.1\epackage-lab-web\tests\about.spec.ts:19:38

    attachment #1: screenshot (image/png) ──────────────────────────────────────────────────────────
    ..\test-results\about-About-Page-About-페이지-접근-및-기본-렌더링-확인-firefox\test-failed-2.png
    ────────────────────────────────────────────────────────────────────────────────────────────────

    attachment #2: screenshot (image/png) ──────────────────────────────────────────────────────────
    ..\test-results\about-About-Page-About-페이지-접근-및-기본-렌더링-확인-firefox\test-failed-1.png
    ────────────────────────────────────────────────────────────────────────────────────────────────

    attachment #3: video (video/webm) ──────────────────────────────────────────────────────────────
    ..\test-results\about-About-Page-About-페이지-접근-및-기본-렌더링-확인-firefox\video.webm
    ────────────────────────────────────────────────────────────────────────────────────────────────

    Error Context: ..\test-results\about-About-Page-About-페이지-접근-및-기본-렌더링-확인-firefox\error-context.md
]]>
</failure>
<system-out>
<![CDATA[
[[ATTACHMENT|about-About-Page-About-페이지-접근-및-기본-렌더링-확인-firefox\test-failed-2.png]]

[[ATTACHMENT|about-About-Page-About-페이지-접근-및-기본-렌더링-확인-firefox\test-failed-1.png]]

[[ATTACHMENT|about-About-Page-About-페이지-접근-및-기본-렌더링-확인-firefox\video.webm]]

[[ATTACHMENT|about-About-Page-About-페이지-접근-및-기본-렌더링-확인-firefox\error-context.md]]
]]>
</system-out>
</testcase>
<testcase name="About Page › Hero Section 기능 확인" classname="about.spec.ts" time="6.154">
<failure message="about.spec.ts:25:7 Hero Section 기능 확인" type="FAILURE">
<![CDATA[  [firefox] › about.spec.ts:25:7 › About Page › Hero Section 기능 확인 ─────────────────────────────────

    Error: expect(locator).toBeVisible() failed

    Locator: locator('text="韓国製の高品質軟包材を、短期納期・適正価格で"')
    Expected: visible
    Timeout: 5000ms
    Error: element(s) not found

    Call log:
      - Expect "toBeVisible" with timeout 5000ms
      - waiting for locator('text="韓国製の高品質軟包材を、短期納期・適正価格で"')


      27 |
      28 |     // Hero Section 내용 확인
    > 29 |     await expect(page.locator('text="韓国製の高品質軟包材を、短期納期・適正価格で"')).toBeVisible();
         |                                                                 ^
      30 |
      31 |     // 동영상 컨트롤 버튼 확인
      32 |     await expect(page.locator('button:has-text("再生")')).toBeVisible();
        at C:\Users\kanei\claudecode\02.Homepage_Dev\02.epac_homepagever1.1\epackage-lab-web\tests\about.spec.ts:29:65

    attachment #1: screenshot (image/png) ──────────────────────────────────────────────────────────
    ..\test-results\about-About-Page-Hero-Section-기능-확인-firefox\test-failed-2.png
    ────────────────────────────────────────────────────────────────────────────────────────────────

    attachment #2: screenshot (image/png) ──────────────────────────────────────────────────────────
    ..\test-results\about-About-Page-Hero-Section-기능-확인-firefox\test-failed-1.png
    ────────────────────────────────────────────────────────────────────────────────────────────────

    attachment #3: video (video/webm) ──────────────────────────────────────────────────────────────
    ..\test-results\about-About-Page-Hero-Section-기능-확인-firefox\video.webm
    ────────────────────────────────────────────────────────────────────────────────────────────────

    Error Context: ..\test-results\about-About-Page-Hero-Section-기능-확인-firefox\error-context.md
]]>
</failure>
<system-out>
<![CDATA[
[[ATTACHMENT|about-About-Page-Hero-Section-기능-확인-firefox\test-failed-2.png]]

[[ATTACHMENT|about-About-Page-Hero-Section-기능-확인-firefox\test-failed-1.png]]

[[ATTACHMENT|about-About-Page-Hero-Section-기능-확인-firefox\video.webm]]

[[ATTACHMENT|about-About-Page-Hero-Section-기능-확인-firefox\error-context.md]]
]]>
</system-out>
</testcase>
<testcase name="About Page › Problem Solution Section 확인" classname="about.spec.ts" time="0">
<failure message="about.spec.ts:46:7 Problem Solution Section 확인" type="FAILURE">
<![CDATA[  [firefox] › about.spec.ts:46:7 › About Page › Problem Solution Section 확인 ────────────────────────

    "beforeAll" hook timeout of 60000ms exceeded.

       5 |   let page: Page;
       6 |
    >  7 |   test.beforeAll(async ({ browser }) => {
         |        ^
       8 |     page = await browser.newPage();
       9 |   });
      10 |
        at C:\Users\kanei\claudecode\02.Homepage_Dev\02.epac_homepagever1.1\epackage-lab-web\tests\about.spec.ts:7:8

    TypeError: Cannot read properties of undefined (reading 'close')

      10 |
      11 |   test.afterAll(async () => {
    > 12 |     await page.close();
         |                ^
      13 |   });
      14 |
      15 |   test('About 페이지 접근 및 기본 렌더링 확인', async ({ page }) => {
        at C:\Users\kanei\claudecode\02.Homepage_Dev\02.epac_homepagever1.1\epackage-lab-web\tests\about.spec.ts:12:16

    Error: browser.newPage: Test ended.

       6 |
       7 |   test.beforeAll(async ({ browser }) => {
    >  8 |     page = await browser.newPage();
         |                          ^
       9 |   });
      10 |
      11 |   test.afterAll(async () => {
        at C:\Users\kanei\claudecode\02.Homepage_Dev\02.epac_homepagever1.1\epackage-lab-web\tests\about.spec.ts:8:26
]]>
</failure>
</testcase>
<testcase name="About Page › Company Strengths Section 확인" classname="about.spec.ts" time="6.07">
<failure message="about.spec.ts:64:7 Company Strengths Section 확인" type="FAILURE">
<![CDATA[  [firefox] › about.spec.ts:64:7 › About Page › Company Strengths Section 확인 ───────────────────────

    Error: expect(locator).toBeVisible() failed

    Locator: locator('text="Epackage Labの強み"')
    Expected: visible
    Timeout: 5000ms
    Error: element(s) not found

    Call log:
      - Expect "toBeVisible" with timeout 5000ms
      - waiting for locator('text="Epackage Labの強み"')


      66 |
      67 |     // 섹션 제목 확인
    > 68 |     await expect(page.locator('text="Epackage Labの強み"')).toBeVisible();
         |                                                          ^
      69 |
      70 |     // 5가지 강점 확인
      71 |     await expect(page.locator('text="6種類のパウチ製品専門"')).toBeVisible();
        at C:\Users\kanei\claudecode\02.Homepage_Dev\02.epac_homepagever1.1\epackage-lab-web\tests\about.spec.ts:68:58

    attachment #1: screenshot (image/png) ──────────────────────────────────────────────────────────
    ..\test-results\about-About-Page-Company-Strengths-Section-확인-firefox\test-failed-2.png
    ────────────────────────────────────────────────────────────────────────────────────────────────

    attachment #2: screenshot (image/png) ──────────────────────────────────────────────────────────
    ..\test-results\about-About-Page-Company-Strengths-Section-확인-firefox\test-failed-1.png
    ────────────────────────────────────────────────────────────────────────────────────────────────

    attachment #3: video (video/webm) ──────────────────────────────────────────────────────────────
    ..\test-results\about-About-Page-Company-Strengths-Section-확인-firefox\video.webm
    ────────────────────────────────────────────────────────────────────────────────────────────────

    Error Context: ..\test-results\about-About-Page-Company-Strengths-Section-확인-firefox\error-context.md
]]>
</failure>
<system-out>
<![CDATA[
[[ATTACHMENT|about-About-Page-Company-Strengths-Section-확인-firefox\test-failed-2.png]]

[[ATTACHMENT|about-About-Page-Company-Strengths-Section-확인-firefox\test-failed-1.png]]

[[ATTACHMENT|about-About-Page-Company-Strengths-Section-확인-firefox\video.webm]]

[[ATTACHMENT|about-About-Page-Company-Strengths-Section-확인-firefox\error-context.md]]
]]>
</system-out>
</testcase>
<testcase name="About Page › EPackage Section 확인" classname="about.spec.ts" time="5.9">
<failure message="about.spec.ts:82:7 EPackage Section 확인" type="FAILURE">
<![CDATA[  [firefox] › about.spec.ts:82:7 › About Page › EPackage Section 확인 ────────────────────────────────

    Error: expect(locator).toBeVisible() failed

    Locator: locator('text="品質の源泉"')
    Expected: visible
    Timeout: 5000ms
    Error: element(s) not found

    Call log:
      - Expect "toBeVisible" with timeout 5000ms
      - waiting for locator('text="品質の源泉"')


      84 |
      85 |     // 섹션 제목 확인
    > 86 |     await expect(page.locator('text="品質の源泉"')).toBeVisible();
         |                                                ^
      87 |
      88 |     // 기술 정보 확인
      89 |     await expect(page.locator('text="世界最新鋭設備による製造技術"')).toBeVisible();
        at C:\Users\kanei\claudecode\02.Homepage_Dev\02.epac_homepagever1.1\epackage-lab-web\tests\about.spec.ts:86:48

    attachment #1: screenshot (image/png) ──────────────────────────────────────────────────────────
    ..\test-results\about-About-Page-EPackage-Section-확인-firefox\test-failed-2.png
    ────────────────────────────────────────────────────────────────────────────────────────────────

    attachment #2: screenshot (image/png) ──────────────────────────────────────────────────────────
    ..\test-results\about-About-Page-EPackage-Section-확인-firefox\test-failed-1.png
    ────────────────────────────────────────────────────────────────────────────────────────────────

    attachment #3: video (video/webm) ──────────────────────────────────────────────────────────────
    ..\test-results\about-About-Page-EPackage-Section-확인-firefox\video.webm
    ────────────────────────────────────────────────────────────────────────────────────────────────

    Error Context: ..\test-results\about-About-Page-EPackage-Section-확인-firefox\error-context.md
]]>
</failure>
<system-out>
<![CDATA[
[[ATTACHMENT|about-About-Page-EPackage-Section-확인-firefox\test-failed-2.png]]

[[ATTACHMENT|about-About-Page-EPackage-Section-확인-firefox\test-failed-1.png]]

[[ATTACHMENT|about-About-Page-EPackage-Section-확인-firefox\video.webm]]

[[ATTACHMENT|about-About-Page-EPackage-Section-확인-firefox\error-context.md]]
]]>
</system-out>
</testcase>
<testcase name="About Page › CTA Section 확인" classname="about.spec.ts" time="0">
<failure message="about.spec.ts:98:7 CTA Section 확인" type="FAILURE">
<![CDATA[  [firefox] › about.spec.ts:98:7 › About Page › CTA Section 확인 ─────────────────────────────────────

    "beforeAll" hook timeout of 60000ms exceeded.

       5 |   let page: Page;
       6 |
    >  7 |   test.beforeAll(async ({ browser }) => {
         |        ^
       8 |     page = await browser.newPage();
       9 |   });
      10 |
        at C:\Users\kanei\claudecode\02.Homepage_Dev\02.epac_homepagever1.1\epackage-lab-web\tests\about.spec.ts:7:8

    TypeError: Cannot read properties of undefined (reading 'close')

      10 |
      11 |   test.afterAll(async () => {
    > 12 |     await page.close();
         |                ^
      13 |   });
      14 |
      15 |   test('About 페이지 접근 및 기본 렌더링 확인', async ({ page }) => {
        at C:\Users\kanei\claudecode\02.Homepage_Dev\02.epac_homepagever1.1\epackage-lab-web\tests\about.spec.ts:12:16

    Error: browser.newPage: Test ended.

       6 |
       7 |   test.beforeAll(async ({ browser }) => {
    >  8 |     page = await browser.newPage();
         |                          ^
       9 |   });
      10 |
      11 |   test.afterAll(async () => {
        at C:\Users\kanei\claudecode\02.Homepage_Dev\02.epac_homepagever1.1\epackage-lab-web\tests\about.spec.ts:8:26
]]>
</failure>
</testcase>
<testcase name="About Page › 반응형 디자인 확인" classname="about.spec.ts" time="5.685">
<failure message="about.spec.ts:113:7 반응형 디자인 확인" type="FAILURE">
<![CDATA[  [firefox] › about.spec.ts:113:7 › About Page › 반응형 디자인 확인 ────────────────────────────────────────

    Error: expect(locator).toBeVisible() failed

    Locator: locator('button').filter({ hasText: /再生|一時停止/ }).first()
    Expected: visible
    Timeout: 5000ms
    Error: element(s) not found

    Call log:
      - Expect "toBeVisible" with timeout 5000ms
      - waiting for locator('button').filter({ hasText: /再生|一時停止/ }).first()


      118 |     // 모바일에서 히스 컨트롤 크기 확인
      119 |     const videoControls = page.locator('button').filter({ hasText: /再生|一時停止/ });
    > 120 |     await expect(videoControls.first()).toBeVisible();
          |                                         ^
      121 |
      122 |     // 데스크톱 뷰포트 테스트
      123 |     await page.setViewportSize({ width: 1920, height: 1080 });
        at C:\Users\kanei\claudecode\02.Homepage_Dev\02.epac_homepagever1.1\epackage-lab-web\tests\about.spec.ts:120:41

    attachment #1: screenshot (image/png) ──────────────────────────────────────────────────────────
    ..\test-results\about-About-Page-반응형-디자인-확인-firefox\test-failed-2.png
    ────────────────────────────────────────────────────────────────────────────────────────────────

    attachment #2: screenshot (image/png) ──────────────────────────────────────────────────────────
    ..\test-results\about-About-Page-반응형-디자인-확인-firefox\test-failed-1.png
    ────────────────────────────────────────────────────────────────────────────────────────────────

    attachment #3: video (video/webm) ──────────────────────────────────────────────────────────────
    ..\test-results\about-About-Page-반응형-디자인-확인-firefox\video.webm
    ────────────────────────────────────────────────────────────────────────────────────────────────

    Error Context: ..\test-results\about-About-Page-반응형-디자인-확인-firefox\error-context.md
]]>
</failure>
<system-out>
<![CDATA[
[[ATTACHMENT|about-About-Page-반응형-디자인-확인-firefox\test-failed-2.png]]

[[ATTACHMENT|about-About-Page-반응형-디자인-확인-firefox\test-failed-1.png]]

[[ATTACHMENT|about-About-Page-반응형-디자인-확인-firefox\video.webm]]

[[ATTACHMENT|about-About-Page-반응형-디자인-확인-firefox\error-context.md]]
]]>
</system-out>
</testcase>
<testcase name="About Page › 페이지 성능 확인" classname="about.spec.ts" time="1.265">
<failure message="about.spec.ts:131:7 페이지 성능 확인" type="FAILURE">
<![CDATA[  [firefox] › about.spec.ts:131:7 › About Page › 페이지 성능 확인 ─────────────────────────────────────────

    Error: expect(received).toBe(expected) // Object.is equality

    Expected: 200
    Received: 404

      131 |   test('페이지 성능 확인', async ({ page }) => {
      132 |     const response = await page.goto('/about');
    > 133 |     expect(response.status()).toBe(200);
          |                               ^
      134 |
      135 |     // 페이지 로딩 시간 측정 (3초 이내 목표)
      136 |     const loadTime = response.timing()?.requestTime || 0;
        at C:\Users\kanei\claudecode\02.Homepage_Dev\02.epac_homepagever1.1\epackage-lab-web\tests\about.spec.ts:133:31

    attachment #1: screenshot (image/png) ──────────────────────────────────────────────────────────
    ..\test-results\about-About-Page-페이지-성능-확인-firefox\test-failed-1.png
    ────────────────────────────────────────────────────────────────────────────────────────────────

    attachment #2: screenshot (image/png) ──────────────────────────────────────────────────────────
    ..\test-results\about-About-Page-페이지-성능-확인-firefox\test-failed-2.png
    ────────────────────────────────────────────────────────────────────────────────────────────────

    attachment #3: video (video/webm) ──────────────────────────────────────────────────────────────
    ..\test-results\about-About-Page-페이지-성능-확인-firefox\video.webm
    ────────────────────────────────────────────────────────────────────────────────────────────────

    Error Context: ..\test-results\about-About-Page-페이지-성능-확인-firefox\error-context.md
]]>
</failure>
<system-out>
<![CDATA[
[[ATTACHMENT|about-About-Page-페이지-성능-확인-firefox\test-failed-1.png]]

[[ATTACHMENT|about-About-Page-페이지-성능-확인-firefox\test-failed-2.png]]

[[ATTACHMENT|about-About-Page-페이지-성능-확인-firefox\video.webm]]

[[ATTACHMENT|about-About-Page-페이지-성능-확인-firefox\error-context.md]]
]]>
</system-out>
</testcase>
<testcase name="About Page › SEO 메타데이터 확인" classname="about.spec.ts" time="1.599">
<failure message="about.spec.ts:140:7 SEO 메타데이터 확인" type="FAILURE">
<![CDATA[  [firefox] › about.spec.ts:140:7 › About Page › SEO 메타데이터 확인 ──────────────────────────────────────

    Error: expect(received).toContain(expected) // indexOf

    Expected substring: "Epackage Labとは"
    Received string:    "404: This page could not be found."

      143 |     // 메타 타이틀 확인
      144 |     const title = await page.title();
    > 145 |     expect(title).toContain('Epackage Labとは');
          |                   ^
      146 |
      147 |     // 메타 설명 확인
      148 |     const description = await page.locator('meta[name="description"]').getAttribute('content');
        at C:\Users\kanei\claudecode\02.Homepage_Dev\02.epac_homepagever1.1\epackage-lab-web\tests\about.spec.ts:145:19

    attachment #1: screenshot (image/png) ──────────────────────────────────────────────────────────
    ..\test-results\about-About-Page-SEO-메타데이터-확인-firefox\test-failed-1.png
    ────────────────────────────────────────────────────────────────────────────────────────────────

    attachment #2: screenshot (image/png) ──────────────────────────────────────────────────────────
    ..\test-results\about-About-Page-SEO-메타데이터-확인-firefox\test-failed-2.png
    ────────────────────────────────────────────────────────────────────────────────────────────────

    attachment #3: video (video/webm) ──────────────────────────────────────────────────────────────
    ..\test-results\about-About-Page-SEO-메타데이터-확인-firefox\video.webm
    ────────────────────────────────────────────────────────────────────────────────────────────────

    Error Context: ..\test-results\about-About-Page-SEO-메타데이터-확인-firefox\error-context.md
]]>
</failure>
<system-out>
<![CDATA[
[[ATTACHMENT|about-About-Page-SEO-메타데이터-확인-firefox\test-failed-1.png]]

[[ATTACHMENT|about-About-Page-SEO-메타데이터-확인-firefox\test-failed-2.png]]

[[ATTACHMENT|about-About-Page-SEO-메타데이터-확인-firefox\video.webm]]

[[ATTACHMENT|about-About-Page-SEO-메타데이터-확인-firefox\error-context.md]]
]]>
</system-out>
</testcase>
<testcase name="About Page › 내비게이션 링크 확인" classname="about.spec.ts" time="6.117">
<failure message="about.spec.ts:152:7 내비게이션 링크 확인" type="FAILURE">
<![CDATA[  [firefox] › about.spec.ts:152:7 › About Page › 내비게이션 링크 확인 ───────────────────────────────────────

    Error: expect(locator).toHaveCount(expected) failed

    Locator:  locator('a[href="/about"]')
    Expected: 1
    Received: 0
    Timeout:  5000ms

    Call log:
      - Expect "toHaveCount" with timeout 5000ms
      - waiting for locator('a[href="/about"]')
        8 × locator resolved to 0 elements
          - unexpected value "0"


      155 |     // 홈페이지에서 about 페이지 링크 확인
      156 |     const aboutLinks = page.locator('a[href="/about"]');
    > 157 |     expect(aboutLinks).toHaveCount(1);
          |                        ^
      158 |
      159 |     // 클릭 후 about 페이지로 이동 확인
      160 |     await aboutLinks.first().click();
        at C:\Users\kanei\claudecode\02.Homepage_Dev\02.epac_homepagever1.1\epackage-lab-web\tests\about.spec.ts:157:24

    Error: locator.click: Test ended.
    Call log:
      - waiting for locator('a[href="/about"]').first()


      158 |
      159 |     // 클릭 후 about 페이지로 이동 확인
    > 160 |     await aboutLinks.first().click();
          |                              ^
      161 |     await expect(page).toHaveURL(/\/about/);
      162 |   });
      163 | });
        at C:\Users\kanei\claudecode\02.Homepage_Dev\02.epac_homepagever1.1\epackage-lab-web\tests\about.spec.ts:160:30

    attachment #1: screenshot (image/png) ──────────────────────────────────────────────────────────
    ..\test-results\about-About-Page-내비게이션-링크-확인-firefox\test-failed-2.png
    ────────────────────────────────────────────────────────────────────────────────────────────────

    attachment #2: screenshot (image/png) ──────────────────────────────────────────────────────────
    ..\test-results\about-About-Page-내비게이션-링크-확인-firefox\test-failed-1.png
    ────────────────────────────────────────────────────────────────────────────────────────────────

    attachment #3: video (video/webm) ──────────────────────────────────────────────────────────────
    ..\test-results\about-About-Page-내비게이션-링크-확인-firefox\video.webm
    ────────────────────────────────────────────────────────────────────────────────────────────────

    Error Context: ..\test-results\about-About-Page-내비게이션-링크-확인-firefox\error-context.md
]]>
</failure>
<system-out>
<![CDATA[
[[ATTACHMENT|about-About-Page-내비게이션-링크-확인-firefox\test-failed-2.png]]

[[ATTACHMENT|about-About-Page-내비게이션-링크-확인-firefox\test-failed-1.png]]

[[ATTACHMENT|about-About-Page-내비게이션-링크-확인-firefox\video.webm]]

[[ATTACHMENT|about-About-Page-내비게이션-링크-확인-firefox\error-context.md]]
]]>
</system-out>
</testcase>
<testcase name="About 페이지 접근성 확인" classname="about.spec.ts" time="3.151">
</testcase>
</testsuite>
<testsuite name="catalog.spec.ts" timestamp="2025-12-12T21:41:49.549Z" hostname="firefox" tests="7" failures="7" skipped="0" time="363.563" errors="0">
<testcase name="Product Catalog › displays Japanese product names correctly" classname="catalog.spec.ts" time="3.427">
<failure message="catalog.spec.ts:9:9 displays Japanese product names correctly" type="FAILURE">
<![CDATA[  [firefox] › catalog.spec.ts:9:9 › Product Catalog › displays Japanese product names correctly ────

    Error: expect(received).toBeGreaterThan(expected)

    Expected: > 0
    Received:   0

      13 |         // Check product names contain Japanese characters
      14 |         const productNames = await page.locator('.product-name, [data-testid="product-name"]').allTextContents();
    > 15 |         expect(productNames.length).toBeGreaterThan(0);
         |                                     ^
      16 |
      17 |         const hasJapaneseText = productNames.some(name => /[\u3040-\u309f\u30a0-\u30ff\u4e00-\u9faf]/.test(name));
      18 |         expect(hasJapaneseText).toBeTruthy();
        at C:\Users\kanei\claudecode\02.Homepage_Dev\02.epac_homepagever1.1\epackage-lab-web\tests\catalog.spec.ts:15:37

    attachment #1: screenshot (image/png) ──────────────────────────────────────────────────────────
    ..\test-results\catalog-Product-Catalog-di-437ad-ese-product-names-correctly-firefox\test-failed-1.png
    ────────────────────────────────────────────────────────────────────────────────────────────────

    attachment #2: video (video/webm) ──────────────────────────────────────────────────────────────
    ..\test-results\catalog-Product-Catalog-di-437ad-ese-product-names-correctly-firefox\video.webm
    ────────────────────────────────────────────────────────────────────────────────────────────────

    Error Context: ..\test-results\catalog-Product-Catalog-di-437ad-ese-product-names-correctly-firefox\error-context.md
]]>
</failure>
<system-out>
<![CDATA[
[[ATTACHMENT|catalog-Product-Catalog-di-437ad-ese-product-names-correctly-firefox\test-failed-1.png]]

[[ATTACHMENT|catalog-Product-Catalog-di-437ad-ese-product-names-correctly-firefox\video.webm]]

[[ATTACHMENT|catalog-Product-Catalog-di-437ad-ese-product-names-correctly-firefox\error-context.md]]
]]>
</system-out>
</testcase>
<testcase name="Product Catalog › search functionality with Japanese keywords" classname="catalog.spec.ts" time="60.023">
<failure message="catalog.spec.ts:21:9 search functionality with Japanese keywords" type="FAILURE">
<![CDATA[  [firefox] › catalog.spec.ts:21:9 › Product Catalog › search functionality with Japanese keywords ─

    Test timeout of 60000ms exceeded while running "beforeEach" hook.

      2 |
      3 | test.describe('Product Catalog', () => {
    > 4 |     test.beforeEach(async ({ page }) => {
        |          ^
      5 |         await page.goto('/catalog');
      6 |         await waitForPageLoad(page);
      7 |     });
        at C:\Users\kanei\claudecode\02.Homepage_Dev\02.epac_homepagever1.1\epackage-lab-web\tests\catalog.spec.ts:4:10

    Error: browserContext.newPage: Test timeout of 60000ms exceeded.
]]>
</failure>
</testcase>
<testcase name="Product Catalog › filter options work correctly" classname="catalog.spec.ts" time="60.017">
<failure message="catalog.spec.ts:35:9 filter options work correctly" type="FAILURE">
<![CDATA[  [firefox] › catalog.spec.ts:35:9 › Product Catalog › filter options work correctly ───────────────

    Test timeout of 60000ms exceeded while running "beforeEach" hook.

      2 |
      3 | test.describe('Product Catalog', () => {
    > 4 |     test.beforeEach(async ({ page }) => {
        |          ^
      5 |         await page.goto('/catalog');
      6 |         await waitForPageLoad(page);
      7 |     });
        at C:\Users\kanei\claudecode\02.Homepage_Dev\02.epac_homepagever1.1\epackage-lab-web\tests\catalog.spec.ts:4:10

    Error: browserContext.newPage: Test timeout of 60000ms exceeded.
]]>
</failure>
</testcase>
<testcase name="Product Catalog › product images load correctly" classname="catalog.spec.ts" time="60.023">
<failure message="catalog.spec.ts:52:9 product images load correctly" type="FAILURE">
<![CDATA[  [firefox] › catalog.spec.ts:52:9 › Product Catalog › product images load correctly ───────────────

    Test timeout of 60000ms exceeded while running "beforeEach" hook.

      2 |
      3 | test.describe('Product Catalog', () => {
    > 4 |     test.beforeEach(async ({ page }) => {
        |          ^
      5 |         await page.goto('/catalog');
      6 |         await waitForPageLoad(page);
      7 |     });
        at C:\Users\kanei\claudecode\02.Homepage_Dev\02.epac_homepagever1.1\epackage-lab-web\tests\catalog.spec.ts:4:10

    Error: browserContext.newPage: Test timeout of 60000ms exceeded.
]]>
</failure>
</testcase>
<testcase name="Product Catalog › responsive design on mobile" classname="catalog.spec.ts" time="60.022">
<failure message="catalog.spec.ts:69:9 responsive design on mobile" type="FAILURE">
<![CDATA[  [firefox] › catalog.spec.ts:69:9 › Product Catalog › responsive design on mobile ─────────────────

    Test timeout of 60000ms exceeded while running "beforeEach" hook.

      2 |
      3 | test.describe('Product Catalog', () => {
    > 4 |     test.beforeEach(async ({ page }) => {
        |          ^
      5 |         await page.goto('/catalog');
      6 |         await waitForPageLoad(page);
      7 |     });
        at C:\Users\kanei\claudecode\02.Homepage_Dev\02.epac_homepagever1.1\epackage-lab-web\tests\catalog.spec.ts:4:10

    Error: browserContext.newPage: Test timeout of 60000ms exceeded.
]]>
</failure>
</testcase>
<testcase name="Product Catalog › pagination works if present" classname="catalog.spec.ts" time="60.023">
<failure message="catalog.spec.ts:89:9 pagination works if present" type="FAILURE">
<![CDATA[  [firefox] › catalog.spec.ts:89:9 › Product Catalog › pagination works if present ─────────────────

    Test timeout of 60000ms exceeded while running "beforeEach" hook.

      2 |
      3 | test.describe('Product Catalog', () => {
    > 4 |     test.beforeEach(async ({ page }) => {
        |          ^
      5 |         await page.goto('/catalog');
      6 |         await waitForPageLoad(page);
      7 |     });
        at C:\Users\kanei\claudecode\02.Homepage_Dev\02.epac_homepagever1.1\epackage-lab-web\tests\catalog.spec.ts:4:10

    Error: browserContext.newPage: Test timeout of 60000ms exceeded.
]]>
</failure>
</testcase>
<testcase name="Product Catalog › breadcrumb navigation" classname="catalog.spec.ts" time="60.028">
<failure message="catalog.spec.ts:103:9 breadcrumb navigation" type="FAILURE">
<![CDATA[  [firefox] › catalog.spec.ts:103:9 › Product Catalog › breadcrumb navigation ──────────────────────

    Test timeout of 60000ms exceeded while running "beforeEach" hook.

      2 |
      3 | test.describe('Product Catalog', () => {
    > 4 |     test.beforeEach(async ({ page }) => {
        |          ^
      5 |         await page.goto('/catalog');
      6 |         await waitForPageLoad(page);
      7 |     });
        at C:\Users\kanei\claudecode\02.Homepage_Dev\02.epac_homepagever1.1\epackage-lab-web\tests\catalog.spec.ts:4:10

    Error: browserContext.newPage: Test timeout of 60000ms exceeded.
]]>
</failure>
</testcase>
</testsuite>
<testsuite name="core-features.spec.ts" timestamp="2025-12-12T21:41:49.549Z" hostname="firefox" tests="9" failures="9" skipped="0" time="540.222" errors="0">
<testcase name="Core TaskMaster Features › Homepage loads with Japanese localization" classname="core-features.spec.ts" time="60.022">
<failure message="core-features.spec.ts:13:7 Homepage loads with Japanese localization" type="FAILURE">
<![CDATA[  [firefox] › core-features.spec.ts:13:7 › Core TaskMaster Features › Homepage loads with Japanese localization 

    Test timeout of 60000ms exceeded while running "beforeEach" hook.

       7 |
       8 | test.describe('Core TaskMaster Features', () => {
    >  9 |   test.beforeEach(async ({ page }) => {
         |        ^
      10 |     await page.goto('http://localhost:3000');
      11 |   });
      12 |
        at C:\Users\kanei\claudecode\02.Homepage_Dev\02.epac_homepagever1.1\epackage-lab-web\tests\core-features.spec.ts:9:8

    Error: browserContext.newPage: Test timeout of 60000ms exceeded.
]]>
</failure>
</testcase>
<testcase name="Core TaskMaster Features › Header maintains consistent styling" classname="core-features.spec.ts" time="60.018">
<failure message="core-features.spec.ts:28:7 Header maintains consistent styling" type="FAILURE">
<![CDATA[  [firefox] › core-features.spec.ts:28:7 › Core TaskMaster Features › Header maintains consistent styling 

    Test timeout of 60000ms exceeded while running "beforeEach" hook.

       7 |
       8 | test.describe('Core TaskMaster Features', () => {
    >  9 |   test.beforeEach(async ({ page }) => {
         |        ^
      10 |     await page.goto('http://localhost:3000');
      11 |   });
      12 |
        at C:\Users\kanei\claudecode\02.Homepage_Dev\02.epac_homepagever1.1\epackage-lab-web\tests\core-features.spec.ts:9:8

    Error: browserContext.newPage: Test timeout of 60000ms exceeded.
]]>
</failure>
</testcase>
<testcase name="Core TaskMaster Features › Footer is properly structured with Japanese content" classname="core-features.spec.ts" time="60.017">
<failure message="core-features.spec.ts:47:7 Footer is properly structured with Japanese content" type="FAILURE">
<![CDATA[  [firefox] › core-features.spec.ts:47:7 › Core TaskMaster Features › Footer is properly structured with Japanese content 

    Test timeout of 60000ms exceeded while running "beforeEach" hook.

       7 |
       8 | test.describe('Core TaskMaster Features', () => {
    >  9 |   test.beforeEach(async ({ page }) => {
         |        ^
      10 |     await page.goto('http://localhost:3000');
      11 |   });
      12 |
        at C:\Users\kanei\claudecode\02.Homepage_Dev\02.epac_homepagever1.1\epackage-lab-web\tests\core-features.spec.ts:9:8

    Error: browserContext.newPage: Test timeout of 60000ms exceeded.
]]>
</failure>
</testcase>
<testcase name="Core TaskMaster Features › Design guide pages are accessible" classname="core-features.spec.ts" time="60.036">
<failure message="core-features.spec.ts:63:7 Design guide pages are accessible" type="FAILURE">
<![CDATA[  [firefox] › core-features.spec.ts:63:7 › Core TaskMaster Features › Design guide pages are accessible 

    Test timeout of 60000ms exceeded while running "beforeEach" hook.

       7 |
       8 | test.describe('Core TaskMaster Features', () => {
    >  9 |   test.beforeEach(async ({ page }) => {
         |        ^
      10 |     await page.goto('http://localhost:3000');
      11 |   });
      12 |
        at C:\Users\kanei\claudecode\02.Homepage_Dev\02.epac_homepagever1.1\epackage-lab-web\tests\core-features.spec.ts:9:8

    Error: browserContext.newPage: Test timeout of 60000ms exceeded.
]]>
</failure>
</testcase>
<testcase name="Core TaskMaster Features › API endpoints respond correctly" classname="core-features.spec.ts" time="60.025">
<failure message="core-features.spec.ts:87:7 API endpoints respond correctly" type="FAILURE">
<![CDATA[  [firefox] › core-features.spec.ts:87:7 › Core TaskMaster Features › API endpoints respond correctly 

    Test timeout of 60000ms exceeded while running "beforeEach" hook.

       7 |
       8 | test.describe('Core TaskMaster Features', () => {
    >  9 |   test.beforeEach(async ({ page }) => {
         |        ^
      10 |     await page.goto('http://localhost:3000');
      11 |   });
      12 |
        at C:\Users\kanei\claudecode\02.Homepage_Dev\02.epac_homepagever1.1\epackage-lab-web\tests\core-features.spec.ts:9:8

    Error: browserContext.newPage: Test timeout of 60000ms exceeded.
]]>
</failure>
</testcase>
<testcase name="Core TaskMaster Features › Navigation links work correctly" classname="core-features.spec.ts" time="60.026">
<failure message="core-features.spec.ts:96:7 Navigation links work correctly" type="FAILURE">
<![CDATA[  [firefox] › core-features.spec.ts:96:7 › Core TaskMaster Features › Navigation links work correctly 

    Test timeout of 60000ms exceeded while running "beforeEach" hook.

       7 |
       8 | test.describe('Core TaskMaster Features', () => {
    >  9 |   test.beforeEach(async ({ page }) => {
         |        ^
      10 |     await page.goto('http://localhost:3000');
      11 |   });
      12 |
        at C:\Users\kanei\claudecode\02.Homepage_Dev\02.epac_homepagever1.1\epackage-lab-web\tests\core-features.spec.ts:9:8

    Error: browserContext.newPage: Test timeout of 60000ms exceeded.
]]>
</failure>
</testcase>
<testcase name="Core TaskMaster Features › Mobile responsiveness works" classname="core-features.spec.ts" time="60.036">
<failure message="core-features.spec.ts:119:7 Mobile responsiveness works" type="FAILURE">
<![CDATA[  [firefox] › core-features.spec.ts:119:7 › Core TaskMaster Features › Mobile responsiveness works ─

    Test timeout of 60000ms exceeded while running "beforeEach" hook.

       7 |
       8 | test.describe('Core TaskMaster Features', () => {
    >  9 |   test.beforeEach(async ({ page }) => {
         |        ^
      10 |     await page.goto('http://localhost:3000');
      11 |   });
      12 |
        at C:\Users\kanei\claudecode\02.Homepage_Dev\02.epac_homepagever1.1\epackage-lab-web\tests\core-features.spec.ts:9:8

    Error: browserContext.newPage: Test timeout of 60000ms exceeded.
]]>
</failure>
</testcase>
<testcase name="Additional Functionality › Catalog page loads" classname="core-features.spec.ts" time="60.018">
<failure message="core-features.spec.ts:141:7 Catalog page loads" type="FAILURE">
<![CDATA[  [firefox] › core-features.spec.ts:141:7 › Additional Functionality › Catalog page loads ──────────

    Test timeout of 60000ms exceeded while setting up "page".

    Error: browserContext.newPage: Test timeout of 60000ms exceeded.
]]>
</failure>
</testcase>
<testcase name="Additional Functionality › Contact page loads" classname="core-features.spec.ts" time="60.024">
<failure message="core-features.spec.ts:149:7 Contact page loads" type="FAILURE">
<![CDATA[  [firefox] › core-features.spec.ts:149:7 › Additional Functionality › Contact page loads ──────────

    Test timeout of 60000ms exceeded while setting up "page".

    Error: browserContext.newPage: Test timeout of 60000ms exceeded.
]]>
</failure>
</testcase>
</testsuite>
<testsuite name="download.spec.ts" timestamp="2025-12-12T21:41:49.549Z" hostname="firefox" tests="7" failures="7" skipped="0" time="420.161" errors="0">
<testcase name="Catalog Download System › initiates PDF download" classname="download.spec.ts" time="60.015">
<failure message="download.spec.ts:9:9 initiates PDF download" type="FAILURE">
<![CDATA[  [firefox] › download.spec.ts:9:9 › Catalog Download System › initiates PDF download ──────────────

    Test timeout of 60000ms exceeded while running "beforeEach" hook.

      2 |
      3 | test.describe('Catalog Download System', () => {
    > 4 |     test.beforeEach(async ({ page }) => {
        |          ^
      5 |         await page.goto('/company');
      6 |         await waitForPageLoad(page);
      7 |     });
        at C:\Users\kanei\claudecode\02.Homepage_Dev\02.epac_homepagever1.1\epackage-lab-web\tests\download.spec.ts:4:10

    Error: browserContext.newPage: Test timeout of 60000ms exceeded.
]]>
</failure>
</testcase>
<testcase name="Catalog Download System › captures email before download" classname="download.spec.ts" time="60.045">
<failure message="download.spec.ts:44:9 captures email before download" type="FAILURE">
<![CDATA[  [firefox] › download.spec.ts:44:9 › Catalog Download System › captures email before download ─────

    Test timeout of 60000ms exceeded while running "beforeEach" hook.

      2 |
      3 | test.describe('Catalog Download System', () => {
    > 4 |     test.beforeEach(async ({ page }) => {
        |          ^
      5 |         await page.goto('/company');
      6 |         await waitForPageLoad(page);
      7 |     });
        at C:\Users\kanei\claudecode\02.Homepage_Dev\02.epac_homepagever1.1\epackage-lab-web\tests\download.spec.ts:4:10

    Error: browserContext.newPage: Test timeout of 60000ms exceeded.
]]>
</failure>
</testcase>
<testcase name="Catalog Download System › progress tracking display" classname="download.spec.ts" time="60.02">
<failure message="download.spec.ts:91:9 progress tracking display" type="FAILURE">
<![CDATA[  [firefox] › download.spec.ts:91:9 › Catalog Download System › progress tracking display ──────────

    Test timeout of 60000ms exceeded while running "beforeEach" hook.

      2 |
      3 | test.describe('Catalog Download System', () => {
    > 4 |     test.beforeEach(async ({ page }) => {
        |          ^
      5 |         await page.goto('/company');
      6 |         await waitForPageLoad(page);
      7 |     });
        at C:\Users\kanei\claudecode\02.Homepage_Dev\02.epac_homepagever1.1\epackage-lab-web\tests\download.spec.ts:4:10

    Error: browserContext.newPage: Test timeout of 60000ms exceeded.
]]>
</failure>
</testcase>
<testcase name="Catalog Download System › error handling for invalid email" classname="download.spec.ts" time="60.014">
<failure message="download.spec.ts:140:9 error handling for invalid email" type="FAILURE">
<![CDATA[  [firefox] › download.spec.ts:140:9 › Catalog Download System › error handling for invalid email ──

    Test timeout of 60000ms exceeded while running "beforeEach" hook.

      2 |
      3 | test.describe('Catalog Download System', () => {
    > 4 |     test.beforeEach(async ({ page }) => {
        |          ^
      5 |         await page.goto('/company');
      6 |         await waitForPageLoad(page);
      7 |     });
        at C:\Users\kanei\claudecode\02.Homepage_Dev\02.epac_homepagever1.1\epackage-lab-web\tests\download.spec.ts:4:10

    Error: browserContext.newPage: Test timeout of 60000ms exceeded.
]]>
</failure>
</testcase>
<testcase name="Catalog Download System › download on mobile devices" classname="download.spec.ts" time="60.025">
<failure message="download.spec.ts:169:9 download on mobile devices" type="FAILURE">
<![CDATA[  [firefox] › download.spec.ts:169:9 › Catalog Download System › download on mobile devices ────────

    Test timeout of 60000ms exceeded while running "beforeEach" hook.

      2 |
      3 | test.describe('Catalog Download System', () => {
    > 4 |     test.beforeEach(async ({ page }) => {
        |          ^
      5 |         await page.goto('/company');
      6 |         await waitForPageLoad(page);
      7 |     });
        at C:\Users\kanei\claudecode\02.Homepage_Dev\02.epac_homepagever1.1\epackage-lab-web\tests\download.spec.ts:4:10

    Error: browserContext.newPage: Test timeout of 60000ms exceeded.
]]>
</failure>
</testcase>
<testcase name="Catalog Download System › analytics tracking" classname="download.spec.ts" time="60.013">
<failure message="download.spec.ts:197:9 analytics tracking" type="FAILURE">
<![CDATA[  [firefox] › download.spec.ts:197:9 › Catalog Download System › analytics tracking ────────────────

    Test timeout of 60000ms exceeded while running "beforeEach" hook.

      2 |
      3 | test.describe('Catalog Download System', () => {
    > 4 |     test.beforeEach(async ({ page }) => {
        |          ^
      5 |         await page.goto('/company');
      6 |         await waitForPageLoad(page);
      7 |     });
        at C:\Users\kanei\claudecode\02.Homepage_Dev\02.epac_homepagever1.1\epackage-lab-web\tests\download.spec.ts:4:10

    Error: browserContext.newPage: Test timeout of 60000ms exceeded.
]]>
</failure>
</testcase>
<testcase name="Catalog Download System › email confirmation after download" classname="download.spec.ts" time="60.029">
<failure message="download.spec.ts:220:9 email confirmation after download" type="FAILURE">
<![CDATA[  [firefox] › download.spec.ts:220:9 › Catalog Download System › email confirmation after download ─

    Test timeout of 60000ms exceeded while running "beforeEach" hook.

      2 |
      3 | test.describe('Catalog Download System', () => {
    > 4 |     test.beforeEach(async ({ page }) => {
        |          ^
      5 |         await page.goto('/company');
      6 |         await waitForPageLoad(page);
      7 |     });
        at C:\Users\kanei\claudecode\02.Homepage_Dev\02.epac_homepagever1.1\epackage-lab-web\tests\download.spec.ts:4:10

    Error: browserContext.newPage: Test timeout of 60000ms exceeded.
]]>
</failure>
</testcase>
</testsuite>
<testsuite name="implementation-validation.spec.ts" timestamp="2025-12-12T21:41:49.549Z" hostname="firefox" tests="15" failures="15" skipped="0" time="900.316" errors="0">
<testcase name="TaskMaster Implementation Validation › Homepage loads successfully with Japanese content" classname="implementation-validation.spec.ts" time="60.016">
<failure message="implementation-validation.spec.ts:14:7 Homepage loads successfully with Japanese content" type="FAILURE">
<![CDATA[  [firefox] › implementation-validation.spec.ts:14:7 › TaskMaster Implementation Validation › Homepage loads successfully with Japanese content 

    Test timeout of 60000ms exceeded while running "beforeEach" hook.

       7 |
       8 | test.describe('TaskMaster Implementation Validation', () => {
    >  9 |   test.beforeEach(async ({ page }) => {
         |        ^
      10 |     // Navigate to homepage before each test
      11 |     await page.goto('http://localhost:3000');
      12 |   });
        at C:\Users\kanei\claudecode\02.Homepage_Dev\02.epac_homepagever1.1\epackage-lab-web\tests\implementation-validation.spec.ts:9:8

    Error: browserContext.newPage: Test timeout of 60000ms exceeded.
]]>
</failure>
</testcase>
<testcase name="TaskMaster Implementation Validation › Header background color consistency (Task 16)" classname="implementation-validation.spec.ts" time="60.025">
<failure message="implementation-validation.spec.ts:29:7 Header background color consistency (Task 16)" type="FAILURE">
<![CDATA[  [firefox] › implementation-validation.spec.ts:29:7 › TaskMaster Implementation Validation › Header background color consistency (Task 16) 

    Test timeout of 60000ms exceeded while running "beforeEach" hook.

       7 |
       8 | test.describe('TaskMaster Implementation Validation', () => {
    >  9 |   test.beforeEach(async ({ page }) => {
         |        ^
      10 |     // Navigate to homepage before each test
      11 |     await page.goto('http://localhost:3000');
      12 |   });
        at C:\Users\kanei\claudecode\02.Homepage_Dev\02.epac_homepagever1.1\epackage-lab-web\tests\implementation-validation.spec.ts:9:8

    Error: browserContext.newPage: Test timeout of 60000ms exceeded.
]]>
</failure>
</testcase>
<testcase name="TaskMaster Implementation Validation › Footer layout restructure (horizontal single row)" classname="implementation-validation.spec.ts" time="60.018">
<failure message="implementation-validation.spec.ts:55:7 Footer layout restructure (horizontal single row)" type="FAILURE">
<![CDATA[  [firefox] › implementation-validation.spec.ts:55:7 › TaskMaster Implementation Validation › Footer layout restructure (horizontal single row) 

    Test timeout of 60000ms exceeded while running "beforeEach" hook.

       7 |
       8 | test.describe('TaskMaster Implementation Validation', () => {
    >  9 |   test.beforeEach(async ({ page }) => {
         |        ^
      10 |     // Navigate to homepage before each test
      11 |     await page.goto('http://localhost:3000');
      12 |   });
        at C:\Users\kanei\claudecode\02.Homepage_Dev\02.epac_homepagever1.1\epackage-lab-web\tests\implementation-validation.spec.ts:9:8

    Error: browserContext.newPage: Test timeout of 60000ms exceeded.
]]>
</failure>
</testcase>
<testcase name="TaskMaster Implementation Validation › Product catalog design template download functionality (Task 15)" classname="implementation-validation.spec.ts" time="60.023">
<failure message="implementation-validation.spec.ts:75:7 Product catalog design template download functionality (Task 15)" type="FAILURE">
<![CDATA[  [firefox] › implementation-validation.spec.ts:75:7 › TaskMaster Implementation Validation › Product catalog design template download functionality (Task 15) 

    Test timeout of 60000ms exceeded while running "beforeEach" hook.

       7 |
       8 | test.describe('TaskMaster Implementation Validation', () => {
    >  9 |   test.beforeEach(async ({ page }) => {
         |        ^
      10 |     // Navigate to homepage before each test
      11 |     await page.goto('http://localhost:3000');
      12 |   });
        at C:\Users\kanei\claudecode\02.Homepage_Dev\02.epac_homepagever1.1\epackage-lab-web\tests\implementation-validation.spec.ts:9:8

    Error: browserContext.newPage: Test timeout of 60000ms exceeded.
]]>
</failure>
</testcase>
<testcase name="TaskMaster Implementation Validation › Design guide pages availability (Task 10)" classname="implementation-validation.spec.ts" time="60.025">
<failure message="implementation-validation.spec.ts:97:7 Design guide pages availability (Task 10)" type="FAILURE">
<![CDATA[  [firefox] › implementation-validation.spec.ts:97:7 › TaskMaster Implementation Validation › Design guide pages availability (Task 10) 

    Test timeout of 60000ms exceeded while running "beforeEach" hook.

       7 |
       8 | test.describe('TaskMaster Implementation Validation', () => {
    >  9 |   test.beforeEach(async ({ page }) => {
         |        ^
      10 |     // Navigate to homepage before each test
      11 |     await page.goto('http://localhost:3000');
      12 |   });
        at C:\Users\kanei\claudecode\02.Homepage_Dev\02.epac_homepagever1.1\epackage-lab-web\tests\implementation-validation.spec.ts:9:8

    Error: browserContext.newPage: Test timeout of 60000ms exceeded.
]]>
</failure>
</testcase>
<testcase name="TaskMaster Implementation Validation › Japanese localization verification (Task 8)" classname="implementation-validation.spec.ts" time="60.019">
<failure message="implementation-validation.spec.ts:134:7 Japanese localization verification (Task 8)" type="FAILURE">
<![CDATA[  [firefox] › implementation-validation.spec.ts:134:7 › TaskMaster Implementation Validation › Japanese localization verification (Task 8) 

    Test timeout of 60000ms exceeded while running "beforeEach" hook.

       7 |
       8 | test.describe('TaskMaster Implementation Validation', () => {
    >  9 |   test.beforeEach(async ({ page }) => {
         |        ^
      10 |     // Navigate to homepage before each test
      11 |     await page.goto('http://localhost:3000');
      12 |   });
        at C:\Users\kanei\claudecode\02.Homepage_Dev\02.epac_homepagever1.1\epackage-lab-web\tests\implementation-validation.spec.ts:9:8

    Error: browserContext.newPage: Test timeout of 60000ms exceeded.
]]>
</failure>
</testcase>
<testcase name="TaskMaster Implementation Validation › Catalog page functionality and product display" classname="implementation-validation.spec.ts" time="60.011">
<failure message="implementation-validation.spec.ts:156:7 Catalog page functionality and product display" type="FAILURE">
<![CDATA[  [firefox] › implementation-validation.spec.ts:156:7 › TaskMaster Implementation Validation › Catalog page functionality and product display 

    Test timeout of 60000ms exceeded while running "beforeEach" hook.

       7 |
       8 | test.describe('TaskMaster Implementation Validation', () => {
    >  9 |   test.beforeEach(async ({ page }) => {
         |        ^
      10 |     // Navigate to homepage before each test
      11 |     await page.goto('http://localhost:3000');
      12 |   });
        at C:\Users\kanei\claudecode\02.Homepage_Dev\02.epac_homepagever1.1\epackage-lab-web\tests\implementation-validation.spec.ts:9:8

    Error: browserContext.newPage: Test timeout of 60000ms exceeded.
]]>
</failure>
</testcase>
<testcase name="TaskMaster Implementation Validation › Navigation and routing functionality" classname="implementation-validation.spec.ts" time="60.023">
<failure message="implementation-validation.spec.ts:179:7 Navigation and routing functionality" type="FAILURE">
<![CDATA[  [firefox] › implementation-validation.spec.ts:179:7 › TaskMaster Implementation Validation › Navigation and routing functionality 

    Test timeout of 60000ms exceeded while running "beforeEach" hook.

       7 |
       8 | test.describe('TaskMaster Implementation Validation', () => {
    >  9 |   test.beforeEach(async ({ page }) => {
         |        ^
      10 |     // Navigate to homepage before each test
      11 |     await page.goto('http://localhost:3000');
      12 |   });
        at C:\Users\kanei\claudecode\02.Homepage_Dev\02.epac_homepagever1.1\epackage-lab-web\tests\implementation-validation.spec.ts:9:8

    Error: browserContext.newPage: Test timeout of 60000ms exceeded.
]]>
</failure>
</testcase>
<testcase name="TaskMaster Implementation Validation › Mobile responsiveness and mobile menu functionality" classname="implementation-validation.spec.ts" time="60.023">
<failure message="implementation-validation.spec.ts:203:7 Mobile responsiveness and mobile menu functionality" type="FAILURE">
<![CDATA[  [firefox] › implementation-validation.spec.ts:203:7 › TaskMaster Implementation Validation › Mobile responsiveness and mobile menu functionality 

    Test timeout of 60000ms exceeded while running "beforeEach" hook.

       7 |
       8 | test.describe('TaskMaster Implementation Validation', () => {
    >  9 |   test.beforeEach(async ({ page }) => {
         |        ^
      10 |     // Navigate to homepage before each test
      11 |     await page.goto('http://localhost:3000');
      12 |   });
        at C:\Users\kanei\claudecode\02.Homepage_Dev\02.epac_homepagever1.1\epackage-lab-web\tests\implementation-validation.spec.ts:9:8

    Error: browserContext.newPage: Test timeout of 60000ms exceeded.
]]>
</failure>
</testcase>
<testcase name="TaskMaster Implementation Validation › Performance and accessibility checks" classname="implementation-validation.spec.ts" time="60.028">
<failure message="implementation-validation.spec.ts:232:7 Performance and accessibility checks" type="FAILURE">
<![CDATA[  [firefox] › implementation-validation.spec.ts:232:7 › TaskMaster Implementation Validation › Performance and accessibility checks 

    Test timeout of 60000ms exceeded while running "beforeEach" hook.

       7 |
       8 | test.describe('TaskMaster Implementation Validation', () => {
    >  9 |   test.beforeEach(async ({ page }) => {
         |        ^
      10 |     // Navigate to homepage before each test
      11 |     await page.goto('http://localhost:3000');
      12 |   });
        at C:\Users\kanei\claudecode\02.Homepage_Dev\02.epac_homepagever1.1\epackage-lab-web\tests\implementation-validation.spec.ts:9:8

    Error: browserContext.newPage: Test timeout of 60000ms exceeded.
]]>
</failure>
</testcase>
<testcase name="TaskMaster Implementation Validation › Contact and inquiry functionality" classname="implementation-validation.spec.ts" time="60.027">
<failure message="implementation-validation.spec.ts:262:7 Contact and inquiry functionality" type="FAILURE">
<![CDATA[  [firefox] › implementation-validation.spec.ts:262:7 › TaskMaster Implementation Validation › Contact and inquiry functionality 

    Test timeout of 60000ms exceeded while running "beforeEach" hook.

       7 |
       8 | test.describe('TaskMaster Implementation Validation', () => {
    >  9 |   test.beforeEach(async ({ page }) => {
         |        ^
      10 |     // Navigate to homepage before each test
      11 |     await page.goto('http://localhost:3000');
      12 |   });
        at C:\Users\kanei\claudecode\02.Homepage_Dev\02.epac_homepagever1.1\epackage-lab-web\tests\implementation-validation.spec.ts:9:8

    Error: browserContext.newPage: Test timeout of 60000ms exceeded.
]]>
</failure>
</testcase>
<testcase name="API and Backend Functionality › Design template download API endpoints" classname="implementation-validation.spec.ts" time="60.014">
<failure message="implementation-validation.spec.ts:291:7 Design template download API endpoints" type="FAILURE">
<![CDATA[  [firefox] › implementation-validation.spec.ts:291:7 › API and Backend Functionality › Design template download API endpoints 

    Test timeout of 60000ms exceeded while setting up "page".

    Error: browserContext.newPage: Test timeout of 60000ms exceeded.
]]>
</failure>
</testcase>
<testcase name="API and Backend Functionality › Product catalog API" classname="implementation-validation.spec.ts" time="60.018">
<failure message="implementation-validation.spec.ts:308:7 Product catalog API" type="FAILURE">
<![CDATA[  [firefox] › implementation-validation.spec.ts:308:7 › API and Backend Functionality › Product catalog API 

    Test timeout of 60000ms exceeded while setting up "page".

    Error: browserContext.newPage: Test timeout of 60000ms exceeded.
]]>
</failure>
</testcase>
<testcase name="Error Handling and Edge Cases › 404 page handling" classname="implementation-validation.spec.ts" time="60.019">
<failure message="implementation-validation.spec.ts:329:7 404 page handling" type="FAILURE">
<![CDATA[  [firefox] › implementation-validation.spec.ts:329:7 › Error Handling and Edge Cases › 404 page handling 

    Test timeout of 60000ms exceeded while setting up "page".

    Error: browserContext.newPage: Test timeout of 60000ms exceeded.
]]>
</failure>
</testcase>
<testcase name="Error Handling and Edge Cases › Image loading with fallbacks" classname="implementation-validation.spec.ts" time="60.027">
<failure message="implementation-validation.spec.ts:337:7 Image loading with fallbacks" type="FAILURE">
<![CDATA[  [firefox] › implementation-validation.spec.ts:337:7 › Error Handling and Edge Cases › Image loading with fallbacks 

    Test timeout of 60000ms exceeded while setting up "page".

    Error: browserContext.newPage: Test timeout of 60000ms exceeded.
]]>
</failure>
</testcase>
</testsuite>
<testsuite name="navigation.spec.ts" timestamp="2025-12-12T21:41:49.549Z" hostname="firefox" tests="8" failures="8" skipped="0" time="480.181" errors="0">
<testcase name="Navigation System › header menu has no nested duplication" classname="navigation.spec.ts" time="60.019">
<failure message="navigation.spec.ts:9:9 header menu has no nested duplication" type="FAILURE">
<![CDATA[  [firefox] › navigation.spec.ts:9:9 › Navigation System › header menu has no nested duplication ───

    Test timeout of 60000ms exceeded while running "beforeEach" hook.

      2 |
      3 | test.describe('Navigation System', () => {
    > 4 |     test.beforeEach(async ({ page }) => {
        |          ^
      5 |         await page.goto('/');
      6 |         await waitForPageLoad(page);
      7 |     });
        at C:\Users\kanei\claudecode\02.Homepage_Dev\02.epac_homepagever1.1\epackage-lab-web\tests\navigation.spec.ts:4:10

    Error: browserContext.newPage: Test timeout of 60000ms exceeded.
]]>
</failure>
</testcase>
<testcase name="Navigation System › all menu links work correctly" classname="navigation.spec.ts" time="60.025">
<failure message="navigation.spec.ts:27:9 all menu links work correctly" type="FAILURE">
<![CDATA[  [firefox] › navigation.spec.ts:27:9 › Navigation System › all menu links work correctly ──────────

    Test timeout of 60000ms exceeded while running "beforeEach" hook.

      2 |
      3 | test.describe('Navigation System', () => {
    > 4 |     test.beforeEach(async ({ page }) => {
        |          ^
      5 |         await page.goto('/');
      6 |         await waitForPageLoad(page);
      7 |     });
        at C:\Users\kanei\claudecode\02.Homepage_Dev\02.epac_homepagever1.1\epackage-lab-web\tests\navigation.spec.ts:4:10

    Error: browserContext.newPage: Test timeout of 60000ms exceeded.
]]>
</failure>
</testcase>
<testcase name="Navigation System › Japanese text renders correctly in navigation" classname="navigation.spec.ts" time="60.021">
<failure message="navigation.spec.ts:59:9 Japanese text renders correctly in navigation" type="FAILURE">
<![CDATA[  [firefox] › navigation.spec.ts:59:9 › Navigation System › Japanese text renders correctly in navigation 

    Test timeout of 60000ms exceeded while running "beforeEach" hook.

      2 |
      3 | test.describe('Navigation System', () => {
    > 4 |     test.beforeEach(async ({ page }) => {
        |          ^
      5 |         await page.goto('/');
      6 |         await waitForPageLoad(page);
      7 |     });
        at C:\Users\kanei\claudecode\02.Homepage_Dev\02.epac_homepagever1.1\epackage-lab-web\tests\navigation.spec.ts:4:10

    Error: browserContext.newPage: Test timeout of 60000ms exceeded.
]]>
</failure>
</testcase>
<testcase name="Navigation System › dropdown menu functionality" classname="navigation.spec.ts" time="60.019">
<failure message="navigation.spec.ts:74:9 dropdown menu functionality" type="FAILURE">
<![CDATA[  [firefox] › navigation.spec.ts:74:9 › Navigation System › dropdown menu functionality ────────────

    Test timeout of 60000ms exceeded while running "beforeEach" hook.

      2 |
      3 | test.describe('Navigation System', () => {
    > 4 |     test.beforeEach(async ({ page }) => {
        |          ^
      5 |         await page.goto('/');
      6 |         await waitForPageLoad(page);
      7 |     });
        at C:\Users\kanei\claudecode\02.Homepage_Dev\02.epac_homepagever1.1\epackage-lab-web\tests\navigation.spec.ts:4:10

    Error: browserContext.newPage: Test timeout of 60000ms exceeded.
]]>
</failure>
</testcase>
<testcase name="Navigation System › mobile menu functionality" classname="navigation.spec.ts" time="60.016">
<failure message="navigation.spec.ts:99:9 mobile menu functionality" type="FAILURE">
<![CDATA[  [firefox] › navigation.spec.ts:99:9 › Navigation System › mobile menu functionality ──────────────

    Test timeout of 60000ms exceeded while running "beforeEach" hook.

      2 |
      3 | test.describe('Navigation System', () => {
    > 4 |     test.beforeEach(async ({ page }) => {
        |          ^
      5 |         await page.goto('/');
      6 |         await waitForPageLoad(page);
      7 |     });
        at C:\Users\kanei\claudecode\02.Homepage_Dev\02.epac_homepagever1.1\epackage-lab-web\tests\navigation.spec.ts:4:10

    Error: browserContext.newPage: Test timeout of 60000ms exceeded.
]]>
</failure>
</testcase>
<testcase name="Navigation System › sticky navigation on scroll" classname="navigation.spec.ts" time="60.018">
<failure message="navigation.spec.ts:130:9 sticky navigation on scroll" type="FAILURE">
<![CDATA[  [firefox] › navigation.spec.ts:130:9 › Navigation System › sticky navigation on scroll ───────────

    Test timeout of 60000ms exceeded while running "beforeEach" hook.

      2 |
      3 | test.describe('Navigation System', () => {
    > 4 |     test.beforeEach(async ({ page }) => {
        |          ^
      5 |         await page.goto('/');
      6 |         await waitForPageLoad(page);
      7 |     });
        at C:\Users\kanei\claudecode\02.Homepage_Dev\02.epac_homepagever1.1\epackage-lab-web\tests\navigation.spec.ts:4:10

    Error: browserContext.newPage: Test timeout of 60000ms exceeded.
]]>
</failure>
</testcase>
<testcase name="Navigation System › active page highlighting" classname="navigation.spec.ts" time="60.022">
<failure message="navigation.spec.ts:148:9 active page highlighting" type="FAILURE">
<![CDATA[  [firefox] › navigation.spec.ts:148:9 › Navigation System › active page highlighting ──────────────

    Test timeout of 60000ms exceeded while running "beforeEach" hook.

      2 |
      3 | test.describe('Navigation System', () => {
    > 4 |     test.beforeEach(async ({ page }) => {
        |          ^
      5 |         await page.goto('/');
      6 |         await waitForPageLoad(page);
      7 |     });
        at C:\Users\kanei\claudecode\02.Homepage_Dev\02.epac_homepagever1.1\epackage-lab-web\tests\navigation.spec.ts:4:10

    Error: browserContext.newPage: Test timeout of 60000ms exceeded.
]]>
</failure>
</testcase>
<testcase name="Navigation System › navigation accessibility" classname="navigation.spec.ts" time="60.041">
<failure message="navigation.spec.ts:180:9 navigation accessibility" type="FAILURE">
<![CDATA[  [firefox] › navigation.spec.ts:180:9 › Navigation System › navigation accessibility ──────────────

    Test timeout of 60000ms exceeded while running "beforeEach" hook.

      2 |
      3 | test.describe('Navigation System', () => {
    > 4 |     test.beforeEach(async ({ page }) => {
        |          ^
      5 |         await page.goto('/');
      6 |         await waitForPageLoad(page);
      7 |     });
        at C:\Users\kanei\claudecode\02.Homepage_Dev\02.epac_homepagever1.1\epackage-lab-web\tests\navigation.spec.ts:4:10

    Error: browserContext.newPage: Test timeout of 60000ms exceeded.
]]>
</failure>
</testcase>
</testsuite>
<testsuite name="post-processing.spec.ts" timestamp="2025-12-12T21:41:49.549Z" hostname="firefox" tests="8" failures="8" skipped="0" time="480.172" errors="0">
<testcase name="Post-Processing Preview System › displays all 14 processing types" classname="post-processing.spec.ts" time="60.021">
<failure message="post-processing.spec.ts:9:9 displays all 14 processing types" type="FAILURE">
<![CDATA[  [firefox] › post-processing.spec.ts:9:9 › Post-Processing Preview System › displays all 14 processing types 

    Test timeout of 60000ms exceeded while running "beforeEach" hook.

      2 |
      3 | test.describe('Post-Processing Preview System', () => {
    > 4 |     test.beforeEach(async ({ page }) => {
        |          ^
      5 |         await page.goto('/quote');
      6 |         await waitForPageLoad(page);
      7 |     });
        at C:\Users\kanei\claudecode\02.Homepage_Dev\02.epac_homepagever1.1\epackage-lab-web\tests\post-processing.spec.ts:4:10

    Error: browserContext.newPage: Test timeout of 60000ms exceeded.
]]>
</failure>
</testcase>
<testcase name="Post-Processing Preview System › shows visual previews correctly" classname="post-processing.spec.ts" time="60.024">
<failure message="post-processing.spec.ts:35:9 shows visual previews correctly" type="FAILURE">
<![CDATA[  [firefox] › post-processing.spec.ts:35:9 › Post-Processing Preview System › shows visual previews correctly 

    Test timeout of 60000ms exceeded while running "beforeEach" hook.

      2 |
      3 | test.describe('Post-Processing Preview System', () => {
    > 4 |     test.beforeEach(async ({ page }) => {
        |          ^
      5 |         await page.goto('/quote');
      6 |         await waitForPageLoad(page);
      7 |     });
        at C:\Users\kanei\claudecode\02.Homepage_Dev\02.epac_homepagever1.1\epackage-lab-web\tests\post-processing.spec.ts:4:10

    Error: browserContext.newPage: Test timeout of 60000ms exceeded.
]]>
</failure>
</testcase>
<testcase name="Post-Processing Preview System › updates price calculation in real-time" classname="post-processing.spec.ts" time="60.012">
<failure message="post-processing.spec.ts:68:9 updates price calculation in real-time" type="FAILURE">
<![CDATA[  [firefox] › post-processing.spec.ts:68:9 › Post-Processing Preview System › updates price calculation in real-time 

    Test timeout of 60000ms exceeded while running "beforeEach" hook.

      2 |
      3 | test.describe('Post-Processing Preview System', () => {
    > 4 |     test.beforeEach(async ({ page }) => {
        |          ^
      5 |         await page.goto('/quote');
      6 |         await waitForPageLoad(page);
      7 |     });
        at C:\Users\kanei\claudecode\02.Homepage_Dev\02.epac_homepagever1.1\epackage-lab-web\tests\post-processing.spec.ts:4:10

    Error: browserContext.newPage: Test timeout of 60000ms exceeded.
]]>
</failure>
</testcase>
<testcase name="Post-Processing Preview System › selection and deselection functionality" classname="post-processing.spec.ts" time="60.037">
<failure message="post-processing.spec.ts:106:9 selection and deselection functionality" type="FAILURE">
<![CDATA[  [firefox] › post-processing.spec.ts:106:9 › Post-Processing Preview System › selection and deselection functionality 

    Test timeout of 60000ms exceeded while running "beforeEach" hook.

      2 |
      3 | test.describe('Post-Processing Preview System', () => {
    > 4 |     test.beforeEach(async ({ page }) => {
        |          ^
      5 |         await page.goto('/quote');
      6 |         await waitForPageLoad(page);
      7 |     });
        at C:\Users\kanei\claudecode\02.Homepage_Dev\02.epac_homepagever1.1\epackage-lab-web\tests\post-processing.spec.ts:4:10

    Error: browserContext.newPage: Test timeout of 60000ms exceeded.
]]>
</failure>
</testcase>
<testcase name="Post-Processing Preview System › mobile responsive preview display" classname="post-processing.spec.ts" time="60.028">
<failure message="post-processing.spec.ts:125:9 mobile responsive preview display" type="FAILURE">
<![CDATA[  [firefox] › post-processing.spec.ts:125:9 › Post-Processing Preview System › mobile responsive preview display 

    Test timeout of 60000ms exceeded while running "beforeEach" hook.

      2 |
      3 | test.describe('Post-Processing Preview System', () => {
    > 4 |     test.beforeEach(async ({ page }) => {
        |          ^
      5 |         await page.goto('/quote');
      6 |         await waitForPageLoad(page);
      7 |     });
        at C:\Users\kanei\claudecode\02.Homepage_Dev\02.epac_homepagever1.1\epackage-lab-web\tests\post-processing.spec.ts:4:10

    Error: browserContext.newPage: Test timeout of 60000ms exceeded.
]]>
</failure>
</testcase>
<testcase name="Post-Processing Preview System › category grouping functionality" classname="post-processing.spec.ts" time="60.019">
<failure message="post-processing.spec.ts:157:9 category grouping functionality" type="FAILURE">
<![CDATA[  [firefox] › post-processing.spec.ts:157:9 › Post-Processing Preview System › category grouping functionality 

    Test timeout of 60000ms exceeded while running "beforeEach" hook.

      2 |
      3 | test.describe('Post-Processing Preview System', () => {
    > 4 |     test.beforeEach(async ({ page }) => {
        |          ^
      5 |         await page.goto('/quote');
      6 |         await waitForPageLoad(page);
      7 |     });
        at C:\Users\kanei\claudecode\02.Homepage_Dev\02.epac_homepagever1.1\epackage-lab-web\tests\post-processing.spec.ts:4:10

    Error: browserContext.newPage: Test timeout of 60000ms exceeded.
]]>
</failure>
</testcase>
<testcase name="Post-Processing Preview System › preview image loading states" classname="post-processing.spec.ts" time="60.011">
<failure message="post-processing.spec.ts:191:9 preview image loading states" type="FAILURE">
<![CDATA[  [firefox] › post-processing.spec.ts:191:9 › Post-Processing Preview System › preview image loading states 

    Test timeout of 60000ms exceeded while running "beforeEach" hook.

      2 |
      3 | test.describe('Post-Processing Preview System', () => {
    > 4 |     test.beforeEach(async ({ page }) => {
        |          ^
      5 |         await page.goto('/quote');
      6 |         await waitForPageLoad(page);
      7 |     });
        at C:\Users\kanei\claudecode\02.Homepage_Dev\02.epac_homepagever1.1\epackage-lab-web\tests\post-processing.spec.ts:4:10

    Error: browserContext.newPage: Test timeout of 60000ms exceeded.
]]>
</failure>
</testcase>
<testcase name="Post-Processing Preview System › processing options affect quote summary" classname="post-processing.spec.ts" time="60.02">
<failure message="post-processing.spec.ts:225:9 processing options affect quote summary" type="FAILURE">
<![CDATA[  [firefox] › post-processing.spec.ts:225:9 › Post-Processing Preview System › processing options affect quote summary 

    Test timeout of 60000ms exceeded while running "beforeEach" hook.

      2 |
      3 | test.describe('Post-Processing Preview System', () => {
    > 4 |     test.beforeEach(async ({ page }) => {
        |          ^
      5 |         await page.goto('/quote');
      6 |         await waitForPageLoad(page);
      7 |     });
        at C:\Users\kanei\claudecode\02.Homepage_Dev\02.epac_homepagever1.1\epackage-lab-web\tests\post-processing.spec.ts:4:10

    Error: browserContext.newPage: Test timeout of 60000ms exceeded.
]]>
</failure>
</testcase>
</testsuite>
<testsuite name="simulation.spec.ts" timestamp="2025-12-12T21:41:49.549Z" hostname="firefox" tests="1" failures="1" skipped="0" time="60.013" errors="0">
<testcase name="Simulation Wizard Flow" classname="simulation.spec.ts" time="60.013">
<failure message="simulation.spec.ts:3:5 Simulation Wizard Flow" type="FAILURE">
<![CDATA[  [firefox] › simulation.spec.ts:3:5 › Simulation Wizard Flow ──────────────────────────────────────

    Test timeout of 60000ms exceeded while setting up "page".

    Error: browserContext.newPage: Test timeout of 60000ms exceeded.
]]>
</failure>
</testcase>
</testsuite>
<testsuite name="test-summary.spec.ts" timestamp="2025-12-12T21:41:49.549Z" hostname="firefox" tests="11" failures="11" skipped="0" time="660.261" errors="0">
<testcase name="TaskMaster Implementation Summary › ✅ SUCCESS: Japanese localization is properly implemented" classname="test-summary.spec.ts" time="60.016">
<failure message="test-summary.spec.ts:13:7 ✅ SUCCESS: Japanese localization is properly implemented" type="FAILURE">
<![CDATA[  [firefox] › test-summary.spec.ts:13:7 › TaskMaster Implementation Summary › ✅ SUCCESS: Japanese localization is properly implemented 

    Test timeout of 60000ms exceeded while running "beforeEach" hook.

       7 |
       8 | test.describe('TaskMaster Implementation Summary', () => {
    >  9 |   test.beforeEach(async ({ page }) => {
         |        ^
      10 |     await page.goto('http://localhost:3000');
      11 |   });
      12 |
        at C:\Users\kanei\claudecode\02.Homepage_Dev\02.epac_homepagever1.1\epackage-lab-web\tests\test-summary.spec.ts:9:8

    Error: browserContext.newPage: Test timeout of 60000ms exceeded.
]]>
</failure>
</testcase>
<testcase name="TaskMaster Implementation Summary › ✅ SUCCESS: All key pages are accessible" classname="test-summary.spec.ts" time="60.021">
<failure message="test-summary.spec.ts:25:7 ✅ SUCCESS: All key pages are accessible" type="FAILURE">
<![CDATA[  [firefox] › test-summary.spec.ts:25:7 › TaskMaster Implementation Summary › ✅ SUCCESS: All key pages are accessible 

    Test timeout of 60000ms exceeded while running "beforeEach" hook.

       7 |
       8 | test.describe('TaskMaster Implementation Summary', () => {
    >  9 |   test.beforeEach(async ({ page }) => {
         |        ^
      10 |     await page.goto('http://localhost:3000');
      11 |   });
      12 |
        at C:\Users\kanei\claudecode\02.Homepage_Dev\02.epac_homepagever1.1\epackage-lab-web\tests\test-summary.spec.ts:9:8

    Error: browserContext.newPage: Test timeout of 60000ms exceeded.
]]>
</failure>
</testcase>
<testcase name="TaskMaster Implementation Summary › ✅ SUCCESS: Design guide pages are functional" classname="test-summary.spec.ts" time="60.046">
<failure message="test-summary.spec.ts:36:7 ✅ SUCCESS: Design guide pages are functional" type="FAILURE">
<![CDATA[  [firefox] › test-summary.spec.ts:36:7 › TaskMaster Implementation Summary › ✅ SUCCESS: Design guide pages are functional 

    Test timeout of 60000ms exceeded while running "beforeEach" hook.

       7 |
       8 | test.describe('TaskMaster Implementation Summary', () => {
    >  9 |   test.beforeEach(async ({ page }) => {
         |        ^
      10 |     await page.goto('http://localhost:3000');
      11 |   });
      12 |
        at C:\Users\kanei\claudecode\02.Homepage_Dev\02.epac_homepagever1.1\epackage-lab-web\tests\test-summary.spec.ts:9:8

    Error: browserContext.newPage: Test timeout of 60000ms exceeded.
]]>
</failure>
</testcase>
<testcase name="TaskMaster Implementation Summary › ✅ SUCCESS: Footer has been restructured" classname="test-summary.spec.ts" time="60.022">
<failure message="test-summary.spec.ts:56:7 ✅ SUCCESS: Footer has been restructured" type="FAILURE">
<![CDATA[  [firefox] › test-summary.spec.ts:56:7 › TaskMaster Implementation Summary › ✅ SUCCESS: Footer has been restructured 

    Test timeout of 60000ms exceeded while running "beforeEach" hook.

       7 |
       8 | test.describe('TaskMaster Implementation Summary', () => {
    >  9 |   test.beforeEach(async ({ page }) => {
         |        ^
      10 |     await page.goto('http://localhost:3000');
      11 |   });
      12 |
        at C:\Users\kanei\claudecode\02.Homepage_Dev\02.epac_homepagever1.1\epackage-lab-web\tests\test-summary.spec.ts:9:8

    Error: browserContext.newPage: Test timeout of 60000ms exceeded.
]]>
</failure>
</testcase>
<testcase name="TaskMaster Implementation Summary › ✅ SUCCESS: API endpoints are working" classname="test-summary.spec.ts" time="60.027">
<failure message="test-summary.spec.ts:67:7 ✅ SUCCESS: API endpoints are working" type="FAILURE">
<![CDATA[  [firefox] › test-summary.spec.ts:67:7 › TaskMaster Implementation Summary › ✅ SUCCESS: API endpoints are working 

    Test timeout of 60000ms exceeded while running "beforeEach" hook.

       7 |
       8 | test.describe('TaskMaster Implementation Summary', () => {
    >  9 |   test.beforeEach(async ({ page }) => {
         |        ^
      10 |     await page.goto('http://localhost:3000');
      11 |   });
      12 |
        at C:\Users\kanei\claudecode\02.Homepage_Dev\02.epac_homepagever1.1\epackage-lab-web\tests\test-summary.spec.ts:9:8

    Error: browserContext.newPage: Test timeout of 60000ms exceeded.
]]>
</failure>
</testcase>
<testcase name="TaskMaster Implementation Summary › ✅ SUCCESS: Header functionality works" classname="test-summary.spec.ts" time="60.024">
<failure message="test-summary.spec.ts:76:7 ✅ SUCCESS: Header functionality works" type="FAILURE">
<![CDATA[  [firefox] › test-summary.spec.ts:76:7 › TaskMaster Implementation Summary › ✅ SUCCESS: Header functionality works 

    Test timeout of 60000ms exceeded while running "beforeEach" hook.

       7 |
       8 | test.describe('TaskMaster Implementation Summary', () => {
    >  9 |   test.beforeEach(async ({ page }) => {
         |        ^
      10 |     await page.goto('http://localhost:3000');
      11 |   });
      12 |
        at C:\Users\kanei\claudecode\02.Homepage_Dev\02.epac_homepagever1.1\epackage-lab-web\tests\test-summary.spec.ts:9:8

    Error: browserContext.newPage: Test timeout of 60000ms exceeded.
]]>
</failure>
</testcase>
<testcase name="TaskMaster Implementation Summary › ✅ SUCCESS: Mobile responsiveness" classname="test-summary.spec.ts" time="60.021">
<failure message="test-summary.spec.ts:91:7 ✅ SUCCESS: Mobile responsiveness" type="FAILURE">
<![CDATA[  [firefox] › test-summary.spec.ts:91:7 › TaskMaster Implementation Summary › ✅ SUCCESS: Mobile responsiveness 

    Test timeout of 60000ms exceeded while running "beforeEach" hook.

       7 |
       8 | test.describe('TaskMaster Implementation Summary', () => {
    >  9 |   test.beforeEach(async ({ page }) => {
         |        ^
      10 |     await page.goto('http://localhost:3000');
      11 |   });
      12 |
        at C:\Users\kanei\claudecode\02.Homepage_Dev\02.epac_homepagever1.1\epackage-lab-web\tests\test-summary.spec.ts:9:8

    Error: browserContext.newPage: Test timeout of 60000ms exceeded.
]]>
</failure>
</testcase>
<testcase name="TaskMaster Implementation Summary › ✅ SUCCESS: Navigation functionality" classname="test-summary.spec.ts" time="60.023">
<failure message="test-summary.spec.ts:107:7 ✅ SUCCESS: Navigation functionality" type="FAILURE">
<![CDATA[  [firefox] › test-summary.spec.ts:107:7 › TaskMaster Implementation Summary › ✅ SUCCESS: Navigation functionality 

    Test timeout of 60000ms exceeded while running "beforeEach" hook.

       7 |
       8 | test.describe('TaskMaster Implementation Summary', () => {
    >  9 |   test.beforeEach(async ({ page }) => {
         |        ^
      10 |     await page.goto('http://localhost:3000');
      11 |   });
      12 |
        at C:\Users\kanei\claudecode\02.Homepage_Dev\02.epac_homepagever1.1\epackage-lab-web\tests\test-summary.spec.ts:9:8

    Error: browserContext.newPage: Test timeout of 60000ms exceeded.
]]>
</failure>
</testcase>
<testcase name="TaskMaster Implementation Summary › ✅ SUCCESS: All TaskMaster requirements implemented" classname="test-summary.spec.ts" time="60.014">
<failure message="test-summary.spec.ts:124:7 ✅ SUCCESS: All TaskMaster requirements implemented" type="FAILURE">
<![CDATA[  [firefox] › test-summary.spec.ts:124:7 › TaskMaster Implementation Summary › ✅ SUCCESS: All TaskMaster requirements implemented 

    Test timeout of 60000ms exceeded while running "beforeEach" hook.

       7 |
       8 | test.describe('TaskMaster Implementation Summary', () => {
    >  9 |   test.beforeEach(async ({ page }) => {
         |        ^
      10 |     await page.goto('http://localhost:3000');
      11 |   });
      12 |
        at C:\Users\kanei\claudecode\02.Homepage_Dev\02.epac_homepagever1.1\epackage-lab-web\tests\test-summary.spec.ts:9:8

    Error: browserContext.newPage: Test timeout of 60000ms exceeded.
]]>
</failure>
</testcase>
<testcase name="Performance and Quality › ✅ SUCCESS: Page loads within reasonable time" classname="test-summary.spec.ts" time="60.028">
<failure message="test-summary.spec.ts:157:7 ✅ SUCCESS: Page loads within reasonable time" type="FAILURE">
<![CDATA[  [firefox] › test-summary.spec.ts:157:7 › Performance and Quality › ✅ SUCCESS: Page loads within reasonable time 

    Test timeout of 60000ms exceeded while setting up "page".

    Error: browserContext.newPage: Test timeout of 60000ms exceeded.
]]>
</failure>
</testcase>
<testcase name="Performance and Quality › ✅ SUCCESS: No console errors on critical pages" classname="test-summary.spec.ts" time="60.019">
<failure message="test-summary.spec.ts:167:7 ✅ SUCCESS: No console errors on critical pages" type="FAILURE">
<![CDATA[  [firefox] › test-summary.spec.ts:167:7 › Performance and Quality › ✅ SUCCESS: No console errors on critical pages 

    Test timeout of 60000ms exceeded while setting up "page".

    Error: browserContext.newPage: Test timeout of 60000ms exceeded.
]]>
</failure>
</testcase>
</testsuite>
<testsuite name="about.spec.ts" timestamp="2025-12-12T21:41:49.549Z" hostname="webkit" tests="11" failures="11" skipped="0" time="46.781" errors="0">
<testcase name="About Page › About 페이지 접근 및 기본 렌더링 확인" classname="about.spec.ts" time="5.523">
<failure message="about.spec.ts:15:7 About 페이지 접근 및 기본 렌더링 확인" type="FAILURE">
<![CDATA[  [webkit] › about.spec.ts:15:7 › About Page › About 페이지 접근 및 기본 렌더링 확인 ────────────────────────────

    Error: expect(locator).toContainText(expected) failed

    Locator: locator('h1')
    Expected substring: "Epackage Labとは"
    Received string:    "404"
    Timeout: 5000ms

    Call log:
      - Expect "toContainText" with timeout 5000ms
      - waiting for locator('h1')
        9 × locator resolved to <h1 class="next-error-h1">404</h1>
          - unexpected value "404"


      17 |
      18 |     // 페이지 제목 확인
    > 19 |     await expect(page.locator('h1')).toContainText('Epackage Labとは');
         |                                      ^
      20 |
      21 |     // 모든 섹션이 렌더링되는지 확인
      22 |     await expect(page.locator('section')).toHaveCount(5);
        at C:\Users\kanei\claudecode\02.Homepage_Dev\02.epac_homepagever1.1\epackage-lab-web\tests\about.spec.ts:19:38

    attachment #1: screenshot (image/png) ──────────────────────────────────────────────────────────
    ..\test-results\about-About-Page-About-페이지-접근-및-기본-렌더링-확인-webkit\test-failed-1.png
    ────────────────────────────────────────────────────────────────────────────────────────────────

    attachment #2: screenshot (image/png) ──────────────────────────────────────────────────────────
    ..\test-results\about-About-Page-About-페이지-접근-및-기본-렌더링-확인-webkit\test-failed-2.png
    ────────────────────────────────────────────────────────────────────────────────────────────────

    attachment #3: video (video/webm) ──────────────────────────────────────────────────────────────
    ..\test-results\about-About-Page-About-페이지-접근-및-기본-렌더링-확인-webkit\video.webm
    ────────────────────────────────────────────────────────────────────────────────────────────────

    Error Context: ..\test-results\about-About-Page-About-페이지-접근-및-기본-렌더링-확인-webkit\error-context.md
]]>
</failure>
<system-out>
<![CDATA[
[[ATTACHMENT|about-About-Page-About-페이지-접근-및-기본-렌더링-확인-webkit\test-failed-1.png]]

[[ATTACHMENT|about-About-Page-About-페이지-접근-및-기본-렌더링-확인-webkit\test-failed-2.png]]

[[ATTACHMENT|about-About-Page-About-페이지-접근-및-기본-렌더링-확인-webkit\video.webm]]

[[ATTACHMENT|about-About-Page-About-페이지-접근-및-기본-렌더링-확인-webkit\error-context.md]]
]]>
</system-out>
</testcase>
<testcase name="About Page › Hero Section 기능 확인" classname="about.spec.ts" time="5.596">
<failure message="about.spec.ts:25:7 Hero Section 기능 확인" type="FAILURE">
<![CDATA[  [webkit] › about.spec.ts:25:7 › About Page › Hero Section 기능 확인 ──────────────────────────────────

    Error: expect(locator).toBeVisible() failed

    Locator: locator('text="韓国製の高品質軟包材を、短期納期・適正価格で"')
    Expected: visible
    Timeout: 5000ms
    Error: element(s) not found

    Call log:
      - Expect "toBeVisible" with timeout 5000ms
      - waiting for locator('text="韓国製の高品質軟包材を、短期納期・適正価格で"')


      27 |
      28 |     // Hero Section 내용 확인
    > 29 |     await expect(page.locator('text="韓国製の高品質軟包材を、短期納期・適正価格で"')).toBeVisible();
         |                                                                 ^
      30 |
      31 |     // 동영상 컨트롤 버튼 확인
      32 |     await expect(page.locator('button:has-text("再生")')).toBeVisible();
        at C:\Users\kanei\claudecode\02.Homepage_Dev\02.epac_homepagever1.1\epackage-lab-web\tests\about.spec.ts:29:65

    attachment #1: screenshot (image/png) ──────────────────────────────────────────────────────────
    ..\test-results\about-About-Page-Hero-Section-기능-확인-webkit\test-failed-1.png
    ────────────────────────────────────────────────────────────────────────────────────────────────

    attachment #2: screenshot (image/png) ──────────────────────────────────────────────────────────
    ..\test-results\about-About-Page-Hero-Section-기능-확인-webkit\test-failed-2.png
    ────────────────────────────────────────────────────────────────────────────────────────────────

    attachment #3: video (video/webm) ──────────────────────────────────────────────────────────────
    ..\test-results\about-About-Page-Hero-Section-기능-확인-webkit\video.webm
    ────────────────────────────────────────────────────────────────────────────────────────────────

    Error Context: ..\test-results\about-About-Page-Hero-Section-기능-확인-webkit\error-context.md
]]>
</failure>
<system-out>
<![CDATA[
[[ATTACHMENT|about-About-Page-Hero-Section-기능-확인-webkit\test-failed-1.png]]

[[ATTACHMENT|about-About-Page-Hero-Section-기능-확인-webkit\test-failed-2.png]]

[[ATTACHMENT|about-About-Page-Hero-Section-기능-확인-webkit\video.webm]]

[[ATTACHMENT|about-About-Page-Hero-Section-기능-확인-webkit\error-context.md]]
]]>
</system-out>
</testcase>
<testcase name="About Page › Problem Solution Section 확인" classname="about.spec.ts" time="5.546">
<failure message="about.spec.ts:46:7 Problem Solution Section 확인" type="FAILURE">
<![CDATA[  [webkit] › about.spec.ts:46:7 › About Page › Problem Solution Section 확인 ─────────────────────────

    Error: expect(locator).toBeVisible() failed

    Locator: locator('text="包装資材の課題を解決します"')
    Expected: visible
    Timeout: 5000ms
    Error: element(s) not found

    Call log:
      - Expect "toBeVisible" with timeout 5000ms
      - waiting for locator('text="包装資材の課題を解決します"')


      48 |
      49 |     // 섹션 제목 확인
    > 50 |     await expect(page.locator('text="包装資材の課題を解決します"')).toBeVisible();
         |                                                        ^
      51 |
      52 |     // 문제점 확인 (4개)
      53 |     const problems = page.locator('.text-red-600');
        at C:\Users\kanei\claudecode\02.Homepage_Dev\02.epac_homepagever1.1\epackage-lab-web\tests\about.spec.ts:50:56

    attachment #1: screenshot (image/png) ──────────────────────────────────────────────────────────
    ..\test-results\about-About-Page-Problem-Solution-Section-확인-webkit\test-failed-1.png
    ────────────────────────────────────────────────────────────────────────────────────────────────

    attachment #2: screenshot (image/png) ──────────────────────────────────────────────────────────
    ..\test-results\about-About-Page-Problem-Solution-Section-확인-webkit\test-failed-2.png
    ────────────────────────────────────────────────────────────────────────────────────────────────

    attachment #3: video (video/webm) ──────────────────────────────────────────────────────────────
    ..\test-results\about-About-Page-Problem-Solution-Section-확인-webkit\video.webm
    ────────────────────────────────────────────────────────────────────────────────────────────────

    Error Context: ..\test-results\about-About-Page-Problem-Solution-Section-확인-webkit\error-context.md
]]>
</failure>
<system-out>
<![CDATA[
[[ATTACHMENT|about-About-Page-Problem-Solution-Section-확인-webkit\test-failed-1.png]]

[[ATTACHMENT|about-About-Page-Problem-Solution-Section-확인-webkit\test-failed-2.png]]

[[ATTACHMENT|about-About-Page-Problem-Solution-Section-확인-webkit\video.webm]]

[[ATTACHMENT|about-About-Page-Problem-Solution-Section-확인-webkit\error-context.md]]
]]>
</system-out>
</testcase>
<testcase name="About Page › Company Strengths Section 확인" classname="about.spec.ts" time="5.544">
<failure message="about.spec.ts:64:7 Company Strengths Section 확인" type="FAILURE">
<![CDATA[  [webkit] › about.spec.ts:64:7 › About Page › Company Strengths Section 확인 ────────────────────────

    Error: expect(locator).toBeVisible() failed

    Locator: locator('text="Epackage Labの強み"')
    Expected: visible
    Timeout: 5000ms
    Error: element(s) not found

    Call log:
      - Expect "toBeVisible" with timeout 5000ms
      - waiting for locator('text="Epackage Labの強み"')


      66 |
      67 |     // 섹션 제목 확인
    > 68 |     await expect(page.locator('text="Epackage Labの強み"')).toBeVisible();
         |                                                          ^
      69 |
      70 |     // 5가지 강점 확인
      71 |     await expect(page.locator('text="6種類のパウチ製品専門"')).toBeVisible();
        at C:\Users\kanei\claudecode\02.Homepage_Dev\02.epac_homepagever1.1\epackage-lab-web\tests\about.spec.ts:68:58

    attachment #1: screenshot (image/png) ──────────────────────────────────────────────────────────
    ..\test-results\about-About-Page-Company-Strengths-Section-확인-webkit\test-failed-1.png
    ────────────────────────────────────────────────────────────────────────────────────────────────

    attachment #2: screenshot (image/png) ──────────────────────────────────────────────────────────
    ..\test-results\about-About-Page-Company-Strengths-Section-확인-webkit\test-failed-2.png
    ────────────────────────────────────────────────────────────────────────────────────────────────

    attachment #3: video (video/webm) ──────────────────────────────────────────────────────────────
    ..\test-results\about-About-Page-Company-Strengths-Section-확인-webkit\video.webm
    ────────────────────────────────────────────────────────────────────────────────────────────────

    Error Context: ..\test-results\about-About-Page-Company-Strengths-Section-확인-webkit\error-context.md
]]>
</failure>
<system-out>
<![CDATA[
[[ATTACHMENT|about-About-Page-Company-Strengths-Section-확인-webkit\test-failed-1.png]]

[[ATTACHMENT|about-About-Page-Company-Strengths-Section-확인-webkit\test-failed-2.png]]

[[ATTACHMENT|about-About-Page-Company-Strengths-Section-확인-webkit\video.webm]]

[[ATTACHMENT|about-About-Page-Company-Strengths-Section-확인-webkit\error-context.md]]
]]>
</system-out>
</testcase>
<testcase name="About Page › EPackage Section 확인" classname="about.spec.ts" time="5.509">
<failure message="about.spec.ts:82:7 EPackage Section 확인" type="FAILURE">
<![CDATA[  [webkit] › about.spec.ts:82:7 › About Page › EPackage Section 확인 ─────────────────────────────────

    Error: expect(locator).toBeVisible() failed

    Locator: locator('text="品質の源泉"')
    Expected: visible
    Timeout: 5000ms
    Error: element(s) not found

    Call log:
      - Expect "toBeVisible" with timeout 5000ms
      - waiting for locator('text="品質の源泉"')


      84 |
      85 |     // 섹션 제목 확인
    > 86 |     await expect(page.locator('text="品質の源泉"')).toBeVisible();
         |                                                ^
      87 |
      88 |     // 기술 정보 확인
      89 |     await expect(page.locator('text="世界最新鋭設備による製造技術"')).toBeVisible();
        at C:\Users\kanei\claudecode\02.Homepage_Dev\02.epac_homepagever1.1\epackage-lab-web\tests\about.spec.ts:86:48

    attachment #1: screenshot (image/png) ──────────────────────────────────────────────────────────
    ..\test-results\about-About-Page-EPackage-Section-확인-webkit\test-failed-1.png
    ────────────────────────────────────────────────────────────────────────────────────────────────

    attachment #2: screenshot (image/png) ──────────────────────────────────────────────────────────
    ..\test-results\about-About-Page-EPackage-Section-확인-webkit\test-failed-2.png
    ────────────────────────────────────────────────────────────────────────────────────────────────

    attachment #3: video (video/webm) ──────────────────────────────────────────────────────────────
    ..\test-results\about-About-Page-EPackage-Section-확인-webkit\video.webm
    ────────────────────────────────────────────────────────────────────────────────────────────────

    Error Context: ..\test-results\about-About-Page-EPackage-Section-확인-webkit\error-context.md
]]>
</failure>
<system-out>
<![CDATA[
[[ATTACHMENT|about-About-Page-EPackage-Section-확인-webkit\test-failed-1.png]]

[[ATTACHMENT|about-About-Page-EPackage-Section-확인-webkit\test-failed-2.png]]

[[ATTACHMENT|about-About-Page-EPackage-Section-확인-webkit\video.webm]]

[[ATTACHMENT|about-About-Page-EPackage-Section-확인-webkit\error-context.md]]
]]>
</system-out>
</testcase>
<testcase name="About Page › CTA Section 확인" classname="about.spec.ts" time="5.561">
<failure message="about.spec.ts:98:7 CTA Section 확인" type="FAILURE">
<![CDATA[  [webkit] › about.spec.ts:98:7 › About Page › CTA Section 확인 ──────────────────────────────────────

    Error: expect(locator).toBeVisible() failed

    Locator: locator('text="今すぐ始めましょう"')
    Expected: visible
    Timeout: 5000ms
    Error: element(s) not found

    Call log:
      - Expect "toBeVisible" with timeout 5000ms
      - waiting for locator('text="今すぐ始めましょう"')


      100 |
      101 |     // 섹션 제목 확인
    > 102 |     await expect(page.locator('text="今すぐ始めましょう"')).toBeVisible();
          |                                                    ^
      103 |
      104 |     // 3가지 CTA 버튼 확인
      105 |     await expect(page.locator('a[href="/samples"]:has-text("無料サンプルをもらう")')).toBeVisible();
        at C:\Users\kanei\claudecode\02.Homepage_Dev\02.epac_homepagever1.1\epackage-lab-web\tests\about.spec.ts:102:52

    attachment #1: screenshot (image/png) ──────────────────────────────────────────────────────────
    ..\test-results\about-About-Page-CTA-Section-확인-webkit\test-failed-1.png
    ────────────────────────────────────────────────────────────────────────────────────────────────

    attachment #2: screenshot (image/png) ──────────────────────────────────────────────────────────
    ..\test-results\about-About-Page-CTA-Section-확인-webkit\test-failed-2.png
    ────────────────────────────────────────────────────────────────────────────────────────────────

    attachment #3: video (video/webm) ──────────────────────────────────────────────────────────────
    ..\test-results\about-About-Page-CTA-Section-확인-webkit\video.webm
    ────────────────────────────────────────────────────────────────────────────────────────────────

    Error Context: ..\test-results\about-About-Page-CTA-Section-확인-webkit\error-context.md
]]>
</failure>
<system-out>
<![CDATA[
[[ATTACHMENT|about-About-Page-CTA-Section-확인-webkit\test-failed-1.png]]

[[ATTACHMENT|about-About-Page-CTA-Section-확인-webkit\test-failed-2.png]]

[[ATTACHMENT|about-About-Page-CTA-Section-확인-webkit\video.webm]]

[[ATTACHMENT|about-About-Page-CTA-Section-확인-webkit\error-context.md]]
]]>
</system-out>
</testcase>
<testcase name="About Page › 반응형 디자인 확인" classname="about.spec.ts" time="5.557">
<failure message="about.spec.ts:113:7 반응형 디자인 확인" type="FAILURE">
<![CDATA[  [webkit] › about.spec.ts:113:7 › About Page › 반응형 디자인 확인 ─────────────────────────────────────────

    Error: expect(locator).toBeVisible() failed

    Locator: locator('button').filter({ hasText: /再生|一時停止/ }).first()
    Expected: visible
    Timeout: 5000ms
    Error: element(s) not found

    Call log:
      - Expect "toBeVisible" with timeout 5000ms
      - waiting for locator('button').filter({ hasText: /再生|一時停止/ }).first()


      118 |     // 모바일에서 히스 컨트롤 크기 확인
      119 |     const videoControls = page.locator('button').filter({ hasText: /再生|一時停止/ });
    > 120 |     await expect(videoControls.first()).toBeVisible();
          |                                         ^
      121 |
      122 |     // 데스크톱 뷰포트 테스트
      123 |     await page.setViewportSize({ width: 1920, height: 1080 });
        at C:\Users\kanei\claudecode\02.Homepage_Dev\02.epac_homepagever1.1\epackage-lab-web\tests\about.spec.ts:120:41

    attachment #1: screenshot (image/png) ──────────────────────────────────────────────────────────
    ..\test-results\about-About-Page-반응형-디자인-확인-webkit\test-failed-2.png
    ────────────────────────────────────────────────────────────────────────────────────────────────

    attachment #2: screenshot (image/png) ──────────────────────────────────────────────────────────
    ..\test-results\about-About-Page-반응형-디자인-확인-webkit\test-failed-1.png
    ────────────────────────────────────────────────────────────────────────────────────────────────

    attachment #3: video (video/webm) ──────────────────────────────────────────────────────────────
    ..\test-results\about-About-Page-반응형-디자인-확인-webkit\video.webm
    ────────────────────────────────────────────────────────────────────────────────────────────────

    Error Context: ..\test-results\about-About-Page-반응형-디자인-확인-webkit\error-context.md
]]>
</failure>
<system-out>
<![CDATA[
[[ATTACHMENT|about-About-Page-반응형-디자인-확인-webkit\test-failed-2.png]]

[[ATTACHMENT|about-About-Page-반응형-디자인-확인-webkit\test-failed-1.png]]

[[ATTACHMENT|about-About-Page-반응형-디자인-확인-webkit\video.webm]]

[[ATTACHMENT|about-About-Page-반응형-디자인-확인-webkit\error-context.md]]
]]>
</system-out>
</testcase>
<testcase name="About Page › 페이지 성능 확인" classname="about.spec.ts" time="0.558">
<failure message="about.spec.ts:131:7 페이지 성능 확인" type="FAILURE">
<![CDATA[  [webkit] › about.spec.ts:131:7 › About Page › 페이지 성능 확인 ──────────────────────────────────────────

    Error: expect(received).toBe(expected) // Object.is equality

    Expected: 200
    Received: 404

      131 |   test('페이지 성능 확인', async ({ page }) => {
      132 |     const response = await page.goto('/about');
    > 133 |     expect(response.status()).toBe(200);
          |                               ^
      134 |
      135 |     // 페이지 로딩 시간 측정 (3초 이내 목표)
      136 |     const loadTime = response.timing()?.requestTime || 0;
        at C:\Users\kanei\claudecode\02.Homepage_Dev\02.epac_homepagever1.1\epackage-lab-web\tests\about.spec.ts:133:31

    attachment #1: screenshot (image/png) ──────────────────────────────────────────────────────────
    ..\test-results\about-About-Page-페이지-성능-확인-webkit\test-failed-1.png
    ────────────────────────────────────────────────────────────────────────────────────────────────

    attachment #2: screenshot (image/png) ──────────────────────────────────────────────────────────
    ..\test-results\about-About-Page-페이지-성능-확인-webkit\test-failed-2.png
    ────────────────────────────────────────────────────────────────────────────────────────────────

    attachment #3: video (video/webm) ──────────────────────────────────────────────────────────────
    ..\test-results\about-About-Page-페이지-성능-확인-webkit\video.webm
    ────────────────────────────────────────────────────────────────────────────────────────────────

    Error Context: ..\test-results\about-About-Page-페이지-성능-확인-webkit\error-context.md
]]>
</failure>
<system-out>
<![CDATA[
[[ATTACHMENT|about-About-Page-페이지-성능-확인-webkit\test-failed-1.png]]

[[ATTACHMENT|about-About-Page-페이지-성능-확인-webkit\test-failed-2.png]]

[[ATTACHMENT|about-About-Page-페이지-성능-확인-webkit\video.webm]]

[[ATTACHMENT|about-About-Page-페이지-성능-확인-webkit\error-context.md]]
]]>
</system-out>
</testcase>
<testcase name="About Page › SEO 메타데이터 확인" classname="about.spec.ts" time="0.63">
<failure message="about.spec.ts:140:7 SEO 메타데이터 확인" type="FAILURE">
<![CDATA[  [webkit] › about.spec.ts:140:7 › About Page › SEO 메타데이터 확인 ───────────────────────────────────────

    Error: expect(received).toContain(expected) // indexOf

    Expected substring: "Epackage Labとは"
    Received string:    "404: This page could not be found."

      143 |     // 메타 타이틀 확인
      144 |     const title = await page.title();
    > 145 |     expect(title).toContain('Epackage Labとは');
          |                   ^
      146 |
      147 |     // 메타 설명 확인
      148 |     const description = await page.locator('meta[name="description"]').getAttribute('content');
        at C:\Users\kanei\claudecode\02.Homepage_Dev\02.epac_homepagever1.1\epackage-lab-web\tests\about.spec.ts:145:19

    attachment #1: screenshot (image/png) ──────────────────────────────────────────────────────────
    ..\test-results\about-About-Page-SEO-메타데이터-확인-webkit\test-failed-1.png
    ────────────────────────────────────────────────────────────────────────────────────────────────

    attachment #2: screenshot (image/png) ──────────────────────────────────────────────────────────
    ..\test-results\about-About-Page-SEO-메타데이터-확인-webkit\test-failed-2.png
    ────────────────────────────────────────────────────────────────────────────────────────────────

    attachment #3: video (video/webm) ──────────────────────────────────────────────────────────────
    ..\test-results\about-About-Page-SEO-메타데이터-확인-webkit\video.webm
    ────────────────────────────────────────────────────────────────────────────────────────────────

    Error Context: ..\test-results\about-About-Page-SEO-메타데이터-확인-webkit\error-context.md
]]>
</failure>
<system-out>
<![CDATA[
[[ATTACHMENT|about-About-Page-SEO-메타데이터-확인-webkit\test-failed-1.png]]

[[ATTACHMENT|about-About-Page-SEO-메타데이터-확인-webkit\test-failed-2.png]]

[[ATTACHMENT|about-About-Page-SEO-메타데이터-확인-webkit\video.webm]]

[[ATTACHMENT|about-About-Page-SEO-메타데이터-확인-webkit\error-context.md]]
]]>
</system-out>
</testcase>
<testcase name="About Page › 내비게이션 링크 확인" classname="about.spec.ts" time="5.998">
<failure message="about.spec.ts:152:7 내비게이션 링크 확인" type="FAILURE">
<![CDATA[  [webkit] › about.spec.ts:152:7 › About Page › 내비게이션 링크 확인 ────────────────────────────────────────

    Error: expect(locator).toHaveCount(expected) failed

    Locator:  locator('a[href="/about"]')
    Expected: 1
    Received: 0
    Timeout:  5000ms

    Call log:
      - Expect "toHaveCount" with timeout 5000ms
      - waiting for locator('a[href="/about"]')
        9 × locator resolved to 0 elements
          - unexpected value "0"


      155 |     // 홈페이지에서 about 페이지 링크 확인
      156 |     const aboutLinks = page.locator('a[href="/about"]');
    > 157 |     expect(aboutLinks).toHaveCount(1);
          |                        ^
      158 |
      159 |     // 클릭 후 about 페이지로 이동 확인
      160 |     await aboutLinks.first().click();
        at C:\Users\kanei\claudecode\02.Homepage_Dev\02.epac_homepagever1.1\epackage-lab-web\tests\about.spec.ts:157:24

    Error: locator.click: Test ended.
    Call log:
      - waiting for locator('a[href="/about"]').first()


      158 |
      159 |     // 클릭 후 about 페이지로 이동 확인
    > 160 |     await aboutLinks.first().click();
          |                              ^
      161 |     await expect(page).toHaveURL(/\/about/);
      162 |   });
      163 | });
        at C:\Users\kanei\claudecode\02.Homepage_Dev\02.epac_homepagever1.1\epackage-lab-web\tests\about.spec.ts:160:30

    attachment #1: screenshot (image/png) ──────────────────────────────────────────────────────────
    ..\test-results\about-About-Page-내비게이션-링크-확인-webkit\test-failed-1.png
    ────────────────────────────────────────────────────────────────────────────────────────────────

    attachment #2: screenshot (image/png) ──────────────────────────────────────────────────────────
    ..\test-results\about-About-Page-내비게이션-링크-확인-webkit\test-failed-2.png
    ────────────────────────────────────────────────────────────────────────────────────────────────

    attachment #3: video (video/webm) ──────────────────────────────────────────────────────────────
    ..\test-results\about-About-Page-내비게이션-링크-확인-webkit\video.webm
    ────────────────────────────────────────────────────────────────────────────────────────────────

    Error Context: ..\test-results\about-About-Page-내비게이션-링크-확인-webkit\error-context.md
]]>
</failure>
<system-out>
<![CDATA[
[[ATTACHMENT|about-About-Page-내비게이션-링크-확인-webkit\test-failed-1.png]]

[[ATTACHMENT|about-About-Page-내비게이션-링크-확인-webkit\test-failed-2.png]]

[[ATTACHMENT|about-About-Page-내비게이션-링크-확인-webkit\video.webm]]

[[ATTACHMENT|about-About-Page-내비게이션-링크-확인-webkit\error-context.md]]
]]>
</system-out>
</testcase>
<testcase name="About 페이지 접근성 확인" classname="about.spec.ts" time="0.759">
<failure message="about.spec.ts:165:5 About 페이지 접근성 확인" type="FAILURE">
<![CDATA[  [webkit] › about.spec.ts:165:5 › About 페이지 접근성 확인 ────────────────────────────────────────────────

    Error: expect(locator).toBeInViewport() failed

    Locator:  locator('h1')
    Expected: in viewport
    Received: undefined

    Call log:
      - Expect "toBeInViewport" with timeout 5000ms
      - waiting for locator('h1')


      174 |   await page.keyboard.press('End');
      175 |   await page.keyboard.press('Home');
    > 176 |   expect(page.locator('h1')).toBeInViewport();
          |                              ^
      177 | });
        at C:\Users\kanei\claudecode\02.Homepage_Dev\02.epac_homepagever1.1\epackage-lab-web\tests\about.spec.ts:176:30

    attachment #1: screenshot (image/png) ──────────────────────────────────────────────────────────
    ..\test-results\about-About-페이지-접근성-확인-webkit\test-failed-1.png
    ────────────────────────────────────────────────────────────────────────────────────────────────

    attachment #2: video (video/webm) ──────────────────────────────────────────────────────────────
    ..\test-results\about-About-페이지-접근성-확인-webkit\video.webm
    ────────────────────────────────────────────────────────────────────────────────────────────────
]]>
</failure>
<system-out>
<![CDATA[
[[ATTACHMENT|about-About-페이지-접근성-확인-webkit\test-failed-1.png]]

[[ATTACHMENT|about-About-페이지-접근성-확인-webkit\video.webm]]
]]>
</system-out>
</testcase>
</testsuite>
<testsuite name="catalog.spec.ts" timestamp="2025-12-12T21:41:49.549Z" hostname="webkit" tests="7" failures="1" skipped="0" time="15.078" errors="0">
<testcase name="Product Catalog › displays Japanese product names correctly" classname="catalog.spec.ts" time="2.039">
<failure message="catalog.spec.ts:9:9 displays Japanese product names correctly" type="FAILURE">
<![CDATA[  [webkit] › catalog.spec.ts:9:9 › Product Catalog › displays Japanese product names correctly ─────

    Error: expect(received).toBeGreaterThan(expected)

    Expected: > 0
    Received:   0

      13 |         // Check product names contain Japanese characters
      14 |         const productNames = await page.locator('.product-name, [data-testid="product-name"]').allTextContents();
    > 15 |         expect(productNames.length).toBeGreaterThan(0);
         |                                     ^
      16 |
      17 |         const hasJapaneseText = productNames.some(name => /[\u3040-\u309f\u30a0-\u30ff\u4e00-\u9faf]/.test(name));
      18 |         expect(hasJapaneseText).toBeTruthy();
        at C:\Users\kanei\claudecode\02.Homepage_Dev\02.epac_homepagever1.1\epackage-lab-web\tests\catalog.spec.ts:15:37

    attachment #1: screenshot (image/png) ──────────────────────────────────────────────────────────
    ..\test-results\catalog-Product-Catalog-di-437ad-ese-product-names-correctly-webkit\test-failed-1.png
    ────────────────────────────────────────────────────────────────────────────────────────────────

    attachment #2: video (video/webm) ──────────────────────────────────────────────────────────────
    ..\test-results\catalog-Product-Catalog-di-437ad-ese-product-names-correctly-webkit\video.webm
    ────────────────────────────────────────────────────────────────────────────────────────────────

    Error Context: ..\test-results\catalog-Product-Catalog-di-437ad-ese-product-names-correctly-webkit\error-context.md
]]>
</failure>
<system-out>
<![CDATA[
[[ATTACHMENT|catalog-Product-Catalog-di-437ad-ese-product-names-correctly-webkit\test-failed-1.png]]

[[ATTACHMENT|catalog-Product-Catalog-di-437ad-ese-product-names-correctly-webkit\video.webm]]

[[ATTACHMENT|catalog-Product-Catalog-di-437ad-ese-product-names-correctly-webkit\error-context.md]]
]]>
</system-out>
</testcase>
<testcase name="Product Catalog › search functionality with Japanese keywords" classname="catalog.spec.ts" time="1.993">
</testcase>
<testcase name="Product Catalog › filter options work correctly" classname="catalog.spec.ts" time="2.115">
</testcase>
<testcase name="Product Catalog › product images load correctly" classname="catalog.spec.ts" time="2.171">
</testcase>
<testcase name="Product Catalog › responsive design on mobile" classname="catalog.spec.ts" time="2.352">
</testcase>
<testcase name="Product Catalog › pagination works if present" classname="catalog.spec.ts" time="2.237">
</testcase>
<testcase name="Product Catalog › breadcrumb navigation" classname="catalog.spec.ts" time="2.171">
</testcase>
</testsuite>
<testsuite name="core-features.spec.ts" timestamp="2025-12-12T21:41:49.549Z" hostname="webkit" tests="9" failures="6" skipped="0" time="22.243" errors="0">
<testcase name="Core TaskMaster Features › Homepage loads with Japanese localization" classname="core-features.spec.ts" time="0.88">
<failure message="core-features.spec.ts:13:7 Homepage loads with Japanese localization" type="FAILURE">
<![CDATA[  [webkit] › core-features.spec.ts:13:7 › Core TaskMaster Features › Homepage loads with Japanese localization 

    Error: expect(locator).toContainText(expected) failed

    Locator: locator('a[href="/catalog/"]')
    Expected substring: "製品カタログ"
    Error: strict mode violation: locator('a[href="/catalog/"]') resolved to 5 elements:
        1) <a title="パウチ製品一覧" href="/catalog/" class="px-4 py-2 text-sm font-medium text-text-secondary transition-colors hover:text-brixa-600 focus:outline-none focus:text-brixa-600 rounded-lg hover:bg-bg-secondary after:absolute after:bottom-[-2px] after:left-0 after:w-0 after:h-0.5 after:bg-brixa-600 after:transition-all after:duration-200 hover:after:w-full">…</a> aka getByRole('link', { name: '製品カタログ', exact: true })
        2) <a title="パウチ製品一覧" href="/catalog/" class="block px-4 py-3 text-base font-medium text-text-secondary rounded-lg transition-colors hover:bg-bg-secondary hover:text-text-primary focus:outline-none focus:bg-bg-secondary focus:text-text-primary after:absolute after:bottom-[-2px] after:left-0 after:w-0 after:h-0.5 after:bg-brixa-600 after:transition-all after:duration-200 hover:after:w-full">…</a> aka getByLabel('Mobile navigation').getByTitle('パウチ製品一覧')
        3) <a href="/catalog/" class="inline-flex group relative">…</a> aka getByRole('link', { name: '全製品を見る 人気' })
        4) <a href="/catalog/">…</a> aka getByRole('link', { name: '全製品を見る', exact: true })
        5) <a class="group" href="/catalog/">…</a> aka getByRole('link', { name: '全製品カタログ 全製品を詳しく確認。仕様と価格を比較。 おすすめ 全製品確認' })

    Call log:
      - Expect "toContainText" with timeout 5000ms
      - waiting for locator('a[href="/catalog/"]')


      22 |
      23 |     // Check navigation is in Japanese
    > 24 |     await expect(page.locator('a[href="/catalog/"]')).toContainText('製品カタログ');
         |                                                       ^
      25 |     await expect(page.locator('a[href="/quote-simulator/"]')).toContainText('お見積り');
      26 |   });
      27 |
        at C:\Users\kanei\claudecode\02.Homepage_Dev\02.epac_homepagever1.1\epackage-lab-web\tests\core-features.spec.ts:24:55

    attachment #1: screenshot (image/png) ──────────────────────────────────────────────────────────
    ..\test-results\core-features-Core-TaskMas-1dc6e--with-Japanese-localization-webkit\test-failed-1.png
    ────────────────────────────────────────────────────────────────────────────────────────────────

    attachment #2: video (video/webm) ──────────────────────────────────────────────────────────────
    ..\test-results\core-features-Core-TaskMas-1dc6e--with-Japanese-localization-webkit\video.webm
    ────────────────────────────────────────────────────────────────────────────────────────────────

    Error Context: ..\test-results\core-features-Core-TaskMas-1dc6e--with-Japanese-localization-webkit\error-context.md
]]>
</failure>
<system-out>
<![CDATA[
[[ATTACHMENT|core-features-Core-TaskMas-1dc6e--with-Japanese-localization-webkit\test-failed-1.png]]

[[ATTACHMENT|core-features-Core-TaskMas-1dc6e--with-Japanese-localization-webkit\video.webm]]

[[ATTACHMENT|core-features-Core-TaskMas-1dc6e--with-Japanese-localization-webkit\error-context.md]]
]]>
</system-out>
</testcase>
<testcase name="Core TaskMaster Features › Header maintains consistent styling" classname="core-features.spec.ts" time="6.847">
<failure message="core-features.spec.ts:28:7 Header maintains consistent styling" type="FAILURE">
<![CDATA[  [webkit] › core-features.spec.ts:28:7 › Core TaskMaster Features › Header maintains consistent styling 

    Error: expect(locator).toBeVisible() failed

    Locator: locator('nav[role="menubar"]')
    Expected: visible
    Timeout: 5000ms
    Error: element(s) not found

    Call log:
      - Expect "toBeVisible" with timeout 5000ms
      - waiting for locator('nav[role="menubar"]')


      41 |     // Check key navigation elements remain visible
      42 |     const mainNav = page.locator('nav[role="menubar"]');
    > 43 |     await expect(mainNav).toBeVisible();
         |                           ^
      44 |     await expect(mainNav.locator('a[href="/catalog/"]')).toBeVisible();
      45 |   });
      46 |
        at C:\Users\kanei\claudecode\02.Homepage_Dev\02.epac_homepagever1.1\epackage-lab-web\tests\core-features.spec.ts:43:27

    attachment #1: screenshot (image/png) ──────────────────────────────────────────────────────────
    ..\test-results\core-features-Core-TaskMas-4e827-aintains-consistent-styling-webkit\test-failed-1.png
    ────────────────────────────────────────────────────────────────────────────────────────────────

    attachment #2: video (video/webm) ──────────────────────────────────────────────────────────────
    ..\test-results\core-features-Core-TaskMas-4e827-aintains-consistent-styling-webkit\video.webm
    ────────────────────────────────────────────────────────────────────────────────────────────────

    Error Context: ..\test-results\core-features-Core-TaskMas-4e827-aintains-consistent-styling-webkit\error-context.md
]]>
</failure>
<system-out>
<![CDATA[
[[ATTACHMENT|core-features-Core-TaskMas-4e827-aintains-consistent-styling-webkit\test-failed-1.png]]

[[ATTACHMENT|core-features-Core-TaskMas-4e827-aintains-consistent-styling-webkit\video.webm]]

[[ATTACHMENT|core-features-Core-TaskMas-4e827-aintains-consistent-styling-webkit\error-context.md]]
]]>
</system-out>
</testcase>
<testcase name="Core TaskMaster Features › Footer is properly structured with Japanese content" classname="core-features.spec.ts" time="6.804">
<failure message="core-features.spec.ts:47:7 Footer is properly structured with Japanese content" type="FAILURE">
<![CDATA[  [webkit] › core-features.spec.ts:47:7 › Core TaskMaster Features › Footer is properly structured with Japanese content 

    Error: expect(locator).toBeVisible() failed

    Locator: locator('text=〒673-0846')
    Expected: visible
    Timeout: 5000ms
    Error: element(s) not found

    Call log:
      - Expect "toBeVisible" with timeout 5000ms
      - waiting for locator('text=〒673-0846')


      57 |
      58 |     // Check for contact information
    > 59 |     await expect(page.locator('text=〒673-0846')).toBeVisible();
         |                                                  ^
      60 |     await expect(page.locator('text=080-6942-7235')).toBeVisible();
      61 |   });
      62 |
        at C:\Users\kanei\claudecode\02.Homepage_Dev\02.epac_homepagever1.1\epackage-lab-web\tests\core-features.spec.ts:59:50

    attachment #1: screenshot (image/png) ──────────────────────────────────────────────────────────
    ..\test-results\core-features-Core-TaskMas-c3774-tured-with-Japanese-content-webkit\test-failed-1.png
    ────────────────────────────────────────────────────────────────────────────────────────────────

    attachment #2: video (video/webm) ──────────────────────────────────────────────────────────────
    ..\test-results\core-features-Core-TaskMas-c3774-tured-with-Japanese-content-webkit\video.webm
    ────────────────────────────────────────────────────────────────────────────────────────────────

    Error Context: ..\test-results\core-features-Core-TaskMas-c3774-tured-with-Japanese-content-webkit\error-context.md
]]>
</failure>
<system-out>
<![CDATA[
[[ATTACHMENT|core-features-Core-TaskMas-c3774-tured-with-Japanese-content-webkit\test-failed-1.png]]

[[ATTACHMENT|core-features-Core-TaskMas-c3774-tured-with-Japanese-content-webkit\video.webm]]

[[ATTACHMENT|core-features-Core-TaskMas-c3774-tured-with-Japanese-content-webkit\error-context.md]]
]]>
</system-out>
</testcase>
<testcase name="Core TaskMaster Features › Design guide pages are accessible" classname="core-features.spec.ts" time="2.565">
</testcase>
<testcase name="Core TaskMaster Features › API endpoints respond correctly" classname="core-features.spec.ts" time="0.744">
</testcase>
<testcase name="Core TaskMaster Features › Navigation links work correctly" classname="core-features.spec.ts" time="1.325">
<failure message="core-features.spec.ts:96:7 Navigation links work correctly" type="FAILURE">
<![CDATA[  [webkit] › core-features.spec.ts:96:7 › Core TaskMaster Features › Navigation links work correctly 

    Error: expect(received).toContain(expected) // indexOf

    Expected substring: "/catalog/"
    Received string:    "http://localhost:3000/"

      110 |
      111 |       // Verify we navigated to the correct page
    > 112 |       expect(page.url()).toContain(navTest.href);
          |                          ^
      113 |
      114 |       // Return to home for next test
      115 |       await page.goto('http://localhost:3000');
        at C:\Users\kanei\claudecode\02.Homepage_Dev\02.epac_homepagever1.1\epackage-lab-web\tests\core-features.spec.ts:112:26

    attachment #1: screenshot (image/png) ──────────────────────────────────────────────────────────
    ..\test-results\core-features-Core-TaskMas-a492e-gation-links-work-correctly-webkit\test-failed-1.png
    ────────────────────────────────────────────────────────────────────────────────────────────────

    attachment #2: video (video/webm) ──────────────────────────────────────────────────────────────
    ..\test-results\core-features-Core-TaskMas-a492e-gation-links-work-correctly-webkit\video.webm
    ────────────────────────────────────────────────────────────────────────────────────────────────

    Error Context: ..\test-results\core-features-Core-TaskMas-a492e-gation-links-work-correctly-webkit\error-context.md
]]>
</failure>
<system-out>
<![CDATA[
[[ATTACHMENT|core-features-Core-TaskMas-a492e-gation-links-work-correctly-webkit\test-failed-1.png]]

[[ATTACHMENT|core-features-Core-TaskMas-a492e-gation-links-work-correctly-webkit\video.webm]]

[[ATTACHMENT|core-features-Core-TaskMas-a492e-gation-links-work-correctly-webkit\error-context.md]]
]]>
</system-out>
</testcase>
<testcase name="Core TaskMaster Features › Mobile responsiveness works" classname="core-features.spec.ts" time="1.673">
<failure message="core-features.spec.ts:119:7 Mobile responsiveness works" type="FAILURE">
<![CDATA[  [webkit] › core-features.spec.ts:119:7 › Core TaskMaster Features › Mobile responsiveness works ──

    Error: expect(locator).toBeVisible() failed

    Locator: locator('a[href="/catalog/"]')
    Expected: visible
    Error: strict mode violation: locator('a[href="/catalog/"]') resolved to 10 elements:
        1) <a title="パウチ製品一覧" href="/catalog/" class="px-4 py-2 text-sm font-medium text-text-secondary transition-colors hover:text-brixa-600 focus:outline-none focus:text-brixa-600 rounded-lg hover:bg-bg-secondary after:absolute after:bottom-[-2px] after:left-0 after:w-0 after:h-0.5 after:bg-brixa-600 after:transition-all after:duration-200 hover:after:w-full">…</a> aka getByLabel('Main navigation').getByTitle('パウチ製品一覧')
        2) <a title="パウチ製品一覧" href="/catalog/" class="block px-4 py-3 text-base font-medium text-text-secondary rounded-lg transition-colors hover:bg-bg-secondary hover:text-text-primary focus:outline-none focus:bg-bg-secondary focus:text-text-primary after:absolute after:bottom-[-2px] after:left-0 after:w-0 after:h-0.5 after:bg-brixa-600 after:transition-all after:duration-200 hover:after:w-full">…</a> aka getByRole('link', { name: '製品カタログ', exact: true })
        3) <a href="/catalog/" class="inline-flex group relative">…</a> aka getByRole('link', { name: '全製品を見る 人気' })
        4) <a class="flex-1" href="/catalog/">…</a> aka getByRole('link', { name: '詳細をご確認' }).first()
        5) <a class="flex-1" href="/catalog/">…</a> aka getByRole('link', { name: '詳細をご確認' }).nth(1)
        6) <a class="flex-1" href="/catalog/">…</a> aka getByRole('link', { name: '詳細をご確認' }).nth(2)
        7) <a class="flex-1" href="/catalog/">…</a> aka getByRole('link', { name: '詳細をご確認' }).nth(3)
        8) <a class="flex-1" href="/catalog/">…</a> aka getByRole('link', { name: '詳細をご確認' }).nth(4)
        9) <a href="/catalog/">…</a> aka getByRole('link', { name: '全製品を見る', exact: true })
        10) <a class="group" href="/catalog/">…</a> aka getByRole('link', { name: '全製品カタログ 全製品を詳しく確認。仕様と価格を比較。 おすすめ 全製品確認' })

    Call log:
      - Expect "toBeVisible" with timeout 5000ms
      - waiting for locator('a[href="/catalog/"]')


      130 |
      131 |       // Check navigation is visible in mobile view
    > 132 |       await expect(page.locator('a[href="/catalog/"]')).toBeVisible();
          |                                                         ^
      133 |     }
      134 |
      135 |     // Reset to desktop
        at C:\Users\kanei\claudecode\02.Homepage_Dev\02.epac_homepagever1.1\epackage-lab-web\tests\core-features.spec.ts:132:57

    attachment #1: screenshot (image/png) ──────────────────────────────────────────────────────────
    ..\test-results\core-features-Core-TaskMas-f5d3b-Mobile-responsiveness-works-webkit\test-failed-1.png
    ────────────────────────────────────────────────────────────────────────────────────────────────

    attachment #2: video (video/webm) ──────────────────────────────────────────────────────────────
    ..\test-results\core-features-Core-TaskMas-f5d3b-Mobile-responsiveness-works-webkit\video.webm
    ────────────────────────────────────────────────────────────────────────────────────────────────

    Error Context: ..\test-results\core-features-Core-TaskMas-f5d3b-Mobile-responsiveness-works-webkit\error-context.md
]]>
</failure>
<system-out>
<![CDATA[
[[ATTACHMENT|core-features-Core-TaskMas-f5d3b-Mobile-responsiveness-works-webkit\test-failed-1.png]]

[[ATTACHMENT|core-features-Core-TaskMas-f5d3b-Mobile-responsiveness-works-webkit\video.webm]]

[[ATTACHMENT|core-features-Core-TaskMas-f5d3b-Mobile-responsiveness-works-webkit\error-context.md]]
]]>
</system-out>
</testcase>
<testcase name="Additional Functionality › Catalog page loads" classname="core-features.spec.ts" time="0.658">
</testcase>
<testcase name="Additional Functionality › Contact page loads" classname="core-features.spec.ts" time="0.747">
<failure message="core-features.spec.ts:149:7 Contact page loads" type="FAILURE">
<![CDATA[  [webkit] › core-features.spec.ts:149:7 › Additional Functionality › Contact page loads ───────────

    Error: expect(locator).toBeVisible() failed

    Locator: locator('text=お問い合わせ')
    Expected: visible
    Error: strict mode violation: locator('text=お問い合わせ') resolved to 5 elements:
        1) <span class="truncate">お問い合わせ</span> aka getByRole('button', { name: 'お問い合わせ' })
        2) <span class="truncate">お問い合わせ</span> aka getByLabel('Get a quote - mobile CTA').getByText('お問い合わせ')
        3) <h1 class="text-4xl font-bold text-gray-900 mb-4">パウチ専門お問い合わせ</h1> aka getByRole('heading', { name: 'パウチ専門お問い合わせ' })
        4) <label class="flex items-center text-lg font-medium text-gray-900">…</label> aka getByText('お問い合わせ内容 *')
        5) <title>パウチお問い合わせ | Epackage Lab | Epackage Lab</title> aka getByText('パウチお問い合わせ | Epackage Lab |')

    Call log:
      - Expect "toBeVisible" with timeout 5000ms
      - waiting for locator('text=お問い合わせ')


      153 |     // Page should load
      154 |     await expect(page.locator('body')).toBeVisible();
    > 155 |     await expect(page.locator('text=お問い合わせ')).toBeVisible();
          |                                               ^
      156 |   });
      157 | });
        at C:\Users\kanei\claudecode\02.Homepage_Dev\02.epac_homepagever1.1\epackage-lab-web\tests\core-features.spec.ts:155:47

    attachment #1: screenshot (image/png) ──────────────────────────────────────────────────────────
    ..\test-results\core-features-Additional-Functionality-Contact-page-loads-webkit\test-failed-1.png
    ────────────────────────────────────────────────────────────────────────────────────────────────

    attachment #2: video (video/webm) ──────────────────────────────────────────────────────────────
    ..\test-results\core-features-Additional-Functionality-Contact-page-loads-webkit\video.webm
    ────────────────────────────────────────────────────────────────────────────────────────────────

    Error Context: ..\test-results\core-features-Additional-Functionality-Contact-page-loads-webkit\error-context.md
]]>
</failure>
<system-out>
<![CDATA[
[[ATTACHMENT|core-features-Additional-Functionality-Contact-page-loads-webkit\test-failed-1.png]]

[[ATTACHMENT|core-features-Additional-Functionality-Contact-page-loads-webkit\video.webm]]

[[ATTACHMENT|core-features-Additional-Functionality-Contact-page-loads-webkit\error-context.md]]
]]>
</system-out>
</testcase>
</testsuite>
<testsuite name="download.spec.ts" timestamp="2025-12-12T21:41:49.549Z" hostname="webkit" tests="7" failures="2" skipped="0" time="13.255" errors="0">
<testcase name="Catalog Download System › initiates PDF download" classname="download.spec.ts" time="1.889">
<failure message="download.spec.ts:9:9 initiates PDF download" type="FAILURE">
<![CDATA[  [webkit] › download.spec.ts:9:9 › Catalog Download System › initiates PDF download ───────────────

    Error: locator.isVisible: Error: strict mode violation: locator('[data-testid="catalog-download"], .catalog-download, a[href*="catalog"], button:has-text("カタログダウンロード"), button:has-text("Download Catalog")') resolved to 2 elements:
        1) <a title="パウチ製品一覧" href="/catalog/" class="px-4 py-2 text-sm font-medium text-text-secondary transition-colors hover:text-brixa-600 focus:outline-none focus:text-brixa-600 rounded-lg hover:bg-bg-secondary after:absolute after:bottom-[-2px] after:left-0 after:w-0 after:h-0.5 after:bg-brixa-600 after:transition-all after:duration-200 hover:after:w-full">…</a> aka getByRole('link', { name: '製品カタログ' })
        2) <a title="パウチ製品一覧" href="/catalog/" class="block px-4 py-3 text-base font-medium text-text-secondary rounded-lg transition-colors hover:bg-bg-secondary hover:text-text-primary focus:outline-none focus:bg-bg-secondary focus:text-text-primary after:absolute after:bottom-[-2px] after:left-0 after:w-0 after:h-0.5 after:bg-brixa-600 after:transition-all after:duration-200 hover:after:w-full">…</a> aka getByLabel('Mobile navigation').getByTitle('パウチ製品一覧')

    Call log:
        - checking visibility of locator('[data-testid="catalog-download"], .catalog-download, a[href*="catalog"], button:has-text("カタログダウンロード"), button:has-text("Download Catalog")')


      17 |         );
      18 |
    > 19 |         if (await downloadButton.isVisible()) {
         |                                  ^
      20 |             // Set up download handler
      21 |             const downloadPromise = page.waitForEvent('download', { timeout: 30000 });
      22 |
        at C:\Users\kanei\claudecode\02.Homepage_Dev\02.epac_homepagever1.1\epackage-lab-web\tests\download.spec.ts:19:34

    attachment #1: screenshot (image/png) ──────────────────────────────────────────────────────────
    ..\test-results\download-Catalog-Download-System-initiates-PDF-download-webkit\test-failed-1.png
    ────────────────────────────────────────────────────────────────────────────────────────────────

    attachment #2: video (video/webm) ──────────────────────────────────────────────────────────────
    ..\test-results\download-Catalog-Download-System-initiates-PDF-download-webkit\video.webm
    ────────────────────────────────────────────────────────────────────────────────────────────────

    Error Context: ..\test-results\download-Catalog-Download-System-initiates-PDF-download-webkit\error-context.md
]]>
</failure>
<system-out>
<![CDATA[
[[ATTACHMENT|download-Catalog-Download-System-initiates-PDF-download-webkit\test-failed-1.png]]

[[ATTACHMENT|download-Catalog-Download-System-initiates-PDF-download-webkit\video.webm]]

[[ATTACHMENT|download-Catalog-Download-System-initiates-PDF-download-webkit\error-context.md]]
]]>
</system-out>
</testcase>
<testcase name="Catalog Download System › captures email before download" classname="download.spec.ts" time="1.799">
</testcase>
<testcase name="Catalog Download System › progress tracking display" classname="download.spec.ts" time="1.887">
</testcase>
<testcase name="Catalog Download System › error handling for invalid email" classname="download.spec.ts" time="1.933">
</testcase>
<testcase name="Catalog Download System › download on mobile devices" classname="download.spec.ts" time="2.076">
<failure message="download.spec.ts:169:9 download on mobile devices" type="FAILURE">
<![CDATA[  [webkit] › download.spec.ts:169:9 › Catalog Download System › download on mobile devices ─────────

    Error: locator.isVisible: Error: strict mode violation: locator('[data-testid="catalog-download"], .catalog-download, a[href*="catalog"]') resolved to 2 elements:
        1) <a title="パウチ製品一覧" href="/catalog/" class="px-4 py-2 text-sm font-medium text-text-secondary transition-colors hover:text-brixa-600 focus:outline-none focus:text-brixa-600 rounded-lg hover:bg-bg-secondary after:absolute after:bottom-[-2px] after:left-0 after:w-0 after:h-0.5 after:bg-brixa-600 after:transition-all after:duration-200 hover:after:w-full">…</a> aka getByLabel('Main navigation').getByTitle('パウチ製品一覧')
        2) <a title="パウチ製品一覧" href="/catalog/" class="block px-4 py-3 text-base font-medium text-text-secondary rounded-lg transition-colors hover:bg-bg-secondary hover:text-text-primary focus:outline-none focus:bg-bg-secondary focus:text-text-primary after:absolute after:bottom-[-2px] after:left-0 after:w-0 after:h-0.5 after:bg-brixa-600 after:transition-all after:duration-200 hover:after:w-full">…</a> aka getByLabel('Mobile navigation').getByTitle('パウチ製品一覧')

    Call log:
        - checking visibility of locator('[data-testid="catalog-download"], .catalog-download, a[href*="catalog"]')


      178 |         );
      179 |
    > 180 |         if (await downloadButton.isVisible()) {
          |                                  ^
      181 |             // Check button is touch-friendly
      182 |             const buttonBox = await downloadButton.boundingBox();
      183 |             if (buttonBox) {
        at C:\Users\kanei\claudecode\02.Homepage_Dev\02.epac_homepagever1.1\epackage-lab-web\tests\download.spec.ts:180:34

    attachment #1: screenshot (image/png) ──────────────────────────────────────────────────────────
    ..\test-results\download-Catalog-Download-System-download-on-mobile-devices-webkit\test-failed-1.png
    ────────────────────────────────────────────────────────────────────────────────────────────────

    attachment #2: video (video/webm) ──────────────────────────────────────────────────────────────
    ..\test-results\download-Catalog-Download-System-download-on-mobile-devices-webkit\video.webm
    ────────────────────────────────────────────────────────────────────────────────────────────────

    Error Context: ..\test-results\download-Catalog-Download-System-download-on-mobile-devices-webkit\error-context.md
]]>
</failure>
<system-out>
<![CDATA[
[[ATTACHMENT|download-Catalog-Download-System-download-on-mobile-devices-webkit\test-failed-1.png]]

[[ATTACHMENT|download-Catalog-Download-System-download-on-mobile-devices-webkit\video.webm]]

[[ATTACHMENT|download-Catalog-Download-System-download-on-mobile-devices-webkit\error-context.md]]
]]>
</system-out>
</testcase>
<testcase name="Catalog Download System › analytics tracking" classname="download.spec.ts" time="1.836">
</testcase>
<testcase name="Catalog Download System › email confirmation after download" classname="download.spec.ts" time="1.835">
</testcase>
</testsuite>
<testsuite name="implementation-validation.spec.ts" timestamp="2025-12-12T21:41:49.549Z" hostname="webkit" tests="15" failures="7" skipped="0" time="40.512" errors="0">
<testcase name="TaskMaster Implementation Validation › Homepage loads successfully with Japanese content" classname="implementation-validation.spec.ts" time="6.065">
<failure message="implementation-validation.spec.ts:14:7 Homepage loads successfully with Japanese content" type="FAILURE">
<![CDATA[  [webkit] › implementation-validation.spec.ts:14:7 › TaskMaster Implementation Validation › Homepage loads successfully with Japanese content 

    Error: expect(page).toHaveTitle(expected) failed

    Expected pattern: /Epackage Lab.*パッケージソリューション/
    Received string:  "Epackage Lab | 韓国品質の包装材料で日本のものづくりを支援 | パッケージングソリューション"
    Timeout: 5000ms

    Call log:
      - Expect "toHaveTitle" with timeout 5000ms
        9 × unexpected value "Epackage Lab | 韓国品質の包装材料で日本のものづくりを支援 | パッケージングソリューション"


      14 |   test('Homepage loads successfully with Japanese content', async ({ page }) => {
      15 |     // Test basic homepage functionality
    > 16 |     await expect(page).toHaveTitle(/Epackage Lab.*パッケージソリューション/);
         |                        ^
      17 |
      18 |     // Check for main Japanese content
      19 |     await expect(page.locator('h1')).toContainText('あなたの製品を');
        at C:\Users\kanei\claudecode\02.Homepage_Dev\02.epac_homepagever1.1\epackage-lab-web\tests\implementation-validation.spec.ts:16:24

    attachment #1: screenshot (image/png) ──────────────────────────────────────────────────────────
    ..\test-results\implementation-validation--69f09-fully-with-Japanese-content-webkit\test-failed-1.png
    ────────────────────────────────────────────────────────────────────────────────────────────────

    attachment #2: video (video/webm) ──────────────────────────────────────────────────────────────
    ..\test-results\implementation-validation--69f09-fully-with-Japanese-content-webkit\video.webm
    ────────────────────────────────────────────────────────────────────────────────────────────────

    Error Context: ..\test-results\implementation-validation--69f09-fully-with-Japanese-content-webkit\error-context.md
]]>
</failure>
<system-out>
<![CDATA[
[[ATTACHMENT|implementation-validation--69f09-fully-with-Japanese-content-webkit\test-failed-1.png]]

[[ATTACHMENT|implementation-validation--69f09-fully-with-Japanese-content-webkit\video.webm]]

[[ATTACHMENT|implementation-validation--69f09-fully-with-Japanese-content-webkit\error-context.md]]
]]>
</system-out>
</testcase>
<testcase name="TaskMaster Implementation Validation › Header background color consistency (Task 16)" classname="implementation-validation.spec.ts" time="1.434">
<failure message="implementation-validation.spec.ts:29:7 Header background color consistency (Task 16)" type="FAILURE">
<![CDATA[  [webkit] › implementation-validation.spec.ts:29:7 › TaskMaster Implementation Validation › Header background color consistency (Task 16) 

    Error: expect(received).toBe(expected) // Object.is equality

    Expected: "rgb(255, 255, 255)"
    Received: "rgba(0, 0, 0, 0)"

      46 |     // Background colors should be consistent (both should be solid white)
      47 |     expect(initialBgColor).toBe(scrolledBgColor);
    > 48 |     expect(initialBgColor).toBe('rgb(255, 255, 255)');
         |                            ^
      49 |
      50 |     // Scroll back to top
      51 |     await page.evaluate(() => window.scrollTo(0, 0));
        at C:\Users\kanei\claudecode\02.Homepage_Dev\02.epac_homepagever1.1\epackage-lab-web\tests\implementation-validation.spec.ts:48:28

    attachment #1: screenshot (image/png) ──────────────────────────────────────────────────────────
    ..\test-results\implementation-validation--9d38c--color-consistency-Task-16--webkit\test-failed-1.png
    ────────────────────────────────────────────────────────────────────────────────────────────────

    attachment #2: video (video/webm) ──────────────────────────────────────────────────────────────
    ..\test-results\implementation-validation--9d38c--color-consistency-Task-16--webkit\video.webm
    ────────────────────────────────────────────────────────────────────────────────────────────────

    Error Context: ..\test-results\implementation-validation--9d38c--color-consistency-Task-16--webkit\error-context.md
]]>
</failure>
<system-out>
<![CDATA[
[[ATTACHMENT|implementation-validation--9d38c--color-consistency-Task-16--webkit\test-failed-1.png]]

[[ATTACHMENT|implementation-validation--9d38c--color-consistency-Task-16--webkit\video.webm]]

[[ATTACHMENT|implementation-validation--9d38c--color-consistency-Task-16--webkit\error-context.md]]
]]>
</system-out>
</testcase>
<testcase name="TaskMaster Implementation Validation › Footer layout restructure (horizontal single row)" classname="implementation-validation.spec.ts" time="6.099">
<failure message="implementation-validation.spec.ts:55:7 Footer layout restructure (horizontal single row)" type="FAILURE">
<![CDATA[  [webkit] › implementation-validation.spec.ts:55:7 › TaskMaster Implementation Validation › Footer layout restructure (horizontal single row) 

    Error: expect(locator).toBeVisible() failed

    Locator: locator('footer').locator('a[href="/about"]')
    Expected: visible
    Timeout: 5000ms
    Error: element(s) not found

    Call log:
      - Expect "toBeVisible" with timeout 5000ms
      - waiting for locator('footer').locator('a[href="/about"]')


      63 |
      64 |     // Check footer links are properly organized
    > 65 |     await expect(footer.locator('a[href="/about"]')).toBeVisible();
         |                                                      ^
      66 |     await expect(footer.locator('a[href="/privacy"]')).toBeVisible();
      67 |     await expect(footer.locator('a[href="/terms"]')).toBeVisible();
      68 |
        at C:\Users\kanei\claudecode\02.Homepage_Dev\02.epac_homepagever1.1\epackage-lab-web\tests\implementation-validation.spec.ts:65:54

    attachment #1: screenshot (image/png) ──────────────────────────────────────────────────────────
    ..\test-results\implementation-validation--caaab-ture-horizontal-single-row--webkit\test-failed-1.png
    ────────────────────────────────────────────────────────────────────────────────────────────────

    attachment #2: video (video/webm) ──────────────────────────────────────────────────────────────
    ..\test-results\implementation-validation--caaab-ture-horizontal-single-row--webkit\video.webm
    ────────────────────────────────────────────────────────────────────────────────────────────────

    Error Context: ..\test-results\implementation-validation--caaab-ture-horizontal-single-row--webkit\error-context.md
]]>
</failure>
<system-out>
<![CDATA[
[[ATTACHMENT|implementation-validation--caaab-ture-horizontal-single-row--webkit\test-failed-1.png]]

[[ATTACHMENT|implementation-validation--caaab-ture-horizontal-single-row--webkit\video.webm]]

[[ATTACHMENT|implementation-validation--caaab-ture-horizontal-single-row--webkit\error-context.md]]
]]>
</system-out>
</testcase>
<testcase name="TaskMaster Implementation Validation › Product catalog design template download functionality (Task 15)" classname="implementation-validation.spec.ts" time="1.93">
</testcase>
<testcase name="TaskMaster Implementation Validation › Design guide pages availability (Task 10)" classname="implementation-validation.spec.ts" time="5.568">
</testcase>
<testcase name="TaskMaster Implementation Validation › Japanese localization verification (Task 8)" classname="implementation-validation.spec.ts" time="0.783">
<failure message="implementation-validation.spec.ts:134:7 Japanese localization verification (Task 8)" type="FAILURE">
<![CDATA[  [webkit] › implementation-validation.spec.ts:134:7 › TaskMaster Implementation Validation › Japanese localization verification (Task 8) 

    Error: expect(locator).toBeVisible() failed

    Locator: locator('text=日本語')
    Expected: visible
    Error: strict mode violation: locator('text=日本語') resolved to 2 elements:
        1) <span class="hidden sm:inline text-xs font-medium">日本語</span> aka getByRole('button', { name: '言語を選択: 日本語' })
        2) <span class="text-sm font-medium text-white">日本語サポート</span> aka getByText('日本語サポート')

    Call log:
      - Expect "toBeVisible" with timeout 5000ms
      - waiting for locator('text=日本語')


      149 |
      150 |     // Check for Japanese-specific content
    > 151 |     await expect(page.locator('text=日本語')).toBeVisible();
          |                                            ^
      152 |     await expect(page.locator('text=食品包装')).toBeVisible();
      153 |     await expect(page.locator('text=JIS規格')).toBeVisible();
      154 |   });
        at C:\Users\kanei\claudecode\02.Homepage_Dev\02.epac_homepagever1.1\epackage-lab-web\tests\implementation-validation.spec.ts:151:44

    attachment #1: screenshot (image/png) ──────────────────────────────────────────────────────────
    ..\test-results\implementation-validation--213d0-zation-verification-Task-8--webkit\test-failed-1.png
    ────────────────────────────────────────────────────────────────────────────────────────────────

    attachment #2: video (video/webm) ──────────────────────────────────────────────────────────────
    ..\test-results\implementation-validation--213d0-zation-verification-Task-8--webkit\video.webm
    ────────────────────────────────────────────────────────────────────────────────────────────────

    Error Context: ..\test-results\implementation-validation--213d0-zation-verification-Task-8--webkit\error-context.md
]]>
</failure>
<system-out>
<![CDATA[
[[ATTACHMENT|implementation-validation--213d0-zation-verification-Task-8--webkit\test-failed-1.png]]

[[ATTACHMENT|implementation-validation--213d0-zation-verification-Task-8--webkit\video.webm]]

[[ATTACHMENT|implementation-validation--213d0-zation-verification-Task-8--webkit\error-context.md]]
]]>
</system-out>
</testcase>
<testcase name="TaskMaster Implementation Validation › Catalog page functionality and product display" classname="implementation-validation.spec.ts" time="2.218">
</testcase>
<testcase name="TaskMaster Implementation Validation › Navigation and routing functionality" classname="implementation-validation.spec.ts" time="6.464">
</testcase>
<testcase name="TaskMaster Implementation Validation › Mobile responsiveness and mobile menu functionality" classname="implementation-validation.spec.ts" time="1.562">
<failure message="implementation-validation.spec.ts:203:7 Mobile responsiveness and mobile menu functionality" type="FAILURE">
<![CDATA[  [webkit] › implementation-validation.spec.ts:203:7 › TaskMaster Implementation Validation › Mobile responsiveness and mobile menu functionality 

    Error: expect(locator).toBeVisible() failed

    Locator: locator('a[href="/catalog/"]')
    Expected: visible
    Error: strict mode violation: locator('a[href="/catalog/"]') resolved to 10 elements:
        1) <a title="パウチ製品一覧" href="/catalog/" class="px-4 py-2 text-sm font-medium text-text-secondary transition-colors hover:text-brixa-600 focus:outline-none focus:text-brixa-600 rounded-lg hover:bg-bg-secondary after:absolute after:bottom-[-2px] after:left-0 after:w-0 after:h-0.5 after:bg-brixa-600 after:transition-all after:duration-200 hover:after:w-full">…</a> aka getByLabel('Main navigation').getByTitle('パウチ製品一覧')
        2) <a title="パウチ製品一覧" href="/catalog/" class="block px-4 py-3 text-base font-medium text-text-secondary rounded-lg transition-colors hover:bg-bg-secondary hover:text-text-primary focus:outline-none focus:bg-bg-secondary focus:text-text-primary after:absolute after:bottom-[-2px] after:left-0 after:w-0 after:h-0.5 after:bg-brixa-600 after:transition-all after:duration-200 hover:after:w-full">…</a> aka getByRole('link', { name: '製品カタログ', exact: true })
        3) <a href="/catalog/" class="inline-flex group relative">…</a> aka getByRole('link', { name: '全製品を見る 人気' })
        4) <a class="flex-1" href="/catalog/">…</a> aka getByRole('link', { name: '詳細をご確認' }).first()
        5) <a class="flex-1" href="/catalog/">…</a> aka getByRole('link', { name: '詳細をご確認' }).nth(1)
        6) <a class="flex-1" href="/catalog/">…</a> aka getByRole('link', { name: '詳細をご確認' }).nth(2)
        7) <a class="flex-1" href="/catalog/">…</a> aka getByRole('link', { name: '詳細をご確認' }).nth(3)
        8) <a class="flex-1" href="/catalog/">…</a> aka getByRole('link', { name: '詳細をご確認' }).nth(4)
        9) <a href="/catalog/">…</a> aka getByRole('link', { name: '全製品を見る', exact: true })
        10) <a class="group" href="/catalog/">…</a> aka getByRole('link', { name: '全製品カタログ 全製品を詳しく確認。仕様と価格を比較。 おすすめ 全製品確認' })

    Call log:
      - Expect "toBeVisible" with timeout 5000ms
      - waiting for locator('a[href="/catalog/"]')


      217 |
      218 |     // Check navigation items are visible in mobile menu
    > 219 |     await expect(page.locator('a[href="/catalog/"]')).toBeVisible();
          |                                                       ^
      220 |     await expect(page.locator('a[href="/contact/"]')).toBeVisible();
      221 |
      222 |     // Close mobile menu
        at C:\Users\kanei\claudecode\02.Homepage_Dev\02.epac_homepagever1.1\epackage-lab-web\tests\implementation-validation.spec.ts:219:55

    attachment #1: screenshot (image/png) ──────────────────────────────────────────────────────────
    ..\test-results\implementation-validation--8034f-d-mobile-menu-functionality-webkit\test-failed-1.png
    ────────────────────────────────────────────────────────────────────────────────────────────────

    attachment #2: video (video/webm) ──────────────────────────────────────────────────────────────
    ..\test-results\implementation-validation--8034f-d-mobile-menu-functionality-webkit\video.webm
    ────────────────────────────────────────────────────────────────────────────────────────────────

    Error Context: ..\test-results\implementation-validation--8034f-d-mobile-menu-functionality-webkit\error-context.md
]]>
</failure>
<system-out>
<![CDATA[
[[ATTACHMENT|implementation-validation--8034f-d-mobile-menu-functionality-webkit\test-failed-1.png]]

[[ATTACHMENT|implementation-validation--8034f-d-mobile-menu-functionality-webkit\video.webm]]

[[ATTACHMENT|implementation-validation--8034f-d-mobile-menu-functionality-webkit\error-context.md]]
]]>
</system-out>
</testcase>
<testcase name="TaskMaster Implementation Validation › Performance and accessibility checks" classname="implementation-validation.spec.ts" time="0.904">
</testcase>
<testcase name="TaskMaster Implementation Validation › Contact and inquiry functionality" classname="implementation-validation.spec.ts" time="1.865">
<failure message="implementation-validation.spec.ts:262:7 Contact and inquiry functionality" type="FAILURE">
<![CDATA[  [webkit] › implementation-validation.spec.ts:262:7 › TaskMaster Implementation Validation › Contact and inquiry functionality 

    Error: expect(locator).toBeVisible() failed

    Locator: locator('text=お問い合わせ')
    Expected: visible
    Error: strict mode violation: locator('text=お問い合わせ') resolved to 5 elements:
        1) <span class="truncate">お問い合わせ</span> aka getByRole('button', { name: 'お問い合わせ' })
        2) <span class="truncate">お問い合わせ</span> aka getByLabel('Get a quote - mobile CTA').getByText('お問い合わせ')
        3) <h1 class="text-4xl font-bold text-gray-900 mb-4">パウチ専門お問い合わせ</h1> aka getByRole('heading', { name: 'パウチ専門お問い合わせ' })
        4) <label class="flex items-center text-lg font-medium text-gray-900">…</label> aka getByText('お問い合わせ内容 *')
        5) <div role="alert" aria-live="assertive" id="__next-route-announcer__">パウチお問い合わせ | Epackage Lab | Epackage Lab</div> aka getByText('パウチお問い合わせ | Epackage Lab |')

    Call log:
      - Expect "toBeVisible" with timeout 5000ms
      - waiting for locator('text=お問い合わせ')


      284 |
      285 |     // Check for Japanese content in contact page
    > 286 |     await expect(page.locator('text=お問い合わせ')).toBeVisible();
          |                                               ^
      287 |   });
      288 | });
      289 |
        at C:\Users\kanei\claudecode\02.Homepage_Dev\02.epac_homepagever1.1\epackage-lab-web\tests\implementation-validation.spec.ts:286:47

    attachment #1: screenshot (image/png) ──────────────────────────────────────────────────────────
    ..\test-results\implementation-validation--cf019-t-and-inquiry-functionality-webkit\test-failed-1.png
    ────────────────────────────────────────────────────────────────────────────────────────────────

    attachment #2: video (video/webm) ──────────────────────────────────────────────────────────────
    ..\test-results\implementation-validation--cf019-t-and-inquiry-functionality-webkit\video.webm
    ────────────────────────────────────────────────────────────────────────────────────────────────

    Error Context: ..\test-results\implementation-validation--cf019-t-and-inquiry-functionality-webkit\error-context.md
]]>
</failure>
<system-out>
<![CDATA[
[[ATTACHMENT|implementation-validation--cf019-t-and-inquiry-functionality-webkit\test-failed-1.png]]

[[ATTACHMENT|implementation-validation--cf019-t-and-inquiry-functionality-webkit\video.webm]]

[[ATTACHMENT|implementation-validation--cf019-t-and-inquiry-functionality-webkit\error-context.md]]
]]>
</system-out>
</testcase>
<testcase name="API and Backend Functionality › Design template download API endpoints" classname="implementation-validation.spec.ts" time="0.299">
<failure message="implementation-validation.spec.ts:291:7 Design template download API endpoints" type="FAILURE">
<![CDATA[  [webkit] › implementation-validation.spec.ts:291:7 › API and Backend Functionality › Design template download API endpoints 

    Error: expect(received).toBe(expected) // Object.is equality

    Expected: 200
    Received: 405

      298 |
      299 |     // API should respond successfully
    > 300 |     expect(apiResponse.status()).toBe(200);
          |                                  ^
      301 |
      302 |     // Response should contain template information
      303 |     const responseData = await apiResponse.json();
        at C:\Users\kanei\claudecode\02.Homepage_Dev\02.epac_homepagever1.1\epackage-lab-web\tests\implementation-validation.spec.ts:300:34

    attachment #1: screenshot (image/png) ──────────────────────────────────────────────────────────
    ..\test-results\implementation-validation--ecc2c-late-download-API-endpoints-webkit\test-failed-1.png
    ────────────────────────────────────────────────────────────────────────────────────────────────

    attachment #2: video (video/webm) ──────────────────────────────────────────────────────────────
    ..\test-results\implementation-validation--ecc2c-late-download-API-endpoints-webkit\video.webm
    ────────────────────────────────────────────────────────────────────────────────────────────────
]]>
</failure>
<system-out>
<![CDATA[
[[ATTACHMENT|implementation-validation--ecc2c-late-download-API-endpoints-webkit\test-failed-1.png]]

[[ATTACHMENT|implementation-validation--ecc2c-late-download-API-endpoints-webkit\video.webm]]
]]>
</system-out>
</testcase>
<testcase name="API and Backend Functionality › Product catalog API" classname="implementation-validation.spec.ts" time="0.369">
</testcase>
<testcase name="Error Handling and Edge Cases › 404 page handling" classname="implementation-validation.spec.ts" time="0.717">
</testcase>
<testcase name="Error Handling and Edge Cases › Image loading with fallbacks" classname="implementation-validation.spec.ts" time="4.235">
</testcase>
</testsuite>
<testsuite name="navigation.spec.ts" timestamp="2025-12-12T21:41:49.549Z" hostname="webkit" tests="8" failures="1" skipped="0" time="35.046" errors="0">
<testcase name="Navigation System › header menu has no nested duplication" classname="navigation.spec.ts" time="2.57">
</testcase>
<testcase name="Navigation System › all menu links work correctly" classname="navigation.spec.ts" time="13.993">
<failure message="navigation.spec.ts:27:9 all menu links work correctly" type="FAILURE">
<![CDATA[  [webkit] › navigation.spec.ts:27:9 › Navigation System › all menu links work correctly ───────────

    TimeoutError: locator.getAttribute: Timeout 10000ms exceeded.
    Call log:
      - waiting for locator('nav a, header a, [data-testid="nav-link"]').nth(1)


      35 |         for (let i = 0; i < linksToTest; i++) {
      36 |             const link = navLinks.nth(i);
    > 37 |             const href = await link.getAttribute('href');
         |                                     ^
      38 |
      39 |             // Skip external links and anchors
      40 |             if (href && !href.startsWith('http') && !href.startsWith('#') && !href.startsWith('mailto:')) {
        at C:\Users\kanei\claudecode\02.Homepage_Dev\02.epac_homepagever1.1\epackage-lab-web\tests\navigation.spec.ts:37:37

    attachment #1: screenshot (image/png) ──────────────────────────────────────────────────────────
    ..\test-results\navigation-Navigation-System-all-menu-links-work-correctly-webkit\test-failed-1.png
    ────────────────────────────────────────────────────────────────────────────────────────────────

    attachment #2: video (video/webm) ──────────────────────────────────────────────────────────────
    ..\test-results\navigation-Navigation-System-all-menu-links-work-correctly-webkit\video.webm
    ────────────────────────────────────────────────────────────────────────────────────────────────
]]>
</failure>
<system-out>
<![CDATA[
[[ATTACHMENT|navigation-Navigation-System-all-menu-links-work-correctly-webkit\test-failed-1.png]]

[[ATTACHMENT|navigation-Navigation-System-all-menu-links-work-correctly-webkit\video.webm]]
]]>
</system-out>
</testcase>
<testcase name="Navigation System › Japanese text renders correctly in navigation" classname="navigation.spec.ts" time="2.329">
<system-out>
<![CDATA[Navigation font: "Noto Sans JP", "Noto Sans CJK JP", "Hiragino Sans", "Yu Gothic", sans-serif
]]>
</system-out>
</testcase>
<testcase name="Navigation System › dropdown menu functionality" classname="navigation.spec.ts" time="2.288">
</testcase>
<testcase name="Navigation System › mobile menu functionality" classname="navigation.spec.ts" time="1.983">
</testcase>
<testcase name="Navigation System › sticky navigation on scroll" classname="navigation.spec.ts" time="2.99">
</testcase>
<testcase name="Navigation System › active page highlighting" classname="navigation.spec.ts" time="6.437">
</testcase>
<testcase name="Navigation System › navigation accessibility" classname="navigation.spec.ts" time="2.456">
<system-out>
<![CDATA[Tab 1: Focused on BUTTON
Tab 2: Focused on BUTTON
Tab 3: Focused on BUTTON
Tab 4: Focused on BUTTON
Tab 5: Focused on BUTTON
Tab 6: Focused on BUTTON
Tab 7: Focused on BUTTON
Tab 8: Focused on BUTTON
Tab 9: Focused on BUTTON
Tab 10: Focused on BUTTON
]]>
</system-out>
</testcase>
</testsuite>
<testsuite name="post-processing.spec.ts" timestamp="2025-12-12T21:41:49.549Z" hostname="webkit" tests="8" failures="1" skipped="0" time="14.549" errors="0">
<testcase name="Post-Processing Preview System › displays all 14 processing types" classname="post-processing.spec.ts" time="1.79">
<failure message="post-processing.spec.ts:9:9 displays all 14 processing types" type="FAILURE">
<![CDATA[  [webkit] › post-processing.spec.ts:9:9 › Post-Processing Preview System › displays all 14 processing types 

    Error: expect(received).toBeGreaterThan(expected)

    Expected: > 10
    Received:   0

      20 |
      21 |         // Should have multiple options
    > 22 |         expect(optionCount).toBeGreaterThan(10);
         |                             ^
      23 |
      24 |         // Check category labels
      25 |         const categories = ['ジッパー', '仕上げ', '穴', 'その他'];
        at C:\Users\kanei\claudecode\02.Homepage_Dev\02.epac_homepagever1.1\epackage-lab-web\tests\post-processing.spec.ts:22:29

    attachment #1: screenshot (image/png) ──────────────────────────────────────────────────────────
    ..\test-results\post-processing-Post-Proce-768ad-ays-all-14-processing-types-webkit\test-failed-1.png
    ────────────────────────────────────────────────────────────────────────────────────────────────

    attachment #2: video (video/webm) ──────────────────────────────────────────────────────────────
    ..\test-results\post-processing-Post-Proce-768ad-ays-all-14-processing-types-webkit\video.webm
    ────────────────────────────────────────────────────────────────────────────────────────────────

    Error Context: ..\test-results\post-processing-Post-Proce-768ad-ays-all-14-processing-types-webkit\error-context.md
]]>
</failure>
<system-out>
<![CDATA[Found 0 processing options

[[ATTACHMENT|post-processing-Post-Proce-768ad-ays-all-14-processing-types-webkit\test-failed-1.png]]

[[ATTACHMENT|post-processing-Post-Proce-768ad-ays-all-14-processing-types-webkit\video.webm]]

[[ATTACHMENT|post-processing-Post-Proce-768ad-ays-all-14-processing-types-webkit\error-context.md]]
]]>
</system-out>
</testcase>
<testcase name="Post-Processing Preview System › shows visual previews correctly" classname="post-processing.spec.ts" time="1.756">
</testcase>
<testcase name="Post-Processing Preview System › updates price calculation in real-time" classname="post-processing.spec.ts" time="1.859">
</testcase>
<testcase name="Post-Processing Preview System › selection and deselection functionality" classname="post-processing.spec.ts" time="1.776">
</testcase>
<testcase name="Post-Processing Preview System › mobile responsive preview display" classname="post-processing.spec.ts" time="1.885">
</testcase>
<testcase name="Post-Processing Preview System › category grouping functionality" classname="post-processing.spec.ts" time="1.826">
<system-out>
<![CDATA[Categories - Zipper: false, Finishing: false, Holes: false
]]>
</system-out>
</testcase>
<testcase name="Post-Processing Preview System › preview image loading states" classname="post-processing.spec.ts" time="1.756">
</testcase>
<testcase name="Post-Processing Preview System › processing options affect quote summary" classname="post-processing.spec.ts" time="1.901">
</testcase>
</testsuite>
<testsuite name="simulation.spec.ts" timestamp="2025-12-12T21:41:49.549Z" hostname="webkit" tests="1" failures="1" skipped="0" time="5.887" errors="0">
<testcase name="Simulation Wizard Flow" classname="simulation.spec.ts" time="5.887">
<failure message="simulation.spec.ts:3:5 Simulation Wizard Flow" type="FAILURE">
<![CDATA[  [webkit] › simulation.spec.ts:3:5 › Simulation Wizard Flow ───────────────────────────────────────

    Error: expect(page).toHaveTitle(expected) failed

    Expected pattern: /見積り/
    Received string:  "自動見積もり | Epackage Lab"
    Timeout: 5000ms

    Call log:
      - Expect "toHaveTitle" with timeout 5000ms
        9 × unexpected value "自動見積もり | Epackage Lab"


       6 |     await page.goto('/simulation');
       7 |     console.log('Navigated to /simulation');
    >  8 |     await expect(page).toHaveTitle(/見積り/);
         |                        ^
       9 |     console.log('Title verified');
      10 |
      11 |     // 2. Step 1: Bag Selection
        at C:\Users\kanei\claudecode\02.Homepage_Dev\02.epac_homepagever1.1\epackage-lab-web\tests\simulation.spec.ts:8:24

    attachment #1: screenshot (image/png) ──────────────────────────────────────────────────────────
    ..\test-results\simulation-Simulation-Wizard-Flow-webkit\test-failed-1.png
    ────────────────────────────────────────────────────────────────────────────────────────────────

    attachment #2: video (video/webm) ──────────────────────────────────────────────────────────────
    ..\test-results\simulation-Simulation-Wizard-Flow-webkit\video.webm
    ────────────────────────────────────────────────────────────────────────────────────────────────

    Error Context: ..\test-results\simulation-Simulation-Wizard-Flow-webkit\error-context.md
]]>
</failure>
<system-out>
<![CDATA[Starting test...
Navigated to /simulation

[[ATTACHMENT|simulation-Simulation-Wizard-Flow-webkit\test-failed-1.png]]

[[ATTACHMENT|simulation-Simulation-Wizard-Flow-webkit\video.webm]]

[[ATTACHMENT|simulation-Simulation-Wizard-Flow-webkit\error-context.md]]
]]>
</system-out>
</testcase>
</testsuite>
<testsuite name="test-summary.spec.ts" timestamp="2025-12-12T21:41:49.549Z" hostname="webkit" tests="11" failures="5" skipped="0" time="30.803" errors="0">
<testcase name="TaskMaster Implementation Summary › ✅ SUCCESS: Japanese localization is properly implemented" classname="test-summary.spec.ts" time="0.843">
<failure message="test-summary.spec.ts:13:7 ✅ SUCCESS: Japanese localization is properly implemented" type="FAILURE">
<![CDATA[  [webkit] › test-summary.spec.ts:13:7 › TaskMaster Implementation Summary › ✅ SUCCESS: Japanese localization is properly implemented 

    Error: expect(locator).toBeVisible() failed

    Locator: locator('text=食品・化粧品・電子部品')
    Expected: visible
    Error: strict mode violation: locator('text=食品・化粧品・電子部品') resolved to 2 elements:
        1) <p class="text-lg md:text-xl text-gray-200 leading-relaxed max-w-4xl mx-auto bg-black/30 backdrop-blur-sm rounded-2xl p-6 border border-white/10">食品・化粧品・電子部品など、あらゆる業界に対応する高品質パウチ包装。 あなたの製品価値を最大限に引…</p> aka getByText('食品・化粧品・電子部品など、あらゆる業界に対応する高品質パウチ包装。 あなたの製品価値を最大限に引き出す最適な包装ソリューションをご提案します。')
        2) <p class="text-lg text-gray-600 max-w-3xl mx-auto">食品・化粧品・電子部品など、あらゆる製品に対応する専門パウチ製品。 お客様のニーズに合わせて最適な…</p> aka getByText('食品・化粧品・電子部品など、あらゆる製品に対応する専門パウチ製品。 お客様のニーズに合わせて最適な包装ソリューションをご提案します。')

    Call log:
      - Expect "toBeVisible" with timeout 5000ms
      - waiting for locator('text=食品・化粧品・電子部品')


      20 |     await expect(page.locator('h1')).toContainText('あなたの製品を');
      21 |     await expect(page.locator('h1')).toContainText('輝かせる');
    > 22 |     await expect(page.locator('text=食品・化粧品・電子部品')).toBeVisible();
         |                                                    ^
      23 |   });
      24 |
      25 |   test('✅ SUCCESS: All key pages are accessible', async ({ page }) => {
        at C:\Users\kanei\claudecode\02.Homepage_Dev\02.epac_homepagever1.1\epackage-lab-web\tests\test-summary.spec.ts:22:52

    attachment #1: screenshot (image/png) ──────────────────────────────────────────────────────────
    ..\test-results\test-summary-TaskMaster-Im-3ad08-ion-is-properly-implemented-webkit\test-failed-1.png
    ────────────────────────────────────────────────────────────────────────────────────────────────

    attachment #2: video (video/webm) ──────────────────────────────────────────────────────────────
    ..\test-results\test-summary-TaskMaster-Im-3ad08-ion-is-properly-implemented-webkit\video.webm
    ────────────────────────────────────────────────────────────────────────────────────────────────

    Error Context: ..\test-results\test-summary-TaskMaster-Im-3ad08-ion-is-properly-implemented-webkit\error-context.md
]]>
</failure>
<system-out>
<![CDATA[
[[ATTACHMENT|test-summary-TaskMaster-Im-3ad08-ion-is-properly-implemented-webkit\test-failed-1.png]]

[[ATTACHMENT|test-summary-TaskMaster-Im-3ad08-ion-is-properly-implemented-webkit\video.webm]]

[[ATTACHMENT|test-summary-TaskMaster-Im-3ad08-ion-is-properly-implemented-webkit\error-context.md]]
]]>
</system-out>
</testcase>
<testcase name="TaskMaster Implementation Summary › ✅ SUCCESS: All key pages are accessible" classname="test-summary.spec.ts" time="1.907">
</testcase>
<testcase name="TaskMaster Implementation Summary › ✅ SUCCESS: Design guide pages are functional" classname="test-summary.spec.ts" time="2.29">
</testcase>
<testcase name="TaskMaster Implementation Summary › ✅ SUCCESS: Footer has been restructured" classname="test-summary.spec.ts" time="6.842">
<failure message="test-summary.spec.ts:56:7 ✅ SUCCESS: Footer has been restructured" type="FAILURE">
<![CDATA[  [webkit] › test-summary.spec.ts:56:7 › TaskMaster Implementation Summary › ✅ SUCCESS: Footer has been restructured 

    Error: expect(locator).toBeVisible() failed

    Locator: locator('text=〒673-0846')
    Expected: visible
    Timeout: 5000ms
    Error: element(s) not found

    Call log:
      - Expect "toBeVisible" with timeout 5000ms
      - waiting for locator('text=〒673-0846')


      61 |     // Check footer content
      62 |     await expect(page.locator('text=先進技術と卓越した品質で')).toBeVisible();
    > 63 |     await expect(page.locator('text=〒673-0846')).toBeVisible();
         |                                                  ^
      64 |     await expect(page.locator('text=080-6942-7235')).toBeVisible();
      65 |   });
      66 |
        at C:\Users\kanei\claudecode\02.Homepage_Dev\02.epac_homepagever1.1\epackage-lab-web\tests\test-summary.spec.ts:63:50

    attachment #1: screenshot (image/png) ──────────────────────────────────────────────────────────
    ..\test-results\test-summary-TaskMaster-Im-ceb8f-ooter-has-been-restructured-webkit\test-failed-1.png
    ────────────────────────────────────────────────────────────────────────────────────────────────

    attachment #2: video (video/webm) ──────────────────────────────────────────────────────────────
    ..\test-results\test-summary-TaskMaster-Im-ceb8f-ooter-has-been-restructured-webkit\video.webm
    ────────────────────────────────────────────────────────────────────────────────────────────────

    Error Context: ..\test-results\test-summary-TaskMaster-Im-ceb8f-ooter-has-been-restructured-webkit\error-context.md
]]>
</failure>
<system-out>
<![CDATA[
[[ATTACHMENT|test-summary-TaskMaster-Im-ceb8f-ooter-has-been-restructured-webkit\test-failed-1.png]]

[[ATTACHMENT|test-summary-TaskMaster-Im-ceb8f-ooter-has-been-restructured-webkit\video.webm]]

[[ATTACHMENT|test-summary-TaskMaster-Im-ceb8f-ooter-has-been-restructured-webkit\error-context.md]]
]]>
</system-out>
</testcase>
<testcase name="TaskMaster Implementation Summary › ✅ SUCCESS: API endpoints are working" classname="test-summary.spec.ts" time="0.725">
</testcase>
<testcase name="TaskMaster Implementation Summary › ✅ SUCCESS: Header functionality works" classname="test-summary.spec.ts" time="6.822">
<failure message="test-summary.spec.ts:76:7 ✅ SUCCESS: Header functionality works" type="FAILURE">
<![CDATA[  [webkit] › test-summary.spec.ts:76:7 › TaskMaster Implementation Summary › ✅ SUCCESS: Header functionality works 

    Error: expect(locator).toHaveCount(expected) failed

    Locator:  locator('a[href="/catalog/"]')
    Expected: 5
    Received: 10
    Timeout:  5000ms

    Call log:
      - Expect "toHaveCount" with timeout 5000ms
      - waiting for locator('a[href="/catalog/"]')
        9 × locator resolved to 10 elements
          - unexpected value "10"


      86 |     // Test navigation links exist
      87 |     const catalogLinks = page.locator('a[href="/catalog/"]');
    > 88 |     await expect(catalogLinks).toHaveCount(5); // Multiple catalog links is expected
         |                                ^
      89 |   });
      90 |
      91 |   test('✅ SUCCESS: Mobile responsiveness', async ({ page }) => {
        at C:\Users\kanei\claudecode\02.Homepage_Dev\02.epac_homepagever1.1\epackage-lab-web\tests\test-summary.spec.ts:88:32

    attachment #1: screenshot (image/png) ──────────────────────────────────────────────────────────
    ..\test-results\test-summary-TaskMaster-Im-b5352--Header-functionality-works-webkit\test-failed-1.png
    ────────────────────────────────────────────────────────────────────────────────────────────────

    attachment #2: video (video/webm) ──────────────────────────────────────────────────────────────
    ..\test-results\test-summary-TaskMaster-Im-b5352--Header-functionality-works-webkit\video.webm
    ────────────────────────────────────────────────────────────────────────────────────────────────

    Error Context: ..\test-results\test-summary-TaskMaster-Im-b5352--Header-functionality-works-webkit\error-context.md
]]>
</failure>
<system-out>
<![CDATA[
[[ATTACHMENT|test-summary-TaskMaster-Im-b5352--Header-functionality-works-webkit\test-failed-1.png]]

[[ATTACHMENT|test-summary-TaskMaster-Im-b5352--Header-functionality-works-webkit\video.webm]]

[[ATTACHMENT|test-summary-TaskMaster-Im-b5352--Header-functionality-works-webkit\error-context.md]]
]]>
</system-out>
</testcase>
<testcase name="TaskMaster Implementation Summary › ✅ SUCCESS: Mobile responsiveness" classname="test-summary.spec.ts" time="0.818">
</testcase>
<testcase name="TaskMaster Implementation Summary › ✅ SUCCESS: Navigation functionality" classname="test-summary.spec.ts" time="1.058">
<failure message="test-summary.spec.ts:107:7 ✅ SUCCESS: Navigation functionality" type="FAILURE">
<![CDATA[  [webkit] › test-summary.spec.ts:107:7 › TaskMaster Implementation Summary › ✅ SUCCESS: Navigation functionality 

    Error: expect(received).toContain(expected) // indexOf

    Expected substring: "/catalog/"
    Received string:    "http://localhost:3000/"

      117 |       await page.click(`a[href="${navTest.href}"]`);
      118 |       await page.waitForLoadState('domcontentloaded');
    > 119 |       expect(page.url()).toContain(navTest.href);
          |                          ^
      120 |       await page.goto('http://localhost:3000'); // Return home
      121 |     }
      122 |   });
        at C:\Users\kanei\claudecode\02.Homepage_Dev\02.epac_homepagever1.1\epackage-lab-web\tests\test-summary.spec.ts:119:26

    attachment #1: screenshot (image/png) ──────────────────────────────────────────────────────────
    ..\test-results\test-summary-TaskMaster-Im-9ba1c-SS-Navigation-functionality-webkit\test-failed-1.png
    ────────────────────────────────────────────────────────────────────────────────────────────────

    attachment #2: video (video/webm) ──────────────────────────────────────────────────────────────
    ..\test-results\test-summary-TaskMaster-Im-9ba1c-SS-Navigation-functionality-webkit\video.webm
    ────────────────────────────────────────────────────────────────────────────────────────────────

    Error Context: ..\test-results\test-summary-TaskMaster-Im-9ba1c-SS-Navigation-functionality-webkit\error-context.md
]]>
</failure>
<system-out>
<![CDATA[
[[ATTACHMENT|test-summary-TaskMaster-Im-9ba1c-SS-Navigation-functionality-webkit\test-failed-1.png]]

[[ATTACHMENT|test-summary-TaskMaster-Im-9ba1c-SS-Navigation-functionality-webkit\video.webm]]

[[ATTACHMENT|test-summary-TaskMaster-Im-9ba1c-SS-Navigation-functionality-webkit\error-context.md]]
]]>
</system-out>
</testcase>
<testcase name="TaskMaster Implementation Summary › ✅ SUCCESS: All TaskMaster requirements implemented" classname="test-summary.spec.ts" time="1.69">
<failure message="test-summary.spec.ts:124:7 ✅ SUCCESS: All TaskMaster requirements implemented" type="FAILURE">
<![CDATA[  [webkit] › test-summary.spec.ts:124:7 › TaskMaster Implementation Summary › ✅ SUCCESS: All TaskMaster requirements implemented 

    Error: expect(locator).toBeVisible() failed

    Locator: locator('text=お問い合わせ')
    Expected: visible
    Error: strict mode violation: locator('text=お問い合わせ') resolved to 5 elements:
        1) <span class="truncate">お問い合わせ</span> aka getByRole('button', { name: 'お問い合わせ' })
        2) <span class="truncate">お問い合わせ</span> aka getByLabel('Get a quote - mobile CTA').getByText('お問い合わせ')
        3) <h1 class="text-4xl font-bold text-gray-900 mb-4">パウチ専門お問い合わせ</h1> aka getByRole('heading', { name: 'パウチ専門お問い合わせ' })
        4) <label class="flex items-center text-lg font-medium text-gray-900">…</label> aka getByText('お問い合わせ内容 *')
        5) <title>パウチお問い合わせ | Epackage Lab | Epackage Lab</title> aka getByText('パウチお問い合わせ | Epackage Lab |')

    Call log:
      - Expect "toBeVisible" with timeout 5000ms
      - waiting for locator('text=お問い合わせ')


      150 |     // 6. Contact functionality - ✓ Confirmed
      151 |     await page.goto('http://localhost:3000/contact');
    > 152 |     await expect(page.locator('text=お問い合わせ')).toBeVisible();
          |                                               ^
      153 |   });
      154 | });
      155 |
        at C:\Users\kanei\claudecode\02.Homepage_Dev\02.epac_homepagever1.1\epackage-lab-web\tests\test-summary.spec.ts:152:47

    attachment #1: screenshot (image/png) ──────────────────────────────────────────────────────────
    ..\test-results\test-summary-TaskMaster-Im-4fd17-er-requirements-implemented-webkit\test-failed-1.png
    ────────────────────────────────────────────────────────────────────────────────────────────────

    attachment #2: video (video/webm) ──────────────────────────────────────────────────────────────
    ..\test-results\test-summary-TaskMaster-Im-4fd17-er-requirements-implemented-webkit\video.webm
    ────────────────────────────────────────────────────────────────────────────────────────────────

    Error Context: ..\test-results\test-summary-TaskMaster-Im-4fd17-er-requirements-implemented-webkit\error-context.md
]]>
</failure>
<system-out>
<![CDATA[
[[ATTACHMENT|test-summary-TaskMaster-Im-4fd17-er-requirements-implemented-webkit\test-failed-1.png]]

[[ATTACHMENT|test-summary-TaskMaster-Im-4fd17-er-requirements-implemented-webkit\video.webm]]

[[ATTACHMENT|test-summary-TaskMaster-Im-4fd17-er-requirements-implemented-webkit\error-context.md]]
]]>
</system-out>
</testcase>
<testcase name="Performance and Quality › ✅ SUCCESS: Page loads within reasonable time" classname="test-summary.spec.ts" time="0.766">
</testcase>
<testcase name="Performance and Quality › ✅ SUCCESS: No console errors on critical pages" classname="test-summary.spec.ts" time="7.042">
</testcase>
</testsuite>
<testsuite name="about.spec.ts" timestamp="2025-12-12T21:41:49.549Z" hostname="Mobile Chrome" tests="11" failures="10" skipped="0" time="47.672" errors="0">
<testcase name="About Page › About 페이지 접근 및 기본 렌더링 확인" classname="about.spec.ts" time="5.556">
<failure message="about.spec.ts:15:7 About 페이지 접근 및 기본 렌더링 확인" type="FAILURE">
<![CDATA[  [Mobile Chrome] › about.spec.ts:15:7 › About Page › About 페이지 접근 및 기본 렌더링 확인 ─────────────────────

    Error: expect(locator).toContainText(expected) failed

    Locator: locator('h1')
    Expected substring: "Epackage Labとは"
    Received string:    "404"
    Timeout: 5000ms

    Call log:
      - Expect "toContainText" with timeout 5000ms
      - waiting for locator('h1')
        9 × locator resolved to <h1 class="next-error-h1">404</h1>
          - unexpected value "404"


      17 |
      18 |     // 페이지 제목 확인
    > 19 |     await expect(page.locator('h1')).toContainText('Epackage Labとは');
         |                                      ^
      20 |
      21 |     // 모든 섹션이 렌더링되는지 확인
      22 |     await expect(page.locator('section')).toHaveCount(5);
        at C:\Users\kanei\claudecode\02.Homepage_Dev\02.epac_homepagever1.1\epackage-lab-web\tests\about.spec.ts:19:38

    attachment #1: screenshot (image/png) ──────────────────────────────────────────────────────────
    ..\test-results\about-About-Page-About-페이지-접근-및-기본-렌더링-확인-Mobile-Chrome\test-failed-1.png
    ────────────────────────────────────────────────────────────────────────────────────────────────

    attachment #2: screenshot (image/png) ──────────────────────────────────────────────────────────
    ..\test-results\about-About-Page-About-페이지-접근-및-기본-렌더링-확인-Mobile-Chrome\test-failed-2.png
    ────────────────────────────────────────────────────────────────────────────────────────────────

    attachment #3: video (video/webm) ──────────────────────────────────────────────────────────────
    ..\test-results\about-About-Page-About-페이지-접근-및-기본-렌더링-확인-Mobile-Chrome\video.webm
    ────────────────────────────────────────────────────────────────────────────────────────────────

    Error Context: ..\test-results\about-About-Page-About-페이지-접근-및-기본-렌더링-확인-Mobile-Chrome\error-context.md
]]>
</failure>
<system-out>
<![CDATA[
[[ATTACHMENT|about-About-Page-About-페이지-접근-및-기본-렌더링-확인-Mobile-Chrome\test-failed-1.png]]

[[ATTACHMENT|about-About-Page-About-페이지-접근-및-기본-렌더링-확인-Mobile-Chrome\test-failed-2.png]]

[[ATTACHMENT|about-About-Page-About-페이지-접근-및-기본-렌더링-확인-Mobile-Chrome\video.webm]]

[[ATTACHMENT|about-About-Page-About-페이지-접근-및-기본-렌더링-확인-Mobile-Chrome\error-context.md]]
]]>
</system-out>
</testcase>
<testcase name="About Page › Hero Section 기능 확인" classname="about.spec.ts" time="5.643">
<failure message="about.spec.ts:25:7 Hero Section 기능 확인" type="FAILURE">
<![CDATA[  [Mobile Chrome] › about.spec.ts:25:7 › About Page › Hero Section 기능 확인 ───────────────────────────

    Error: expect(locator).toBeVisible() failed

    Locator: locator('text="韓国製の高品質軟包材を、短期納期・適正価格で"')
    Expected: visible
    Timeout: 5000ms
    Error: element(s) not found

    Call log:
      - Expect "toBeVisible" with timeout 5000ms
      - waiting for locator('text="韓国製の高品質軟包材を、短期納期・適正価格で"')


      27 |
      28 |     // Hero Section 내용 확인
    > 29 |     await expect(page.locator('text="韓国製の高品質軟包材を、短期納期・適正価格で"')).toBeVisible();
         |                                                                 ^
      30 |
      31 |     // 동영상 컨트롤 버튼 확인
      32 |     await expect(page.locator('button:has-text("再生")')).toBeVisible();
        at C:\Users\kanei\claudecode\02.Homepage_Dev\02.epac_homepagever1.1\epackage-lab-web\tests\about.spec.ts:29:65

    attachment #1: screenshot (image/png) ──────────────────────────────────────────────────────────
    ..\test-results\about-About-Page-Hero-Section-기능-확인-Mobile-Chrome\test-failed-1.png
    ────────────────────────────────────────────────────────────────────────────────────────────────

    attachment #2: screenshot (image/png) ──────────────────────────────────────────────────────────
    ..\test-results\about-About-Page-Hero-Section-기능-확인-Mobile-Chrome\test-failed-2.png
    ────────────────────────────────────────────────────────────────────────────────────────────────

    attachment #3: video (video/webm) ──────────────────────────────────────────────────────────────
    ..\test-results\about-About-Page-Hero-Section-기능-확인-Mobile-Chrome\video.webm
    ────────────────────────────────────────────────────────────────────────────────────────────────

    Error Context: ..\test-results\about-About-Page-Hero-Section-기능-확인-Mobile-Chrome\error-context.md
]]>
</failure>
<system-out>
<![CDATA[
[[ATTACHMENT|about-About-Page-Hero-Section-기능-확인-Mobile-Chrome\test-failed-1.png]]

[[ATTACHMENT|about-About-Page-Hero-Section-기능-확인-Mobile-Chrome\test-failed-2.png]]

[[ATTACHMENT|about-About-Page-Hero-Section-기능-확인-Mobile-Chrome\video.webm]]

[[ATTACHMENT|about-About-Page-Hero-Section-기능-확인-Mobile-Chrome\error-context.md]]
]]>
</system-out>
</testcase>
<testcase name="About Page › Problem Solution Section 확인" classname="about.spec.ts" time="5.736">
<failure message="about.spec.ts:46:7 Problem Solution Section 확인" type="FAILURE">
<![CDATA[  [Mobile Chrome] › about.spec.ts:46:7 › About Page › Problem Solution Section 확인 ──────────────────

    Error: expect(locator).toBeVisible() failed

    Locator: locator('text="包装資材の課題を解決します"')
    Expected: visible
    Timeout: 5000ms
    Error: element(s) not found

    Call log:
      - Expect "toBeVisible" with timeout 5000ms
      - waiting for locator('text="包装資材の課題を解決します"')


      48 |
      49 |     // 섹션 제목 확인
    > 50 |     await expect(page.locator('text="包装資材の課題を解決します"')).toBeVisible();
         |                                                        ^
      51 |
      52 |     // 문제점 확인 (4개)
      53 |     const problems = page.locator('.text-red-600');
        at C:\Users\kanei\claudecode\02.Homepage_Dev\02.epac_homepagever1.1\epackage-lab-web\tests\about.spec.ts:50:56

    attachment #1: screenshot (image/png) ──────────────────────────────────────────────────────────
    ..\test-results\about-About-Page-Problem-Solution-Section-확인-Mobile-Chrome\test-failed-2.png
    ────────────────────────────────────────────────────────────────────────────────────────────────

    attachment #2: screenshot (image/png) ──────────────────────────────────────────────────────────
    ..\test-results\about-About-Page-Problem-Solution-Section-확인-Mobile-Chrome\test-failed-1.png
    ────────────────────────────────────────────────────────────────────────────────────────────────

    attachment #3: video (video/webm) ──────────────────────────────────────────────────────────────
    ..\test-results\about-About-Page-Problem-Solution-Section-확인-Mobile-Chrome\video.webm
    ────────────────────────────────────────────────────────────────────────────────────────────────

    Error Context: ..\test-results\about-About-Page-Problem-Solution-Section-확인-Mobile-Chrome\error-context.md
]]>
</failure>
<system-out>
<![CDATA[
[[ATTACHMENT|about-About-Page-Problem-Solution-Section-확인-Mobile-Chrome\test-failed-2.png]]

[[ATTACHMENT|about-About-Page-Problem-Solution-Section-확인-Mobile-Chrome\test-failed-1.png]]

[[ATTACHMENT|about-About-Page-Problem-Solution-Section-확인-Mobile-Chrome\video.webm]]

[[ATTACHMENT|about-About-Page-Problem-Solution-Section-확인-Mobile-Chrome\error-context.md]]
]]>
</system-out>
</testcase>
<testcase name="About Page › Company Strengths Section 확인" classname="about.spec.ts" time="5.596">
<failure message="about.spec.ts:64:7 Company Strengths Section 확인" type="FAILURE">
<![CDATA[  [Mobile Chrome] › about.spec.ts:64:7 › About Page › Company Strengths Section 확인 ─────────────────

    Error: expect(locator).toBeVisible() failed

    Locator: locator('text="Epackage Labの強み"')
    Expected: visible
    Timeout: 5000ms
    Error: element(s) not found

    Call log:
      - Expect "toBeVisible" with timeout 5000ms
      - waiting for locator('text="Epackage Labの強み"')


      66 |
      67 |     // 섹션 제목 확인
    > 68 |     await expect(page.locator('text="Epackage Labの強み"')).toBeVisible();
         |                                                          ^
      69 |
      70 |     // 5가지 강점 확인
      71 |     await expect(page.locator('text="6種類のパウチ製品専門"')).toBeVisible();
        at C:\Users\kanei\claudecode\02.Homepage_Dev\02.epac_homepagever1.1\epackage-lab-web\tests\about.spec.ts:68:58

    attachment #1: screenshot (image/png) ──────────────────────────────────────────────────────────
    ..\test-results\about-About-Page-Company-Strengths-Section-확인-Mobile-Chrome\test-failed-2.png
    ────────────────────────────────────────────────────────────────────────────────────────────────

    attachment #2: screenshot (image/png) ──────────────────────────────────────────────────────────
    ..\test-results\about-About-Page-Company-Strengths-Section-확인-Mobile-Chrome\test-failed-1.png
    ────────────────────────────────────────────────────────────────────────────────────────────────

    attachment #3: video (video/webm) ──────────────────────────────────────────────────────────────
    ..\test-results\about-About-Page-Company-Strengths-Section-확인-Mobile-Chrome\video.webm
    ────────────────────────────────────────────────────────────────────────────────────────────────

    Error Context: ..\test-results\about-About-Page-Company-Strengths-Section-확인-Mobile-Chrome\error-context.md
]]>
</failure>
<system-out>
<![CDATA[
[[ATTACHMENT|about-About-Page-Company-Strengths-Section-확인-Mobile-Chrome\test-failed-2.png]]

[[ATTACHMENT|about-About-Page-Company-Strengths-Section-확인-Mobile-Chrome\test-failed-1.png]]

[[ATTACHMENT|about-About-Page-Company-Strengths-Section-확인-Mobile-Chrome\video.webm]]

[[ATTACHMENT|about-About-Page-Company-Strengths-Section-확인-Mobile-Chrome\error-context.md]]
]]>
</system-out>
</testcase>
<testcase name="About Page › EPackage Section 확인" classname="about.spec.ts" time="5.687">
<failure message="about.spec.ts:82:7 EPackage Section 확인" type="FAILURE">
<![CDATA[  [Mobile Chrome] › about.spec.ts:82:7 › About Page › EPackage Section 확인 ──────────────────────────

    Error: expect(locator).toBeVisible() failed

    Locator: locator('text="品質の源泉"')
    Expected: visible
    Timeout: 5000ms
    Error: element(s) not found

    Call log:
      - Expect "toBeVisible" with timeout 5000ms
      - waiting for locator('text="品質の源泉"')


      84 |
      85 |     // 섹션 제목 확인
    > 86 |     await expect(page.locator('text="品質の源泉"')).toBeVisible();
         |                                                ^
      87 |
      88 |     // 기술 정보 확인
      89 |     await expect(page.locator('text="世界最新鋭設備による製造技術"')).toBeVisible();
        at C:\Users\kanei\claudecode\02.Homepage_Dev\02.epac_homepagever1.1\epackage-lab-web\tests\about.spec.ts:86:48

    attachment #1: screenshot (image/png) ──────────────────────────────────────────────────────────
    ..\test-results\about-About-Page-EPackage-Section-확인-Mobile-Chrome\test-failed-1.png
    ────────────────────────────────────────────────────────────────────────────────────────────────

    attachment #2: screenshot (image/png) ──────────────────────────────────────────────────────────
    ..\test-results\about-About-Page-EPackage-Section-확인-Mobile-Chrome\test-failed-2.png
    ────────────────────────────────────────────────────────────────────────────────────────────────

    attachment #3: video (video/webm) ──────────────────────────────────────────────────────────────
    ..\test-results\about-About-Page-EPackage-Section-확인-Mobile-Chrome\video.webm
    ────────────────────────────────────────────────────────────────────────────────────────────────

    Error Context: ..\test-results\about-About-Page-EPackage-Section-확인-Mobile-Chrome\error-context.md
]]>
</failure>
<system-out>
<![CDATA[
[[ATTACHMENT|about-About-Page-EPackage-Section-확인-Mobile-Chrome\test-failed-1.png]]

[[ATTACHMENT|about-About-Page-EPackage-Section-확인-Mobile-Chrome\test-failed-2.png]]

[[ATTACHMENT|about-About-Page-EPackage-Section-확인-Mobile-Chrome\video.webm]]

[[ATTACHMENT|about-About-Page-EPackage-Section-확인-Mobile-Chrome\error-context.md]]
]]>
</system-out>
</testcase>
<testcase name="About Page › CTA Section 확인" classname="about.spec.ts" time="5.598">
<failure message="about.spec.ts:98:7 CTA Section 확인" type="FAILURE">
<![CDATA[  [Mobile Chrome] › about.spec.ts:98:7 › About Page › CTA Section 확인 ───────────────────────────────

    Error: expect(locator).toBeVisible() failed

    Locator: locator('text="今すぐ始めましょう"')
    Expected: visible
    Timeout: 5000ms
    Error: element(s) not found

    Call log:
      - Expect "toBeVisible" with timeout 5000ms
      - waiting for locator('text="今すぐ始めましょう"')


      100 |
      101 |     // 섹션 제목 확인
    > 102 |     await expect(page.locator('text="今すぐ始めましょう"')).toBeVisible();
          |                                                    ^
      103 |
      104 |     // 3가지 CTA 버튼 확인
      105 |     await expect(page.locator('a[href="/samples"]:has-text("無料サンプルをもらう")')).toBeVisible();
        at C:\Users\kanei\claudecode\02.Homepage_Dev\02.epac_homepagever1.1\epackage-lab-web\tests\about.spec.ts:102:52

    attachment #1: screenshot (image/png) ──────────────────────────────────────────────────────────
    ..\test-results\about-About-Page-CTA-Section-확인-Mobile-Chrome\test-failed-1.png
    ────────────────────────────────────────────────────────────────────────────────────────────────

    attachment #2: screenshot (image/png) ──────────────────────────────────────────────────────────
    ..\test-results\about-About-Page-CTA-Section-확인-Mobile-Chrome\test-failed-2.png
    ────────────────────────────────────────────────────────────────────────────────────────────────

    attachment #3: video (video/webm) ──────────────────────────────────────────────────────────────
    ..\test-results\about-About-Page-CTA-Section-확인-Mobile-Chrome\video.webm
    ────────────────────────────────────────────────────────────────────────────────────────────────

    Error Context: ..\test-results\about-About-Page-CTA-Section-확인-Mobile-Chrome\error-context.md
]]>
</failure>
<system-out>
<![CDATA[
[[ATTACHMENT|about-About-Page-CTA-Section-확인-Mobile-Chrome\test-failed-1.png]]

[[ATTACHMENT|about-About-Page-CTA-Section-확인-Mobile-Chrome\test-failed-2.png]]

[[ATTACHMENT|about-About-Page-CTA-Section-확인-Mobile-Chrome\video.webm]]

[[ATTACHMENT|about-About-Page-CTA-Section-확인-Mobile-Chrome\error-context.md]]
]]>
</system-out>
</testcase>
<testcase name="About Page › 반응형 디자인 확인" classname="about.spec.ts" time="5.717">
<failure message="about.spec.ts:113:7 반응형 디자인 확인" type="FAILURE">
<![CDATA[  [Mobile Chrome] › about.spec.ts:113:7 › About Page › 반응형 디자인 확인 ──────────────────────────────────

    Error: expect(locator).toBeVisible() failed

    Locator: locator('button').filter({ hasText: /再生|一時停止/ }).first()
    Expected: visible
    Timeout: 5000ms
    Error: element(s) not found

    Call log:
      - Expect "toBeVisible" with timeout 5000ms
      - waiting for locator('button').filter({ hasText: /再生|一時停止/ }).first()


      118 |     // 모바일에서 히스 컨트롤 크기 확인
      119 |     const videoControls = page.locator('button').filter({ hasText: /再生|一時停止/ });
    > 120 |     await expect(videoControls.first()).toBeVisible();
          |                                         ^
      121 |
      122 |     // 데스크톱 뷰포트 테스트
      123 |     await page.setViewportSize({ width: 1920, height: 1080 });
        at C:\Users\kanei\claudecode\02.Homepage_Dev\02.epac_homepagever1.1\epackage-lab-web\tests\about.spec.ts:120:41

    attachment #1: screenshot (image/png) ──────────────────────────────────────────────────────────
    ..\test-results\about-About-Page-반응형-디자인-확인-Mobile-Chrome\test-failed-1.png
    ────────────────────────────────────────────────────────────────────────────────────────────────

    attachment #2: screenshot (image/png) ──────────────────────────────────────────────────────────
    ..\test-results\about-About-Page-반응형-디자인-확인-Mobile-Chrome\test-failed-2.png
    ────────────────────────────────────────────────────────────────────────────────────────────────

    attachment #3: video (video/webm) ──────────────────────────────────────────────────────────────
    ..\test-results\about-About-Page-반응형-디자인-확인-Mobile-Chrome\video.webm
    ────────────────────────────────────────────────────────────────────────────────────────────────

    Error Context: ..\test-results\about-About-Page-반응형-디자인-확인-Mobile-Chrome\error-context.md
]]>
</failure>
<system-out>
<![CDATA[
[[ATTACHMENT|about-About-Page-반응형-디자인-확인-Mobile-Chrome\test-failed-1.png]]

[[ATTACHMENT|about-About-Page-반응형-디자인-확인-Mobile-Chrome\test-failed-2.png]]

[[ATTACHMENT|about-About-Page-반응형-디자인-확인-Mobile-Chrome\video.webm]]

[[ATTACHMENT|about-About-Page-반응형-디자인-확인-Mobile-Chrome\error-context.md]]
]]>
</system-out>
</testcase>
<testcase name="About Page › 페이지 성능 확인" classname="about.spec.ts" time="0.731">
<failure message="about.spec.ts:131:7 페이지 성능 확인" type="FAILURE">
<![CDATA[  [Mobile Chrome] › about.spec.ts:131:7 › About Page › 페이지 성능 확인 ───────────────────────────────────

    Error: expect(received).toBe(expected) // Object.is equality

    Expected: 200
    Received: 404

      131 |   test('페이지 성능 확인', async ({ page }) => {
      132 |     const response = await page.goto('/about');
    > 133 |     expect(response.status()).toBe(200);
          |                               ^
      134 |
      135 |     // 페이지 로딩 시간 측정 (3초 이내 목표)
      136 |     const loadTime = response.timing()?.requestTime || 0;
        at C:\Users\kanei\claudecode\02.Homepage_Dev\02.epac_homepagever1.1\epackage-lab-web\tests\about.spec.ts:133:31

    attachment #1: screenshot (image/png) ──────────────────────────────────────────────────────────
    ..\test-results\about-About-Page-페이지-성능-확인-Mobile-Chrome\test-failed-1.png
    ────────────────────────────────────────────────────────────────────────────────────────────────

    attachment #2: screenshot (image/png) ──────────────────────────────────────────────────────────
    ..\test-results\about-About-Page-페이지-성능-확인-Mobile-Chrome\test-failed-2.png
    ────────────────────────────────────────────────────────────────────────────────────────────────

    attachment #3: video (video/webm) ──────────────────────────────────────────────────────────────
    ..\test-results\about-About-Page-페이지-성능-확인-Mobile-Chrome\video.webm
    ────────────────────────────────────────────────────────────────────────────────────────────────

    Error Context: ..\test-results\about-About-Page-페이지-성능-확인-Mobile-Chrome\error-context.md
]]>
</failure>
<system-out>
<![CDATA[
[[ATTACHMENT|about-About-Page-페이지-성능-확인-Mobile-Chrome\test-failed-1.png]]

[[ATTACHMENT|about-About-Page-페이지-성능-확인-Mobile-Chrome\test-failed-2.png]]

[[ATTACHMENT|about-About-Page-페이지-성능-확인-Mobile-Chrome\video.webm]]

[[ATTACHMENT|about-About-Page-페이지-성능-확인-Mobile-Chrome\error-context.md]]
]]>
</system-out>
</testcase>
<testcase name="About Page › SEO 메타데이터 확인" classname="about.spec.ts" time="0.712">
<failure message="about.spec.ts:140:7 SEO 메타데이터 확인" type="FAILURE">
<![CDATA[  [Mobile Chrome] › about.spec.ts:140:7 › About Page › SEO 메타데이터 확인 ────────────────────────────────

    Error: expect(received).toContain(expected) // indexOf

    Expected substring: "Epackage Labとは"
    Received string:    "404: This page could not be found."

      143 |     // 메타 타이틀 확인
      144 |     const title = await page.title();
    > 145 |     expect(title).toContain('Epackage Labとは');
          |                   ^
      146 |
      147 |     // 메타 설명 확인
      148 |     const description = await page.locator('meta[name="description"]').getAttribute('content');
        at C:\Users\kanei\claudecode\02.Homepage_Dev\02.epac_homepagever1.1\epackage-lab-web\tests\about.spec.ts:145:19

    attachment #1: screenshot (image/png) ──────────────────────────────────────────────────────────
    ..\test-results\about-About-Page-SEO-메타데이터-확인-Mobile-Chrome\test-failed-1.png
    ────────────────────────────────────────────────────────────────────────────────────────────────

    attachment #2: screenshot (image/png) ──────────────────────────────────────────────────────────
    ..\test-results\about-About-Page-SEO-메타데이터-확인-Mobile-Chrome\test-failed-2.png
    ────────────────────────────────────────────────────────────────────────────────────────────────

    attachment #3: video (video/webm) ──────────────────────────────────────────────────────────────
    ..\test-results\about-About-Page-SEO-메타데이터-확인-Mobile-Chrome\video.webm
    ────────────────────────────────────────────────────────────────────────────────────────────────

    Error Context: ..\test-results\about-About-Page-SEO-메타데이터-확인-Mobile-Chrome\error-context.md
]]>
</failure>
<system-out>
<![CDATA[
[[ATTACHMENT|about-About-Page-SEO-메타데이터-확인-Mobile-Chrome\test-failed-1.png]]

[[ATTACHMENT|about-About-Page-SEO-메타데이터-확인-Mobile-Chrome\test-failed-2.png]]

[[ATTACHMENT|about-About-Page-SEO-메타데이터-확인-Mobile-Chrome\video.webm]]

[[ATTACHMENT|about-About-Page-SEO-메타데이터-확인-Mobile-Chrome\error-context.md]]
]]>
</system-out>
</testcase>
<testcase name="About Page › 내비게이션 링크 확인" classname="about.spec.ts" time="5.893">
<failure message="about.spec.ts:152:7 내비게이션 링크 확인" type="FAILURE">
<![CDATA[  [Mobile Chrome] › about.spec.ts:152:7 › About Page › 내비게이션 링크 확인 ─────────────────────────────────

    Error: expect(locator).toHaveCount(expected) failed

    Locator:  locator('a[href="/about"]')
    Expected: 1
    Received: 0
    Timeout:  5000ms

    Call log:
      - Expect "toHaveCount" with timeout 5000ms
      - waiting for locator('a[href="/about"]')
        9 × locator resolved to 0 elements
          - unexpected value "0"


      155 |     // 홈페이지에서 about 페이지 링크 확인
      156 |     const aboutLinks = page.locator('a[href="/about"]');
    > 157 |     expect(aboutLinks).toHaveCount(1);
          |                        ^
      158 |
      159 |     // 클릭 후 about 페이지로 이동 확인
      160 |     await aboutLinks.first().click();
        at C:\Users\kanei\claudecode\02.Homepage_Dev\02.epac_homepagever1.1\epackage-lab-web\tests\about.spec.ts:157:24

    Error: locator.click: Test ended.
    Call log:
      - waiting for locator('a[href="/about"]').first()


      158 |
      159 |     // 클릭 후 about 페이지로 이동 확인
    > 160 |     await aboutLinks.first().click();
          |                              ^
      161 |     await expect(page).toHaveURL(/\/about/);
      162 |   });
      163 | });
        at C:\Users\kanei\claudecode\02.Homepage_Dev\02.epac_homepagever1.1\epackage-lab-web\tests\about.spec.ts:160:30

    attachment #1: screenshot (image/png) ──────────────────────────────────────────────────────────
    ..\test-results\about-About-Page-내비게이션-링크-확인-Mobile-Chrome\test-failed-1.png
    ────────────────────────────────────────────────────────────────────────────────────────────────

    attachment #2: screenshot (image/png) ──────────────────────────────────────────────────────────
    ..\test-results\about-About-Page-내비게이션-링크-확인-Mobile-Chrome\test-failed-2.png
    ────────────────────────────────────────────────────────────────────────────────────────────────

    attachment #3: video (video/webm) ──────────────────────────────────────────────────────────────
    ..\test-results\about-About-Page-내비게이션-링크-확인-Mobile-Chrome\video.webm
    ────────────────────────────────────────────────────────────────────────────────────────────────

    Error Context: ..\test-results\about-About-Page-내비게이션-링크-확인-Mobile-Chrome\error-context.md
]]>
</failure>
<system-out>
<![CDATA[
[[ATTACHMENT|about-About-Page-내비게이션-링크-확인-Mobile-Chrome\test-failed-1.png]]

[[ATTACHMENT|about-About-Page-내비게이션-링크-확인-Mobile-Chrome\test-failed-2.png]]

[[ATTACHMENT|about-About-Page-내비게이션-링크-확인-Mobile-Chrome\video.webm]]

[[ATTACHMENT|about-About-Page-내비게이션-링크-확인-Mobile-Chrome\error-context.md]]
]]>
</system-out>
</testcase>
<testcase name="About 페이지 접근성 확인" classname="about.spec.ts" time="0.803">
</testcase>
</testsuite>
<testsuite name="catalog.spec.ts" timestamp="2025-12-12T21:41:49.549Z" hostname="Mobile Chrome" tests="7" failures="1" skipped="0" time="17.123" errors="0">
<testcase name="Product Catalog › displays Japanese product names correctly" classname="catalog.spec.ts" time="2.574">
<failure message="catalog.spec.ts:9:9 displays Japanese product names correctly" type="FAILURE">
<![CDATA[  [Mobile Chrome] › catalog.spec.ts:9:9 › Product Catalog › displays Japanese product names correctly 

    Error: expect(received).toBeGreaterThan(expected)

    Expected: > 0
    Received:   0

      13 |         // Check product names contain Japanese characters
      14 |         const productNames = await page.locator('.product-name, [data-testid="product-name"]').allTextContents();
    > 15 |         expect(productNames.length).toBeGreaterThan(0);
         |                                     ^
      16 |
      17 |         const hasJapaneseText = productNames.some(name => /[\u3040-\u309f\u30a0-\u30ff\u4e00-\u9faf]/.test(name));
      18 |         expect(hasJapaneseText).toBeTruthy();
        at C:\Users\kanei\claudecode\02.Homepage_Dev\02.epac_homepagever1.1\epackage-lab-web\tests\catalog.spec.ts:15:37

    attachment #1: screenshot (image/png) ──────────────────────────────────────────────────────────
    ..\test-results\catalog-Product-Catalog-di-437ad-ese-product-names-correctly-Mobile-Chrome\test-failed-1.png
    ────────────────────────────────────────────────────────────────────────────────────────────────

    attachment #2: video (video/webm) ──────────────────────────────────────────────────────────────
    ..\test-results\catalog-Product-Catalog-di-437ad-ese-product-names-correctly-Mobile-Chrome\video.webm
    ────────────────────────────────────────────────────────────────────────────────────────────────

    Error Context: ..\test-results\catalog-Product-Catalog-di-437ad-ese-product-names-correctly-Mobile-Chrome\error-context.md
]]>
</failure>
<system-out>
<![CDATA[
[[ATTACHMENT|catalog-Product-Catalog-di-437ad-ese-product-names-correctly-Mobile-Chrome\test-failed-1.png]]

[[ATTACHMENT|catalog-Product-Catalog-di-437ad-ese-product-names-correctly-Mobile-Chrome\video.webm]]

[[ATTACHMENT|catalog-Product-Catalog-di-437ad-ese-product-names-correctly-Mobile-Chrome\error-context.md]]
]]>
</system-out>
</testcase>
<testcase name="Product Catalog › search functionality with Japanese keywords" classname="catalog.spec.ts" time="2.618">
</testcase>
<testcase name="Product Catalog › filter options work correctly" classname="catalog.spec.ts" time="2.436">
</testcase>
<testcase name="Product Catalog › product images load correctly" classname="catalog.spec.ts" time="2.318">
</testcase>
<testcase name="Product Catalog › responsive design on mobile" classname="catalog.spec.ts" time="2.19">
</testcase>
<testcase name="Product Catalog › pagination works if present" classname="catalog.spec.ts" time="2.369">
</testcase>
<testcase name="Product Catalog › breadcrumb navigation" classname="catalog.spec.ts" time="2.618">
</testcase>
</testsuite>
<testsuite name="core-features.spec.ts" timestamp="2025-12-12T21:41:49.549Z" hostname="Mobile Chrome" tests="9" failures="6" skipped="0" time="31.775" errors="0">
<testcase name="Core TaskMaster Features › Homepage loads with Japanese localization" classname="core-features.spec.ts" time="1.043">
<failure message="core-features.spec.ts:13:7 Homepage loads with Japanese localization" type="FAILURE">
<![CDATA[  [Mobile Chrome] › core-features.spec.ts:13:7 › Core TaskMaster Features › Homepage loads with Japanese localization 

    Error: expect(locator).toContainText(expected) failed

    Locator: locator('a[href="/catalog/"]')
    Expected substring: "製品カタログ"
    Error: strict mode violation: locator('a[href="/catalog/"]') resolved to 5 elements:
        1) <a title="パウチ製品一覧" href="/catalog/" class="px-4 py-2 text-sm font-medium text-text-secondary transition-colors hover:text-brixa-600 focus:outline-none focus:text-brixa-600 rounded-lg hover:bg-bg-secondary after:absolute after:bottom-[-2px] after:left-0 after:w-0 after:h-0.5 after:bg-brixa-600 after:transition-all after:duration-200 hover:after:w-full">…</a> aka getByLabel('Main navigation').getByTitle('パウチ製品一覧')
        2) <a title="パウチ製品一覧" href="/catalog/" class="block px-4 py-3 text-base font-medium text-text-secondary rounded-lg transition-colors hover:bg-bg-secondary hover:text-text-primary focus:outline-none focus:bg-bg-secondary focus:text-text-primary after:absolute after:bottom-[-2px] after:left-0 after:w-0 after:h-0.5 after:bg-brixa-600 after:transition-all after:duration-200 hover:after:w-full">…</a> aka getByLabel('Mobile navigation').getByTitle('パウチ製品一覧')
        3) <a href="/catalog/" class="inline-flex group relative">…</a> aka getByRole('link', { name: '全製品を見る 人気' })
        4) <a href="/catalog/">…</a> aka getByRole('link', { name: '全製品を見る', exact: true })
        5) <a class="group" href="/catalog/">…</a> aka getByRole('link', { name: '全製品カタログ 全製品を詳しく確認。仕様と価格を比較。 おすすめ 全製品確認' })

    Call log:
      - Expect "toContainText" with timeout 5000ms
      - waiting for locator('a[href="/catalog/"]')


      22 |
      23 |     // Check navigation is in Japanese
    > 24 |     await expect(page.locator('a[href="/catalog/"]')).toContainText('製品カタログ');
         |                                                       ^
      25 |     await expect(page.locator('a[href="/quote-simulator/"]')).toContainText('お見積り');
      26 |   });
      27 |
        at C:\Users\kanei\claudecode\02.Homepage_Dev\02.epac_homepagever1.1\epackage-lab-web\tests\core-features.spec.ts:24:55

    attachment #1: screenshot (image/png) ──────────────────────────────────────────────────────────
    ..\test-results\core-features-Core-TaskMas-1dc6e--with-Japanese-localization-Mobile-Chrome\test-failed-1.png
    ────────────────────────────────────────────────────────────────────────────────────────────────

    attachment #2: video (video/webm) ──────────────────────────────────────────────────────────────
    ..\test-results\core-features-Core-TaskMas-1dc6e--with-Japanese-localization-Mobile-Chrome\video.webm
    ────────────────────────────────────────────────────────────────────────────────────────────────

    Error Context: ..\test-results\core-features-Core-TaskMas-1dc6e--with-Japanese-localization-Mobile-Chrome\error-context.md
]]>
</failure>
<system-out>
<![CDATA[
[[ATTACHMENT|core-features-Core-TaskMas-1dc6e--with-Japanese-localization-Mobile-Chrome\test-failed-1.png]]

[[ATTACHMENT|core-features-Core-TaskMas-1dc6e--with-Japanese-localization-Mobile-Chrome\video.webm]]

[[ATTACHMENT|core-features-Core-TaskMas-1dc6e--with-Japanese-localization-Mobile-Chrome\error-context.md]]
]]>
</system-out>
</testcase>
<testcase name="Core TaskMaster Features › Header maintains consistent styling" classname="core-features.spec.ts" time="6.362">
<failure message="core-features.spec.ts:28:7 Header maintains consistent styling" type="FAILURE">
<![CDATA[  [Mobile Chrome] › core-features.spec.ts:28:7 › Core TaskMaster Features › Header maintains consistent styling 

    Error: expect(locator).toBeVisible() failed

    Locator: locator('nav[role="menubar"]')
    Expected: visible
    Timeout: 5000ms
    Error: element(s) not found

    Call log:
      - Expect "toBeVisible" with timeout 5000ms
      - waiting for locator('nav[role="menubar"]')


      41 |     // Check key navigation elements remain visible
      42 |     const mainNav = page.locator('nav[role="menubar"]');
    > 43 |     await expect(mainNav).toBeVisible();
         |                           ^
      44 |     await expect(mainNav.locator('a[href="/catalog/"]')).toBeVisible();
      45 |   });
      46 |
        at C:\Users\kanei\claudecode\02.Homepage_Dev\02.epac_homepagever1.1\epackage-lab-web\tests\core-features.spec.ts:43:27

    attachment #1: screenshot (image/png) ──────────────────────────────────────────────────────────
    ..\test-results\core-features-Core-TaskMas-4e827-aintains-consistent-styling-Mobile-Chrome\test-failed-1.png
    ────────────────────────────────────────────────────────────────────────────────────────────────

    attachment #2: video (video/webm) ──────────────────────────────────────────────────────────────
    ..\test-results\core-features-Core-TaskMas-4e827-aintains-consistent-styling-Mobile-Chrome\video.webm
    ────────────────────────────────────────────────────────────────────────────────────────────────

    Error Context: ..\test-results\core-features-Core-TaskMas-4e827-aintains-consistent-styling-Mobile-Chrome\error-context.md
]]>
</failure>
<system-out>
<![CDATA[
[[ATTACHMENT|core-features-Core-TaskMas-4e827-aintains-consistent-styling-Mobile-Chrome\test-failed-1.png]]

[[ATTACHMENT|core-features-Core-TaskMas-4e827-aintains-consistent-styling-Mobile-Chrome\video.webm]]

[[ATTACHMENT|core-features-Core-TaskMas-4e827-aintains-consistent-styling-Mobile-Chrome\error-context.md]]
]]>
</system-out>
</testcase>
<testcase name="Core TaskMaster Features › Footer is properly structured with Japanese content" classname="core-features.spec.ts" time="7.064">
<failure message="core-features.spec.ts:47:7 Footer is properly structured with Japanese content" type="FAILURE">
<![CDATA[  [Mobile Chrome] › core-features.spec.ts:47:7 › Core TaskMaster Features › Footer is properly structured with Japanese content 

    Error: expect(locator).toBeVisible() failed

    Locator: locator('text=〒673-0846')
    Expected: visible
    Timeout: 5000ms
    Error: element(s) not found

    Call log:
      - Expect "toBeVisible" with timeout 5000ms
      - waiting for locator('text=〒673-0846')


      57 |
      58 |     // Check for contact information
    > 59 |     await expect(page.locator('text=〒673-0846')).toBeVisible();
         |                                                  ^
      60 |     await expect(page.locator('text=080-6942-7235')).toBeVisible();
      61 |   });
      62 |
        at C:\Users\kanei\claudecode\02.Homepage_Dev\02.epac_homepagever1.1\epackage-lab-web\tests\core-features.spec.ts:59:50

    attachment #1: screenshot (image/png) ──────────────────────────────────────────────────────────
    ..\test-results\core-features-Core-TaskMas-c3774-tured-with-Japanese-content-Mobile-Chrome\test-failed-1.png
    ────────────────────────────────────────────────────────────────────────────────────────────────

    attachment #2: video (video/webm) ──────────────────────────────────────────────────────────────
    ..\test-results\core-features-Core-TaskMas-c3774-tured-with-Japanese-content-Mobile-Chrome\video.webm
    ────────────────────────────────────────────────────────────────────────────────────────────────

    Error Context: ..\test-results\core-features-Core-TaskMas-c3774-tured-with-Japanese-content-Mobile-Chrome\error-context.md
]]>
</failure>
<system-out>
<![CDATA[
[[ATTACHMENT|core-features-Core-TaskMas-c3774-tured-with-Japanese-content-Mobile-Chrome\test-failed-1.png]]

[[ATTACHMENT|core-features-Core-TaskMas-c3774-tured-with-Japanese-content-Mobile-Chrome\video.webm]]

[[ATTACHMENT|core-features-Core-TaskMas-c3774-tured-with-Japanese-content-Mobile-Chrome\error-context.md]]
]]>
</system-out>
</testcase>
<testcase name="Core TaskMaster Features › Design guide pages are accessible" classname="core-features.spec.ts" time="2.108">
</testcase>
<testcase name="Core TaskMaster Features › API endpoints respond correctly" classname="core-features.spec.ts" time="0.686">
</testcase>
<testcase name="Core TaskMaster Features › Navigation links work correctly" classname="core-features.spec.ts" time="11.078">
<failure message="core-features.spec.ts:96:7 Navigation links work correctly" type="FAILURE">
<![CDATA[  [Mobile Chrome] › core-features.spec.ts:96:7 › Core TaskMaster Features › Navigation links work correctly 

    TimeoutError: page.click: Timeout 10000ms exceeded.
    Call log:
      - waiting for locator('a[href="/catalog/"]')
        - locator resolved to 5 elements. Proceeding with the first one: <a title="パウチ製品一覧" href="/catalog/" class="px-4 py-2 text-sm font-medium text-text-secondary transition-colors hover:text-brixa-600 focus:outline-none focus:text-brixa-600 rounded-lg hover:bg-bg-secondary after:absolute after:bottom-[-2px] after:left-0 after:w-0 after:h-0.5 after:bg-brixa-600 after:transition-all after:duration-200 hover:after:w-full">…</a>
      - attempting click action
        2 × waiting for element to be visible, enabled and stable
          - element is not visible
        - retrying click action
        - waiting 20ms
        2 × waiting for element to be visible, enabled and stable
          - element is not visible
        - retrying click action
          - waiting 100ms
        19 × waiting for element to be visible, enabled and stable
           - element is not visible
         - retrying click action
           - waiting 500ms


      104 |
      105 |     for (const navTest of navigationTests) {
    > 106 |       await page.click(`a[href="${navTest.href}"]`);
          |                  ^
      107 |
      108 |       // Wait for navigation to complete
      109 |       await page.waitForLoadState('domcontentloaded');
        at C:\Users\kanei\claudecode\02.Homepage_Dev\02.epac_homepagever1.1\epackage-lab-web\tests\core-features.spec.ts:106:18

    attachment #1: screenshot (image/png) ──────────────────────────────────────────────────────────
    ..\test-results\core-features-Core-TaskMas-a492e-gation-links-work-correctly-Mobile-Chrome\test-failed-1.png
    ────────────────────────────────────────────────────────────────────────────────────────────────

    attachment #2: video (video/webm) ──────────────────────────────────────────────────────────────
    ..\test-results\core-features-Core-TaskMas-a492e-gation-links-work-correctly-Mobile-Chrome\video.webm
    ────────────────────────────────────────────────────────────────────────────────────────────────

    Error Context: ..\test-results\core-features-Core-TaskMas-a492e-gation-links-work-correctly-Mobile-Chrome\error-context.md
]]>
</failure>
<system-out>
<![CDATA[
[[ATTACHMENT|core-features-Core-TaskMas-a492e-gation-links-work-correctly-Mobile-Chrome\test-failed-1.png]]

[[ATTACHMENT|core-features-Core-TaskMas-a492e-gation-links-work-correctly-Mobile-Chrome\video.webm]]

[[ATTACHMENT|core-features-Core-TaskMas-a492e-gation-links-work-correctly-Mobile-Chrome\error-context.md]]
]]>
</system-out>
</testcase>
<testcase name="Core TaskMaster Features › Mobile responsiveness works" classname="core-features.spec.ts" time="1.445">
<failure message="core-features.spec.ts:119:7 Mobile responsiveness works" type="FAILURE">
<![CDATA[  [Mobile Chrome] › core-features.spec.ts:119:7 › Core TaskMaster Features › Mobile responsiveness works 

    Error: expect(locator).toBeVisible() failed

    Locator: locator('a[href="/catalog/"]')
    Expected: visible
    Error: strict mode violation: locator('a[href="/catalog/"]') resolved to 10 elements:
        1) <a title="パウチ製品一覧" href="/catalog/" class="px-4 py-2 text-sm font-medium text-text-secondary transition-colors hover:text-brixa-600 focus:outline-none focus:text-brixa-600 rounded-lg hover:bg-bg-secondary after:absolute after:bottom-[-2px] after:left-0 after:w-0 after:h-0.5 after:bg-brixa-600 after:transition-all after:duration-200 hover:after:w-full">…</a> aka getByLabel('Main navigation').getByTitle('パウチ製品一覧')
        2) <a title="パウチ製品一覧" href="/catalog/" class="block px-4 py-3 text-base font-medium text-text-secondary rounded-lg transition-colors hover:bg-bg-secondary hover:text-text-primary focus:outline-none focus:bg-bg-secondary focus:text-text-primary after:absolute after:bottom-[-2px] after:left-0 after:w-0 after:h-0.5 after:bg-brixa-600 after:transition-all after:duration-200 hover:after:w-full">…</a> aka getByRole('link', { name: '製品カタログ', exact: true })
        3) <a href="/catalog/" class="inline-flex group relative">…</a> aka getByRole('link', { name: '全製品を見る 人気' })
        4) <a class="flex-1" href="/catalog/">…</a> aka getByRole('link', { name: '詳細をご確認' }).first()
        5) <a class="flex-1" href="/catalog/">…</a> aka getByRole('link', { name: '詳細をご確認' }).nth(1)
        6) <a class="flex-1" href="/catalog/">…</a> aka getByRole('link', { name: '詳細をご確認' }).nth(2)
        7) <a class="flex-1" href="/catalog/">…</a> aka getByRole('link', { name: '詳細をご確認' }).nth(3)
        8) <a class="flex-1" href="/catalog/">…</a> aka getByRole('link', { name: '詳細をご確認' }).nth(4)
        9) <a href="/catalog/">…</a> aka getByRole('link', { name: '全製品を見る', exact: true })
        10) <a class="group" href="/catalog/">…</a> aka getByRole('link', { name: '全製品カタログ 全製品を詳しく確認。仕様と価格を比較。 おすすめ 全製品確認' })

    Call log:
      - Expect "toBeVisible" with timeout 5000ms
      - waiting for locator('a[href="/catalog/"]')


      130 |
      131 |       // Check navigation is visible in mobile view
    > 132 |       await expect(page.locator('a[href="/catalog/"]')).toBeVisible();
          |                                                         ^
      133 |     }
      134 |
      135 |     // Reset to desktop
        at C:\Users\kanei\claudecode\02.Homepage_Dev\02.epac_homepagever1.1\epackage-lab-web\tests\core-features.spec.ts:132:57

    attachment #1: screenshot (image/png) ──────────────────────────────────────────────────────────
    ..\test-results\core-features-Core-TaskMas-f5d3b-Mobile-responsiveness-works-Mobile-Chrome\test-failed-1.png
    ────────────────────────────────────────────────────────────────────────────────────────────────

    attachment #2: video (video/webm) ──────────────────────────────────────────────────────────────
    ..\test-results\core-features-Core-TaskMas-f5d3b-Mobile-responsiveness-works-Mobile-Chrome\video.webm
    ────────────────────────────────────────────────────────────────────────────────────────────────

    Error Context: ..\test-results\core-features-Core-TaskMas-f5d3b-Mobile-responsiveness-works-Mobile-Chrome\error-context.md
]]>
</failure>
<system-out>
<![CDATA[
[[ATTACHMENT|core-features-Core-TaskMas-f5d3b-Mobile-responsiveness-works-Mobile-Chrome\test-failed-1.png]]

[[ATTACHMENT|core-features-Core-TaskMas-f5d3b-Mobile-responsiveness-works-Mobile-Chrome\video.webm]]

[[ATTACHMENT|core-features-Core-TaskMas-f5d3b-Mobile-responsiveness-works-Mobile-Chrome\error-context.md]]
]]>
</system-out>
</testcase>
<testcase name="Additional Functionality › Catalog page loads" classname="core-features.spec.ts" time="1.114">
</testcase>
<testcase name="Additional Functionality › Contact page loads" classname="core-features.spec.ts" time="0.875">
<failure message="core-features.spec.ts:149:7 Contact page loads" type="FAILURE">
<![CDATA[  [Mobile Chrome] › core-features.spec.ts:149:7 › Additional Functionality › Contact page loads ────

    Error: expect(locator).toBeVisible() failed

    Locator: locator('text=お問い合わせ')
    Expected: visible
    Error: strict mode violation: locator('text=お問い合わせ') resolved to 5 elements:
        1) <span class="truncate">お問い合わせ</span> aka getByText('お問い合わせ').first()
        2) <span class="truncate">お問い合わせ</span> aka getByLabel('Get a quote - mobile CTA').getByText('お問い合わせ')
        3) <h1 class="text-4xl font-bold text-gray-900 mb-4">パウチ専門お問い合わせ</h1> aka getByRole('heading', { name: 'パウチ専門お問い合わせ' })
        4) <label class="flex items-center text-lg font-medium text-gray-900">…</label> aka getByText('お問い合わせ内容 *')
        5) <title>パウチお問い合わせ | Epackage Lab | Epackage Lab</title> aka getByText('パウチお問い合わせ | Epackage Lab |')

    Call log:
      - Expect "toBeVisible" with timeout 5000ms
      - waiting for locator('text=お問い合わせ')


      153 |     // Page should load
      154 |     await expect(page.locator('body')).toBeVisible();
    > 155 |     await expect(page.locator('text=お問い合わせ')).toBeVisible();
          |                                               ^
      156 |   });
      157 | });
        at C:\Users\kanei\claudecode\02.Homepage_Dev\02.epac_homepagever1.1\epackage-lab-web\tests\core-features.spec.ts:155:47

    attachment #1: screenshot (image/png) ──────────────────────────────────────────────────────────
    ..\test-results\core-features-Additional-Functionality-Contact-page-loads-Mobile-Chrome\test-failed-1.png
    ────────────────────────────────────────────────────────────────────────────────────────────────

    attachment #2: video (video/webm) ──────────────────────────────────────────────────────────────
    ..\test-results\core-features-Additional-Functionality-Contact-page-loads-Mobile-Chrome\video.webm
    ────────────────────────────────────────────────────────────────────────────────────────────────

    Error Context: ..\test-results\core-features-Additional-Functionality-Contact-page-loads-Mobile-Chrome\error-context.md
]]>
</failure>
<system-out>
<![CDATA[
[[ATTACHMENT|core-features-Additional-Functionality-Contact-page-loads-Mobile-Chrome\test-failed-1.png]]

[[ATTACHMENT|core-features-Additional-Functionality-Contact-page-loads-Mobile-Chrome\video.webm]]

[[ATTACHMENT|core-features-Additional-Functionality-Contact-page-loads-Mobile-Chrome\error-context.md]]
]]>
</system-out>
</testcase>
</testsuite>
<testsuite name="download.spec.ts" timestamp="2025-12-12T21:41:49.549Z" hostname="Mobile Chrome" tests="7" failures="2" skipped="0" time="12.356" errors="0">
<testcase name="Catalog Download System › initiates PDF download" classname="download.spec.ts" time="1.895">
<failure message="download.spec.ts:9:9 initiates PDF download" type="FAILURE">
<![CDATA[  [Mobile Chrome] › download.spec.ts:9:9 › Catalog Download System › initiates PDF download ────────

    Error: locator.isVisible: Error: strict mode violation: locator('[data-testid="catalog-download"], .catalog-download, a[href*="catalog"], button:has-text("カタログダウンロード"), button:has-text("Download Catalog")') resolved to 2 elements:
        1) <a title="パウチ製品一覧" href="/catalog/" class="px-4 py-2 text-sm font-medium text-text-secondary transition-colors hover:text-brixa-600 focus:outline-none focus:text-brixa-600 rounded-lg hover:bg-bg-secondary after:absolute after:bottom-[-2px] after:left-0 after:w-0 after:h-0.5 after:bg-brixa-600 after:transition-all after:duration-200 hover:after:w-full">…</a> aka getByRole('link', { name: '製品カタログ' })
        2) <a title="パウチ製品一覧" href="/catalog/" class="block px-4 py-3 text-base font-medium text-text-secondary rounded-lg transition-colors hover:bg-bg-secondary hover:text-text-primary focus:outline-none focus:bg-bg-secondary focus:text-text-primary after:absolute after:bottom-[-2px] after:left-0 after:w-0 after:h-0.5 after:bg-brixa-600 after:transition-all after:duration-200 hover:after:w-full">…</a> aka getByLabel('Mobile navigation').getByTitle('パウチ製品一覧')

    Call log:
        - checking visibility of locator('[data-testid="catalog-download"], .catalog-download, a[href*="catalog"], button:has-text("カタログダウンロード"), button:has-text("Download Catalog")')


      17 |         );
      18 |
    > 19 |         if (await downloadButton.isVisible()) {
         |                                  ^
      20 |             // Set up download handler
      21 |             const downloadPromise = page.waitForEvent('download', { timeout: 30000 });
      22 |
        at C:\Users\kanei\claudecode\02.Homepage_Dev\02.epac_homepagever1.1\epackage-lab-web\tests\download.spec.ts:19:34

    attachment #1: screenshot (image/png) ──────────────────────────────────────────────────────────
    ..\test-results\download-Catalog-Download-System-initiates-PDF-download-Mobile-Chrome\test-failed-1.png
    ────────────────────────────────────────────────────────────────────────────────────────────────

    attachment #2: video (video/webm) ──────────────────────────────────────────────────────────────
    ..\test-results\download-Catalog-Download-System-initiates-PDF-download-Mobile-Chrome\video.webm
    ────────────────────────────────────────────────────────────────────────────────────────────────

    Error Context: ..\test-results\download-Catalog-Download-System-initiates-PDF-download-Mobile-Chrome\error-context.md
]]>
</failure>
<system-out>
<![CDATA[
[[ATTACHMENT|download-Catalog-Download-System-initiates-PDF-download-Mobile-Chrome\test-failed-1.png]]

[[ATTACHMENT|download-Catalog-Download-System-initiates-PDF-download-Mobile-Chrome\video.webm]]

[[ATTACHMENT|download-Catalog-Download-System-initiates-PDF-download-Mobile-Chrome\error-context.md]]
]]>
</system-out>
</testcase>
<testcase name="Catalog Download System › captures email before download" classname="download.spec.ts" time="1.641">
</testcase>
<testcase name="Catalog Download System › progress tracking display" classname="download.spec.ts" time="1.849">
</testcase>
<testcase name="Catalog Download System › error handling for invalid email" classname="download.spec.ts" time="1.671">
</testcase>
<testcase name="Catalog Download System › download on mobile devices" classname="download.spec.ts" time="1.981">
<failure message="download.spec.ts:169:9 download on mobile devices" type="FAILURE">
<![CDATA[  [Mobile Chrome] › download.spec.ts:169:9 › Catalog Download System › download on mobile devices ──

    Error: locator.isVisible: Error: strict mode violation: locator('[data-testid="catalog-download"], .catalog-download, a[href*="catalog"]') resolved to 2 elements:
        1) <a title="パウチ製品一覧" href="/catalog/" class="px-4 py-2 text-sm font-medium text-text-secondary transition-colors hover:text-brixa-600 focus:outline-none focus:text-brixa-600 rounded-lg hover:bg-bg-secondary after:absolute after:bottom-[-2px] after:left-0 after:w-0 after:h-0.5 after:bg-brixa-600 after:transition-all after:duration-200 hover:after:w-full">…</a> aka getByLabel('Main navigation').getByTitle('パウチ製品一覧')
        2) <a title="パウチ製品一覧" href="/catalog/" class="block px-4 py-3 text-base font-medium text-text-secondary rounded-lg transition-colors hover:bg-bg-secondary hover:text-text-primary focus:outline-none focus:bg-bg-secondary focus:text-text-primary after:absolute after:bottom-[-2px] after:left-0 after:w-0 after:h-0.5 after:bg-brixa-600 after:transition-all after:duration-200 hover:after:w-full">…</a> aka getByLabel('Mobile navigation').getByTitle('パウチ製品一覧')

    Call log:
        - checking visibility of locator('[data-testid="catalog-download"], .catalog-download, a[href*="catalog"]')


      178 |         );
      179 |
    > 180 |         if (await downloadButton.isVisible()) {
          |                                  ^
      181 |             // Check button is touch-friendly
      182 |             const buttonBox = await downloadButton.boundingBox();
      183 |             if (buttonBox) {
        at C:\Users\kanei\claudecode\02.Homepage_Dev\02.epac_homepagever1.1\epackage-lab-web\tests\download.spec.ts:180:34

    attachment #1: screenshot (image/png) ──────────────────────────────────────────────────────────
    ..\test-results\download-Catalog-Download-System-download-on-mobile-devices-Mobile-Chrome\test-failed-1.png
    ────────────────────────────────────────────────────────────────────────────────────────────────

    attachment #2: video (video/webm) ──────────────────────────────────────────────────────────────
    ..\test-results\download-Catalog-Download-System-download-on-mobile-devices-Mobile-Chrome\video.webm
    ────────────────────────────────────────────────────────────────────────────────────────────────

    Error Context: ..\test-results\download-Catalog-Download-System-download-on-mobile-devices-Mobile-Chrome\error-context.md
]]>
</failure>
<system-out>
<![CDATA[
[[ATTACHMENT|download-Catalog-Download-System-download-on-mobile-devices-Mobile-Chrome\test-failed-1.png]]

[[ATTACHMENT|download-Catalog-Download-System-download-on-mobile-devices-Mobile-Chrome\video.webm]]

[[ATTACHMENT|download-Catalog-Download-System-download-on-mobile-devices-Mobile-Chrome\error-context.md]]
]]>
</system-out>
</testcase>
<testcase name="Catalog Download System › analytics tracking" classname="download.spec.ts" time="1.61">
</testcase>
<testcase name="Catalog Download System › email confirmation after download" classname="download.spec.ts" time="1.709">
</testcase>
</testsuite>
<testsuite name="implementation-validation.spec.ts" timestamp="2025-12-12T21:41:49.549Z" hostname="Mobile Chrome" tests="15" failures="10" skipped="0" time="69.04" errors="0">
<testcase name="TaskMaster Implementation Validation › Homepage loads successfully with Japanese content" classname="implementation-validation.spec.ts" time="5.814">
<failure message="implementation-validation.spec.ts:14:7 Homepage loads successfully with Japanese content" type="FAILURE">
<![CDATA[  [Mobile Chrome] › implementation-validation.spec.ts:14:7 › TaskMaster Implementation Validation › Homepage loads successfully with Japanese content 

    Error: expect(page).toHaveTitle(expected) failed

    Expected pattern: /Epackage Lab.*パッケージソリューション/
    Received string:  "Epackage Lab | 韓国品質の包装材料で日本のものづくりを支援 | パッケージングソリューション"
    Timeout: 5000ms

    Call log:
      - Expect "toHaveTitle" with timeout 5000ms
        9 × unexpected value "Epackage Lab | 韓国品質の包装材料で日本のものづくりを支援 | パッケージングソリューション"


      14 |   test('Homepage loads successfully with Japanese content', async ({ page }) => {
      15 |     // Test basic homepage functionality
    > 16 |     await expect(page).toHaveTitle(/Epackage Lab.*パッケージソリューション/);
         |                        ^
      17 |
      18 |     // Check for main Japanese content
      19 |     await expect(page.locator('h1')).toContainText('あなたの製品を');
        at C:\Users\kanei\claudecode\02.Homepage_Dev\02.epac_homepagever1.1\epackage-lab-web\tests\implementation-validation.spec.ts:16:24

    attachment #1: screenshot (image/png) ──────────────────────────────────────────────────────────
    ..\test-results\implementation-validation--69f09-fully-with-Japanese-content-Mobile-Chrome\test-failed-1.png
    ────────────────────────────────────────────────────────────────────────────────────────────────

    attachment #2: video (video/webm) ──────────────────────────────────────────────────────────────
    ..\test-results\implementation-validation--69f09-fully-with-Japanese-content-Mobile-Chrome\video.webm
    ────────────────────────────────────────────────────────────────────────────────────────────────

    Error Context: ..\test-results\implementation-validation--69f09-fully-with-Japanese-content-Mobile-Chrome\error-context.md
]]>
</failure>
<system-out>
<![CDATA[
[[ATTACHMENT|implementation-validation--69f09-fully-with-Japanese-content-Mobile-Chrome\test-failed-1.png]]

[[ATTACHMENT|implementation-validation--69f09-fully-with-Japanese-content-Mobile-Chrome\video.webm]]

[[ATTACHMENT|implementation-validation--69f09-fully-with-Japanese-content-Mobile-Chrome\error-context.md]]
]]>
</system-out>
</testcase>
<testcase name="TaskMaster Implementation Validation › Header background color consistency (Task 16)" classname="implementation-validation.spec.ts" time="1.29">
<failure message="implementation-validation.spec.ts:29:7 Header background color consistency (Task 16)" type="FAILURE">
<![CDATA[  [Mobile Chrome] › implementation-validation.spec.ts:29:7 › TaskMaster Implementation Validation › Header background color consistency (Task 16) 

    Error: expect(received).toBe(expected) // Object.is equality

    Expected: "rgb(255, 255, 255)"
    Received: "rgba(0, 0, 0, 0)"

      46 |     // Background colors should be consistent (both should be solid white)
      47 |     expect(initialBgColor).toBe(scrolledBgColor);
    > 48 |     expect(initialBgColor).toBe('rgb(255, 255, 255)');
         |                            ^
      49 |
      50 |     // Scroll back to top
      51 |     await page.evaluate(() => window.scrollTo(0, 0));
        at C:\Users\kanei\claudecode\02.Homepage_Dev\02.epac_homepagever1.1\epackage-lab-web\tests\implementation-validation.spec.ts:48:28

    attachment #1: screenshot (image/png) ──────────────────────────────────────────────────────────
    ..\test-results\implementation-validation--9d38c--color-consistency-Task-16--Mobile-Chrome\test-failed-1.png
    ────────────────────────────────────────────────────────────────────────────────────────────────

    attachment #2: video (video/webm) ──────────────────────────────────────────────────────────────
    ..\test-results\implementation-validation--9d38c--color-consistency-Task-16--Mobile-Chrome\video.webm
    ────────────────────────────────────────────────────────────────────────────────────────────────

    Error Context: ..\test-results\implementation-validation--9d38c--color-consistency-Task-16--Mobile-Chrome\error-context.md
]]>
</failure>
<system-out>
<![CDATA[
[[ATTACHMENT|implementation-validation--9d38c--color-consistency-Task-16--Mobile-Chrome\test-failed-1.png]]

[[ATTACHMENT|implementation-validation--9d38c--color-consistency-Task-16--Mobile-Chrome\video.webm]]

[[ATTACHMENT|implementation-validation--9d38c--color-consistency-Task-16--Mobile-Chrome\error-context.md]]
]]>
</system-out>
</testcase>
<testcase name="TaskMaster Implementation Validation › Footer layout restructure (horizontal single row)" classname="implementation-validation.spec.ts" time="6.073">
<failure message="implementation-validation.spec.ts:55:7 Footer layout restructure (horizontal single row)" type="FAILURE">
<![CDATA[  [Mobile Chrome] › implementation-validation.spec.ts:55:7 › TaskMaster Implementation Validation › Footer layout restructure (horizontal single row) 

    Error: expect(locator).toBeVisible() failed

    Locator: locator('footer').locator('a[href="/about"]')
    Expected: visible
    Timeout: 5000ms
    Error: element(s) not found

    Call log:
      - Expect "toBeVisible" with timeout 5000ms
      - waiting for locator('footer').locator('a[href="/about"]')


      63 |
      64 |     // Check footer links are properly organized
    > 65 |     await expect(footer.locator('a[href="/about"]')).toBeVisible();
         |                                                      ^
      66 |     await expect(footer.locator('a[href="/privacy"]')).toBeVisible();
      67 |     await expect(footer.locator('a[href="/terms"]')).toBeVisible();
      68 |
        at C:\Users\kanei\claudecode\02.Homepage_Dev\02.epac_homepagever1.1\epackage-lab-web\tests\implementation-validation.spec.ts:65:54

    attachment #1: screenshot (image/png) ──────────────────────────────────────────────────────────
    ..\test-results\implementation-validation--caaab-ture-horizontal-single-row--Mobile-Chrome\test-failed-1.png
    ────────────────────────────────────────────────────────────────────────────────────────────────

    attachment #2: video (video/webm) ──────────────────────────────────────────────────────────────
    ..\test-results\implementation-validation--caaab-ture-horizontal-single-row--Mobile-Chrome\video.webm
    ────────────────────────────────────────────────────────────────────────────────────────────────

    Error Context: ..\test-results\implementation-validation--caaab-ture-horizontal-single-row--Mobile-Chrome\error-context.md
]]>
</failure>
<system-out>
<![CDATA[
[[ATTACHMENT|implementation-validation--caaab-ture-horizontal-single-row--Mobile-Chrome\test-failed-1.png]]

[[ATTACHMENT|implementation-validation--caaab-ture-horizontal-single-row--Mobile-Chrome\video.webm]]

[[ATTACHMENT|implementation-validation--caaab-ture-horizontal-single-row--Mobile-Chrome\error-context.md]]
]]>
</system-out>
</testcase>
<testcase name="TaskMaster Implementation Validation › Product catalog design template download functionality (Task 15)" classname="implementation-validation.spec.ts" time="11.053">
<failure message="implementation-validation.spec.ts:75:7 Product catalog design template download functionality (Task 15)" type="FAILURE">
<![CDATA[  [Mobile Chrome] › implementation-validation.spec.ts:75:7 › TaskMaster Implementation Validation › Product catalog design template download functionality (Task 15) 

    TimeoutError: page.click: Timeout 10000ms exceeded.
    Call log:
      - waiting for locator('a[href="/catalog/"]')
        - locator resolved to 5 elements. Proceeding with the first one: <a title="パウチ製品一覧" href="/catalog/" class="px-4 py-2 text-sm font-medium text-text-secondary transition-colors hover:text-brixa-600 focus:outline-none focus:text-brixa-600 rounded-lg hover:bg-bg-secondary after:absolute after:bottom-[-2px] after:left-0 after:w-0 after:h-0.5 after:bg-brixa-600 after:transition-all after:duration-200 hover:after:w-full">…</a>
      - attempting click action
        2 × waiting for element to be visible, enabled and stable
          - element is not visible
        - retrying click action
        - waiting 20ms
        2 × waiting for element to be visible, enabled and stable
          - element is not visible
        - retrying click action
          - waiting 100ms
        19 × waiting for element to be visible, enabled and stable
           - element is not visible
         - retrying click action
           - waiting 500ms


      75 |   test('Product catalog design template download functionality (Task 15)', async ({ page }) => {
      76 |     // Navigate to catalog page
    > 77 |     await page.click('a[href="/catalog/"]');
         |                ^
      78 |     await page.waitForLoadState('networkidle');
      79 |
      80 |     // Check catalog page loads
        at C:\Users\kanei\claudecode\02.Homepage_Dev\02.epac_homepagever1.1\epackage-lab-web\tests\implementation-validation.spec.ts:77:16

    attachment #1: screenshot (image/png) ──────────────────────────────────────────────────────────
    ..\test-results\implementation-validation--a0879-load-functionality-Task-15--Mobile-Chrome\test-failed-1.png
    ────────────────────────────────────────────────────────────────────────────────────────────────

    attachment #2: video (video/webm) ──────────────────────────────────────────────────────────────
    ..\test-results\implementation-validation--a0879-load-functionality-Task-15--Mobile-Chrome\video.webm
    ────────────────────────────────────────────────────────────────────────────────────────────────

    Error Context: ..\test-results\implementation-validation--a0879-load-functionality-Task-15--Mobile-Chrome\error-context.md
]]>
</failure>
<system-out>
<![CDATA[
[[ATTACHMENT|implementation-validation--a0879-load-functionality-Task-15--Mobile-Chrome\test-failed-1.png]]

[[ATTACHMENT|implementation-validation--a0879-load-functionality-Task-15--Mobile-Chrome\video.webm]]

[[ATTACHMENT|implementation-validation--a0879-load-functionality-Task-15--Mobile-Chrome\error-context.md]]
]]>
</system-out>
</testcase>
<testcase name="TaskMaster Implementation Validation › Design guide pages availability (Task 10)" classname="implementation-validation.spec.ts" time="4.654">
</testcase>
<testcase name="TaskMaster Implementation Validation › Japanese localization verification (Task 8)" classname="implementation-validation.spec.ts" time="0.817">
<failure message="implementation-validation.spec.ts:134:7 Japanese localization verification (Task 8)" type="FAILURE">
<![CDATA[  [Mobile Chrome] › implementation-validation.spec.ts:134:7 › TaskMaster Implementation Validation › Japanese localization verification (Task 8) 

    Error: expect(locator).toBeVisible() failed

    Locator: locator('text=日本語')
    Expected: visible
    Error: strict mode violation: locator('text=日本語') resolved to 2 elements:
        1) <span class="hidden sm:inline text-xs font-medium">日本語</span> aka getByRole('button', { name: '言語を選択: 日本語' })
        2) <span class="text-sm font-medium text-white">日本語サポート</span> aka getByText('日本語サポート')

    Call log:
      - Expect "toBeVisible" with timeout 5000ms
      - waiting for locator('text=日本語')


      149 |
      150 |     // Check for Japanese-specific content
    > 151 |     await expect(page.locator('text=日本語')).toBeVisible();
          |                                            ^
      152 |     await expect(page.locator('text=食品包装')).toBeVisible();
      153 |     await expect(page.locator('text=JIS規格')).toBeVisible();
      154 |   });
        at C:\Users\kanei\claudecode\02.Homepage_Dev\02.epac_homepagever1.1\epackage-lab-web\tests\implementation-validation.spec.ts:151:44

    attachment #1: screenshot (image/png) ──────────────────────────────────────────────────────────
    ..\test-results\implementation-validation--213d0-zation-verification-Task-8--Mobile-Chrome\test-failed-1.png
    ────────────────────────────────────────────────────────────────────────────────────────────────

    attachment #2: video (video/webm) ──────────────────────────────────────────────────────────────
    ..\test-results\implementation-validation--213d0-zation-verification-Task-8--Mobile-Chrome\video.webm
    ────────────────────────────────────────────────────────────────────────────────────────────────

    Error Context: ..\test-results\implementation-validation--213d0-zation-verification-Task-8--Mobile-Chrome\error-context.md
]]>
</failure>
<system-out>
<![CDATA[
[[ATTACHMENT|implementation-validation--213d0-zation-verification-Task-8--Mobile-Chrome\test-failed-1.png]]

[[ATTACHMENT|implementation-validation--213d0-zation-verification-Task-8--Mobile-Chrome\video.webm]]

[[ATTACHMENT|implementation-validation--213d0-zation-verification-Task-8--Mobile-Chrome\error-context.md]]
]]>
</system-out>
</testcase>
<testcase name="TaskMaster Implementation Validation › Catalog page functionality and product display" classname="implementation-validation.spec.ts" time="10.904">
<failure message="implementation-validation.spec.ts:156:7 Catalog page functionality and product display" type="FAILURE">
<![CDATA[  [Mobile Chrome] › implementation-validation.spec.ts:156:7 › TaskMaster Implementation Validation › Catalog page functionality and product display 

    TimeoutError: page.click: Timeout 10000ms exceeded.
    Call log:
      - waiting for locator('a[href="/catalog/"]')
        - locator resolved to 5 elements. Proceeding with the first one: <a title="パウチ製品一覧" href="/catalog/" class="px-4 py-2 text-sm font-medium text-text-secondary transition-colors hover:text-brixa-600 focus:outline-none focus:text-brixa-600 rounded-lg hover:bg-bg-secondary after:absolute after:bottom-[-2px] after:left-0 after:w-0 after:h-0.5 after:bg-brixa-600 after:transition-all after:duration-200 hover:after:w-full">…</a>
      - attempting click action
        2 × waiting for element to be visible, enabled and stable
          - element is not visible
        - retrying click action
        - waiting 20ms
        2 × waiting for element to be visible, enabled and stable
          - element is not visible
        - retrying click action
          - waiting 100ms
        19 × waiting for element to be visible, enabled and stable
           - element is not visible
         - retrying click action
           - waiting 500ms


      156 |   test('Catalog page functionality and product display', async ({ page }) => {
      157 |     // Navigate to catalog
    > 158 |     await page.click('a[href="/catalog/"]');
          |                ^
      159 |     await page.waitForLoadState('networkidle');
      160 |
      161 |     // Check catalog page loads
        at C:\Users\kanei\claudecode\02.Homepage_Dev\02.epac_homepagever1.1\epackage-lab-web\tests\implementation-validation.spec.ts:158:16

    attachment #1: screenshot (image/png) ──────────────────────────────────────────────────────────
    ..\test-results\implementation-validation--0645e-onality-and-product-display-Mobile-Chrome\test-failed-1.png
    ────────────────────────────────────────────────────────────────────────────────────────────────

    attachment #2: video (video/webm) ──────────────────────────────────────────────────────────────
    ..\test-results\implementation-validation--0645e-onality-and-product-display-Mobile-Chrome\video.webm
    ────────────────────────────────────────────────────────────────────────────────────────────────

    Error Context: ..\test-results\implementation-validation--0645e-onality-and-product-display-Mobile-Chrome\error-context.md
]]>
</failure>
<system-out>
<![CDATA[
[[ATTACHMENT|implementation-validation--0645e-onality-and-product-display-Mobile-Chrome\test-failed-1.png]]

[[ATTACHMENT|implementation-validation--0645e-onality-and-product-display-Mobile-Chrome\video.webm]]

[[ATTACHMENT|implementation-validation--0645e-onality-and-product-display-Mobile-Chrome\error-context.md]]
]]>
</system-out>
</testcase>
<testcase name="TaskMaster Implementation Validation › Navigation and routing functionality" classname="implementation-validation.spec.ts" time="10.864">
<failure message="implementation-validation.spec.ts:179:7 Navigation and routing functionality" type="FAILURE">
<![CDATA[  [Mobile Chrome] › implementation-validation.spec.ts:179:7 › TaskMaster Implementation Validation › Navigation and routing functionality 

    TimeoutError: page.click: Timeout 10000ms exceeded.
    Call log:
      - waiting for locator('a[href="/catalog/"]')
        - locator resolved to 5 elements. Proceeding with the first one: <a title="パウチ製品一覧" href="/catalog/" class="px-4 py-2 text-sm font-medium text-text-secondary transition-colors hover:text-brixa-600 focus:outline-none focus:text-brixa-600 rounded-lg hover:bg-bg-secondary after:absolute after:bottom-[-2px] after:left-0 after:w-0 after:h-0.5 after:bg-brixa-600 after:transition-all after:duration-200 hover:after:w-full">…</a>
      - attempting click action
        2 × waiting for element to be visible, enabled and stable
          - element is not visible
        - retrying click action
        - waiting 20ms
        2 × waiting for element to be visible, enabled and stable
          - element is not visible
        - retrying click action
          - waiting 100ms
        19 × waiting for element to be visible, enabled and stable
           - element is not visible
         - retrying click action
           - waiting 500ms


      187 |
      188 |     for (const link of navLinks) {
    > 189 |       await page.click(`a[href="${link.href}"]`);
          |                  ^
      190 |       await page.waitForLoadState('networkidle');
      191 |
      192 |       // Verify navigation worked
        at C:\Users\kanei\claudecode\02.Homepage_Dev\02.epac_homepagever1.1\epackage-lab-web\tests\implementation-validation.spec.ts:189:18

    attachment #1: screenshot (image/png) ──────────────────────────────────────────────────────────
    ..\test-results\implementation-validation--d2dc7-n-and-routing-functionality-Mobile-Chrome\test-failed-1.png
    ────────────────────────────────────────────────────────────────────────────────────────────────

    attachment #2: video (video/webm) ──────────────────────────────────────────────────────────────
    ..\test-results\implementation-validation--d2dc7-n-and-routing-functionality-Mobile-Chrome\video.webm
    ────────────────────────────────────────────────────────────────────────────────────────────────

    Error Context: ..\test-results\implementation-validation--d2dc7-n-and-routing-functionality-Mobile-Chrome\error-context.md
]]>
</failure>
<system-out>
<![CDATA[
[[ATTACHMENT|implementation-validation--d2dc7-n-and-routing-functionality-Mobile-Chrome\test-failed-1.png]]

[[ATTACHMENT|implementation-validation--d2dc7-n-and-routing-functionality-Mobile-Chrome\video.webm]]

[[ATTACHMENT|implementation-validation--d2dc7-n-and-routing-functionality-Mobile-Chrome\error-context.md]]
]]>
</system-out>
</testcase>
<testcase name="TaskMaster Implementation Validation › Mobile responsiveness and mobile menu functionality" classname="implementation-validation.spec.ts" time="1.612">
<failure message="implementation-validation.spec.ts:203:7 Mobile responsiveness and mobile menu functionality" type="FAILURE">
<![CDATA[  [Mobile Chrome] › implementation-validation.spec.ts:203:7 › TaskMaster Implementation Validation › Mobile responsiveness and mobile menu functionality 

    Error: expect(locator).toBeVisible() failed

    Locator: locator('a[href="/catalog/"]')
    Expected: visible
    Error: strict mode violation: locator('a[href="/catalog/"]') resolved to 10 elements:
        1) <a title="パウチ製品一覧" href="/catalog/" class="px-4 py-2 text-sm font-medium text-text-secondary transition-colors hover:text-brixa-600 focus:outline-none focus:text-brixa-600 rounded-lg hover:bg-bg-secondary after:absolute after:bottom-[-2px] after:left-0 after:w-0 after:h-0.5 after:bg-brixa-600 after:transition-all after:duration-200 hover:after:w-full">…</a> aka getByLabel('Main navigation').getByTitle('パウチ製品一覧')
        2) <a title="パウチ製品一覧" href="/catalog/" class="block px-4 py-3 text-base font-medium text-text-secondary rounded-lg transition-colors hover:bg-bg-secondary hover:text-text-primary focus:outline-none focus:bg-bg-secondary focus:text-text-primary after:absolute after:bottom-[-2px] after:left-0 after:w-0 after:h-0.5 after:bg-brixa-600 after:transition-all after:duration-200 hover:after:w-full">…</a> aka getByRole('link', { name: '製品カタログ', exact: true })
        3) <a href="/catalog/" class="inline-flex group relative">…</a> aka getByRole('link', { name: '全製品を見る 人気' })
        4) <a class="flex-1" href="/catalog/">…</a> aka getByRole('link', { name: '詳細をご確認' }).first()
        5) <a class="flex-1" href="/catalog/">…</a> aka getByRole('link', { name: '詳細をご確認' }).nth(1)
        6) <a class="flex-1" href="/catalog/">…</a> aka getByRole('link', { name: '詳細をご確認' }).nth(2)
        7) <a class="flex-1" href="/catalog/">…</a> aka getByRole('link', { name: '詳細をご確認' }).nth(3)
        8) <a class="flex-1" href="/catalog/">…</a> aka getByRole('link', { name: '詳細をご確認' }).nth(4)
        9) <a href="/catalog/">…</a> aka getByRole('link', { name: '全製品を見る', exact: true })
        10) <a class="group" href="/catalog/">…</a> aka getByRole('link', { name: '全製品カタログ 全製品を詳しく確認。仕様と価格を比較。 おすすめ 全製品確認' })

    Call log:
      - Expect "toBeVisible" with timeout 5000ms
      - waiting for locator('a[href="/catalog/"]')


      217 |
      218 |     // Check navigation items are visible in mobile menu
    > 219 |     await expect(page.locator('a[href="/catalog/"]')).toBeVisible();
          |                                                       ^
      220 |     await expect(page.locator('a[href="/contact/"]')).toBeVisible();
      221 |
      222 |     // Close mobile menu
        at C:\Users\kanei\claudecode\02.Homepage_Dev\02.epac_homepagever1.1\epackage-lab-web\tests\implementation-validation.spec.ts:219:55

    attachment #1: screenshot (image/png) ──────────────────────────────────────────────────────────
    ..\test-results\implementation-validation--8034f-d-mobile-menu-functionality-Mobile-Chrome\test-failed-1.png
    ────────────────────────────────────────────────────────────────────────────────────────────────

    attachment #2: video (video/webm) ──────────────────────────────────────────────────────────────
    ..\test-results\implementation-validation--8034f-d-mobile-menu-functionality-Mobile-Chrome\video.webm
    ────────────────────────────────────────────────────────────────────────────────────────────────

    Error Context: ..\test-results\implementation-validation--8034f-d-mobile-menu-functionality-Mobile-Chrome\error-context.md
]]>
</failure>
<system-out>
<![CDATA[
[[ATTACHMENT|implementation-validation--8034f-d-mobile-menu-functionality-Mobile-Chrome\test-failed-1.png]]

[[ATTACHMENT|implementation-validation--8034f-d-mobile-menu-functionality-Mobile-Chrome\video.webm]]

[[ATTACHMENT|implementation-validation--8034f-d-mobile-menu-functionality-Mobile-Chrome\error-context.md]]
]]>
</system-out>
</testcase>
<testcase name="TaskMaster Implementation Validation › Performance and accessibility checks" classname="implementation-validation.spec.ts" time="0.803">
</testcase>
<testcase name="TaskMaster Implementation Validation › Contact and inquiry functionality" classname="implementation-validation.spec.ts" time="10.859">
<failure message="implementation-validation.spec.ts:262:7 Contact and inquiry functionality" type="FAILURE">
<![CDATA[  [Mobile Chrome] › implementation-validation.spec.ts:262:7 › TaskMaster Implementation Validation › Contact and inquiry functionality 

    TimeoutError: page.click: Timeout 10000ms exceeded.
    Call log:
      - waiting for locator('a[href="/contact/"]')
        - locator resolved to 3 elements. Proceeding with the first one: <a href="/contact/" class="inline-flex">…</a>
      - attempting click action
        2 × waiting for element to be visible, enabled and stable
          - element is not visible
        - retrying click action
        - waiting 20ms
        2 × waiting for element to be visible, enabled and stable
          - element is not visible
        - retrying click action
          - waiting 100ms
        19 × waiting for element to be visible, enabled and stable
           - element is not visible
         - retrying click action
           - waiting 500ms


      262 |   test('Contact and inquiry functionality', async ({ page }) => {
      263 |     // Test contact page
    > 264 |     await page.click('a[href="/contact/"]');
          |                ^
      265 |     await page.waitForLoadState('networkidle');
      266 |
      267 |     // Verify contact page loaded
        at C:\Users\kanei\claudecode\02.Homepage_Dev\02.epac_homepagever1.1\epackage-lab-web\tests\implementation-validation.spec.ts:264:16

    attachment #1: screenshot (image/png) ──────────────────────────────────────────────────────────
    ..\test-results\implementation-validation--cf019-t-and-inquiry-functionality-Mobile-Chrome\test-failed-1.png
    ────────────────────────────────────────────────────────────────────────────────────────────────

    attachment #2: video (video/webm) ──────────────────────────────────────────────────────────────
    ..\test-results\implementation-validation--cf019-t-and-inquiry-functionality-Mobile-Chrome\video.webm
    ────────────────────────────────────────────────────────────────────────────────────────────────

    Error Context: ..\test-results\implementation-validation--cf019-t-and-inquiry-functionality-Mobile-Chrome\error-context.md
]]>
</failure>
<system-out>
<![CDATA[
[[ATTACHMENT|implementation-validation--cf019-t-and-inquiry-functionality-Mobile-Chrome\test-failed-1.png]]

[[ATTACHMENT|implementation-validation--cf019-t-and-inquiry-functionality-Mobile-Chrome\video.webm]]

[[ATTACHMENT|implementation-validation--cf019-t-and-inquiry-functionality-Mobile-Chrome\error-context.md]]
]]>
</system-out>
</testcase>
<testcase name="API and Backend Functionality › Design template download API endpoints" classname="implementation-validation.spec.ts" time="0.41">
<failure message="implementation-validation.spec.ts:291:7 Design template download API endpoints" type="FAILURE">
<![CDATA[  [Mobile Chrome] › implementation-validation.spec.ts:291:7 › API and Backend Functionality › Design template download API endpoints 

    Error: expect(received).toBe(expected) // Object.is equality

    Expected: 200
    Received: 405

      298 |
      299 |     // API should respond successfully
    > 300 |     expect(apiResponse.status()).toBe(200);
          |                                  ^
      301 |
      302 |     // Response should contain template information
      303 |     const responseData = await apiResponse.json();
        at C:\Users\kanei\claudecode\02.Homepage_Dev\02.epac_homepagever1.1\epackage-lab-web\tests\implementation-validation.spec.ts:300:34

    attachment #1: screenshot (image/png) ──────────────────────────────────────────────────────────
    ..\test-results\implementation-validation--ecc2c-late-download-API-endpoints-Mobile-Chrome\test-failed-1.png
    ────────────────────────────────────────────────────────────────────────────────────────────────

    attachment #2: video (video/webm) ──────────────────────────────────────────────────────────────
    ..\test-results\implementation-validation--ecc2c-late-download-API-endpoints-Mobile-Chrome\video.webm
    ────────────────────────────────────────────────────────────────────────────────────────────────
]]>
</failure>
<system-out>
<![CDATA[
[[ATTACHMENT|implementation-validation--ecc2c-late-download-API-endpoints-Mobile-Chrome\test-failed-1.png]]

[[ATTACHMENT|implementation-validation--ecc2c-late-download-API-endpoints-Mobile-Chrome\video.webm]]
]]>
</system-out>
</testcase>
<testcase name="API and Backend Functionality › Product catalog API" classname="implementation-validation.spec.ts" time="0.394">
</testcase>
<testcase name="Error Handling and Edge Cases › 404 page handling" classname="implementation-validation.spec.ts" time="0.644">
</testcase>
<testcase name="Error Handling and Edge Cases › Image loading with fallbacks" classname="implementation-validation.spec.ts" time="2.849">
</testcase>
</testsuite>
<testsuite name="navigation.spec.ts" timestamp="2025-12-12T21:41:49.549Z" hostname="Mobile Chrome" tests="8" failures="1" skipped="0" time="35.886" errors="0">
<testcase name="Navigation System › header menu has no nested duplication" classname="navigation.spec.ts" time="2.91">
</testcase>
<testcase name="Navigation System › all menu links work correctly" classname="navigation.spec.ts" time="13.439">
<failure message="navigation.spec.ts:27:9 all menu links work correctly" type="FAILURE">
<![CDATA[  [Mobile Chrome] › navigation.spec.ts:27:9 › Navigation System › all menu links work correctly ────

    TimeoutError: locator.getAttribute: Timeout 10000ms exceeded.
    Call log:
      - waiting for locator('nav a, header a, [data-testid="nav-link"]').nth(1)


      35 |         for (let i = 0; i < linksToTest; i++) {
      36 |             const link = navLinks.nth(i);
    > 37 |             const href = await link.getAttribute('href');
         |                                     ^
      38 |
      39 |             // Skip external links and anchors
      40 |             if (href && !href.startsWith('http') && !href.startsWith('#') && !href.startsWith('mailto:')) {
        at C:\Users\kanei\claudecode\02.Homepage_Dev\02.epac_homepagever1.1\epackage-lab-web\tests\navigation.spec.ts:37:37

    attachment #1: screenshot (image/png) ──────────────────────────────────────────────────────────
    ..\test-results\navigation-Navigation-System-all-menu-links-work-correctly-Mobile-Chrome\test-failed-1.png
    ────────────────────────────────────────────────────────────────────────────────────────────────

    attachment #2: video (video/webm) ──────────────────────────────────────────────────────────────
    ..\test-results\navigation-Navigation-System-all-menu-links-work-correctly-Mobile-Chrome\video.webm
    ────────────────────────────────────────────────────────────────────────────────────────────────
]]>
</failure>
<system-out>
<![CDATA[
[[ATTACHMENT|navigation-Navigation-System-all-menu-links-work-correctly-Mobile-Chrome\test-failed-1.png]]

[[ATTACHMENT|navigation-Navigation-System-all-menu-links-work-correctly-Mobile-Chrome\video.webm]]
]]>
</system-out>
</testcase>
<testcase name="Navigation System › Japanese text renders correctly in navigation" classname="navigation.spec.ts" time="2.716">
<system-out>
<![CDATA[Navigation font: "Noto Sans JP", "Noto Sans CJK JP", "Hiragino Sans", "Yu Gothic", sans-serif
]]>
</system-out>
</testcase>
<testcase name="Navigation System › dropdown menu functionality" classname="navigation.spec.ts" time="2.685">
</testcase>
<testcase name="Navigation System › mobile menu functionality" classname="navigation.spec.ts" time="2.133">
</testcase>
<testcase name="Navigation System › sticky navigation on scroll" classname="navigation.spec.ts" time="3.405">
</testcase>
<testcase name="Navigation System › active page highlighting" classname="navigation.spec.ts" time="5.665">
</testcase>
<testcase name="Navigation System › navigation accessibility" classname="navigation.spec.ts" time="2.933">
<system-out>
<![CDATA[Tab 1: Focused on A
Tab 2: Focused on A
Tab 3: Focused on BUTTON
Tab 4: Focused on A
Tab 5: Focused on A
Tab 6: Focused on BUTTON
Tab 7: Focused on A
Tab 8: Focused on BUTTON
Tab 9: Focused on A
Tab 10: Focused on BUTTON
]]>
</system-out>
</testcase>
</testsuite>
<testsuite name="post-processing.spec.ts" timestamp="2025-12-12T21:41:49.549Z" hostname="Mobile Chrome" tests="8" failures="1" skipped="0" time="13.266" errors="0">
<testcase name="Post-Processing Preview System › displays all 14 processing types" classname="post-processing.spec.ts" time="1.584">
<failure message="post-processing.spec.ts:9:9 displays all 14 processing types" type="FAILURE">
<![CDATA[  [Mobile Chrome] › post-processing.spec.ts:9:9 › Post-Processing Preview System › displays all 14 processing types 

    Error: expect(received).toBeGreaterThan(expected)

    Expected: > 10
    Received:   0

      20 |
      21 |         // Should have multiple options
    > 22 |         expect(optionCount).toBeGreaterThan(10);
         |                             ^
      23 |
      24 |         // Check category labels
      25 |         const categories = ['ジッパー', '仕上げ', '穴', 'その他'];
        at C:\Users\kanei\claudecode\02.Homepage_Dev\02.epac_homepagever1.1\epackage-lab-web\tests\post-processing.spec.ts:22:29

    attachment #1: screenshot (image/png) ──────────────────────────────────────────────────────────
    ..\test-results\post-processing-Post-Proce-768ad-ays-all-14-processing-types-Mobile-Chrome\test-failed-1.png
    ────────────────────────────────────────────────────────────────────────────────────────────────

    attachment #2: video (video/webm) ──────────────────────────────────────────────────────────────
    ..\test-results\post-processing-Post-Proce-768ad-ays-all-14-processing-types-Mobile-Chrome\video.webm
    ────────────────────────────────────────────────────────────────────────────────────────────────

    Error Context: ..\test-results\post-processing-Post-Proce-768ad-ays-all-14-processing-types-Mobile-Chrome\error-context.md
]]>
</failure>
<system-out>
<![CDATA[Found 0 processing options

[[ATTACHMENT|post-processing-Post-Proce-768ad-ays-all-14-processing-types-Mobile-Chrome\test-failed-1.png]]

[[ATTACHMENT|post-processing-Post-Proce-768ad-ays-all-14-processing-types-Mobile-Chrome\video.webm]]

[[ATTACHMENT|post-processing-Post-Proce-768ad-ays-all-14-processing-types-Mobile-Chrome\error-context.md]]
]]>
</system-out>
</testcase>
<testcase name="Post-Processing Preview System › shows visual previews correctly" classname="post-processing.spec.ts" time="1.58">
</testcase>
<testcase name="Post-Processing Preview System › updates price calculation in real-time" classname="post-processing.spec.ts" time="1.764">
</testcase>
<testcase name="Post-Processing Preview System › selection and deselection functionality" classname="post-processing.spec.ts" time="1.602">
</testcase>
<testcase name="Post-Processing Preview System › mobile responsive preview display" classname="post-processing.spec.ts" time="1.675">
</testcase>
<testcase name="Post-Processing Preview System › category grouping functionality" classname="post-processing.spec.ts" time="1.709">
<system-out>
<![CDATA[Categories - Zipper: false, Finishing: false, Holes: false
]]>
</system-out>
</testcase>
<testcase name="Post-Processing Preview System › preview image loading states" classname="post-processing.spec.ts" time="1.72">
</testcase>
<testcase name="Post-Processing Preview System › processing options affect quote summary" classname="post-processing.spec.ts" time="1.632">
</testcase>
</testsuite>
<testsuite name="simulation.spec.ts" timestamp="2025-12-12T21:41:49.549Z" hostname="Mobile Chrome" tests="1" failures="1" skipped="0" time="5.728" errors="0">
<testcase name="Simulation Wizard Flow" classname="simulation.spec.ts" time="5.728">
<failure message="simulation.spec.ts:3:5 Simulation Wizard Flow" type="FAILURE">
<![CDATA[  [Mobile Chrome] › simulation.spec.ts:3:5 › Simulation Wizard Flow ────────────────────────────────

    Error: expect(page).toHaveTitle(expected) failed

    Expected pattern: /見積り/
    Received string:  "自動見積もり | Epackage Lab"
    Timeout: 5000ms

    Call log:
      - Expect "toHaveTitle" with timeout 5000ms
        9 × unexpected value "自動見積もり | Epackage Lab"


       6 |     await page.goto('/simulation');
       7 |     console.log('Navigated to /simulation');
    >  8 |     await expect(page).toHaveTitle(/見積り/);
         |                        ^
       9 |     console.log('Title verified');
      10 |
      11 |     // 2. Step 1: Bag Selection
        at C:\Users\kanei\claudecode\02.Homepage_Dev\02.epac_homepagever1.1\epackage-lab-web\tests\simulation.spec.ts:8:24

    attachment #1: screenshot (image/png) ──────────────────────────────────────────────────────────
    ..\test-results\simulation-Simulation-Wizard-Flow-Mobile-Chrome\test-failed-1.png
    ────────────────────────────────────────────────────────────────────────────────────────────────

    attachment #2: video (video/webm) ──────────────────────────────────────────────────────────────
    ..\test-results\simulation-Simulation-Wizard-Flow-Mobile-Chrome\video.webm
    ────────────────────────────────────────────────────────────────────────────────────────────────

    Error Context: ..\test-results\simulation-Simulation-Wizard-Flow-Mobile-Chrome\error-context.md
]]>
</failure>
<system-out>
<![CDATA[Starting test...
Navigated to /simulation

[[ATTACHMENT|simulation-Simulation-Wizard-Flow-Mobile-Chrome\test-failed-1.png]]

[[ATTACHMENT|simulation-Simulation-Wizard-Flow-Mobile-Chrome\video.webm]]

[[ATTACHMENT|simulation-Simulation-Wizard-Flow-Mobile-Chrome\error-context.md]]
]]>
</system-out>
</testcase>
</testsuite>
<testsuite name="test-summary.spec.ts" timestamp="2025-12-12T21:41:49.549Z" hostname="Mobile Chrome" tests="11" failures="5" skipped="0" time="41.276" errors="0">
<testcase name="TaskMaster Implementation Summary › ✅ SUCCESS: Japanese localization is properly implemented" classname="test-summary.spec.ts" time="0.814">
<failure message="test-summary.spec.ts:13:7 ✅ SUCCESS: Japanese localization is properly implemented" type="FAILURE">
<![CDATA[  [Mobile Chrome] › test-summary.spec.ts:13:7 › TaskMaster Implementation Summary › ✅ SUCCESS: Japanese localization is properly implemented 

    Error: expect(locator).toBeVisible() failed

    Locator: locator('text=食品・化粧品・電子部品')
    Expected: visible
    Error: strict mode violation: locator('text=食品・化粧品・電子部品') resolved to 2 elements:
        1) <p class="text-lg md:text-xl text-gray-200 leading-relaxed max-w-4xl mx-auto bg-black/30 backdrop-blur-sm rounded-2xl p-6 border border-white/10">食品・化粧品・電子部品など、あらゆる業界に対応する高品質パウチ包装。 あなたの製品価値を最大限に引…</p> aka getByText('食品・化粧品・電子部品など、あらゆる業界に対応する高品質パウチ包装。 あなたの製品価値を最大限に引き出す最適な包装ソリューションをご提案します。')
        2) <p class="text-lg text-gray-600 max-w-3xl mx-auto">食品・化粧品・電子部品など、あらゆる製品に対応する専門パウチ製品。 お客様のニーズに合わせて最適な…</p> aka getByText('食品・化粧品・電子部品など、あらゆる製品に対応する専門パウチ製品。 お客様のニーズに合わせて最適な包装ソリューションをご提案します。')

    Call log:
      - Expect "toBeVisible" with timeout 5000ms
      - waiting for locator('text=食品・化粧品・電子部品')


      20 |     await expect(page.locator('h1')).toContainText('あなたの製品を');
      21 |     await expect(page.locator('h1')).toContainText('輝かせる');
    > 22 |     await expect(page.locator('text=食品・化粧品・電子部品')).toBeVisible();
         |                                                    ^
      23 |   });
      24 |
      25 |   test('✅ SUCCESS: All key pages are accessible', async ({ page }) => {
        at C:\Users\kanei\claudecode\02.Homepage_Dev\02.epac_homepagever1.1\epackage-lab-web\tests\test-summary.spec.ts:22:52

    attachment #1: screenshot (image/png) ──────────────────────────────────────────────────────────
    ..\test-results\test-summary-TaskMaster-Im-3ad08-ion-is-properly-implemented-Mobile-Chrome\test-failed-1.png
    ────────────────────────────────────────────────────────────────────────────────────────────────

    attachment #2: video (video/webm) ──────────────────────────────────────────────────────────────
    ..\test-results\test-summary-TaskMaster-Im-3ad08-ion-is-properly-implemented-Mobile-Chrome\video.webm
    ────────────────────────────────────────────────────────────────────────────────────────────────

    Error Context: ..\test-results\test-summary-TaskMaster-Im-3ad08-ion-is-properly-implemented-Mobile-Chrome\error-context.md
]]>
</failure>
<system-out>
<![CDATA[
[[ATTACHMENT|test-summary-TaskMaster-Im-3ad08-ion-is-properly-implemented-Mobile-Chrome\test-failed-1.png]]

[[ATTACHMENT|test-summary-TaskMaster-Im-3ad08-ion-is-properly-implemented-Mobile-Chrome\video.webm]]

[[ATTACHMENT|test-summary-TaskMaster-Im-3ad08-ion-is-properly-implemented-Mobile-Chrome\error-context.md]]
]]>
</system-out>
</testcase>
<testcase name="TaskMaster Implementation Summary › ✅ SUCCESS: All key pages are accessible" classname="test-summary.spec.ts" time="1.982">
</testcase>
<testcase name="TaskMaster Implementation Summary › ✅ SUCCESS: Design guide pages are functional" classname="test-summary.spec.ts" time="2.209">
</testcase>
<testcase name="TaskMaster Implementation Summary › ✅ SUCCESS: Footer has been restructured" classname="test-summary.spec.ts" time="7.139">
<failure message="test-summary.spec.ts:56:7 ✅ SUCCESS: Footer has been restructured" type="FAILURE">
<![CDATA[  [Mobile Chrome] › test-summary.spec.ts:56:7 › TaskMaster Implementation Summary › ✅ SUCCESS: Footer has been restructured 

    Error: expect(locator).toBeVisible() failed

    Locator: locator('text=〒673-0846')
    Expected: visible
    Timeout: 5000ms
    Error: element(s) not found

    Call log:
      - Expect "toBeVisible" with timeout 5000ms
      - waiting for locator('text=〒673-0846')


      61 |     // Check footer content
      62 |     await expect(page.locator('text=先進技術と卓越した品質で')).toBeVisible();
    > 63 |     await expect(page.locator('text=〒673-0846')).toBeVisible();
         |                                                  ^
      64 |     await expect(page.locator('text=080-6942-7235')).toBeVisible();
      65 |   });
      66 |
        at C:\Users\kanei\claudecode\02.Homepage_Dev\02.epac_homepagever1.1\epackage-lab-web\tests\test-summary.spec.ts:63:50

    attachment #1: screenshot (image/png) ──────────────────────────────────────────────────────────
    ..\test-results\test-summary-TaskMaster-Im-ceb8f-ooter-has-been-restructured-Mobile-Chrome\test-failed-1.png
    ────────────────────────────────────────────────────────────────────────────────────────────────

    attachment #2: video (video/webm) ──────────────────────────────────────────────────────────────
    ..\test-results\test-summary-TaskMaster-Im-ceb8f-ooter-has-been-restructured-Mobile-Chrome\video.webm
    ────────────────────────────────────────────────────────────────────────────────────────────────

    Error Context: ..\test-results\test-summary-TaskMaster-Im-ceb8f-ooter-has-been-restructured-Mobile-Chrome\error-context.md
]]>
</failure>
<system-out>
<![CDATA[
[[ATTACHMENT|test-summary-TaskMaster-Im-ceb8f-ooter-has-been-restructured-Mobile-Chrome\test-failed-1.png]]

[[ATTACHMENT|test-summary-TaskMaster-Im-ceb8f-ooter-has-been-restructured-Mobile-Chrome\video.webm]]

[[ATTACHMENT|test-summary-TaskMaster-Im-ceb8f-ooter-has-been-restructured-Mobile-Chrome\error-context.md]]
]]>
</system-out>
</testcase>
<testcase name="TaskMaster Implementation Summary › ✅ SUCCESS: API endpoints are working" classname="test-summary.spec.ts" time="0.672">
</testcase>
<testcase name="TaskMaster Implementation Summary › ✅ SUCCESS: Header functionality works" classname="test-summary.spec.ts" time="6.452">
<failure message="test-summary.spec.ts:76:7 ✅ SUCCESS: Header functionality works" type="FAILURE">
<![CDATA[  [Mobile Chrome] › test-summary.spec.ts:76:7 › TaskMaster Implementation Summary › ✅ SUCCESS: Header functionality works 

    Error: expect(locator).toHaveCount(expected) failed

    Locator:  locator('a[href="/catalog/"]')
    Expected: 5
    Received: 10
    Timeout:  5000ms

    Call log:
      - Expect "toHaveCount" with timeout 5000ms
      - waiting for locator('a[href="/catalog/"]')
        9 × locator resolved to 10 elements
          - unexpected value "10"


      86 |     // Test navigation links exist
      87 |     const catalogLinks = page.locator('a[href="/catalog/"]');
    > 88 |     await expect(catalogLinks).toHaveCount(5); // Multiple catalog links is expected
         |                                ^
      89 |   });
      90 |
      91 |   test('✅ SUCCESS: Mobile responsiveness', async ({ page }) => {
        at C:\Users\kanei\claudecode\02.Homepage_Dev\02.epac_homepagever1.1\epackage-lab-web\tests\test-summary.spec.ts:88:32

    attachment #1: screenshot (image/png) ──────────────────────────────────────────────────────────
    ..\test-results\test-summary-TaskMaster-Im-b5352--Header-functionality-works-Mobile-Chrome\test-failed-1.png
    ────────────────────────────────────────────────────────────────────────────────────────────────

    attachment #2: video (video/webm) ──────────────────────────────────────────────────────────────
    ..\test-results\test-summary-TaskMaster-Im-b5352--Header-functionality-works-Mobile-Chrome\video.webm
    ────────────────────────────────────────────────────────────────────────────────────────────────

    Error Context: ..\test-results\test-summary-TaskMaster-Im-b5352--Header-functionality-works-Mobile-Chrome\error-context.md
]]>
</failure>
<system-out>
<![CDATA[
[[ATTACHMENT|test-summary-TaskMaster-Im-b5352--Header-functionality-works-Mobile-Chrome\test-failed-1.png]]

[[ATTACHMENT|test-summary-TaskMaster-Im-b5352--Header-functionality-works-Mobile-Chrome\video.webm]]

[[ATTACHMENT|test-summary-TaskMaster-Im-b5352--Header-functionality-works-Mobile-Chrome\error-context.md]]
]]>
</system-out>
</testcase>
<testcase name="TaskMaster Implementation Summary › ✅ SUCCESS: Mobile responsiveness" classname="test-summary.spec.ts" time="2.195">
</testcase>
<testcase name="TaskMaster Implementation Summary › ✅ SUCCESS: Navigation functionality" classname="test-summary.spec.ts" time="10.721">
<failure message="test-summary.spec.ts:107:7 ✅ SUCCESS: Navigation functionality" type="FAILURE">
<![CDATA[  [Mobile Chrome] › test-summary.spec.ts:107:7 › TaskMaster Implementation Summary › ✅ SUCCESS: Navigation functionality 

    TimeoutError: page.click: Timeout 10000ms exceeded.
    Call log:
      - waiting for locator('a[href="/catalog/"]')
        - locator resolved to 5 elements. Proceeding with the first one: <a title="パウチ製品一覧" href="/catalog/" class="px-4 py-2 text-sm font-medium text-text-secondary transition-colors hover:text-brixa-600 focus:outline-none focus:text-brixa-600 rounded-lg hover:bg-bg-secondary after:absolute after:bottom-[-2px] after:left-0 after:w-0 after:h-0.5 after:bg-brixa-600 after:transition-all after:duration-200 hover:after:w-full">…</a>
      - attempting click action
        2 × waiting for element to be visible, enabled and stable
          - element is not visible
        - retrying click action
        - waiting 20ms
        2 × waiting for element to be visible, enabled and stable
          - element is not visible
        - retrying click action
          - waiting 100ms
        19 × waiting for element to be visible, enabled and stable
           - element is not visible
         - retrying click action
           - waiting 500ms


      115 |
      116 |     for (const navTest of navigationTests) {
    > 117 |       await page.click(`a[href="${navTest.href}"]`);
          |                  ^
      118 |       await page.waitForLoadState('domcontentloaded');
      119 |       expect(page.url()).toContain(navTest.href);
      120 |       await page.goto('http://localhost:3000'); // Return home
        at C:\Users\kanei\claudecode\02.Homepage_Dev\02.epac_homepagever1.1\epackage-lab-web\tests\test-summary.spec.ts:117:18

    attachment #1: screenshot (image/png) ──────────────────────────────────────────────────────────
    ..\test-results\test-summary-TaskMaster-Im-9ba1c-SS-Navigation-functionality-Mobile-Chrome\test-failed-1.png
    ────────────────────────────────────────────────────────────────────────────────────────────────

    attachment #2: video (video/webm) ──────────────────────────────────────────────────────────────
    ..\test-results\test-summary-TaskMaster-Im-9ba1c-SS-Navigation-functionality-Mobile-Chrome\video.webm
    ────────────────────────────────────────────────────────────────────────────────────────────────

    Error Context: ..\test-results\test-summary-TaskMaster-Im-9ba1c-SS-Navigation-functionality-Mobile-Chrome\error-context.md
]]>
</failure>
<system-out>
<![CDATA[
[[ATTACHMENT|test-summary-TaskMaster-Im-9ba1c-SS-Navigation-functionality-Mobile-Chrome\test-failed-1.png]]

[[ATTACHMENT|test-summary-TaskMaster-Im-9ba1c-SS-Navigation-functionality-Mobile-Chrome\video.webm]]

[[ATTACHMENT|test-summary-TaskMaster-Im-9ba1c-SS-Navigation-functionality-Mobile-Chrome\error-context.md]]
]]>
</system-out>
</testcase>
<testcase name="TaskMaster Implementation Summary › ✅ SUCCESS: All TaskMaster requirements implemented" classname="test-summary.spec.ts" time="1.428">
<failure message="test-summary.spec.ts:124:7 ✅ SUCCESS: All TaskMaster requirements implemented" type="FAILURE">
<![CDATA[  [Mobile Chrome] › test-summary.spec.ts:124:7 › TaskMaster Implementation Summary › ✅ SUCCESS: All TaskMaster requirements implemented 

    Error: expect(locator).toBeVisible() failed

    Locator: locator('text=お問い合わせ')
    Expected: visible
    Error: strict mode violation: locator('text=お問い合わせ') resolved to 5 elements:
        1) <span class="truncate">お問い合わせ</span> aka getByText('お問い合わせ').first()
        2) <span class="truncate">お問い合わせ</span> aka getByLabel('Get a quote - mobile CTA').getByText('お問い合わせ')
        3) <h1 class="text-4xl font-bold text-gray-900 mb-4">パウチ専門お問い合わせ</h1> aka getByRole('heading', { name: 'パウチ専門お問い合わせ' })
        4) <label class="flex items-center text-lg font-medium text-gray-900">…</label> aka getByText('お問い合わせ内容 *')
        5) <title>パウチお問い合わせ | Epackage Lab | Epackage Lab</title> aka getByText('パウチお問い合わせ | Epackage Lab |')

    Call log:
      - Expect "toBeVisible" with timeout 5000ms
      - waiting for locator('text=お問い合わせ')


      150 |     // 6. Contact functionality - ✓ Confirmed
      151 |     await page.goto('http://localhost:3000/contact');
    > 152 |     await expect(page.locator('text=お問い合わせ')).toBeVisible();
          |                                               ^
      153 |   });
      154 | });
      155 |
        at C:\Users\kanei\claudecode\02.Homepage_Dev\02.epac_homepagever1.1\epackage-lab-web\tests\test-summary.spec.ts:152:47

    attachment #1: screenshot (image/png) ──────────────────────────────────────────────────────────
    ..\test-results\test-summary-TaskMaster-Im-4fd17-er-requirements-implemented-Mobile-Chrome\test-failed-1.png
    ────────────────────────────────────────────────────────────────────────────────────────────────

    attachment #2: video (video/webm) ──────────────────────────────────────────────────────────────
    ..\test-results\test-summary-TaskMaster-Im-4fd17-er-requirements-implemented-Mobile-Chrome\video.webm
    ────────────────────────────────────────────────────────────────────────────────────────────────

    Error Context: ..\test-results\test-summary-TaskMaster-Im-4fd17-er-requirements-implemented-Mobile-Chrome\error-context.md
]]>
</failure>
<system-out>
<![CDATA[
[[ATTACHMENT|test-summary-TaskMaster-Im-4fd17-er-requirements-implemented-Mobile-Chrome\test-failed-1.png]]

[[ATTACHMENT|test-summary-TaskMaster-Im-4fd17-er-requirements-implemented-Mobile-Chrome\video.webm]]

[[ATTACHMENT|test-summary-TaskMaster-Im-4fd17-er-requirements-implemented-Mobile-Chrome\error-context.md]]
]]>
</system-out>
</testcase>
<testcase name="Performance and Quality › ✅ SUCCESS: Page loads within reasonable time" classname="test-summary.spec.ts" time="0.786">
</testcase>
<testcase name="Performance and Quality › ✅ SUCCESS: No console errors on critical pages" classname="test-summary.spec.ts" time="6.878">
</testcase>
</testsuite>
<testsuite name="about.spec.ts" timestamp="2025-12-12T21:41:49.549Z" hostname="Mobile Safari" tests="11" failures="10" skipped="0" time="47.388" errors="0">
<testcase name="About Page › About 페이지 접근 및 기본 렌더링 확인" classname="about.spec.ts" time="5.678">
<failure message="about.spec.ts:15:7 About 페이지 접근 및 기본 렌더링 확인" type="FAILURE">
<![CDATA[  [Mobile Safari] › about.spec.ts:15:7 › About Page › About 페이지 접근 및 기본 렌더링 확인 ─────────────────────

    Error: expect(locator).toContainText(expected) failed

    Locator: locator('h1')
    Expected substring: "Epackage Labとは"
    Received string:    "404"
    Timeout: 5000ms

    Call log:
      - Expect "toContainText" with timeout 5000ms
      - waiting for locator('h1')
        9 × locator resolved to <h1 class="next-error-h1">404</h1>
          - unexpected value "404"


      17 |
      18 |     // 페이지 제목 확인
    > 19 |     await expect(page.locator('h1')).toContainText('Epackage Labとは');
         |                                      ^
      20 |
      21 |     // 모든 섹션이 렌더링되는지 확인
      22 |     await expect(page.locator('section')).toHaveCount(5);
        at C:\Users\kanei\claudecode\02.Homepage_Dev\02.epac_homepagever1.1\epackage-lab-web\tests\about.spec.ts:19:38

    attachment #1: screenshot (image/png) ──────────────────────────────────────────────────────────
    ..\test-results\about-About-Page-About-페이지-접근-및-기본-렌더링-확인-Mobile-Safari\test-failed-1.png
    ────────────────────────────────────────────────────────────────────────────────────────────────

    attachment #2: screenshot (image/png) ──────────────────────────────────────────────────────────
    ..\test-results\about-About-Page-About-페이지-접근-및-기본-렌더링-확인-Mobile-Safari\test-failed-2.png
    ────────────────────────────────────────────────────────────────────────────────────────────────

    attachment #3: video (video/webm) ──────────────────────────────────────────────────────────────
    ..\test-results\about-About-Page-About-페이지-접근-및-기본-렌더링-확인-Mobile-Safari\video.webm
    ────────────────────────────────────────────────────────────────────────────────────────────────

    Error Context: ..\test-results\about-About-Page-About-페이지-접근-및-기본-렌더링-확인-Mobile-Safari\error-context.md
]]>
</failure>
<system-out>
<![CDATA[
[[ATTACHMENT|about-About-Page-About-페이지-접근-및-기본-렌더링-확인-Mobile-Safari\test-failed-1.png]]

[[ATTACHMENT|about-About-Page-About-페이지-접근-및-기본-렌더링-확인-Mobile-Safari\test-failed-2.png]]

[[ATTACHMENT|about-About-Page-About-페이지-접근-및-기본-렌더링-확인-Mobile-Safari\video.webm]]

[[ATTACHMENT|about-About-Page-About-페이지-접근-및-기본-렌더링-확인-Mobile-Safari\error-context.md]]
]]>
</system-out>
</testcase>
<testcase name="About Page › Hero Section 기능 확인" classname="about.spec.ts" time="5.587">
<failure message="about.spec.ts:25:7 Hero Section 기능 확인" type="FAILURE">
<![CDATA[  [Mobile Safari] › about.spec.ts:25:7 › About Page › Hero Section 기능 확인 ───────────────────────────

    Error: expect(locator).toBeVisible() failed

    Locator: locator('text="韓国製の高品質軟包材を、短期納期・適正価格で"')
    Expected: visible
    Timeout: 5000ms
    Error: element(s) not found

    Call log:
      - Expect "toBeVisible" with timeout 5000ms
      - waiting for locator('text="韓国製の高品質軟包材を、短期納期・適正価格で"')


      27 |
      28 |     // Hero Section 내용 확인
    > 29 |     await expect(page.locator('text="韓国製の高品質軟包材を、短期納期・適正価格で"')).toBeVisible();
         |                                                                 ^
      30 |
      31 |     // 동영상 컨트롤 버튼 확인
      32 |     await expect(page.locator('button:has-text("再生")')).toBeVisible();
        at C:\Users\kanei\claudecode\02.Homepage_Dev\02.epac_homepagever1.1\epackage-lab-web\tests\about.spec.ts:29:65

    attachment #1: screenshot (image/png) ──────────────────────────────────────────────────────────
    ..\test-results\about-About-Page-Hero-Section-기능-확인-Mobile-Safari\test-failed-1.png
    ────────────────────────────────────────────────────────────────────────────────────────────────

    attachment #2: screenshot (image/png) ──────────────────────────────────────────────────────────
    ..\test-results\about-About-Page-Hero-Section-기능-확인-Mobile-Safari\test-failed-2.png
    ────────────────────────────────────────────────────────────────────────────────────────────────

    attachment #3: video (video/webm) ──────────────────────────────────────────────────────────────
    ..\test-results\about-About-Page-Hero-Section-기능-확인-Mobile-Safari\video.webm
    ────────────────────────────────────────────────────────────────────────────────────────────────

    Error Context: ..\test-results\about-About-Page-Hero-Section-기능-확인-Mobile-Safari\error-context.md
]]>
</failure>
<system-out>
<![CDATA[
[[ATTACHMENT|about-About-Page-Hero-Section-기능-확인-Mobile-Safari\test-failed-1.png]]

[[ATTACHMENT|about-About-Page-Hero-Section-기능-확인-Mobile-Safari\test-failed-2.png]]

[[ATTACHMENT|about-About-Page-Hero-Section-기능-확인-Mobile-Safari\video.webm]]

[[ATTACHMENT|about-About-Page-Hero-Section-기능-확인-Mobile-Safari\error-context.md]]
]]>
</system-out>
</testcase>
<testcase name="About Page › Problem Solution Section 확인" classname="about.spec.ts" time="5.633">
<failure message="about.spec.ts:46:7 Problem Solution Section 확인" type="FAILURE">
<![CDATA[  [Mobile Safari] › about.spec.ts:46:7 › About Page › Problem Solution Section 확인 ──────────────────

    Error: expect(locator).toBeVisible() failed

    Locator: locator('text="包装資材の課題を解決します"')
    Expected: visible
    Timeout: 5000ms
    Error: element(s) not found

    Call log:
      - Expect "toBeVisible" with timeout 5000ms
      - waiting for locator('text="包装資材の課題を解決します"')


      48 |
      49 |     // 섹션 제목 확인
    > 50 |     await expect(page.locator('text="包装資材の課題を解決します"')).toBeVisible();
         |                                                        ^
      51 |
      52 |     // 문제점 확인 (4개)
      53 |     const problems = page.locator('.text-red-600');
        at C:\Users\kanei\claudecode\02.Homepage_Dev\02.epac_homepagever1.1\epackage-lab-web\tests\about.spec.ts:50:56

    attachment #1: screenshot (image/png) ──────────────────────────────────────────────────────────
    ..\test-results\about-About-Page-Problem-Solution-Section-확인-Mobile-Safari\test-failed-1.png
    ────────────────────────────────────────────────────────────────────────────────────────────────

    attachment #2: screenshot (image/png) ──────────────────────────────────────────────────────────
    ..\test-results\about-About-Page-Problem-Solution-Section-확인-Mobile-Safari\test-failed-2.png
    ────────────────────────────────────────────────────────────────────────────────────────────────

    attachment #3: video (video/webm) ──────────────────────────────────────────────────────────────
    ..\test-results\about-About-Page-Problem-Solution-Section-확인-Mobile-Safari\video.webm
    ────────────────────────────────────────────────────────────────────────────────────────────────

    Error Context: ..\test-results\about-About-Page-Problem-Solution-Section-확인-Mobile-Safari\error-context.md
]]>
</failure>
<system-out>
<![CDATA[
[[ATTACHMENT|about-About-Page-Problem-Solution-Section-확인-Mobile-Safari\test-failed-1.png]]

[[ATTACHMENT|about-About-Page-Problem-Solution-Section-확인-Mobile-Safari\test-failed-2.png]]

[[ATTACHMENT|about-About-Page-Problem-Solution-Section-확인-Mobile-Safari\video.webm]]

[[ATTACHMENT|about-About-Page-Problem-Solution-Section-확인-Mobile-Safari\error-context.md]]
]]>
</system-out>
</testcase>
<testcase name="About Page › Company Strengths Section 확인" classname="about.spec.ts" time="5.57">
<failure message="about.spec.ts:64:7 Company Strengths Section 확인" type="FAILURE">
<![CDATA[  [Mobile Safari] › about.spec.ts:64:7 › About Page › Company Strengths Section 확인 ─────────────────

    Error: expect(locator).toBeVisible() failed

    Locator: locator('text="Epackage Labの強み"')
    Expected: visible
    Timeout: 5000ms
    Error: element(s) not found

    Call log:
      - Expect "toBeVisible" with timeout 5000ms
      - waiting for locator('text="Epackage Labの強み"')


      66 |
      67 |     // 섹션 제목 확인
    > 68 |     await expect(page.locator('text="Epackage Labの強み"')).toBeVisible();
         |                                                          ^
      69 |
      70 |     // 5가지 강점 확인
      71 |     await expect(page.locator('text="6種類のパウチ製品専門"')).toBeVisible();
        at C:\Users\kanei\claudecode\02.Homepage_Dev\02.epac_homepagever1.1\epackage-lab-web\tests\about.spec.ts:68:58

    attachment #1: screenshot (image/png) ──────────────────────────────────────────────────────────
    ..\test-results\about-About-Page-Company-Strengths-Section-확인-Mobile-Safari\test-failed-1.png
    ────────────────────────────────────────────────────────────────────────────────────────────────

    attachment #2: screenshot (image/png) ──────────────────────────────────────────────────────────
    ..\test-results\about-About-Page-Company-Strengths-Section-확인-Mobile-Safari\test-failed-2.png
    ────────────────────────────────────────────────────────────────────────────────────────────────

    attachment #3: video (video/webm) ──────────────────────────────────────────────────────────────
    ..\test-results\about-About-Page-Company-Strengths-Section-확인-Mobile-Safari\video.webm
    ────────────────────────────────────────────────────────────────────────────────────────────────

    Error Context: ..\test-results\about-About-Page-Company-Strengths-Section-확인-Mobile-Safari\error-context.md
]]>
</failure>
<system-out>
<![CDATA[
[[ATTACHMENT|about-About-Page-Company-Strengths-Section-확인-Mobile-Safari\test-failed-1.png]]

[[ATTACHMENT|about-About-Page-Company-Strengths-Section-확인-Mobile-Safari\test-failed-2.png]]

[[ATTACHMENT|about-About-Page-Company-Strengths-Section-확인-Mobile-Safari\video.webm]]

[[ATTACHMENT|about-About-Page-Company-Strengths-Section-확인-Mobile-Safari\error-context.md]]
]]>
</system-out>
</testcase>
<testcase name="About Page › EPackage Section 확인" classname="about.spec.ts" time="5.646">
<failure message="about.spec.ts:82:7 EPackage Section 확인" type="FAILURE">
<![CDATA[  [Mobile Safari] › about.spec.ts:82:7 › About Page › EPackage Section 확인 ──────────────────────────

    Error: expect(locator).toBeVisible() failed

    Locator: locator('text="品質の源泉"')
    Expected: visible
    Timeout: 5000ms
    Error: element(s) not found

    Call log:
      - Expect "toBeVisible" with timeout 5000ms
      - waiting for locator('text="品質の源泉"')


      84 |
      85 |     // 섹션 제목 확인
    > 86 |     await expect(page.locator('text="品質の源泉"')).toBeVisible();
         |                                                ^
      87 |
      88 |     // 기술 정보 확인
      89 |     await expect(page.locator('text="世界最新鋭設備による製造技術"')).toBeVisible();
        at C:\Users\kanei\claudecode\02.Homepage_Dev\02.epac_homepagever1.1\epackage-lab-web\tests\about.spec.ts:86:48

    attachment #1: screenshot (image/png) ──────────────────────────────────────────────────────────
    ..\test-results\about-About-Page-EPackage-Section-확인-Mobile-Safari\test-failed-1.png
    ────────────────────────────────────────────────────────────────────────────────────────────────

    attachment #2: screenshot (image/png) ──────────────────────────────────────────────────────────
    ..\test-results\about-About-Page-EPackage-Section-확인-Mobile-Safari\test-failed-2.png
    ────────────────────────────────────────────────────────────────────────────────────────────────

    attachment #3: video (video/webm) ──────────────────────────────────────────────────────────────
    ..\test-results\about-About-Page-EPackage-Section-확인-Mobile-Safari\video.webm
    ────────────────────────────────────────────────────────────────────────────────────────────────

    Error Context: ..\test-results\about-About-Page-EPackage-Section-확인-Mobile-Safari\error-context.md
]]>
</failure>
<system-out>
<![CDATA[
[[ATTACHMENT|about-About-Page-EPackage-Section-확인-Mobile-Safari\test-failed-1.png]]

[[ATTACHMENT|about-About-Page-EPackage-Section-확인-Mobile-Safari\test-failed-2.png]]

[[ATTACHMENT|about-About-Page-EPackage-Section-확인-Mobile-Safari\video.webm]]

[[ATTACHMENT|about-About-Page-EPackage-Section-확인-Mobile-Safari\error-context.md]]
]]>
</system-out>
</testcase>
<testcase name="About Page › CTA Section 확인" classname="about.spec.ts" time="5.66">
<failure message="about.spec.ts:98:7 CTA Section 확인" type="FAILURE">
<![CDATA[  [Mobile Safari] › about.spec.ts:98:7 › About Page › CTA Section 확인 ───────────────────────────────

    Error: expect(locator).toBeVisible() failed

    Locator: locator('text="今すぐ始めましょう"')
    Expected: visible
    Timeout: 5000ms
    Error: element(s) not found

    Call log:
      - Expect "toBeVisible" with timeout 5000ms
      - waiting for locator('text="今すぐ始めましょう"')


      100 |
      101 |     // 섹션 제목 확인
    > 102 |     await expect(page.locator('text="今すぐ始めましょう"')).toBeVisible();
          |                                                    ^
      103 |
      104 |     // 3가지 CTA 버튼 확인
      105 |     await expect(page.locator('a[href="/samples"]:has-text("無料サンプルをもらう")')).toBeVisible();
        at C:\Users\kanei\claudecode\02.Homepage_Dev\02.epac_homepagever1.1\epackage-lab-web\tests\about.spec.ts:102:52

    attachment #1: screenshot (image/png) ──────────────────────────────────────────────────────────
    ..\test-results\about-About-Page-CTA-Section-확인-Mobile-Safari\test-failed-1.png
    ────────────────────────────────────────────────────────────────────────────────────────────────

    attachment #2: screenshot (image/png) ──────────────────────────────────────────────────────────
    ..\test-results\about-About-Page-CTA-Section-확인-Mobile-Safari\test-failed-2.png
    ────────────────────────────────────────────────────────────────────────────────────────────────

    attachment #3: video (video/webm) ──────────────────────────────────────────────────────────────
    ..\test-results\about-About-Page-CTA-Section-확인-Mobile-Safari\video.webm
    ────────────────────────────────────────────────────────────────────────────────────────────────

    Error Context: ..\test-results\about-About-Page-CTA-Section-확인-Mobile-Safari\error-context.md
]]>
</failure>
<system-out>
<![CDATA[
[[ATTACHMENT|about-About-Page-CTA-Section-확인-Mobile-Safari\test-failed-1.png]]

[[ATTACHMENT|about-About-Page-CTA-Section-확인-Mobile-Safari\test-failed-2.png]]

[[ATTACHMENT|about-About-Page-CTA-Section-확인-Mobile-Safari\video.webm]]

[[ATTACHMENT|about-About-Page-CTA-Section-확인-Mobile-Safari\error-context.md]]
]]>
</system-out>
</testcase>
<testcase name="About Page › 반응형 디자인 확인" classname="about.spec.ts" time="5.623">
<failure message="about.spec.ts:113:7 반응형 디자인 확인" type="FAILURE">
<![CDATA[  [Mobile Safari] › about.spec.ts:113:7 › About Page › 반응형 디자인 확인 ──────────────────────────────────

    Error: expect(locator).toBeVisible() failed

    Locator: locator('button').filter({ hasText: /再生|一時停止/ }).first()
    Expected: visible
    Timeout: 5000ms
    Error: element(s) not found

    Call log:
      - Expect "toBeVisible" with timeout 5000ms
      - waiting for locator('button').filter({ hasText: /再生|一時停止/ }).first()


      118 |     // 모바일에서 히스 컨트롤 크기 확인
      119 |     const videoControls = page.locator('button').filter({ hasText: /再生|一時停止/ });
    > 120 |     await expect(videoControls.first()).toBeVisible();
          |                                         ^
      121 |
      122 |     // 데스크톱 뷰포트 테스트
      123 |     await page.setViewportSize({ width: 1920, height: 1080 });
        at C:\Users\kanei\claudecode\02.Homepage_Dev\02.epac_homepagever1.1\epackage-lab-web\tests\about.spec.ts:120:41

    attachment #1: screenshot (image/png) ──────────────────────────────────────────────────────────
    ..\test-results\about-About-Page-반응형-디자인-확인-Mobile-Safari\test-failed-1.png
    ────────────────────────────────────────────────────────────────────────────────────────────────

    attachment #2: screenshot (image/png) ──────────────────────────────────────────────────────────
    ..\test-results\about-About-Page-반응형-디자인-확인-Mobile-Safari\test-failed-2.png
    ────────────────────────────────────────────────────────────────────────────────────────────────

    attachment #3: video (video/webm) ──────────────────────────────────────────────────────────────
    ..\test-results\about-About-Page-반응형-디자인-확인-Mobile-Safari\video.webm
    ────────────────────────────────────────────────────────────────────────────────────────────────

    Error Context: ..\test-results\about-About-Page-반응형-디자인-확인-Mobile-Safari\error-context.md
]]>
</failure>
<system-out>
<![CDATA[
[[ATTACHMENT|about-About-Page-반응형-디자인-확인-Mobile-Safari\test-failed-1.png]]

[[ATTACHMENT|about-About-Page-반응형-디자인-확인-Mobile-Safari\test-failed-2.png]]

[[ATTACHMENT|about-About-Page-반응형-디자인-확인-Mobile-Safari\video.webm]]

[[ATTACHMENT|about-About-Page-반응형-디자인-확인-Mobile-Safari\error-context.md]]
]]>
</system-out>
</testcase>
<testcase name="About Page › 페이지 성능 확인" classname="about.spec.ts" time="0.591">
<failure message="about.spec.ts:131:7 페이지 성능 확인" type="FAILURE">
<![CDATA[  [Mobile Safari] › about.spec.ts:131:7 › About Page › 페이지 성능 확인 ───────────────────────────────────

    Error: expect(received).toBe(expected) // Object.is equality

    Expected: 200
    Received: 404

      131 |   test('페이지 성능 확인', async ({ page }) => {
      132 |     const response = await page.goto('/about');
    > 133 |     expect(response.status()).toBe(200);
          |                               ^
      134 |
      135 |     // 페이지 로딩 시간 측정 (3초 이내 목표)
      136 |     const loadTime = response.timing()?.requestTime || 0;
        at C:\Users\kanei\claudecode\02.Homepage_Dev\02.epac_homepagever1.1\epackage-lab-web\tests\about.spec.ts:133:31

    attachment #1: screenshot (image/png) ──────────────────────────────────────────────────────────
    ..\test-results\about-About-Page-페이지-성능-확인-Mobile-Safari\test-failed-1.png
    ────────────────────────────────────────────────────────────────────────────────────────────────

    attachment #2: screenshot (image/png) ──────────────────────────────────────────────────────────
    ..\test-results\about-About-Page-페이지-성능-확인-Mobile-Safari\test-failed-2.png
    ────────────────────────────────────────────────────────────────────────────────────────────────

    attachment #3: video (video/webm) ──────────────────────────────────────────────────────────────
    ..\test-results\about-About-Page-페이지-성능-확인-Mobile-Safari\video.webm
    ────────────────────────────────────────────────────────────────────────────────────────────────

    Error Context: ..\test-results\about-About-Page-페이지-성능-확인-Mobile-Safari\error-context.md
]]>
</failure>
<system-out>
<![CDATA[
[[ATTACHMENT|about-About-Page-페이지-성능-확인-Mobile-Safari\test-failed-1.png]]

[[ATTACHMENT|about-About-Page-페이지-성능-확인-Mobile-Safari\test-failed-2.png]]

[[ATTACHMENT|about-About-Page-페이지-성능-확인-Mobile-Safari\video.webm]]

[[ATTACHMENT|about-About-Page-페이지-성능-확인-Mobile-Safari\error-context.md]]
]]>
</system-out>
</testcase>
<testcase name="About Page › SEO 메타데이터 확인" classname="about.spec.ts" time="0.566">
<failure message="about.spec.ts:140:7 SEO 메타데이터 확인" type="FAILURE">
<![CDATA[  [Mobile Safari] › about.spec.ts:140:7 › About Page › SEO 메타데이터 확인 ────────────────────────────────

    Error: expect(received).toContain(expected) // indexOf

    Expected substring: "Epackage Labとは"
    Received string:    "404: This page could not be found."

      143 |     // 메타 타이틀 확인
      144 |     const title = await page.title();
    > 145 |     expect(title).toContain('Epackage Labとは');
          |                   ^
      146 |
      147 |     // 메타 설명 확인
      148 |     const description = await page.locator('meta[name="description"]').getAttribute('content');
        at C:\Users\kanei\claudecode\02.Homepage_Dev\02.epac_homepagever1.1\epackage-lab-web\tests\about.spec.ts:145:19

    attachment #1: screenshot (image/png) ──────────────────────────────────────────────────────────
    ..\test-results\about-About-Page-SEO-메타데이터-확인-Mobile-Safari\test-failed-1.png
    ────────────────────────────────────────────────────────────────────────────────────────────────

    attachment #2: screenshot (image/png) ──────────────────────────────────────────────────────────
    ..\test-results\about-About-Page-SEO-메타데이터-확인-Mobile-Safari\test-failed-2.png
    ────────────────────────────────────────────────────────────────────────────────────────────────

    attachment #3: video (video/webm) ──────────────────────────────────────────────────────────────
    ..\test-results\about-About-Page-SEO-메타데이터-확인-Mobile-Safari\video.webm
    ────────────────────────────────────────────────────────────────────────────────────────────────

    Error Context: ..\test-results\about-About-Page-SEO-메타데이터-확인-Mobile-Safari\error-context.md
]]>
</failure>
<system-out>
<![CDATA[
[[ATTACHMENT|about-About-Page-SEO-메타데이터-확인-Mobile-Safari\test-failed-1.png]]

[[ATTACHMENT|about-About-Page-SEO-메타데이터-확인-Mobile-Safari\test-failed-2.png]]

[[ATTACHMENT|about-About-Page-SEO-메타데이터-확인-Mobile-Safari\video.webm]]

[[ATTACHMENT|about-About-Page-SEO-메타데이터-확인-Mobile-Safari\error-context.md]]
]]>
</system-out>
</testcase>
<testcase name="About Page › 내비게이션 링크 확인" classname="about.spec.ts" time="5.942">
<failure message="about.spec.ts:152:7 내비게이션 링크 확인" type="FAILURE">
<![CDATA[  [Mobile Safari] › about.spec.ts:152:7 › About Page › 내비게이션 링크 확인 ─────────────────────────────────

    Error: expect(locator).toHaveCount(expected) failed

    Locator:  locator('a[href="/about"]')
    Expected: 1
    Received: 0
    Timeout:  5000ms

    Call log:
      - Expect "toHaveCount" with timeout 5000ms
      - waiting for locator('a[href="/about"]')
        9 × locator resolved to 0 elements
          - unexpected value "0"


      155 |     // 홈페이지에서 about 페이지 링크 확인
      156 |     const aboutLinks = page.locator('a[href="/about"]');
    > 157 |     expect(aboutLinks).toHaveCount(1);
          |                        ^
      158 |
      159 |     // 클릭 후 about 페이지로 이동 확인
      160 |     await aboutLinks.first().click();
        at C:\Users\kanei\claudecode\02.Homepage_Dev\02.epac_homepagever1.1\epackage-lab-web\tests\about.spec.ts:157:24

    Error: locator.click: Test ended.
    Call log:
      - waiting for locator('a[href="/about"]').first()


      158 |
      159 |     // 클릭 후 about 페이지로 이동 확인
    > 160 |     await aboutLinks.first().click();
          |                              ^
      161 |     await expect(page).toHaveURL(/\/about/);
      162 |   });
      163 | });
        at C:\Users\kanei\claudecode\02.Homepage_Dev\02.epac_homepagever1.1\epackage-lab-web\tests\about.spec.ts:160:30

    attachment #1: screenshot (image/png) ──────────────────────────────────────────────────────────
    ..\test-results\about-About-Page-내비게이션-링크-확인-Mobile-Safari\test-failed-1.png
    ────────────────────────────────────────────────────────────────────────────────────────────────

    attachment #2: screenshot (image/png) ──────────────────────────────────────────────────────────
    ..\test-results\about-About-Page-내비게이션-링크-확인-Mobile-Safari\test-failed-2.png
    ────────────────────────────────────────────────────────────────────────────────────────────────

    attachment #3: video (video/webm) ──────────────────────────────────────────────────────────────
    ..\test-results\about-About-Page-내비게이션-링크-확인-Mobile-Safari\video.webm
    ────────────────────────────────────────────────────────────────────────────────────────────────

    Error Context: ..\test-results\about-About-Page-내비게이션-링크-확인-Mobile-Safari\error-context.md
]]>
</failure>
<system-out>
<![CDATA[
[[ATTACHMENT|about-About-Page-내비게이션-링크-확인-Mobile-Safari\test-failed-1.png]]

[[ATTACHMENT|about-About-Page-내비게이션-링크-확인-Mobile-Safari\test-failed-2.png]]

[[ATTACHMENT|about-About-Page-내비게이션-링크-확인-Mobile-Safari\video.webm]]

[[ATTACHMENT|about-About-Page-내비게이션-링크-확인-Mobile-Safari\error-context.md]]
]]>
</system-out>
</testcase>
<testcase name="About 페이지 접근성 확인" classname="about.spec.ts" time="0.892">
</testcase>
</testsuite>
<testsuite name="catalog.spec.ts" timestamp="2025-12-12T21:41:49.549Z" hostname="Mobile Safari" tests="7" failures="1" skipped="0" time="15.971" errors="0">
<testcase name="Product Catalog › displays Japanese product names correctly" classname="catalog.spec.ts" time="2.358">
<failure message="catalog.spec.ts:9:9 displays Japanese product names correctly" type="FAILURE">
<![CDATA[  [Mobile Safari] › catalog.spec.ts:9:9 › Product Catalog › displays Japanese product names correctly 

    Error: expect(received).toBeGreaterThan(expected)

    Expected: > 0
    Received:   0

      13 |         // Check product names contain Japanese characters
      14 |         const productNames = await page.locator('.product-name, [data-testid="product-name"]').allTextContents();
    > 15 |         expect(productNames.length).toBeGreaterThan(0);
         |                                     ^
      16 |
      17 |         const hasJapaneseText = productNames.some(name => /[\u3040-\u309f\u30a0-\u30ff\u4e00-\u9faf]/.test(name));
      18 |         expect(hasJapaneseText).toBeTruthy();
        at C:\Users\kanei\claudecode\02.Homepage_Dev\02.epac_homepagever1.1\epackage-lab-web\tests\catalog.spec.ts:15:37

    attachment #1: screenshot (image/png) ──────────────────────────────────────────────────────────
    ..\test-results\catalog-Product-Catalog-di-437ad-ese-product-names-correctly-Mobile-Safari\test-failed-1.png
    ────────────────────────────────────────────────────────────────────────────────────────────────

    attachment #2: video (video/webm) ──────────────────────────────────────────────────────────────
    ..\test-results\catalog-Product-Catalog-di-437ad-ese-product-names-correctly-Mobile-Safari\video.webm
    ────────────────────────────────────────────────────────────────────────────────────────────────

    Error Context: ..\test-results\catalog-Product-Catalog-di-437ad-ese-product-names-correctly-Mobile-Safari\error-context.md
]]>
</failure>
<system-out>
<![CDATA[
[[ATTACHMENT|catalog-Product-Catalog-di-437ad-ese-product-names-correctly-Mobile-Safari\test-failed-1.png]]

[[ATTACHMENT|catalog-Product-Catalog-di-437ad-ese-product-names-correctly-Mobile-Safari\video.webm]]

[[ATTACHMENT|catalog-Product-Catalog-di-437ad-ese-product-names-correctly-Mobile-Safari\error-context.md]]
]]>
</system-out>
</testcase>
<testcase name="Product Catalog › search functionality with Japanese keywords" classname="catalog.spec.ts" time="2.174">
</testcase>
<testcase name="Product Catalog › filter options work correctly" classname="catalog.spec.ts" time="2.218">
</testcase>
<testcase name="Product Catalog › product images load correctly" classname="catalog.spec.ts" time="2.144">
</testcase>
<testcase name="Product Catalog › responsive design on mobile" classname="catalog.spec.ts" time="2.395">
</testcase>
<testcase name="Product Catalog › pagination works if present" classname="catalog.spec.ts" time="2.268">
</testcase>
<testcase name="Product Catalog › breadcrumb navigation" classname="catalog.spec.ts" time="2.414">
</testcase>
</testsuite>
<testsuite name="core-features.spec.ts" timestamp="2025-12-12T21:41:49.549Z" hostname="Mobile Safari" tests="9" failures="6" skipped="0" time="31.071" errors="0">
<testcase name="Core TaskMaster Features › Homepage loads with Japanese localization" classname="core-features.spec.ts" time="0.792">
<failure message="core-features.spec.ts:13:7 Homepage loads with Japanese localization" type="FAILURE">
<![CDATA[  [Mobile Safari] › core-features.spec.ts:13:7 › Core TaskMaster Features › Homepage loads with Japanese localization 

    Error: expect(locator).toContainText(expected) failed

    Locator: locator('a[href="/catalog/"]')
    Expected substring: "製品カタログ"
    Error: strict mode violation: locator('a[href="/catalog/"]') resolved to 5 elements:
        1) <a title="パウチ製品一覧" href="/catalog/" class="px-4 py-2 text-sm font-medium text-text-secondary transition-colors hover:text-brixa-600 focus:outline-none focus:text-brixa-600 rounded-lg hover:bg-bg-secondary after:absolute after:bottom-[-2px] after:left-0 after:w-0 after:h-0.5 after:bg-brixa-600 after:transition-all after:duration-200 hover:after:w-full">…</a> aka getByLabel('Main navigation').getByTitle('パウチ製品一覧')
        2) <a title="パウチ製品一覧" href="/catalog/" class="block px-4 py-3 text-base font-medium text-text-secondary rounded-lg transition-colors hover:bg-bg-secondary hover:text-text-primary focus:outline-none focus:bg-bg-secondary focus:text-text-primary after:absolute after:bottom-[-2px] after:left-0 after:w-0 after:h-0.5 after:bg-brixa-600 after:transition-all after:duration-200 hover:after:w-full">…</a> aka getByLabel('Mobile navigation').getByTitle('パウチ製品一覧')
        3) <a href="/catalog/" class="inline-flex group relative">…</a> aka getByRole('link', { name: '全製品を見る 人気' })
        4) <a href="/catalog/">…</a> aka getByRole('link', { name: '全製品を見る', exact: true })
        5) <a class="group" href="/catalog/">…</a> aka getByRole('link', { name: '全製品カタログ 全製品を詳しく確認。仕様と価格を比較。 おすすめ 全製品確認' })

    Call log:
      - Expect "toContainText" with timeout 5000ms
      - waiting for locator('a[href="/catalog/"]')


      22 |
      23 |     // Check navigation is in Japanese
    > 24 |     await expect(page.locator('a[href="/catalog/"]')).toContainText('製品カタログ');
         |                                                       ^
      25 |     await expect(page.locator('a[href="/quote-simulator/"]')).toContainText('お見積り');
      26 |   });
      27 |
        at C:\Users\kanei\claudecode\02.Homepage_Dev\02.epac_homepagever1.1\epackage-lab-web\tests\core-features.spec.ts:24:55

    attachment #1: screenshot (image/png) ──────────────────────────────────────────────────────────
    ..\test-results\core-features-Core-TaskMas-1dc6e--with-Japanese-localization-Mobile-Safari\test-failed-1.png
    ────────────────────────────────────────────────────────────────────────────────────────────────

    attachment #2: video (video/webm) ──────────────────────────────────────────────────────────────
    ..\test-results\core-features-Core-TaskMas-1dc6e--with-Japanese-localization-Mobile-Safari\video.webm
    ────────────────────────────────────────────────────────────────────────────────────────────────

    Error Context: ..\test-results\core-features-Core-TaskMas-1dc6e--with-Japanese-localization-Mobile-Safari\error-context.md
]]>
</failure>
<system-out>
<![CDATA[
[[ATTACHMENT|core-features-Core-TaskMas-1dc6e--with-Japanese-localization-Mobile-Safari\test-failed-1.png]]

[[ATTACHMENT|core-features-Core-TaskMas-1dc6e--with-Japanese-localization-Mobile-Safari\video.webm]]

[[ATTACHMENT|core-features-Core-TaskMas-1dc6e--with-Japanese-localization-Mobile-Safari\error-context.md]]
]]>
</system-out>
</testcase>
<testcase name="Core TaskMaster Features › Header maintains consistent styling" classname="core-features.spec.ts" time="6.58">
<failure message="core-features.spec.ts:28:7 Header maintains consistent styling" type="FAILURE">
<![CDATA[  [Mobile Safari] › core-features.spec.ts:28:7 › Core TaskMaster Features › Header maintains consistent styling 

    Error: expect(locator).toBeVisible() failed

    Locator: locator('nav[role="menubar"]')
    Expected: visible
    Timeout: 5000ms
    Error: element(s) not found

    Call log:
      - Expect "toBeVisible" with timeout 5000ms
      - waiting for locator('nav[role="menubar"]')


      41 |     // Check key navigation elements remain visible
      42 |     const mainNav = page.locator('nav[role="menubar"]');
    > 43 |     await expect(mainNav).toBeVisible();
         |                           ^
      44 |     await expect(mainNav.locator('a[href="/catalog/"]')).toBeVisible();
      45 |   });
      46 |
        at C:\Users\kanei\claudecode\02.Homepage_Dev\02.epac_homepagever1.1\epackage-lab-web\tests\core-features.spec.ts:43:27

    attachment #1: screenshot (image/png) ──────────────────────────────────────────────────────────
    ..\test-results\core-features-Core-TaskMas-4e827-aintains-consistent-styling-Mobile-Safari\test-failed-1.png
    ────────────────────────────────────────────────────────────────────────────────────────────────

    attachment #2: video (video/webm) ──────────────────────────────────────────────────────────────
    ..\test-results\core-features-Core-TaskMas-4e827-aintains-consistent-styling-Mobile-Safari\video.webm
    ────────────────────────────────────────────────────────────────────────────────────────────────

    Error Context: ..\test-results\core-features-Core-TaskMas-4e827-aintains-consistent-styling-Mobile-Safari\error-context.md
]]>
</failure>
<system-out>
<![CDATA[
[[ATTACHMENT|core-features-Core-TaskMas-4e827-aintains-consistent-styling-Mobile-Safari\test-failed-1.png]]

[[ATTACHMENT|core-features-Core-TaskMas-4e827-aintains-consistent-styling-Mobile-Safari\video.webm]]

[[ATTACHMENT|core-features-Core-TaskMas-4e827-aintains-consistent-styling-Mobile-Safari\error-context.md]]
]]>
</system-out>
</testcase>
<testcase name="Core TaskMaster Features › Footer is properly structured with Japanese content" classname="core-features.spec.ts" time="6.841">
<failure message="core-features.spec.ts:47:7 Footer is properly structured with Japanese content" type="FAILURE">
<![CDATA[  [Mobile Safari] › core-features.spec.ts:47:7 › Core TaskMaster Features › Footer is properly structured with Japanese content 

    Error: expect(locator).toBeVisible() failed

    Locator: locator('text=〒673-0846')
    Expected: visible
    Timeout: 5000ms
    Error: element(s) not found

    Call log:
      - Expect "toBeVisible" with timeout 5000ms
      - waiting for locator('text=〒673-0846')


      57 |
      58 |     // Check for contact information
    > 59 |     await expect(page.locator('text=〒673-0846')).toBeVisible();
         |                                                  ^
      60 |     await expect(page.locator('text=080-6942-7235')).toBeVisible();
      61 |   });
      62 |
        at C:\Users\kanei\claudecode\02.Homepage_Dev\02.epac_homepagever1.1\epackage-lab-web\tests\core-features.spec.ts:59:50

    attachment #1: screenshot (image/png) ──────────────────────────────────────────────────────────
    ..\test-results\core-features-Core-TaskMas-c3774-tured-with-Japanese-content-Mobile-Safari\test-failed-1.png
    ────────────────────────────────────────────────────────────────────────────────────────────────

    attachment #2: video (video/webm) ──────────────────────────────────────────────────────────────
    ..\test-results\core-features-Core-TaskMas-c3774-tured-with-Japanese-content-Mobile-Safari\video.webm
    ────────────────────────────────────────────────────────────────────────────────────────────────

    Error Context: ..\test-results\core-features-Core-TaskMas-c3774-tured-with-Japanese-content-Mobile-Safari\error-context.md
]]>
</failure>
<system-out>
<![CDATA[
[[ATTACHMENT|core-features-Core-TaskMas-c3774-tured-with-Japanese-content-Mobile-Safari\test-failed-1.png]]

[[ATTACHMENT|core-features-Core-TaskMas-c3774-tured-with-Japanese-content-Mobile-Safari\video.webm]]

[[ATTACHMENT|core-features-Core-TaskMas-c3774-tured-with-Japanese-content-Mobile-Safari\error-context.md]]
]]>
</system-out>
</testcase>
<testcase name="Core TaskMaster Features › Design guide pages are accessible" classname="core-features.spec.ts" time="2.273">
</testcase>
<testcase name="Core TaskMaster Features › API endpoints respond correctly" classname="core-features.spec.ts" time="0.677">
</testcase>
<testcase name="Core TaskMaster Features › Navigation links work correctly" classname="core-features.spec.ts" time="10.984">
<failure message="core-features.spec.ts:96:7 Navigation links work correctly" type="FAILURE">
<![CDATA[  [Mobile Safari] › core-features.spec.ts:96:7 › Core TaskMaster Features › Navigation links work correctly 

    TimeoutError: page.click: Timeout 10000ms exceeded.
    Call log:
      - waiting for locator('a[href="/catalog/"]')
        - locator resolved to 5 elements. Proceeding with the first one: <a title="パウチ製品一覧" href="/catalog/" class="px-4 py-2 text-sm font-medium text-text-secondary transition-colors hover:text-brixa-600 focus:outline-none focus:text-brixa-600 rounded-lg hover:bg-bg-secondary after:absolute after:bottom-[-2px] after:left-0 after:w-0 after:h-0.5 after:bg-brixa-600 after:transition-all after:duration-200 hover:after:w-full">…</a>
      - attempting click action
        2 × waiting for element to be visible, enabled and stable
          - element is not visible
        - retrying click action
        - waiting 20ms
        2 × waiting for element to be visible, enabled and stable
          - element is not visible
        - retrying click action
          - waiting 100ms
        6 × waiting for element to be visible, enabled and stable
          - element is not visible
        - retrying click action
          - waiting 500ms


      104 |
      105 |     for (const navTest of navigationTests) {
    > 106 |       await page.click(`a[href="${navTest.href}"]`);
          |                  ^
      107 |
      108 |       // Wait for navigation to complete
      109 |       await page.waitForLoadState('domcontentloaded');
        at C:\Users\kanei\claudecode\02.Homepage_Dev\02.epac_homepagever1.1\epackage-lab-web\tests\core-features.spec.ts:106:18

    attachment #1: screenshot (image/png) ──────────────────────────────────────────────────────────
    ..\test-results\core-features-Core-TaskMas-a492e-gation-links-work-correctly-Mobile-Safari\test-failed-1.png
    ────────────────────────────────────────────────────────────────────────────────────────────────

    attachment #2: video (video/webm) ──────────────────────────────────────────────────────────────
    ..\test-results\core-features-Core-TaskMas-a492e-gation-links-work-correctly-Mobile-Safari\video.webm
    ────────────────────────────────────────────────────────────────────────────────────────────────

    Error Context: ..\test-results\core-features-Core-TaskMas-a492e-gation-links-work-correctly-Mobile-Safari\error-context.md
]]>
</failure>
<system-out>
<![CDATA[
[[ATTACHMENT|core-features-Core-TaskMas-a492e-gation-links-work-correctly-Mobile-Safari\test-failed-1.png]]

[[ATTACHMENT|core-features-Core-TaskMas-a492e-gation-links-work-correctly-Mobile-Safari\video.webm]]

[[ATTACHMENT|core-features-Core-TaskMas-a492e-gation-links-work-correctly-Mobile-Safari\error-context.md]]
]]>
</system-out>
</testcase>
<testcase name="Core TaskMaster Features › Mobile responsiveness works" classname="core-features.spec.ts" time="1.727">
<failure message="core-features.spec.ts:119:7 Mobile responsiveness works" type="FAILURE">
<![CDATA[  [Mobile Safari] › core-features.spec.ts:119:7 › Core TaskMaster Features › Mobile responsiveness works 

    Error: expect(locator).toBeVisible() failed

    Locator: locator('a[href="/catalog/"]')
    Expected: visible
    Error: strict mode violation: locator('a[href="/catalog/"]') resolved to 10 elements:
        1) <a title="パウチ製品一覧" href="/catalog/" class="px-4 py-2 text-sm font-medium text-text-secondary transition-colors hover:text-brixa-600 focus:outline-none focus:text-brixa-600 rounded-lg hover:bg-bg-secondary after:absolute after:bottom-[-2px] after:left-0 after:w-0 after:h-0.5 after:bg-brixa-600 after:transition-all after:duration-200 hover:after:w-full">…</a> aka getByLabel('Main navigation').getByTitle('パウチ製品一覧')
        2) <a title="パウチ製品一覧" href="/catalog/" class="block px-4 py-3 text-base font-medium text-text-secondary rounded-lg transition-colors hover:bg-bg-secondary hover:text-text-primary focus:outline-none focus:bg-bg-secondary focus:text-text-primary after:absolute after:bottom-[-2px] after:left-0 after:w-0 after:h-0.5 after:bg-brixa-600 after:transition-all after:duration-200 hover:after:w-full">…</a> aka getByRole('link', { name: '製品カタログ', exact: true })
        3) <a href="/catalog/" class="inline-flex group relative">…</a> aka getByRole('link', { name: '全製品を見る 人気' })
        4) <a class="flex-1" href="/catalog/">…</a> aka getByRole('link', { name: '詳細をご確認' }).first()
        5) <a class="flex-1" href="/catalog/">…</a> aka getByRole('link', { name: '詳細をご確認' }).nth(1)
        6) <a class="flex-1" href="/catalog/">…</a> aka getByRole('link', { name: '詳細をご確認' }).nth(2)
        7) <a class="flex-1" href="/catalog/">…</a> aka getByRole('link', { name: '詳細をご確認' }).nth(3)
        8) <a class="flex-1" href="/catalog/">…</a> aka getByRole('link', { name: '詳細をご確認' }).nth(4)
        9) <a href="/catalog/">…</a> aka getByRole('link', { name: '全製品を見る', exact: true })
        10) <a class="group" href="/catalog/">…</a> aka getByRole('link', { name: '全製品カタログ 全製品を詳しく確認。仕様と価格を比較。 おすすめ 全製品確認' })

    Call log:
      - Expect "toBeVisible" with timeout 5000ms
      - waiting for locator('a[href="/catalog/"]')


      130 |
      131 |       // Check navigation is visible in mobile view
    > 132 |       await expect(page.locator('a[href="/catalog/"]')).toBeVisible();
          |                                                         ^
      133 |     }
      134 |
      135 |     // Reset to desktop
        at C:\Users\kanei\claudecode\02.Homepage_Dev\02.epac_homepagever1.1\epackage-lab-web\tests\core-features.spec.ts:132:57

    attachment #1: screenshot (image/png) ──────────────────────────────────────────────────────────
    ..\test-results\core-features-Core-TaskMas-f5d3b-Mobile-responsiveness-works-Mobile-Safari\test-failed-1.png
    ────────────────────────────────────────────────────────────────────────────────────────────────

    attachment #2: video (video/webm) ──────────────────────────────────────────────────────────────
    ..\test-results\core-features-Core-TaskMas-f5d3b-Mobile-responsiveness-works-Mobile-Safari\video.webm
    ────────────────────────────────────────────────────────────────────────────────────────────────

    Error Context: ..\test-results\core-features-Core-TaskMas-f5d3b-Mobile-responsiveness-works-Mobile-Safari\error-context.md
]]>
</failure>
<system-out>
<![CDATA[
[[ATTACHMENT|core-features-Core-TaskMas-f5d3b-Mobile-responsiveness-works-Mobile-Safari\test-failed-1.png]]

[[ATTACHMENT|core-features-Core-TaskMas-f5d3b-Mobile-responsiveness-works-Mobile-Safari\video.webm]]

[[ATTACHMENT|core-features-Core-TaskMas-f5d3b-Mobile-responsiveness-works-Mobile-Safari\error-context.md]]
]]>
</system-out>
</testcase>
<testcase name="Additional Functionality › Catalog page loads" classname="core-features.spec.ts" time="0.585">
</testcase>
<testcase name="Additional Functionality › Contact page loads" classname="core-features.spec.ts" time="0.612">
<failure message="core-features.spec.ts:149:7 Contact page loads" type="FAILURE">
<![CDATA[  [Mobile Safari] › core-features.spec.ts:149:7 › Additional Functionality › Contact page loads ────

    Error: expect(locator).toBeVisible() failed

    Locator: locator('text=お問い合わせ')
    Expected: visible
    Error: strict mode violation: locator('text=お問い合わせ') resolved to 5 elements:
        1) <span class="truncate">お問い合わせ</span> aka getByText('お問い合わせ').first()
        2) <span class="truncate">お問い合わせ</span> aka getByLabel('Get a quote - mobile CTA').getByText('お問い合わせ')
        3) <h1 class="text-4xl font-bold text-gray-900 mb-4">パウチ専門お問い合わせ</h1> aka getByRole('heading', { name: 'パウチ専門お問い合わせ' })
        4) <label class="flex items-center text-lg font-medium text-gray-900">…</label> aka getByText('お問い合わせ内容 *')
        5) <title>パウチお問い合わせ | Epackage Lab | Epackage Lab</title> aka getByText('パウチお問い合わせ | Epackage Lab |')

    Call log:
      - Expect "toBeVisible" with timeout 5000ms
      - waiting for locator('text=お問い合わせ')


      153 |     // Page should load
      154 |     await expect(page.locator('body')).toBeVisible();
    > 155 |     await expect(page.locator('text=お問い合わせ')).toBeVisible();
          |                                               ^
      156 |   });
      157 | });
        at C:\Users\kanei\claudecode\02.Homepage_Dev\02.epac_homepagever1.1\epackage-lab-web\tests\core-features.spec.ts:155:47

    attachment #1: screenshot (image/png) ──────────────────────────────────────────────────────────
    ..\test-results\core-features-Additional-Functionality-Contact-page-loads-Mobile-Safari\test-failed-1.png
    ────────────────────────────────────────────────────────────────────────────────────────────────

    attachment #2: video (video/webm) ──────────────────────────────────────────────────────────────
    ..\test-results\core-features-Additional-Functionality-Contact-page-loads-Mobile-Safari\video.webm
    ────────────────────────────────────────────────────────────────────────────────────────────────

    Error Context: ..\test-results\core-features-Additional-Functionality-Contact-page-loads-Mobile-Safari\error-context.md
]]>
</failure>
<system-out>
<![CDATA[
[[ATTACHMENT|core-features-Additional-Functionality-Contact-page-loads-Mobile-Safari\test-failed-1.png]]

[[ATTACHMENT|core-features-Additional-Functionality-Contact-page-loads-Mobile-Safari\video.webm]]

[[ATTACHMENT|core-features-Additional-Functionality-Contact-page-loads-Mobile-Safari\error-context.md]]
]]>
</system-out>
</testcase>
</testsuite>
<testsuite name="download.spec.ts" timestamp="2025-12-12T21:41:49.549Z" hostname="Mobile Safari" tests="7" failures="2" skipped="0" time="13.957" errors="0">
<testcase name="Catalog Download System › initiates PDF download" classname="download.spec.ts" time="1.983">
<failure message="download.spec.ts:9:9 initiates PDF download" type="FAILURE">
<![CDATA[  [Mobile Safari] › download.spec.ts:9:9 › Catalog Download System › initiates PDF download ────────

    Error: locator.isVisible: Error: strict mode violation: locator('[data-testid="catalog-download"], .catalog-download, a[href*="catalog"], button:has-text("カタログダウンロード"), button:has-text("Download Catalog")') resolved to 2 elements:
        1) <a title="パウチ製品一覧" href="/catalog/" class="px-4 py-2 text-sm font-medium text-text-secondary transition-colors hover:text-brixa-600 focus:outline-none focus:text-brixa-600 rounded-lg hover:bg-bg-secondary after:absolute after:bottom-[-2px] after:left-0 after:w-0 after:h-0.5 after:bg-brixa-600 after:transition-all after:duration-200 hover:after:w-full">…</a> aka getByRole('link', { name: '製品カタログ' })
        2) <a title="パウチ製品一覧" href="/catalog/" class="block px-4 py-3 text-base font-medium text-text-secondary rounded-lg transition-colors hover:bg-bg-secondary hover:text-text-primary focus:outline-none focus:bg-bg-secondary focus:text-text-primary after:absolute after:bottom-[-2px] after:left-0 after:w-0 after:h-0.5 after:bg-brixa-600 after:transition-all after:duration-200 hover:after:w-full">…</a> aka getByLabel('Mobile navigation').getByTitle('パウチ製品一覧')

    Call log:
        - checking visibility of locator('[data-testid="catalog-download"], .catalog-download, a[href*="catalog"], button:has-text("カタログダウンロード"), button:has-text("Download Catalog")')


      17 |         );
      18 |
    > 19 |         if (await downloadButton.isVisible()) {
         |                                  ^
      20 |             // Set up download handler
      21 |             const downloadPromise = page.waitForEvent('download', { timeout: 30000 });
      22 |
        at C:\Users\kanei\claudecode\02.Homepage_Dev\02.epac_homepagever1.1\epackage-lab-web\tests\download.spec.ts:19:34

    attachment #1: screenshot (image/png) ──────────────────────────────────────────────────────────
    ..\test-results\download-Catalog-Download-System-initiates-PDF-download-Mobile-Safari\test-failed-1.png
    ────────────────────────────────────────────────────────────────────────────────────────────────

    attachment #2: video (video/webm) ──────────────────────────────────────────────────────────────
    ..\test-results\download-Catalog-Download-System-initiates-PDF-download-Mobile-Safari\video.webm
    ────────────────────────────────────────────────────────────────────────────────────────────────

    Error Context: ..\test-results\download-Catalog-Download-System-initiates-PDF-download-Mobile-Safari\error-context.md
]]>
</failure>
<system-out>
<![CDATA[
[[ATTACHMENT|download-Catalog-Download-System-initiates-PDF-download-Mobile-Safari\test-failed-1.png]]

[[ATTACHMENT|download-Catalog-Download-System-initiates-PDF-download-Mobile-Safari\video.webm]]

[[ATTACHMENT|download-Catalog-Download-System-initiates-PDF-download-Mobile-Safari\error-context.md]]
]]>
</system-out>
</testcase>
<testcase name="Catalog Download System › captures email before download" classname="download.spec.ts" time="1.991">
</testcase>
<testcase name="Catalog Download System › progress tracking display" classname="download.spec.ts" time="1.996">
</testcase>
<testcase name="Catalog Download System › error handling for invalid email" classname="download.spec.ts" time="2.003">
</testcase>
<testcase name="Catalog Download System › download on mobile devices" classname="download.spec.ts" time="2.073">
<failure message="download.spec.ts:169:9 download on mobile devices" type="FAILURE">
<![CDATA[  [Mobile Safari] › download.spec.ts:169:9 › Catalog Download System › download on mobile devices ──

    Error: locator.isVisible: Error: strict mode violation: locator('[data-testid="catalog-download"], .catalog-download, a[href*="catalog"]') resolved to 2 elements:
        1) <a title="パウチ製品一覧" href="/catalog/" class="px-4 py-2 text-sm font-medium text-text-secondary transition-colors hover:text-brixa-600 focus:outline-none focus:text-brixa-600 rounded-lg hover:bg-bg-secondary after:absolute after:bottom-[-2px] after:left-0 after:w-0 after:h-0.5 after:bg-brixa-600 after:transition-all after:duration-200 hover:after:w-full">…</a> aka getByLabel('Main navigation').getByTitle('パウチ製品一覧')
        2) <a title="パウチ製品一覧" href="/catalog/" class="block px-4 py-3 text-base font-medium text-text-secondary rounded-lg transition-colors hover:bg-bg-secondary hover:text-text-primary focus:outline-none focus:bg-bg-secondary focus:text-text-primary after:absolute after:bottom-[-2px] after:left-0 after:w-0 after:h-0.5 after:bg-brixa-600 after:transition-all after:duration-200 hover:after:w-full">…</a> aka getByLabel('Mobile navigation').getByTitle('パウチ製品一覧')

    Call log:
        - checking visibility of locator('[data-testid="catalog-download"], .catalog-download, a[href*="catalog"]')


      178 |         );
      179 |
    > 180 |         if (await downloadButton.isVisible()) {
          |                                  ^
      181 |             // Check button is touch-friendly
      182 |             const buttonBox = await downloadButton.boundingBox();
      183 |             if (buttonBox) {
        at C:\Users\kanei\claudecode\02.Homepage_Dev\02.epac_homepagever1.1\epackage-lab-web\tests\download.spec.ts:180:34

    attachment #1: screenshot (image/png) ──────────────────────────────────────────────────────────
    ..\test-results\download-Catalog-Download-System-download-on-mobile-devices-Mobile-Safari\test-failed-1.png
    ────────────────────────────────────────────────────────────────────────────────────────────────

    attachment #2: video (video/webm) ──────────────────────────────────────────────────────────────
    ..\test-results\download-Catalog-Download-System-download-on-mobile-devices-Mobile-Safari\video.webm
    ────────────────────────────────────────────────────────────────────────────────────────────────

    Error Context: ..\test-results\download-Catalog-Download-System-download-on-mobile-devices-Mobile-Safari\error-context.md
]]>
</failure>
<system-out>
<![CDATA[
[[ATTACHMENT|download-Catalog-Download-System-download-on-mobile-devices-Mobile-Safari\test-failed-1.png]]

[[ATTACHMENT|download-Catalog-Download-System-download-on-mobile-devices-Mobile-Safari\video.webm]]

[[ATTACHMENT|download-Catalog-Download-System-download-on-mobile-devices-Mobile-Safari\error-context.md]]
]]>
</system-out>
</testcase>
<testcase name="Catalog Download System › analytics tracking" classname="download.spec.ts" time="1.929">
</testcase>
<testcase name="Catalog Download System › email confirmation after download" classname="download.spec.ts" time="1.982">
</testcase>
</testsuite>
<testsuite name="implementation-validation.spec.ts" timestamp="2025-12-12T21:41:49.549Z" hostname="Mobile Safari" tests="15" failures="10" skipped="0" time="69.43" errors="0">
<testcase name="TaskMaster Implementation Validation › Homepage loads successfully with Japanese content" classname="implementation-validation.spec.ts" time="5.848">
<failure message="implementation-validation.spec.ts:14:7 Homepage loads successfully with Japanese content" type="FAILURE">
<![CDATA[  [Mobile Safari] › implementation-validation.spec.ts:14:7 › TaskMaster Implementation Validation › Homepage loads successfully with Japanese content 

    Error: expect(page).toHaveTitle(expected) failed

    Expected pattern: /Epackage Lab.*パッケージソリューション/
    Received string:  "Epackage Lab | 韓国品質の包装材料で日本のものづくりを支援 | パッケージングソリューション"
    Timeout: 5000ms

    Call log:
      - Expect "toHaveTitle" with timeout 5000ms
        9 × unexpected value "Epackage Lab | 韓国品質の包装材料で日本のものづくりを支援 | パッケージングソリューション"


      14 |   test('Homepage loads successfully with Japanese content', async ({ page }) => {
      15 |     // Test basic homepage functionality
    > 16 |     await expect(page).toHaveTitle(/Epackage Lab.*パッケージソリューション/);
         |                        ^
      17 |
      18 |     // Check for main Japanese content
      19 |     await expect(page.locator('h1')).toContainText('あなたの製品を');
        at C:\Users\kanei\claudecode\02.Homepage_Dev\02.epac_homepagever1.1\epackage-lab-web\tests\implementation-validation.spec.ts:16:24

    attachment #1: screenshot (image/png) ──────────────────────────────────────────────────────────
    ..\test-results\implementation-validation--69f09-fully-with-Japanese-content-Mobile-Safari\test-failed-1.png
    ────────────────────────────────────────────────────────────────────────────────────────────────

    attachment #2: video (video/webm) ──────────────────────────────────────────────────────────────
    ..\test-results\implementation-validation--69f09-fully-with-Japanese-content-Mobile-Safari\video.webm
    ────────────────────────────────────────────────────────────────────────────────────────────────

    Error Context: ..\test-results\implementation-validation--69f09-fully-with-Japanese-content-Mobile-Safari\error-context.md
]]>
</failure>
<system-out>
<![CDATA[
[[ATTACHMENT|implementation-validation--69f09-fully-with-Japanese-content-Mobile-Safari\test-failed-1.png]]

[[ATTACHMENT|implementation-validation--69f09-fully-with-Japanese-content-Mobile-Safari\video.webm]]

[[ATTACHMENT|implementation-validation--69f09-fully-with-Japanese-content-Mobile-Safari\error-context.md]]
]]>
</system-out>
</testcase>
<testcase name="TaskMaster Implementation Validation › Header background color consistency (Task 16)" classname="implementation-validation.spec.ts" time="1.17">
<failure message="implementation-validation.spec.ts:29:7 Header background color consistency (Task 16)" type="FAILURE">
<![CDATA[  [Mobile Safari] › implementation-validation.spec.ts:29:7 › TaskMaster Implementation Validation › Header background color consistency (Task 16) 

    Error: expect(received).toBe(expected) // Object.is equality

    Expected: "rgb(255, 255, 255)"
    Received: "rgba(0, 0, 0, 0)"

      46 |     // Background colors should be consistent (both should be solid white)
      47 |     expect(initialBgColor).toBe(scrolledBgColor);
    > 48 |     expect(initialBgColor).toBe('rgb(255, 255, 255)');
         |                            ^
      49 |
      50 |     // Scroll back to top
      51 |     await page.evaluate(() => window.scrollTo(0, 0));
        at C:\Users\kanei\claudecode\02.Homepage_Dev\02.epac_homepagever1.1\epackage-lab-web\tests\implementation-validation.spec.ts:48:28

    attachment #1: screenshot (image/png) ──────────────────────────────────────────────────────────
    ..\test-results\implementation-validation--9d38c--color-consistency-Task-16--Mobile-Safari\test-failed-1.png
    ────────────────────────────────────────────────────────────────────────────────────────────────

    attachment #2: video (video/webm) ──────────────────────────────────────────────────────────────
    ..\test-results\implementation-validation--9d38c--color-consistency-Task-16--Mobile-Safari\video.webm
    ────────────────────────────────────────────────────────────────────────────────────────────────

    Error Context: ..\test-results\implementation-validation--9d38c--color-consistency-Task-16--Mobile-Safari\error-context.md
]]>
</failure>
<system-out>
<![CDATA[
[[ATTACHMENT|implementation-validation--9d38c--color-consistency-Task-16--Mobile-Safari\test-failed-1.png]]

[[ATTACHMENT|implementation-validation--9d38c--color-consistency-Task-16--Mobile-Safari\video.webm]]

[[ATTACHMENT|implementation-validation--9d38c--color-consistency-Task-16--Mobile-Safari\error-context.md]]
]]>
</system-out>
</testcase>
<testcase name="TaskMaster Implementation Validation › Footer layout restructure (horizontal single row)" classname="implementation-validation.spec.ts" time="6.048">
<failure message="implementation-validation.spec.ts:55:7 Footer layout restructure (horizontal single row)" type="FAILURE">
<![CDATA[  [Mobile Safari] › implementation-validation.spec.ts:55:7 › TaskMaster Implementation Validation › Footer layout restructure (horizontal single row) 

    Error: expect(locator).toBeVisible() failed

    Locator: locator('footer').locator('a[href="/about"]')
    Expected: visible
    Timeout: 5000ms
    Error: element(s) not found

    Call log:
      - Expect "toBeVisible" with timeout 5000ms
      - waiting for locator('footer').locator('a[href="/about"]')


      63 |
      64 |     // Check footer links are properly organized
    > 65 |     await expect(footer.locator('a[href="/about"]')).toBeVisible();
         |                                                      ^
      66 |     await expect(footer.locator('a[href="/privacy"]')).toBeVisible();
      67 |     await expect(footer.locator('a[href="/terms"]')).toBeVisible();
      68 |
        at C:\Users\kanei\claudecode\02.Homepage_Dev\02.epac_homepagever1.1\epackage-lab-web\tests\implementation-validation.spec.ts:65:54

    attachment #1: screenshot (image/png) ──────────────────────────────────────────────────────────
    ..\test-results\implementation-validation--caaab-ture-horizontal-single-row--Mobile-Safari\test-failed-1.png
    ────────────────────────────────────────────────────────────────────────────────────────────────

    attachment #2: video (video/webm) ──────────────────────────────────────────────────────────────
    ..\test-results\implementation-validation--caaab-ture-horizontal-single-row--Mobile-Safari\video.webm
    ────────────────────────────────────────────────────────────────────────────────────────────────

    Error Context: ..\test-results\implementation-validation--caaab-ture-horizontal-single-row--Mobile-Safari\error-context.md
]]>
</failure>
<system-out>
<![CDATA[
[[ATTACHMENT|implementation-validation--caaab-ture-horizontal-single-row--Mobile-Safari\test-failed-1.png]]

[[ATTACHMENT|implementation-validation--caaab-ture-horizontal-single-row--Mobile-Safari\video.webm]]

[[ATTACHMENT|implementation-validation--caaab-ture-horizontal-single-row--Mobile-Safari\error-context.md]]
]]>
</system-out>
</testcase>
<testcase name="TaskMaster Implementation Validation › Product catalog design template download functionality (Task 15)" classname="implementation-validation.spec.ts" time="10.907">
<failure message="implementation-validation.spec.ts:75:7 Product catalog design template download functionality (Task 15)" type="FAILURE">
<![CDATA[  [Mobile Safari] › implementation-validation.spec.ts:75:7 › TaskMaster Implementation Validation › Product catalog design template download functionality (Task 15) 

    TimeoutError: page.click: Timeout 10000ms exceeded.
    Call log:
      - waiting for locator('a[href="/catalog/"]')
        - locator resolved to 5 elements. Proceeding with the first one: <a title="パウチ製品一覧" href="/catalog/" class="px-4 py-2 text-sm font-medium text-text-secondary transition-colors hover:text-brixa-600 focus:outline-none focus:text-brixa-600 rounded-lg hover:bg-bg-secondary after:absolute after:bottom-[-2px] after:left-0 after:w-0 after:h-0.5 after:bg-brixa-600 after:transition-all after:duration-200 hover:after:w-full">…</a>
      - attempting click action
        2 × waiting for element to be visible, enabled and stable
          - element is not visible
        - retrying click action
        - waiting 20ms
        2 × waiting for element to be visible, enabled and stable
          - element is not visible
        - retrying click action
          - waiting 100ms
        6 × waiting for element to be visible, enabled and stable
          - element is not visible
        - retrying click action
          - waiting 500ms


      75 |   test('Product catalog design template download functionality (Task 15)', async ({ page }) => {
      76 |     // Navigate to catalog page
    > 77 |     await page.click('a[href="/catalog/"]');
         |                ^
      78 |     await page.waitForLoadState('networkidle');
      79 |
      80 |     // Check catalog page loads
        at C:\Users\kanei\claudecode\02.Homepage_Dev\02.epac_homepagever1.1\epackage-lab-web\tests\implementation-validation.spec.ts:77:16

    attachment #1: screenshot (image/png) ──────────────────────────────────────────────────────────
    ..\test-results\implementation-validation--a0879-load-functionality-Task-15--Mobile-Safari\test-failed-1.png
    ────────────────────────────────────────────────────────────────────────────────────────────────

    attachment #2: video (video/webm) ──────────────────────────────────────────────────────────────
    ..\test-results\implementation-validation--a0879-load-functionality-Task-15--Mobile-Safari\video.webm
    ────────────────────────────────────────────────────────────────────────────────────────────────

    Error Context: ..\test-results\implementation-validation--a0879-load-functionality-Task-15--Mobile-Safari\error-context.md
]]>
</failure>
<system-out>
<![CDATA[
[[ATTACHMENT|implementation-validation--a0879-load-functionality-Task-15--Mobile-Safari\test-failed-1.png]]

[[ATTACHMENT|implementation-validation--a0879-load-functionality-Task-15--Mobile-Safari\video.webm]]

[[ATTACHMENT|implementation-validation--a0879-load-functionality-Task-15--Mobile-Safari\error-context.md]]
]]>
</system-out>
</testcase>
<testcase name="TaskMaster Implementation Validation › Design guide pages availability (Task 10)" classname="implementation-validation.spec.ts" time="5.019">
</testcase>
<testcase name="TaskMaster Implementation Validation › Japanese localization verification (Task 8)" classname="implementation-validation.spec.ts" time="0.787">
<failure message="implementation-validation.spec.ts:134:7 Japanese localization verification (Task 8)" type="FAILURE">
<![CDATA[  [Mobile Safari] › implementation-validation.spec.ts:134:7 › TaskMaster Implementation Validation › Japanese localization verification (Task 8) 

    Error: expect(locator).toBeVisible() failed

    Locator: locator('text=日本語')
    Expected: visible
    Error: strict mode violation: locator('text=日本語') resolved to 2 elements:
        1) <span class="hidden sm:inline text-xs font-medium">日本語</span> aka getByRole('button', { name: '言語を選択: 日本語' })
        2) <span class="text-sm font-medium text-white">日本語サポート</span> aka getByText('日本語サポート')

    Call log:
      - Expect "toBeVisible" with timeout 5000ms
      - waiting for locator('text=日本語')


      149 |
      150 |     // Check for Japanese-specific content
    > 151 |     await expect(page.locator('text=日本語')).toBeVisible();
          |                                            ^
      152 |     await expect(page.locator('text=食品包装')).toBeVisible();
      153 |     await expect(page.locator('text=JIS規格')).toBeVisible();
      154 |   });
        at C:\Users\kanei\claudecode\02.Homepage_Dev\02.epac_homepagever1.1\epackage-lab-web\tests\implementation-validation.spec.ts:151:44

    attachment #1: screenshot (image/png) ──────────────────────────────────────────────────────────
    ..\test-results\implementation-validation--213d0-zation-verification-Task-8--Mobile-Safari\test-failed-1.png
    ────────────────────────────────────────────────────────────────────────────────────────────────

    attachment #2: video (video/webm) ──────────────────────────────────────────────────────────────
    ..\test-results\implementation-validation--213d0-zation-verification-Task-8--Mobile-Safari\video.webm
    ────────────────────────────────────────────────────────────────────────────────────────────────

    Error Context: ..\test-results\implementation-validation--213d0-zation-verification-Task-8--Mobile-Safari\error-context.md
]]>
</failure>
<system-out>
<![CDATA[
[[ATTACHMENT|implementation-validation--213d0-zation-verification-Task-8--Mobile-Safari\test-failed-1.png]]

[[ATTACHMENT|implementation-validation--213d0-zation-verification-Task-8--Mobile-Safari\video.webm]]

[[ATTACHMENT|implementation-validation--213d0-zation-verification-Task-8--Mobile-Safari\error-context.md]]
]]>
</system-out>
</testcase>
<testcase name="TaskMaster Implementation Validation › Catalog page functionality and product display" classname="implementation-validation.spec.ts" time="10.897">
<failure message="implementation-validation.spec.ts:156:7 Catalog page functionality and product display" type="FAILURE">
<![CDATA[  [Mobile Safari] › implementation-validation.spec.ts:156:7 › TaskMaster Implementation Validation › Catalog page functionality and product display 

    TimeoutError: page.click: Timeout 10000ms exceeded.
    Call log:
      - waiting for locator('a[href="/catalog/"]')
        - locator resolved to 5 elements. Proceeding with the first one: <a title="パウチ製品一覧" href="/catalog/" class="px-4 py-2 text-sm font-medium text-text-secondary transition-colors hover:text-brixa-600 focus:outline-none focus:text-brixa-600 rounded-lg hover:bg-bg-secondary after:absolute after:bottom-[-2px] after:left-0 after:w-0 after:h-0.5 after:bg-brixa-600 after:transition-all after:duration-200 hover:after:w-full">…</a>
      - attempting click action
        2 × waiting for element to be visible, enabled and stable
          - element is not visible
        - retrying click action
        - waiting 20ms
        2 × waiting for element to be visible, enabled and stable
          - element is not visible
        - retrying click action
          - waiting 100ms
        6 × waiting for element to be visible, enabled and stable
          - element is not visible
        - retrying click action
          - waiting 500ms


      156 |   test('Catalog page functionality and product display', async ({ page }) => {
      157 |     // Navigate to catalog
    > 158 |     await page.click('a[href="/catalog/"]');
          |                ^
      159 |     await page.waitForLoadState('networkidle');
      160 |
      161 |     // Check catalog page loads
        at C:\Users\kanei\claudecode\02.Homepage_Dev\02.epac_homepagever1.1\epackage-lab-web\tests\implementation-validation.spec.ts:158:16

    attachment #1: screenshot (image/png) ──────────────────────────────────────────────────────────
    ..\test-results\implementation-validation--0645e-onality-and-product-display-Mobile-Safari\test-failed-1.png
    ────────────────────────────────────────────────────────────────────────────────────────────────

    attachment #2: video (video/webm) ──────────────────────────────────────────────────────────────
    ..\test-results\implementation-validation--0645e-onality-and-product-display-Mobile-Safari\video.webm
    ────────────────────────────────────────────────────────────────────────────────────────────────

    Error Context: ..\test-results\implementation-validation--0645e-onality-and-product-display-Mobile-Safari\error-context.md
]]>
</failure>
<system-out>
<![CDATA[
[[ATTACHMENT|implementation-validation--0645e-onality-and-product-display-Mobile-Safari\test-failed-1.png]]

[[ATTACHMENT|implementation-validation--0645e-onality-and-product-display-Mobile-Safari\video.webm]]

[[ATTACHMENT|implementation-validation--0645e-onality-and-product-display-Mobile-Safari\error-context.md]]
]]>
</system-out>
</testcase>
<testcase name="TaskMaster Implementation Validation › Navigation and routing functionality" classname="implementation-validation.spec.ts" time="10.919">
<failure message="implementation-validation.spec.ts:179:7 Navigation and routing functionality" type="FAILURE">
<![CDATA[  [Mobile Safari] › implementation-validation.spec.ts:179:7 › TaskMaster Implementation Validation › Navigation and routing functionality 

    TimeoutError: page.click: Timeout 10000ms exceeded.
    Call log:
      - waiting for locator('a[href="/catalog/"]')
        - locator resolved to 5 elements. Proceeding with the first one: <a title="パウチ製品一覧" href="/catalog/" class="px-4 py-2 text-sm font-medium text-text-secondary transition-colors hover:text-brixa-600 focus:outline-none focus:text-brixa-600 rounded-lg hover:bg-bg-secondary after:absolute after:bottom-[-2px] after:left-0 after:w-0 after:h-0.5 after:bg-brixa-600 after:transition-all after:duration-200 hover:after:w-full">…</a>
      - attempting click action
        2 × waiting for element to be visible, enabled and stable
          - element is not visible
        - retrying click action
        - waiting 20ms
        2 × waiting for element to be visible, enabled and stable
          - element is not visible
        - retrying click action
          - waiting 100ms
        6 × waiting for element to be visible, enabled and stable
          - element is not visible
        - retrying click action
          - waiting 500ms


      187 |
      188 |     for (const link of navLinks) {
    > 189 |       await page.click(`a[href="${link.href}"]`);
          |                  ^
      190 |       await page.waitForLoadState('networkidle');
      191 |
      192 |       // Verify navigation worked
        at C:\Users\kanei\claudecode\02.Homepage_Dev\02.epac_homepagever1.1\epackage-lab-web\tests\implementation-validation.spec.ts:189:18

    attachment #1: screenshot (image/png) ──────────────────────────────────────────────────────────
    ..\test-results\implementation-validation--d2dc7-n-and-routing-functionality-Mobile-Safari\test-failed-1.png
    ────────────────────────────────────────────────────────────────────────────────────────────────

    attachment #2: video (video/webm) ──────────────────────────────────────────────────────────────
    ..\test-results\implementation-validation--d2dc7-n-and-routing-functionality-Mobile-Safari\video.webm
    ────────────────────────────────────────────────────────────────────────────────────────────────

    Error Context: ..\test-results\implementation-validation--d2dc7-n-and-routing-functionality-Mobile-Safari\error-context.md
]]>
</failure>
<system-out>
<![CDATA[
[[ATTACHMENT|implementation-validation--d2dc7-n-and-routing-functionality-Mobile-Safari\test-failed-1.png]]

[[ATTACHMENT|implementation-validation--d2dc7-n-and-routing-functionality-Mobile-Safari\video.webm]]

[[ATTACHMENT|implementation-validation--d2dc7-n-and-routing-functionality-Mobile-Safari\error-context.md]]
]]>
</system-out>
</testcase>
<testcase name="TaskMaster Implementation Validation › Mobile responsiveness and mobile menu functionality" classname="implementation-validation.spec.ts" time="1.603">
<failure message="implementation-validation.spec.ts:203:7 Mobile responsiveness and mobile menu functionality" type="FAILURE">
<![CDATA[  [Mobile Safari] › implementation-validation.spec.ts:203:7 › TaskMaster Implementation Validation › Mobile responsiveness and mobile menu functionality 

    Error: expect(locator).toBeVisible() failed

    Locator: locator('a[href="/catalog/"]')
    Expected: visible
    Error: strict mode violation: locator('a[href="/catalog/"]') resolved to 10 elements:
        1) <a title="パウチ製品一覧" href="/catalog/" class="px-4 py-2 text-sm font-medium text-text-secondary transition-colors hover:text-brixa-600 focus:outline-none focus:text-brixa-600 rounded-lg hover:bg-bg-secondary after:absolute after:bottom-[-2px] after:left-0 after:w-0 after:h-0.5 after:bg-brixa-600 after:transition-all after:duration-200 hover:after:w-full">…</a> aka getByLabel('Main navigation').getByTitle('パウチ製品一覧')
        2) <a title="パウチ製品一覧" href="/catalog/" class="block px-4 py-3 text-base font-medium text-text-secondary rounded-lg transition-colors hover:bg-bg-secondary hover:text-text-primary focus:outline-none focus:bg-bg-secondary focus:text-text-primary after:absolute after:bottom-[-2px] after:left-0 after:w-0 after:h-0.5 after:bg-brixa-600 after:transition-all after:duration-200 hover:after:w-full">…</a> aka getByRole('link', { name: '製品カタログ', exact: true })
        3) <a href="/catalog/" class="inline-flex group relative">…</a> aka getByRole('link', { name: '全製品を見る 人気' })
        4) <a class="flex-1" href="/catalog/">…</a> aka getByRole('link', { name: '詳細をご確認' }).first()
        5) <a class="flex-1" href="/catalog/">…</a> aka getByRole('link', { name: '詳細をご確認' }).nth(1)
        6) <a class="flex-1" href="/catalog/">…</a> aka getByRole('link', { name: '詳細をご確認' }).nth(2)
        7) <a class="flex-1" href="/catalog/">…</a> aka getByRole('link', { name: '詳細をご確認' }).nth(3)
        8) <a class="flex-1" href="/catalog/">…</a> aka getByRole('link', { name: '詳細をご確認' }).nth(4)
        9) <a href="/catalog/">…</a> aka getByRole('link', { name: '全製品を見る', exact: true })
        10) <a class="group" href="/catalog/">…</a> aka getByRole('link', { name: '全製品カタログ 全製品を詳しく確認。仕様と価格を比較。 おすすめ 全製品確認' })

    Call log:
      - Expect "toBeVisible" with timeout 5000ms
      - waiting for locator('a[href="/catalog/"]')


      217 |
      218 |     // Check navigation items are visible in mobile menu
    > 219 |     await expect(page.locator('a[href="/catalog/"]')).toBeVisible();
          |                                                       ^
      220 |     await expect(page.locator('a[href="/contact/"]')).toBeVisible();
      221 |
      222 |     // Close mobile menu
        at C:\Users\kanei\claudecode\02.Homepage_Dev\02.epac_homepagever1.1\epackage-lab-web\tests\implementation-validation.spec.ts:219:55

    attachment #1: screenshot (image/png) ──────────────────────────────────────────────────────────
    ..\test-results\implementation-validation--8034f-d-mobile-menu-functionality-Mobile-Safari\test-failed-1.png
    ────────────────────────────────────────────────────────────────────────────────────────────────

    attachment #2: video (video/webm) ──────────────────────────────────────────────────────────────
    ..\test-results\implementation-validation--8034f-d-mobile-menu-functionality-Mobile-Safari\video.webm
    ────────────────────────────────────────────────────────────────────────────────────────────────

    Error Context: ..\test-results\implementation-validation--8034f-d-mobile-menu-functionality-Mobile-Safari\error-context.md
]]>
</failure>
<system-out>
<![CDATA[
[[ATTACHMENT|implementation-validation--8034f-d-mobile-menu-functionality-Mobile-Safari\test-failed-1.png]]

[[ATTACHMENT|implementation-validation--8034f-d-mobile-menu-functionality-Mobile-Safari\video.webm]]

[[ATTACHMENT|implementation-validation--8034f-d-mobile-menu-functionality-Mobile-Safari\error-context.md]]
]]>
</system-out>
</testcase>
<testcase name="TaskMaster Implementation Validation › Performance and accessibility checks" classname="implementation-validation.spec.ts" time="0.695">
</testcase>
<testcase name="TaskMaster Implementation Validation › Contact and inquiry functionality" classname="implementation-validation.spec.ts" time="10.756">
<failure message="implementation-validation.spec.ts:262:7 Contact and inquiry functionality" type="FAILURE">
<![CDATA[  [Mobile Safari] › implementation-validation.spec.ts:262:7 › TaskMaster Implementation Validation › Contact and inquiry functionality 

    TimeoutError: page.click: Timeout 10000ms exceeded.
    Call log:
      - waiting for locator('a[href="/contact/"]')
        - locator resolved to 3 elements. Proceeding with the first one: <a href="/contact/" class="inline-flex">…</a>
      - attempting click action
        2 × waiting for element to be visible, enabled and stable
          - element is not visible
        - retrying click action
        - waiting 20ms
        2 × waiting for element to be visible, enabled and stable
          - element is not visible
        - retrying click action
          - waiting 100ms
        6 × waiting for element to be visible, enabled and stable
          - element is not visible
        - retrying click action
          - waiting 500ms


      262 |   test('Contact and inquiry functionality', async ({ page }) => {
      263 |     // Test contact page
    > 264 |     await page.click('a[href="/contact/"]');
          |                ^
      265 |     await page.waitForLoadState('networkidle');
      266 |
      267 |     // Verify contact page loaded
        at C:\Users\kanei\claudecode\02.Homepage_Dev\02.epac_homepagever1.1\epackage-lab-web\tests\implementation-validation.spec.ts:264:16

    attachment #1: screenshot (image/png) ──────────────────────────────────────────────────────────
    ..\test-results\implementation-validation--cf019-t-and-inquiry-functionality-Mobile-Safari\test-failed-1.png
    ────────────────────────────────────────────────────────────────────────────────────────────────

    attachment #2: video (video/webm) ──────────────────────────────────────────────────────────────
    ..\test-results\implementation-validation--cf019-t-and-inquiry-functionality-Mobile-Safari\video.webm
    ────────────────────────────────────────────────────────────────────────────────────────────────

    Error Context: ..\test-results\implementation-validation--cf019-t-and-inquiry-functionality-Mobile-Safari\error-context.md
]]>
</failure>
<system-out>
<![CDATA[
[[ATTACHMENT|implementation-validation--cf019-t-and-inquiry-functionality-Mobile-Safari\test-failed-1.png]]

[[ATTACHMENT|implementation-validation--cf019-t-and-inquiry-functionality-Mobile-Safari\video.webm]]

[[ATTACHMENT|implementation-validation--cf019-t-and-inquiry-functionality-Mobile-Safari\error-context.md]]
]]>
</system-out>
</testcase>
<testcase name="API and Backend Functionality › Design template download API endpoints" classname="implementation-validation.spec.ts" time="0.275">
<failure message="implementation-validation.spec.ts:291:7 Design template download API endpoints" type="FAILURE">
<![CDATA[  [Mobile Safari] › implementation-validation.spec.ts:291:7 › API and Backend Functionality › Design template download API endpoints 

    Error: expect(received).toBe(expected) // Object.is equality

    Expected: 200
    Received: 405

      298 |
      299 |     // API should respond successfully
    > 300 |     expect(apiResponse.status()).toBe(200);
          |                                  ^
      301 |
      302 |     // Response should contain template information
      303 |     const responseData = await apiResponse.json();
        at C:\Users\kanei\claudecode\02.Homepage_Dev\02.epac_homepagever1.1\epackage-lab-web\tests\implementation-validation.spec.ts:300:34

    attachment #1: screenshot (image/png) ──────────────────────────────────────────────────────────
    ..\test-results\implementation-validation--ecc2c-late-download-API-endpoints-Mobile-Safari\test-failed-1.png
    ────────────────────────────────────────────────────────────────────────────────────────────────

    attachment #2: video (video/webm) ──────────────────────────────────────────────────────────────
    ..\test-results\implementation-validation--ecc2c-late-download-API-endpoints-Mobile-Safari\video.webm
    ────────────────────────────────────────────────────────────────────────────────────────────────
]]>
</failure>
<system-out>
<![CDATA[
[[ATTACHMENT|implementation-validation--ecc2c-late-download-API-endpoints-Mobile-Safari\test-failed-1.png]]

[[ATTACHMENT|implementation-validation--ecc2c-late-download-API-endpoints-Mobile-Safari\video.webm]]
]]>
</system-out>
</testcase>
<testcase name="API and Backend Functionality › Product catalog API" classname="implementation-validation.spec.ts" time="0.307">
</testcase>
<testcase name="Error Handling and Edge Cases › 404 page handling" classname="implementation-validation.spec.ts" time="0.559">
</testcase>
<testcase name="Error Handling and Edge Cases › Image loading with fallbacks" classname="implementation-validation.spec.ts" time="3.64">
</testcase>
</testsuite>
<testsuite name="navigation.spec.ts" timestamp="2025-12-12T21:41:49.549Z" hostname="Mobile Safari" tests="8" failures="1" skipped="0" time="39.46" errors="0">
<testcase name="Navigation System › header menu has no nested duplication" classname="navigation.spec.ts" time="2.955">
</testcase>
<testcase name="Navigation System › all menu links work correctly" classname="navigation.spec.ts" time="15.268">
<failure message="navigation.spec.ts:27:9 all menu links work correctly" type="FAILURE">
<![CDATA[  [Mobile Safari] › navigation.spec.ts:27:9 › Navigation System › all menu links work correctly ────

    TimeoutError: locator.getAttribute: Timeout 10000ms exceeded.
    Call log:
      - waiting for locator('nav a, header a, [data-testid="nav-link"]').nth(1)


      35 |         for (let i = 0; i < linksToTest; i++) {
      36 |             const link = navLinks.nth(i);
    > 37 |             const href = await link.getAttribute('href');
         |                                     ^
      38 |
      39 |             // Skip external links and anchors
      40 |             if (href && !href.startsWith('http') && !href.startsWith('#') && !href.startsWith('mailto:')) {
        at C:\Users\kanei\claudecode\02.Homepage_Dev\02.epac_homepagever1.1\epackage-lab-web\tests\navigation.spec.ts:37:37

    attachment #1: screenshot (image/png) ──────────────────────────────────────────────────────────
    ..\test-results\navigation-Navigation-System-all-menu-links-work-correctly-Mobile-Safari\test-failed-1.png
    ────────────────────────────────────────────────────────────────────────────────────────────────

    attachment #2: video (video/webm) ──────────────────────────────────────────────────────────────
    ..\test-results\navigation-Navigation-System-all-menu-links-work-correctly-Mobile-Safari\video.webm
    ────────────────────────────────────────────────────────────────────────────────────────────────
]]>
</failure>
<system-out>
<![CDATA[
[[ATTACHMENT|navigation-Navigation-System-all-menu-links-work-correctly-Mobile-Safari\test-failed-1.png]]

[[ATTACHMENT|navigation-Navigation-System-all-menu-links-work-correctly-Mobile-Safari\video.webm]]
]]>
</system-out>
</testcase>
<testcase name="Navigation System › Japanese text renders correctly in navigation" classname="navigation.spec.ts" time="2.824">
<system-out>
<![CDATA[Navigation font: "Noto Sans JP", "Noto Sans CJK JP", "Hiragino Sans", "Yu Gothic", sans-serif
]]>
</system-out>
</testcase>
<testcase name="Navigation System › dropdown menu functionality" classname="navigation.spec.ts" time="2.971">
</testcase>
<testcase name="Navigation System › mobile menu functionality" classname="navigation.spec.ts" time="2.457">
</testcase>
<testcase name="Navigation System › sticky navigation on scroll" classname="navigation.spec.ts" time="3.501">
</testcase>
<testcase name="Navigation System › active page highlighting" classname="navigation.spec.ts" time="6.695">
</testcase>
<testcase name="Navigation System › navigation accessibility" classname="navigation.spec.ts" time="2.789">
<system-out>
<![CDATA[Tab 1: Focused on BUTTON
Tab 2: Focused on BUTTON
Tab 3: Focused on BUTTON
Tab 4: Focused on BUTTON
Tab 5: Focused on BUTTON
Tab 6: Focused on BUTTON
Tab 7: Focused on BUTTON
Tab 8: Focused on BUTTON
Tab 9: Focused on BUTTON
Tab 10: Focused on BUTTON
]]>
</system-out>
</testcase>
</testsuite>
<testsuite name="post-processing.spec.ts" timestamp="2025-12-12T21:41:49.549Z" hostname="Mobile Safari" tests="8" failures="1" skipped="0" time="15.36" errors="0">
<testcase name="Post-Processing Preview System › displays all 14 processing types" classname="post-processing.spec.ts" time="2.138">
<failure message="post-processing.spec.ts:9:9 displays all 14 processing types" type="FAILURE">
<![CDATA[  [Mobile Safari] › post-processing.spec.ts:9:9 › Post-Processing Preview System › displays all 14 processing types 

    Error: expect(received).toBeGreaterThan(expected)

    Expected: > 10
    Received:   0

      20 |
      21 |         // Should have multiple options
    > 22 |         expect(optionCount).toBeGreaterThan(10);
         |                             ^
      23 |
      24 |         // Check category labels
      25 |         const categories = ['ジッパー', '仕上げ', '穴', 'その他'];
        at C:\Users\kanei\claudecode\02.Homepage_Dev\02.epac_homepagever1.1\epackage-lab-web\tests\post-processing.spec.ts:22:29

    attachment #1: screenshot (image/png) ──────────────────────────────────────────────────────────
    ..\test-results\post-processing-Post-Proce-768ad-ays-all-14-processing-types-Mobile-Safari\test-failed-1.png
    ────────────────────────────────────────────────────────────────────────────────────────────────

    attachment #2: video (video/webm) ──────────────────────────────────────────────────────────────
    ..\test-results\post-processing-Post-Proce-768ad-ays-all-14-processing-types-Mobile-Safari\video.webm
    ────────────────────────────────────────────────────────────────────────────────────────────────

    Error Context: ..\test-results\post-processing-Post-Proce-768ad-ays-all-14-processing-types-Mobile-Safari\error-context.md
]]>
</failure>
<system-out>
<![CDATA[Found 0 processing options

[[ATTACHMENT|post-processing-Post-Proce-768ad-ays-all-14-processing-types-Mobile-Safari\test-failed-1.png]]

[[ATTACHMENT|post-processing-Post-Proce-768ad-ays-all-14-processing-types-Mobile-Safari\video.webm]]

[[ATTACHMENT|post-processing-Post-Proce-768ad-ays-all-14-processing-types-Mobile-Safari\error-context.md]]
]]>
</system-out>
</testcase>
<testcase name="Post-Processing Preview System › shows visual previews correctly" classname="post-processing.spec.ts" time="1.863">
</testcase>
<testcase name="Post-Processing Preview System › updates price calculation in real-time" classname="post-processing.spec.ts" time="1.927">
</testcase>
<testcase name="Post-Processing Preview System › selection and deselection functionality" classname="post-processing.spec.ts" time="1.874">
</testcase>
<testcase name="Post-Processing Preview System › mobile responsive preview display" classname="post-processing.spec.ts" time="1.924">
</testcase>
<testcase name="Post-Processing Preview System › category grouping functionality" classname="post-processing.spec.ts" time="1.924">
<system-out>
<![CDATA[Categories - Zipper: false, Finishing: false, Holes: false
]]>
</system-out>
</testcase>
<testcase name="Post-Processing Preview System › preview image loading states" classname="post-processing.spec.ts" time="1.83">
</testcase>
<testcase name="Post-Processing Preview System › processing options affect quote summary" classname="post-processing.spec.ts" time="1.88">
</testcase>
</testsuite>
<testsuite name="simulation.spec.ts" timestamp="2025-12-12T21:41:49.549Z" hostname="Mobile Safari" tests="1" failures="1" skipped="0" time="5.638" errors="0">
<testcase name="Simulation Wizard Flow" classname="simulation.spec.ts" time="5.638">
<failure message="simulation.spec.ts:3:5 Simulation Wizard Flow" type="FAILURE">
<![CDATA[  [Mobile Safari] › simulation.spec.ts:3:5 › Simulation Wizard Flow ────────────────────────────────

    Error: expect(page).toHaveTitle(expected) failed

    Expected pattern: /見積り/
    Received string:  "自動見積もり | Epackage Lab"
    Timeout: 5000ms

    Call log:
      - Expect "toHaveTitle" with timeout 5000ms
        9 × unexpected value "自動見積もり | Epackage Lab"


       6 |     await page.goto('/simulation');
       7 |     console.log('Navigated to /simulation');
    >  8 |     await expect(page).toHaveTitle(/見積り/);
         |                        ^
       9 |     console.log('Title verified');
      10 |
      11 |     // 2. Step 1: Bag Selection
        at C:\Users\kanei\claudecode\02.Homepage_Dev\02.epac_homepagever1.1\epackage-lab-web\tests\simulation.spec.ts:8:24

    attachment #1: screenshot (image/png) ──────────────────────────────────────────────────────────
    ..\test-results\simulation-Simulation-Wizard-Flow-Mobile-Safari\test-failed-1.png
    ────────────────────────────────────────────────────────────────────────────────────────────────

    attachment #2: video (video/webm) ──────────────────────────────────────────────────────────────
    ..\test-results\simulation-Simulation-Wizard-Flow-Mobile-Safari\video.webm
    ────────────────────────────────────────────────────────────────────────────────────────────────

    Error Context: ..\test-results\simulation-Simulation-Wizard-Flow-Mobile-Safari\error-context.md
]]>
</failure>
<system-out>
<![CDATA[Starting test...
Navigated to /simulation

[[ATTACHMENT|simulation-Simulation-Wizard-Flow-Mobile-Safari\test-failed-1.png]]

[[ATTACHMENT|simulation-Simulation-Wizard-Flow-Mobile-Safari\video.webm]]

[[ATTACHMENT|simulation-Simulation-Wizard-Flow-Mobile-Safari\error-context.md]]
]]>
</system-out>
</testcase>
</testsuite>
<testsuite name="test-summary.spec.ts" timestamp="2025-12-12T21:41:49.549Z" hostname="Mobile Safari" tests="11" failures="5" skipped="0" time="40.116" errors="0">
<testcase name="TaskMaster Implementation Summary › ✅ SUCCESS: Japanese localization is properly implemented" classname="test-summary.spec.ts" time="0.717">
<failure message="test-summary.spec.ts:13:7 ✅ SUCCESS: Japanese localization is properly implemented" type="FAILURE">
<![CDATA[  [Mobile Safari] › test-summary.spec.ts:13:7 › TaskMaster Implementation Summary › ✅ SUCCESS: Japanese localization is properly implemented 

    Error: expect(locator).toBeVisible() failed

    Locator: locator('text=食品・化粧品・電子部品')
    Expected: visible
    Error: strict mode violation: locator('text=食品・化粧品・電子部品') resolved to 2 elements:
        1) <p class="text-lg md:text-xl text-gray-200 leading-relaxed max-w-4xl mx-auto bg-black/30 backdrop-blur-sm rounded-2xl p-6 border border-white/10">食品・化粧品・電子部品など、あらゆる業界に対応する高品質パウチ包装。 あなたの製品価値を最大限に引…</p> aka getByText('食品・化粧品・電子部品など、あらゆる業界に対応する高品質パウチ包装。 あなたの製品価値を最大限に引き出す最適な包装ソリューションをご提案します。')
        2) <p class="text-lg text-gray-600 max-w-3xl mx-auto">食品・化粧品・電子部品など、あらゆる製品に対応する専門パウチ製品。 お客様のニーズに合わせて最適な…</p> aka getByText('食品・化粧品・電子部品など、あらゆる製品に対応する専門パウチ製品。 お客様のニーズに合わせて最適な包装ソリューションをご提案します。')

    Call log:
      - Expect "toBeVisible" with timeout 5000ms
      - waiting for locator('text=食品・化粧品・電子部品')


      20 |     await expect(page.locator('h1')).toContainText('あなたの製品を');
      21 |     await expect(page.locator('h1')).toContainText('輝かせる');
    > 22 |     await expect(page.locator('text=食品・化粧品・電子部品')).toBeVisible();
         |                                                    ^
      23 |   });
      24 |
      25 |   test('✅ SUCCESS: All key pages are accessible', async ({ page }) => {
        at C:\Users\kanei\claudecode\02.Homepage_Dev\02.epac_homepagever1.1\epackage-lab-web\tests\test-summary.spec.ts:22:52

    attachment #1: screenshot (image/png) ──────────────────────────────────────────────────────────
    ..\test-results\test-summary-TaskMaster-Im-3ad08-ion-is-properly-implemented-Mobile-Safari\test-failed-1.png
    ────────────────────────────────────────────────────────────────────────────────────────────────

    attachment #2: video (video/webm) ──────────────────────────────────────────────────────────────
    ..\test-results\test-summary-TaskMaster-Im-3ad08-ion-is-properly-implemented-Mobile-Safari\video.webm
    ────────────────────────────────────────────────────────────────────────────────────────────────

    Error Context: ..\test-results\test-summary-TaskMaster-Im-3ad08-ion-is-properly-implemented-Mobile-Safari\error-context.md
]]>
</failure>
<system-out>
<![CDATA[
[[ATTACHMENT|test-summary-TaskMaster-Im-3ad08-ion-is-properly-implemented-Mobile-Safari\test-failed-1.png]]

[[ATTACHMENT|test-summary-TaskMaster-Im-3ad08-ion-is-properly-implemented-Mobile-Safari\video.webm]]

[[ATTACHMENT|test-summary-TaskMaster-Im-3ad08-ion-is-properly-implemented-Mobile-Safari\error-context.md]]
]]>
</system-out>
</testcase>
<testcase name="TaskMaster Implementation Summary › ✅ SUCCESS: All key pages are accessible" classname="test-summary.spec.ts" time="1.934">
</testcase>
<testcase name="TaskMaster Implementation Summary › ✅ SUCCESS: Design guide pages are functional" classname="test-summary.spec.ts" time="2.405">
</testcase>
<testcase name="TaskMaster Implementation Summary › ✅ SUCCESS: Footer has been restructured" classname="test-summary.spec.ts" time="6.864">
<failure message="test-summary.spec.ts:56:7 ✅ SUCCESS: Footer has been restructured" type="FAILURE">
<![CDATA[  [Mobile Safari] › test-summary.spec.ts:56:7 › TaskMaster Implementation Summary › ✅ SUCCESS: Footer has been restructured 

    Error: expect(locator).toBeVisible() failed

    Locator: locator('text=〒673-0846')
    Expected: visible
    Timeout: 5000ms
    Error: element(s) not found

    Call log:
      - Expect "toBeVisible" with timeout 5000ms
      - waiting for locator('text=〒673-0846')


      61 |     // Check footer content
      62 |     await expect(page.locator('text=先進技術と卓越した品質で')).toBeVisible();
    > 63 |     await expect(page.locator('text=〒673-0846')).toBeVisible();
         |                                                  ^
      64 |     await expect(page.locator('text=080-6942-7235')).toBeVisible();
      65 |   });
      66 |
        at C:\Users\kanei\claudecode\02.Homepage_Dev\02.epac_homepagever1.1\epackage-lab-web\tests\test-summary.spec.ts:63:50

    attachment #1: screenshot (image/png) ──────────────────────────────────────────────────────────
    ..\test-results\test-summary-TaskMaster-Im-ceb8f-ooter-has-been-restructured-Mobile-Safari\test-failed-1.png
    ────────────────────────────────────────────────────────────────────────────────────────────────

    attachment #2: video (video/webm) ──────────────────────────────────────────────────────────────
    ..\test-results\test-summary-TaskMaster-Im-ceb8f-ooter-has-been-restructured-Mobile-Safari\video.webm
    ────────────────────────────────────────────────────────────────────────────────────────────────

    Error Context: ..\test-results\test-summary-TaskMaster-Im-ceb8f-ooter-has-been-restructured-Mobile-Safari\error-context.md
]]>
</failure>
<system-out>
<![CDATA[
[[ATTACHMENT|test-summary-TaskMaster-Im-ceb8f-ooter-has-been-restructured-Mobile-Safari\test-failed-1.png]]

[[ATTACHMENT|test-summary-TaskMaster-Im-ceb8f-ooter-has-been-restructured-Mobile-Safari\video.webm]]

[[ATTACHMENT|test-summary-TaskMaster-Im-ceb8f-ooter-has-been-restructured-Mobile-Safari\error-context.md]]
]]>
</system-out>
</testcase>
<testcase name="TaskMaster Implementation Summary › ✅ SUCCESS: API endpoints are working" classname="test-summary.spec.ts" time="0.687">
</testcase>
<testcase name="TaskMaster Implementation Summary › ✅ SUCCESS: Header functionality works" classname="test-summary.spec.ts" time="6.529">
<failure message="test-summary.spec.ts:76:7 ✅ SUCCESS: Header functionality works" type="FAILURE">
<![CDATA[  [Mobile Safari] › test-summary.spec.ts:76:7 › TaskMaster Implementation Summary › ✅ SUCCESS: Header functionality works 

    Error: expect(locator).toHaveCount(expected) failed

    Locator:  locator('a[href="/catalog/"]')
    Expected: 5
    Received: 10
    Timeout:  5000ms

    Call log:
      - Expect "toHaveCount" with timeout 5000ms
      - waiting for locator('a[href="/catalog/"]')
        9 × locator resolved to 10 elements
          - unexpected value "10"


      86 |     // Test navigation links exist
      87 |     const catalogLinks = page.locator('a[href="/catalog/"]');
    > 88 |     await expect(catalogLinks).toHaveCount(5); // Multiple catalog links is expected
         |                                ^
      89 |   });
      90 |
      91 |   test('✅ SUCCESS: Mobile responsiveness', async ({ page }) => {
        at C:\Users\kanei\claudecode\02.Homepage_Dev\02.epac_homepagever1.1\epackage-lab-web\tests\test-summary.spec.ts:88:32

    attachment #1: screenshot (image/png) ──────────────────────────────────────────────────────────
    ..\test-results\test-summary-TaskMaster-Im-b5352--Header-functionality-works-Mobile-Safari\test-failed-1.png
    ────────────────────────────────────────────────────────────────────────────────────────────────

    attachment #2: video (video/webm) ──────────────────────────────────────────────────────────────
    ..\test-results\test-summary-TaskMaster-Im-b5352--Header-functionality-works-Mobile-Safari\video.webm
    ────────────────────────────────────────────────────────────────────────────────────────────────

    Error Context: ..\test-results\test-summary-TaskMaster-Im-b5352--Header-functionality-works-Mobile-Safari\error-context.md
]]>
</failure>
<system-out>
<![CDATA[
[[ATTACHMENT|test-summary-TaskMaster-Im-b5352--Header-functionality-works-Mobile-Safari\test-failed-1.png]]

[[ATTACHMENT|test-summary-TaskMaster-Im-b5352--Header-functionality-works-Mobile-Safari\video.webm]]

[[ATTACHMENT|test-summary-TaskMaster-Im-b5352--Header-functionality-works-Mobile-Safari\error-context.md]]
]]>
</system-out>
</testcase>
<testcase name="TaskMaster Implementation Summary › ✅ SUCCESS: Mobile responsiveness" classname="test-summary.spec.ts" time="0.942">
</testcase>
<testcase name="TaskMaster Implementation Summary › ✅ SUCCESS: Navigation functionality" classname="test-summary.spec.ts" time="10.784">
<failure message="test-summary.spec.ts:107:7 ✅ SUCCESS: Navigation functionality" type="FAILURE">
<![CDATA[  [Mobile Safari] › test-summary.spec.ts:107:7 › TaskMaster Implementation Summary › ✅ SUCCESS: Navigation functionality 

    TimeoutError: page.click: Timeout 10000ms exceeded.
    Call log:
      - waiting for locator('a[href="/catalog/"]')
        - locator resolved to 5 elements. Proceeding with the first one: <a title="パウチ製品一覧" href="/catalog/" class="px-4 py-2 text-sm font-medium text-text-secondary transition-colors hover:text-brixa-600 focus:outline-none focus:text-brixa-600 rounded-lg hover:bg-bg-secondary after:absolute after:bottom-[-2px] after:left-0 after:w-0 after:h-0.5 after:bg-brixa-600 after:transition-all after:duration-200 hover:after:w-full">…</a>
      - attempting click action
        2 × waiting for element to be visible, enabled and stable
          - element is not visible
        - retrying click action
        - waiting 20ms
        2 × waiting for element to be visible, enabled and stable
          - element is not visible
        - retrying click action
          - waiting 100ms
        6 × waiting for element to be visible, enabled and stable
          - element is not visible
        - retrying click action
          - waiting 500ms


      115 |
      116 |     for (const navTest of navigationTests) {
    > 117 |       await page.click(`a[href="${navTest.href}"]`);
          |                  ^
      118 |       await page.waitForLoadState('domcontentloaded');
      119 |       expect(page.url()).toContain(navTest.href);
      120 |       await page.goto('http://localhost:3000'); // Return home
        at C:\Users\kanei\claudecode\02.Homepage_Dev\02.epac_homepagever1.1\epackage-lab-web\tests\test-summary.spec.ts:117:18

    attachment #1: screenshot (image/png) ──────────────────────────────────────────────────────────
    ..\test-results\test-summary-TaskMaster-Im-9ba1c-SS-Navigation-functionality-Mobile-Safari\test-failed-1.png
    ────────────────────────────────────────────────────────────────────────────────────────────────

    attachment #2: video (video/webm) ──────────────────────────────────────────────────────────────
    ..\test-results\test-summary-TaskMaster-Im-9ba1c-SS-Navigation-functionality-Mobile-Safari\video.webm
    ────────────────────────────────────────────────────────────────────────────────────────────────

    Error Context: ..\test-results\test-summary-TaskMaster-Im-9ba1c-SS-Navigation-functionality-Mobile-Safari\error-context.md
]]>
</failure>
<system-out>
<![CDATA[
[[ATTACHMENT|test-summary-TaskMaster-Im-9ba1c-SS-Navigation-functionality-Mobile-Safari\test-failed-1.png]]

[[ATTACHMENT|test-summary-TaskMaster-Im-9ba1c-SS-Navigation-functionality-Mobile-Safari\video.webm]]

[[ATTACHMENT|test-summary-TaskMaster-Im-9ba1c-SS-Navigation-functionality-Mobile-Safari\error-context.md]]
]]>
</system-out>
</testcase>
<testcase name="TaskMaster Implementation Summary › ✅ SUCCESS: All TaskMaster requirements implemented" classname="test-summary.spec.ts" time="1.526">
<failure message="test-summary.spec.ts:124:7 ✅ SUCCESS: All TaskMaster requirements implemented" type="FAILURE">
<![CDATA[  [Mobile Safari] › test-summary.spec.ts:124:7 › TaskMaster Implementation Summary › ✅ SUCCESS: All TaskMaster requirements implemented 

    Error: expect(locator).toBeVisible() failed

    Locator: locator('text=お問い合わせ')
    Expected: visible
    Error: strict mode violation: locator('text=お問い合わせ') resolved to 5 elements:
        1) <span class="truncate">お問い合わせ</span> aka getByText('お問い合わせ').first()
        2) <span class="truncate">お問い合わせ</span> aka getByLabel('Get a quote - mobile CTA').getByText('お問い合わせ')
        3) <h1 class="text-4xl font-bold text-gray-900 mb-4">パウチ専門お問い合わせ</h1> aka getByRole('heading', { name: 'パウチ専門お問い合わせ' })
        4) <label class="flex items-center text-lg font-medium text-gray-900">…</label> aka getByText('お問い合わせ内容 *')
        5) <title>パウチお問い合わせ | Epackage Lab | Epackage Lab</title> aka getByText('パウチお問い合わせ | Epackage Lab |')

    Call log:
      - Expect "toBeVisible" with timeout 5000ms
      - waiting for locator('text=お問い合わせ')


      150 |     // 6. Contact functionality - ✓ Confirmed
      151 |     await page.goto('http://localhost:3000/contact');
    > 152 |     await expect(page.locator('text=お問い合わせ')).toBeVisible();
          |                                               ^
      153 |   });
      154 | });
      155 |
        at C:\Users\kanei\claudecode\02.Homepage_Dev\02.epac_homepagever1.1\epackage-lab-web\tests\test-summary.spec.ts:152:47

    attachment #1: screenshot (image/png) ──────────────────────────────────────────────────────────
    ..\test-results\test-summary-TaskMaster-Im-4fd17-er-requirements-implemented-Mobile-Safari\test-failed-1.png
    ────────────────────────────────────────────────────────────────────────────────────────────────

    attachment #2: video (video/webm) ──────────────────────────────────────────────────────────────
    ..\test-results\test-summary-TaskMaster-Im-4fd17-er-requirements-implemented-Mobile-Safari\video.webm
    ────────────────────────────────────────────────────────────────────────────────────────────────

    Error Context: ..\test-results\test-summary-TaskMaster-Im-4fd17-er-requirements-implemented-Mobile-Safari\error-context.md
]]>
</failure>
<system-out>
<![CDATA[
[[ATTACHMENT|test-summary-TaskMaster-Im-4fd17-er-requirements-implemented-Mobile-Safari\test-failed-1.png]]

[[ATTACHMENT|test-summary-TaskMaster-Im-4fd17-er-requirements-implemented-Mobile-Safari\video.webm]]

[[ATTACHMENT|test-summary-TaskMaster-Im-4fd17-er-requirements-implemented-Mobile-Safari\error-context.md]]
]]>
</system-out>
</testcase>
<testcase name="Performance and Quality › ✅ SUCCESS: Page loads within reasonable time" classname="test-summary.spec.ts" time="0.658">
</testcase>
<testcase name="Performance and Quality › ✅ SUCCESS: No console errors on critical pages" classname="test-summary.spec.ts" time="7.07">
</testcase>
</testsuite>
<testsuite name="about.spec.ts" timestamp="2025-12-12T21:41:49.549Z" hostname="Tablet" tests="11" failures="10" skipped="0" time="47.68" errors="0">
<testcase name="About Page › About 페이지 접근 및 기본 렌더링 확인" classname="about.spec.ts" time="5.472">
<failure message="about.spec.ts:15:7 About 페이지 접근 및 기본 렌더링 확인" type="FAILURE">
<![CDATA[  [Tablet] › about.spec.ts:15:7 › About Page › About 페이지 접근 및 기본 렌더링 확인 ────────────────────────────

    Error: expect(locator).toContainText(expected) failed

    Locator: locator('h1')
    Expected substring: "Epackage Labとは"
    Received string:    "404"
    Timeout: 5000ms

    Call log:
      - Expect "toContainText" with timeout 5000ms
      - waiting for locator('h1')
        9 × locator resolved to <h1 class="next-error-h1">404</h1>
          - unexpected value "404"


      17 |
      18 |     // 페이지 제목 확인
    > 19 |     await expect(page.locator('h1')).toContainText('Epackage Labとは');
         |                                      ^
      20 |
      21 |     // 모든 섹션이 렌더링되는지 확인
      22 |     await expect(page.locator('section')).toHaveCount(5);
        at C:\Users\kanei\claudecode\02.Homepage_Dev\02.epac_homepagever1.1\epackage-lab-web\tests\about.spec.ts:19:38

    attachment #1: screenshot (image/png) ──────────────────────────────────────────────────────────
    ..\test-results\about-About-Page-About-페이지-접근-및-기본-렌더링-확인-Tablet\test-failed-1.png
    ────────────────────────────────────────────────────────────────────────────────────────────────

    attachment #2: screenshot (image/png) ──────────────────────────────────────────────────────────
    ..\test-results\about-About-Page-About-페이지-접근-및-기본-렌더링-확인-Tablet\test-failed-2.png
    ────────────────────────────────────────────────────────────────────────────────────────────────

    attachment #3: video (video/webm) ──────────────────────────────────────────────────────────────
    ..\test-results\about-About-Page-About-페이지-접근-및-기본-렌더링-확인-Tablet\video.webm
    ────────────────────────────────────────────────────────────────────────────────────────────────

    Error Context: ..\test-results\about-About-Page-About-페이지-접근-및-기본-렌더링-확인-Tablet\error-context.md
]]>
</failure>
<system-out>
<![CDATA[
[[ATTACHMENT|about-About-Page-About-페이지-접근-및-기본-렌더링-확인-Tablet\test-failed-1.png]]

[[ATTACHMENT|about-About-Page-About-페이지-접근-및-기본-렌더링-확인-Tablet\test-failed-2.png]]

[[ATTACHMENT|about-About-Page-About-페이지-접근-및-기본-렌더링-확인-Tablet\video.webm]]

[[ATTACHMENT|about-About-Page-About-페이지-접근-및-기본-렌더링-확인-Tablet\error-context.md]]
]]>
</system-out>
</testcase>
<testcase name="About Page › Hero Section 기능 확인" classname="about.spec.ts" time="5.794">
<failure message="about.spec.ts:25:7 Hero Section 기능 확인" type="FAILURE">
<![CDATA[  [Tablet] › about.spec.ts:25:7 › About Page › Hero Section 기능 확인 ──────────────────────────────────

    Error: expect(locator).toBeVisible() failed

    Locator: locator('text="韓国製の高品質軟包材を、短期納期・適正価格で"')
    Expected: visible
    Timeout: 5000ms
    Error: element(s) not found

    Call log:
      - Expect "toBeVisible" with timeout 5000ms
      - waiting for locator('text="韓国製の高品質軟包材を、短期納期・適正価格で"')


      27 |
      28 |     // Hero Section 내용 확인
    > 29 |     await expect(page.locator('text="韓国製の高品質軟包材を、短期納期・適正価格で"')).toBeVisible();
         |                                                                 ^
      30 |
      31 |     // 동영상 컨트롤 버튼 확인
      32 |     await expect(page.locator('button:has-text("再生")')).toBeVisible();
        at C:\Users\kanei\claudecode\02.Homepage_Dev\02.epac_homepagever1.1\epackage-lab-web\tests\about.spec.ts:29:65

    attachment #1: screenshot (image/png) ──────────────────────────────────────────────────────────
    ..\test-results\about-About-Page-Hero-Section-기능-확인-Tablet\test-failed-2.png
    ────────────────────────────────────────────────────────────────────────────────────────────────

    attachment #2: screenshot (image/png) ──────────────────────────────────────────────────────────
    ..\test-results\about-About-Page-Hero-Section-기능-확인-Tablet\test-failed-1.png
    ────────────────────────────────────────────────────────────────────────────────────────────────

    attachment #3: video (video/webm) ──────────────────────────────────────────────────────────────
    ..\test-results\about-About-Page-Hero-Section-기능-확인-Tablet\video.webm
    ────────────────────────────────────────────────────────────────────────────────────────────────

    Error Context: ..\test-results\about-About-Page-Hero-Section-기능-확인-Tablet\error-context.md
]]>
</failure>
<system-out>
<![CDATA[
[[ATTACHMENT|about-About-Page-Hero-Section-기능-확인-Tablet\test-failed-2.png]]

[[ATTACHMENT|about-About-Page-Hero-Section-기능-확인-Tablet\test-failed-1.png]]

[[ATTACHMENT|about-About-Page-Hero-Section-기능-확인-Tablet\video.webm]]

[[ATTACHMENT|about-About-Page-Hero-Section-기능-확인-Tablet\error-context.md]]
]]>
</system-out>
</testcase>
<testcase name="About Page › Problem Solution Section 확인" classname="about.spec.ts" time="5.795">
<failure message="about.spec.ts:46:7 Problem Solution Section 확인" type="FAILURE">
<![CDATA[  [Tablet] › about.spec.ts:46:7 › About Page › Problem Solution Section 확인 ─────────────────────────

    Error: expect(locator).toBeVisible() failed

    Locator: locator('text="包装資材の課題を解決します"')
    Expected: visible
    Timeout: 5000ms
    Error: element(s) not found

    Call log:
      - Expect "toBeVisible" with timeout 5000ms
      - waiting for locator('text="包装資材の課題を解決します"')


      48 |
      49 |     // 섹션 제목 확인
    > 50 |     await expect(page.locator('text="包装資材の課題を解決します"')).toBeVisible();
         |                                                        ^
      51 |
      52 |     // 문제점 확인 (4개)
      53 |     const problems = page.locator('.text-red-600');
        at C:\Users\kanei\claudecode\02.Homepage_Dev\02.epac_homepagever1.1\epackage-lab-web\tests\about.spec.ts:50:56

    attachment #1: screenshot (image/png) ──────────────────────────────────────────────────────────
    ..\test-results\about-About-Page-Problem-Solution-Section-확인-Tablet\test-failed-1.png
    ────────────────────────────────────────────────────────────────────────────────────────────────

    attachment #2: screenshot (image/png) ──────────────────────────────────────────────────────────
    ..\test-results\about-About-Page-Problem-Solution-Section-확인-Tablet\test-failed-2.png
    ────────────────────────────────────────────────────────────────────────────────────────────────

    attachment #3: video (video/webm) ──────────────────────────────────────────────────────────────
    ..\test-results\about-About-Page-Problem-Solution-Section-확인-Tablet\video.webm
    ────────────────────────────────────────────────────────────────────────────────────────────────

    Error Context: ..\test-results\about-About-Page-Problem-Solution-Section-확인-Tablet\error-context.md
]]>
</failure>
<system-out>
<![CDATA[
[[ATTACHMENT|about-About-Page-Problem-Solution-Section-확인-Tablet\test-failed-1.png]]

[[ATTACHMENT|about-About-Page-Problem-Solution-Section-확인-Tablet\test-failed-2.png]]

[[ATTACHMENT|about-About-Page-Problem-Solution-Section-확인-Tablet\video.webm]]

[[ATTACHMENT|about-About-Page-Problem-Solution-Section-확인-Tablet\error-context.md]]
]]>
</system-out>
</testcase>
<testcase name="About Page › Company Strengths Section 확인" classname="about.spec.ts" time="5.559">
<failure message="about.spec.ts:64:7 Company Strengths Section 확인" type="FAILURE">
<![CDATA[  [Tablet] › about.spec.ts:64:7 › About Page › Company Strengths Section 확인 ────────────────────────

    Error: expect(locator).toBeVisible() failed

    Locator: locator('text="Epackage Labの強み"')
    Expected: visible
    Timeout: 5000ms
    Error: element(s) not found

    Call log:
      - Expect "toBeVisible" with timeout 5000ms
      - waiting for locator('text="Epackage Labの強み"')


      66 |
      67 |     // 섹션 제목 확인
    > 68 |     await expect(page.locator('text="Epackage Labの強み"')).toBeVisible();
         |                                                          ^
      69 |
      70 |     // 5가지 강점 확인
      71 |     await expect(page.locator('text="6種類のパウチ製品専門"')).toBeVisible();
        at C:\Users\kanei\claudecode\02.Homepage_Dev\02.epac_homepagever1.1\epackage-lab-web\tests\about.spec.ts:68:58

    attachment #1: screenshot (image/png) ──────────────────────────────────────────────────────────
    ..\test-results\about-About-Page-Company-Strengths-Section-확인-Tablet\test-failed-1.png
    ────────────────────────────────────────────────────────────────────────────────────────────────

    attachment #2: screenshot (image/png) ──────────────────────────────────────────────────────────
    ..\test-results\about-About-Page-Company-Strengths-Section-확인-Tablet\test-failed-2.png
    ────────────────────────────────────────────────────────────────────────────────────────────────

    attachment #3: video (video/webm) ──────────────────────────────────────────────────────────────
    ..\test-results\about-About-Page-Company-Strengths-Section-확인-Tablet\video.webm
    ────────────────────────────────────────────────────────────────────────────────────────────────

    Error Context: ..\test-results\about-About-Page-Company-Strengths-Section-확인-Tablet\error-context.md
]]>
</failure>
<system-out>
<![CDATA[
[[ATTACHMENT|about-About-Page-Company-Strengths-Section-확인-Tablet\test-failed-1.png]]

[[ATTACHMENT|about-About-Page-Company-Strengths-Section-확인-Tablet\test-failed-2.png]]

[[ATTACHMENT|about-About-Page-Company-Strengths-Section-확인-Tablet\video.webm]]

[[ATTACHMENT|about-About-Page-Company-Strengths-Section-확인-Tablet\error-context.md]]
]]>
</system-out>
</testcase>
<testcase name="About Page › EPackage Section 확인" classname="about.spec.ts" time="5.666">
<failure message="about.spec.ts:82:7 EPackage Section 확인" type="FAILURE">
<![CDATA[  [Tablet] › about.spec.ts:82:7 › About Page › EPackage Section 확인 ─────────────────────────────────

    Error: expect(locator).toBeVisible() failed

    Locator: locator('text="品質の源泉"')
    Expected: visible
    Timeout: 5000ms
    Error: element(s) not found

    Call log:
      - Expect "toBeVisible" with timeout 5000ms
      - waiting for locator('text="品質の源泉"')


      84 |
      85 |     // 섹션 제목 확인
    > 86 |     await expect(page.locator('text="品質の源泉"')).toBeVisible();
         |                                                ^
      87 |
      88 |     // 기술 정보 확인
      89 |     await expect(page.locator('text="世界最新鋭設備による製造技術"')).toBeVisible();
        at C:\Users\kanei\claudecode\02.Homepage_Dev\02.epac_homepagever1.1\epackage-lab-web\tests\about.spec.ts:86:48

    attachment #1: screenshot (image/png) ──────────────────────────────────────────────────────────
    ..\test-results\about-About-Page-EPackage-Section-확인-Tablet\test-failed-2.png
    ────────────────────────────────────────────────────────────────────────────────────────────────

    attachment #2: screenshot (image/png) ──────────────────────────────────────────────────────────
    ..\test-results\about-About-Page-EPackage-Section-확인-Tablet\test-failed-1.png
    ────────────────────────────────────────────────────────────────────────────────────────────────

    attachment #3: video (video/webm) ──────────────────────────────────────────────────────────────
    ..\test-results\about-About-Page-EPackage-Section-확인-Tablet\video.webm
    ────────────────────────────────────────────────────────────────────────────────────────────────

    Error Context: ..\test-results\about-About-Page-EPackage-Section-확인-Tablet\error-context.md
]]>
</failure>
<system-out>
<![CDATA[
[[ATTACHMENT|about-About-Page-EPackage-Section-확인-Tablet\test-failed-2.png]]

[[ATTACHMENT|about-About-Page-EPackage-Section-확인-Tablet\test-failed-1.png]]

[[ATTACHMENT|about-About-Page-EPackage-Section-확인-Tablet\video.webm]]

[[ATTACHMENT|about-About-Page-EPackage-Section-확인-Tablet\error-context.md]]
]]>
</system-out>
</testcase>
<testcase name="About Page › CTA Section 확인" classname="about.spec.ts" time="5.538">
<failure message="about.spec.ts:98:7 CTA Section 확인" type="FAILURE">
<![CDATA[  [Tablet] › about.spec.ts:98:7 › About Page › CTA Section 확인 ──────────────────────────────────────

    Error: expect(locator).toBeVisible() failed

    Locator: locator('text="今すぐ始めましょう"')
    Expected: visible
    Timeout: 5000ms
    Error: element(s) not found

    Call log:
      - Expect "toBeVisible" with timeout 5000ms
      - waiting for locator('text="今すぐ始めましょう"')


      100 |
      101 |     // 섹션 제목 확인
    > 102 |     await expect(page.locator('text="今すぐ始めましょう"')).toBeVisible();
          |                                                    ^
      103 |
      104 |     // 3가지 CTA 버튼 확인
      105 |     await expect(page.locator('a[href="/samples"]:has-text("無料サンプルをもらう")')).toBeVisible();
        at C:\Users\kanei\claudecode\02.Homepage_Dev\02.epac_homepagever1.1\epackage-lab-web\tests\about.spec.ts:102:52

    attachment #1: screenshot (image/png) ──────────────────────────────────────────────────────────
    ..\test-results\about-About-Page-CTA-Section-확인-Tablet\test-failed-1.png
    ────────────────────────────────────────────────────────────────────────────────────────────────

    attachment #2: screenshot (image/png) ──────────────────────────────────────────────────────────
    ..\test-results\about-About-Page-CTA-Section-확인-Tablet\test-failed-2.png
    ────────────────────────────────────────────────────────────────────────────────────────────────

    attachment #3: video (video/webm) ──────────────────────────────────────────────────────────────
    ..\test-results\about-About-Page-CTA-Section-확인-Tablet\video.webm
    ────────────────────────────────────────────────────────────────────────────────────────────────

    Error Context: ..\test-results\about-About-Page-CTA-Section-확인-Tablet\error-context.md
]]>
</failure>
<system-out>
<![CDATA[
[[ATTACHMENT|about-About-Page-CTA-Section-확인-Tablet\test-failed-1.png]]

[[ATTACHMENT|about-About-Page-CTA-Section-확인-Tablet\test-failed-2.png]]

[[ATTACHMENT|about-About-Page-CTA-Section-확인-Tablet\video.webm]]

[[ATTACHMENT|about-About-Page-CTA-Section-확인-Tablet\error-context.md]]
]]>
</system-out>
</testcase>
<testcase name="About Page › 반응형 디자인 확인" classname="about.spec.ts" time="5.804">
<failure message="about.spec.ts:113:7 반응형 디자인 확인" type="FAILURE">
<![CDATA[  [Tablet] › about.spec.ts:113:7 › About Page › 반응형 디자인 확인 ─────────────────────────────────────────

    Error: expect(locator).toBeVisible() failed

    Locator: locator('button').filter({ hasText: /再生|一時停止/ }).first()
    Expected: visible
    Timeout: 5000ms
    Error: element(s) not found

    Call log:
      - Expect "toBeVisible" with timeout 5000ms
      - waiting for locator('button').filter({ hasText: /再生|一時停止/ }).first()


      118 |     // 모바일에서 히스 컨트롤 크기 확인
      119 |     const videoControls = page.locator('button').filter({ hasText: /再生|一時停止/ });
    > 120 |     await expect(videoControls.first()).toBeVisible();
          |                                         ^
      121 |
      122 |     // 데스크톱 뷰포트 테스트
      123 |     await page.setViewportSize({ width: 1920, height: 1080 });
        at C:\Users\kanei\claudecode\02.Homepage_Dev\02.epac_homepagever1.1\epackage-lab-web\tests\about.spec.ts:120:41

    attachment #1: screenshot (image/png) ──────────────────────────────────────────────────────────
    ..\test-results\about-About-Page-반응형-디자인-확인-Tablet\test-failed-2.png
    ────────────────────────────────────────────────────────────────────────────────────────────────

    attachment #2: screenshot (image/png) ──────────────────────────────────────────────────────────
    ..\test-results\about-About-Page-반응형-디자인-확인-Tablet\test-failed-1.png
    ────────────────────────────────────────────────────────────────────────────────────────────────

    attachment #3: video (video/webm) ──────────────────────────────────────────────────────────────
    ..\test-results\about-About-Page-반응형-디자인-확인-Tablet\video.webm
    ────────────────────────────────────────────────────────────────────────────────────────────────

    Error Context: ..\test-results\about-About-Page-반응형-디자인-확인-Tablet\error-context.md
]]>
</failure>
<system-out>
<![CDATA[
[[ATTACHMENT|about-About-Page-반응형-디자인-확인-Tablet\test-failed-2.png]]

[[ATTACHMENT|about-About-Page-반응형-디자인-확인-Tablet\test-failed-1.png]]

[[ATTACHMENT|about-About-Page-반응형-디자인-확인-Tablet\video.webm]]

[[ATTACHMENT|about-About-Page-반응형-디자인-확인-Tablet\error-context.md]]
]]>
</system-out>
</testcase>
<testcase name="About Page › 페이지 성능 확인" classname="about.spec.ts" time="0.765">
<failure message="about.spec.ts:131:7 페이지 성능 확인" type="FAILURE">
<![CDATA[  [Tablet] › about.spec.ts:131:7 › About Page › 페이지 성능 확인 ──────────────────────────────────────────

    Error: expect(received).toBe(expected) // Object.is equality

    Expected: 200
    Received: 404

      131 |   test('페이지 성능 확인', async ({ page }) => {
      132 |     const response = await page.goto('/about');
    > 133 |     expect(response.status()).toBe(200);
          |                               ^
      134 |
      135 |     // 페이지 로딩 시간 측정 (3초 이내 목표)
      136 |     const loadTime = response.timing()?.requestTime || 0;
        at C:\Users\kanei\claudecode\02.Homepage_Dev\02.epac_homepagever1.1\epackage-lab-web\tests\about.spec.ts:133:31

    attachment #1: screenshot (image/png) ──────────────────────────────────────────────────────────
    ..\test-results\about-About-Page-페이지-성능-확인-Tablet\test-failed-1.png
    ────────────────────────────────────────────────────────────────────────────────────────────────

    attachment #2: screenshot (image/png) ──────────────────────────────────────────────────────────
    ..\test-results\about-About-Page-페이지-성능-확인-Tablet\test-failed-2.png
    ────────────────────────────────────────────────────────────────────────────────────────────────

    attachment #3: video (video/webm) ──────────────────────────────────────────────────────────────
    ..\test-results\about-About-Page-페이지-성능-확인-Tablet\video.webm
    ────────────────────────────────────────────────────────────────────────────────────────────────

    Error Context: ..\test-results\about-About-Page-페이지-성능-확인-Tablet\error-context.md
]]>
</failure>
<system-out>
<![CDATA[
[[ATTACHMENT|about-About-Page-페이지-성능-확인-Tablet\test-failed-1.png]]

[[ATTACHMENT|about-About-Page-페이지-성능-확인-Tablet\test-failed-2.png]]

[[ATTACHMENT|about-About-Page-페이지-성능-확인-Tablet\video.webm]]

[[ATTACHMENT|about-About-Page-페이지-성능-확인-Tablet\error-context.md]]
]]>
</system-out>
</testcase>
<testcase name="About Page › SEO 메타데이터 확인" classname="about.spec.ts" time="0.665">
<failure message="about.spec.ts:140:7 SEO 메타데이터 확인" type="FAILURE">
<![CDATA[  [Tablet] › about.spec.ts:140:7 › About Page › SEO 메타데이터 확인 ───────────────────────────────────────

    Error: expect(received).toContain(expected) // indexOf

    Expected substring: "Epackage Labとは"
    Received string:    "404: This page could not be found."

      143 |     // 메타 타이틀 확인
      144 |     const title = await page.title();
    > 145 |     expect(title).toContain('Epackage Labとは');
          |                   ^
      146 |
      147 |     // 메타 설명 확인
      148 |     const description = await page.locator('meta[name="description"]').getAttribute('content');
        at C:\Users\kanei\claudecode\02.Homepage_Dev\02.epac_homepagever1.1\epackage-lab-web\tests\about.spec.ts:145:19

    attachment #1: screenshot (image/png) ──────────────────────────────────────────────────────────
    ..\test-results\about-About-Page-SEO-메타데이터-확인-Tablet\test-failed-1.png
    ────────────────────────────────────────────────────────────────────────────────────────────────

    attachment #2: screenshot (image/png) ──────────────────────────────────────────────────────────
    ..\test-results\about-About-Page-SEO-메타데이터-확인-Tablet\test-failed-2.png
    ────────────────────────────────────────────────────────────────────────────────────────────────

    attachment #3: video (video/webm) ──────────────────────────────────────────────────────────────
    ..\test-results\about-About-Page-SEO-메타데이터-확인-Tablet\video.webm
    ────────────────────────────────────────────────────────────────────────────────────────────────

    Error Context: ..\test-results\about-About-Page-SEO-메타데이터-확인-Tablet\error-context.md
]]>
</failure>
<system-out>
<![CDATA[
[[ATTACHMENT|about-About-Page-SEO-메타데이터-확인-Tablet\test-failed-1.png]]

[[ATTACHMENT|about-About-Page-SEO-메타데이터-확인-Tablet\test-failed-2.png]]

[[ATTACHMENT|about-About-Page-SEO-메타데이터-확인-Tablet\video.webm]]

[[ATTACHMENT|about-About-Page-SEO-메타데이터-확인-Tablet\error-context.md]]
]]>
</system-out>
</testcase>
<testcase name="About Page › 내비게이션 링크 확인" classname="about.spec.ts" time="5.876">
<failure message="about.spec.ts:152:7 내비게이션 링크 확인" type="FAILURE">
<![CDATA[  [Tablet] › about.spec.ts:152:7 › About Page › 내비게이션 링크 확인 ────────────────────────────────────────

    Error: expect(locator).toHaveCount(expected) failed

    Locator:  locator('a[href="/about"]')
    Expected: 1
    Received: 0
    Timeout:  5000ms

    Call log:
      - Expect "toHaveCount" with timeout 5000ms
      - waiting for locator('a[href="/about"]')
        9 × locator resolved to 0 elements
          - unexpected value "0"


      155 |     // 홈페이지에서 about 페이지 링크 확인
      156 |     const aboutLinks = page.locator('a[href="/about"]');
    > 157 |     expect(aboutLinks).toHaveCount(1);
          |                        ^
      158 |
      159 |     // 클릭 후 about 페이지로 이동 확인
      160 |     await aboutLinks.first().click();
        at C:\Users\kanei\claudecode\02.Homepage_Dev\02.epac_homepagever1.1\epackage-lab-web\tests\about.spec.ts:157:24

    Error: locator.click: Test ended.
    Call log:
      - waiting for locator('a[href="/about"]').first()


      158 |
      159 |     // 클릭 후 about 페이지로 이동 확인
    > 160 |     await aboutLinks.first().click();
          |                              ^
      161 |     await expect(page).toHaveURL(/\/about/);
      162 |   });
      163 | });
        at C:\Users\kanei\claudecode\02.Homepage_Dev\02.epac_homepagever1.1\epackage-lab-web\tests\about.spec.ts:160:30

    attachment #1: screenshot (image/png) ──────────────────────────────────────────────────────────
    ..\test-results\about-About-Page-내비게이션-링크-확인-Tablet\test-failed-1.png
    ────────────────────────────────────────────────────────────────────────────────────────────────

    attachment #2: screenshot (image/png) ──────────────────────────────────────────────────────────
    ..\test-results\about-About-Page-내비게이션-링크-확인-Tablet\test-failed-2.png
    ────────────────────────────────────────────────────────────────────────────────────────────────

    attachment #3: video (video/webm) ──────────────────────────────────────────────────────────────
    ..\test-results\about-About-Page-내비게이션-링크-확인-Tablet\video.webm
    ────────────────────────────────────────────────────────────────────────────────────────────────

    Error Context: ..\test-results\about-About-Page-내비게이션-링크-확인-Tablet\error-context.md
]]>
</failure>
<system-out>
<![CDATA[
[[ATTACHMENT|about-About-Page-내비게이션-링크-확인-Tablet\test-failed-1.png]]

[[ATTACHMENT|about-About-Page-내비게이션-링크-확인-Tablet\test-failed-2.png]]

[[ATTACHMENT|about-About-Page-내비게이션-링크-확인-Tablet\video.webm]]

[[ATTACHMENT|about-About-Page-내비게이션-링크-확인-Tablet\error-context.md]]
]]>
</system-out>
</testcase>
<testcase name="About 페이지 접근성 확인" classname="about.spec.ts" time="0.746">
</testcase>
</testsuite>
<testsuite name="catalog.spec.ts" timestamp="2025-12-12T21:41:49.549Z" hostname="Tablet" tests="7" failures="1" skipped="0" time="14.272" errors="0">
<testcase name="Product Catalog › displays Japanese product names correctly" classname="catalog.spec.ts" time="2.144">
<failure message="catalog.spec.ts:9:9 displays Japanese product names correctly" type="FAILURE">
<![CDATA[  [Tablet] › catalog.spec.ts:9:9 › Product Catalog › displays Japanese product names correctly ─────

    Error: expect(received).toBeGreaterThan(expected)

    Expected: > 0
    Received:   0

      13 |         // Check product names contain Japanese characters
      14 |         const productNames = await page.locator('.product-name, [data-testid="product-name"]').allTextContents();
    > 15 |         expect(productNames.length).toBeGreaterThan(0);
         |                                     ^
      16 |
      17 |         const hasJapaneseText = productNames.some(name => /[\u3040-\u309f\u30a0-\u30ff\u4e00-\u9faf]/.test(name));
      18 |         expect(hasJapaneseText).toBeTruthy();
        at C:\Users\kanei\claudecode\02.Homepage_Dev\02.epac_homepagever1.1\epackage-lab-web\tests\catalog.spec.ts:15:37

    attachment #1: screenshot (image/png) ──────────────────────────────────────────────────────────
    ..\test-results\catalog-Product-Catalog-di-437ad-ese-product-names-correctly-Tablet\test-failed-1.png
    ────────────────────────────────────────────────────────────────────────────────────────────────

    attachment #2: video (video/webm) ──────────────────────────────────────────────────────────────
    ..\test-results\catalog-Product-Catalog-di-437ad-ese-product-names-correctly-Tablet\video.webm
    ────────────────────────────────────────────────────────────────────────────────────────────────

    Error Context: ..\test-results\catalog-Product-Catalog-di-437ad-ese-product-names-correctly-Tablet\error-context.md
]]>
</failure>
<system-out>
<![CDATA[
[[ATTACHMENT|catalog-Product-Catalog-di-437ad-ese-product-names-correctly-Tablet\test-failed-1.png]]

[[ATTACHMENT|catalog-Product-Catalog-di-437ad-ese-product-names-correctly-Tablet\video.webm]]

[[ATTACHMENT|catalog-Product-Catalog-di-437ad-ese-product-names-correctly-Tablet\error-context.md]]
]]>
</system-out>
</testcase>
<testcase name="Product Catalog › search functionality with Japanese keywords" classname="catalog.spec.ts" time="2.082">
</testcase>
<testcase name="Product Catalog › filter options work correctly" classname="catalog.spec.ts" time="1.916">
</testcase>
<testcase name="Product Catalog › product images load correctly" classname="catalog.spec.ts" time="1.873">
</testcase>
<testcase name="Product Catalog › responsive design on mobile" classname="catalog.spec.ts" time="2.161">
</testcase>
<testcase name="Product Catalog › pagination works if present" classname="catalog.spec.ts" time="2.063">
</testcase>
<testcase name="Product Catalog › breadcrumb navigation" classname="catalog.spec.ts" time="2.033">
</testcase>
</testsuite>
<testsuite name="core-features.spec.ts" timestamp="2025-12-12T21:41:49.549Z" hostname="Tablet" tests="9" failures="6" skipped="0" time="20.91" errors="0">
<testcase name="Core TaskMaster Features › Homepage loads with Japanese localization" classname="core-features.spec.ts" time="0.855">
<failure message="core-features.spec.ts:13:7 Homepage loads with Japanese localization" type="FAILURE">
<![CDATA[  [Tablet] › core-features.spec.ts:13:7 › Core TaskMaster Features › Homepage loads with Japanese localization 

    Error: expect(locator).toContainText(expected) failed

    Locator: locator('a[href="/catalog/"]')
    Expected substring: "製品カタログ"
    Error: strict mode violation: locator('a[href="/catalog/"]') resolved to 5 elements:
        1) <a title="パウチ製品一覧" href="/catalog/" class="px-4 py-2 text-sm font-medium text-text-secondary transition-colors hover:text-brixa-600 focus:outline-none focus:text-brixa-600 rounded-lg hover:bg-bg-secondary after:absolute after:bottom-[-2px] after:left-0 after:w-0 after:h-0.5 after:bg-brixa-600 after:transition-all after:duration-200 hover:after:w-full">…</a> aka getByRole('link', { name: '製品カタログ', exact: true })
        2) <a title="パウチ製品一覧" href="/catalog/" class="block px-4 py-3 text-base font-medium text-text-secondary rounded-lg transition-colors hover:bg-bg-secondary hover:text-text-primary focus:outline-none focus:bg-bg-secondary focus:text-text-primary after:absolute after:bottom-[-2px] after:left-0 after:w-0 after:h-0.5 after:bg-brixa-600 after:transition-all after:duration-200 hover:after:w-full">…</a> aka getByLabel('Mobile navigation').getByTitle('パウチ製品一覧')
        3) <a href="/catalog/" class="inline-flex group relative">…</a> aka getByRole('link', { name: '全製品を見る 人気' })
        4) <a href="/catalog/">…</a> aka getByRole('link', { name: '全製品を見る', exact: true })
        5) <a class="group" href="/catalog/">…</a> aka getByRole('link', { name: '全製品カタログ 全製品を詳しく確認。仕様と価格を比較。 おすすめ 全製品確認' })

    Call log:
      - Expect "toContainText" with timeout 5000ms
      - waiting for locator('a[href="/catalog/"]')


      22 |
      23 |     // Check navigation is in Japanese
    > 24 |     await expect(page.locator('a[href="/catalog/"]')).toContainText('製品カタログ');
         |                                                       ^
      25 |     await expect(page.locator('a[href="/quote-simulator/"]')).toContainText('お見積り');
      26 |   });
      27 |
        at C:\Users\kanei\claudecode\02.Homepage_Dev\02.epac_homepagever1.1\epackage-lab-web\tests\core-features.spec.ts:24:55

    attachment #1: screenshot (image/png) ──────────────────────────────────────────────────────────
    ..\test-results\core-features-Core-TaskMas-1dc6e--with-Japanese-localization-Tablet\test-failed-1.png
    ────────────────────────────────────────────────────────────────────────────────────────────────

    attachment #2: video (video/webm) ──────────────────────────────────────────────────────────────
    ..\test-results\core-features-Core-TaskMas-1dc6e--with-Japanese-localization-Tablet\video.webm
    ────────────────────────────────────────────────────────────────────────────────────────────────

    Error Context: ..\test-results\core-features-Core-TaskMas-1dc6e--with-Japanese-localization-Tablet\error-context.md
]]>
</failure>
<system-out>
<![CDATA[
[[ATTACHMENT|core-features-Core-TaskMas-1dc6e--with-Japanese-localization-Tablet\test-failed-1.png]]

[[ATTACHMENT|core-features-Core-TaskMas-1dc6e--with-Japanese-localization-Tablet\video.webm]]

[[ATTACHMENT|core-features-Core-TaskMas-1dc6e--with-Japanese-localization-Tablet\error-context.md]]
]]>
</system-out>
</testcase>
<testcase name="Core TaskMaster Features › Header maintains consistent styling" classname="core-features.spec.ts" time="6.366">
<failure message="core-features.spec.ts:28:7 Header maintains consistent styling" type="FAILURE">
<![CDATA[  [Tablet] › core-features.spec.ts:28:7 › Core TaskMaster Features › Header maintains consistent styling 

    Error: expect(locator).toBeVisible() failed

    Locator: locator('nav[role="menubar"]')
    Expected: visible
    Timeout: 5000ms
    Error: element(s) not found

    Call log:
      - Expect "toBeVisible" with timeout 5000ms
      - waiting for locator('nav[role="menubar"]')


      41 |     // Check key navigation elements remain visible
      42 |     const mainNav = page.locator('nav[role="menubar"]');
    > 43 |     await expect(mainNav).toBeVisible();
         |                           ^
      44 |     await expect(mainNav.locator('a[href="/catalog/"]')).toBeVisible();
      45 |   });
      46 |
        at C:\Users\kanei\claudecode\02.Homepage_Dev\02.epac_homepagever1.1\epackage-lab-web\tests\core-features.spec.ts:43:27

    attachment #1: screenshot (image/png) ──────────────────────────────────────────────────────────
    ..\test-results\core-features-Core-TaskMas-4e827-aintains-consistent-styling-Tablet\test-failed-1.png
    ────────────────────────────────────────────────────────────────────────────────────────────────

    attachment #2: video (video/webm) ──────────────────────────────────────────────────────────────
    ..\test-results\core-features-Core-TaskMas-4e827-aintains-consistent-styling-Tablet\video.webm
    ────────────────────────────────────────────────────────────────────────────────────────────────

    Error Context: ..\test-results\core-features-Core-TaskMas-4e827-aintains-consistent-styling-Tablet\error-context.md
]]>
</failure>
<system-out>
<![CDATA[
[[ATTACHMENT|core-features-Core-TaskMas-4e827-aintains-consistent-styling-Tablet\test-failed-1.png]]

[[ATTACHMENT|core-features-Core-TaskMas-4e827-aintains-consistent-styling-Tablet\video.webm]]

[[ATTACHMENT|core-features-Core-TaskMas-4e827-aintains-consistent-styling-Tablet\error-context.md]]
]]>
</system-out>
</testcase>
<testcase name="Core TaskMaster Features › Footer is properly structured with Japanese content" classname="core-features.spec.ts" time="6.779">
<failure message="core-features.spec.ts:47:7 Footer is properly structured with Japanese content" type="FAILURE">
<![CDATA[  [Tablet] › core-features.spec.ts:47:7 › Core TaskMaster Features › Footer is properly structured with Japanese content 

    Error: expect(locator).toBeVisible() failed

    Locator: locator('text=〒673-0846')
    Expected: visible
    Timeout: 5000ms
    Error: element(s) not found

    Call log:
      - Expect "toBeVisible" with timeout 5000ms
      - waiting for locator('text=〒673-0846')


      57 |
      58 |     // Check for contact information
    > 59 |     await expect(page.locator('text=〒673-0846')).toBeVisible();
         |                                                  ^
      60 |     await expect(page.locator('text=080-6942-7235')).toBeVisible();
      61 |   });
      62 |
        at C:\Users\kanei\claudecode\02.Homepage_Dev\02.epac_homepagever1.1\epackage-lab-web\tests\core-features.spec.ts:59:50

    attachment #1: screenshot (image/png) ──────────────────────────────────────────────────────────
    ..\test-results\core-features-Core-TaskMas-c3774-tured-with-Japanese-content-Tablet\test-failed-1.png
    ────────────────────────────────────────────────────────────────────────────────────────────────

    attachment #2: video (video/webm) ──────────────────────────────────────────────────────────────
    ..\test-results\core-features-Core-TaskMas-c3774-tured-with-Japanese-content-Tablet\video.webm
    ────────────────────────────────────────────────────────────────────────────────────────────────

    Error Context: ..\test-results\core-features-Core-TaskMas-c3774-tured-with-Japanese-content-Tablet\error-context.md
]]>
</failure>
<system-out>
<![CDATA[
[[ATTACHMENT|core-features-Core-TaskMas-c3774-tured-with-Japanese-content-Tablet\test-failed-1.png]]

[[ATTACHMENT|core-features-Core-TaskMas-c3774-tured-with-Japanese-content-Tablet\video.webm]]

[[ATTACHMENT|core-features-Core-TaskMas-c3774-tured-with-Japanese-content-Tablet\error-context.md]]
]]>
</system-out>
</testcase>
<testcase name="Core TaskMaster Features › Design guide pages are accessible" classname="core-features.spec.ts" time="1.955">
</testcase>
<testcase name="Core TaskMaster Features › API endpoints respond correctly" classname="core-features.spec.ts" time="0.864">
</testcase>
<testcase name="Core TaskMaster Features › Navigation links work correctly" classname="core-features.spec.ts" time="1.043">
<failure message="core-features.spec.ts:96:7 Navigation links work correctly" type="FAILURE">
<![CDATA[  [Tablet] › core-features.spec.ts:96:7 › Core TaskMaster Features › Navigation links work correctly 

    Error: expect(received).toContain(expected) // indexOf

    Expected substring: "/catalog/"
    Received string:    "http://localhost:3000/"

      110 |
      111 |       // Verify we navigated to the correct page
    > 112 |       expect(page.url()).toContain(navTest.href);
          |                          ^
      113 |
      114 |       // Return to home for next test
      115 |       await page.goto('http://localhost:3000');
        at C:\Users\kanei\claudecode\02.Homepage_Dev\02.epac_homepagever1.1\epackage-lab-web\tests\core-features.spec.ts:112:26

    attachment #1: screenshot (image/png) ──────────────────────────────────────────────────────────
    ..\test-results\core-features-Core-TaskMas-a492e-gation-links-work-correctly-Tablet\test-failed-1.png
    ────────────────────────────────────────────────────────────────────────────────────────────────

    attachment #2: video (video/webm) ──────────────────────────────────────────────────────────────
    ..\test-results\core-features-Core-TaskMas-a492e-gation-links-work-correctly-Tablet\video.webm
    ────────────────────────────────────────────────────────────────────────────────────────────────

    Error Context: ..\test-results\core-features-Core-TaskMas-a492e-gation-links-work-correctly-Tablet\error-context.md
]]>
</failure>
<system-out>
<![CDATA[
[[ATTACHMENT|core-features-Core-TaskMas-a492e-gation-links-work-correctly-Tablet\test-failed-1.png]]

[[ATTACHMENT|core-features-Core-TaskMas-a492e-gation-links-work-correctly-Tablet\video.webm]]

[[ATTACHMENT|core-features-Core-TaskMas-a492e-gation-links-work-correctly-Tablet\error-context.md]]
]]>
</system-out>
</testcase>
<testcase name="Core TaskMaster Features › Mobile responsiveness works" classname="core-features.spec.ts" time="1.396">
<failure message="core-features.spec.ts:119:7 Mobile responsiveness works" type="FAILURE">
<![CDATA[  [Tablet] › core-features.spec.ts:119:7 › Core TaskMaster Features › Mobile responsiveness works ──

    Error: expect(locator).toBeVisible() failed

    Locator: locator('a[href="/catalog/"]')
    Expected: visible
    Error: strict mode violation: locator('a[href="/catalog/"]') resolved to 10 elements:
        1) <a title="パウチ製品一覧" href="/catalog/" class="px-4 py-2 text-sm font-medium text-text-secondary transition-colors hover:text-brixa-600 focus:outline-none focus:text-brixa-600 rounded-lg hover:bg-bg-secondary after:absolute after:bottom-[-2px] after:left-0 after:w-0 after:h-0.5 after:bg-brixa-600 after:transition-all after:duration-200 hover:after:w-full">…</a> aka getByLabel('Main navigation').getByTitle('パウチ製品一覧')
        2) <a title="パウチ製品一覧" href="/catalog/" class="block px-4 py-3 text-base font-medium text-text-secondary rounded-lg transition-colors hover:bg-bg-secondary hover:text-text-primary focus:outline-none focus:bg-bg-secondary focus:text-text-primary after:absolute after:bottom-[-2px] after:left-0 after:w-0 after:h-0.5 after:bg-brixa-600 after:transition-all after:duration-200 hover:after:w-full">…</a> aka getByRole('link', { name: '製品カタログ', exact: true })
        3) <a href="/catalog/" class="inline-flex group relative">…</a> aka getByRole('link', { name: '全製品を見る 人気' })
        4) <a class="flex-1" href="/catalog/">…</a> aka getByRole('link', { name: '詳細をご確認' }).first()
        5) <a class="flex-1" href="/catalog/">…</a> aka getByRole('link', { name: '詳細をご確認' }).nth(1)
        6) <a class="flex-1" href="/catalog/">…</a> aka getByRole('link', { name: '詳細をご確認' }).nth(2)
        7) <a class="flex-1" href="/catalog/">…</a> aka getByRole('link', { name: '詳細をご確認' }).nth(3)
        8) <a class="flex-1" href="/catalog/">…</a> aka getByRole('link', { name: '詳細をご確認' }).nth(4)
        9) <a href="/catalog/">…</a> aka getByRole('link', { name: '全製品を見る', exact: true })
        10) <a class="group" href="/catalog/">…</a> aka getByRole('link', { name: '全製品カタログ 全製品を詳しく確認。仕様と価格を比較。 おすすめ 全製品確認' })

    Call log:
      - Expect "toBeVisible" with timeout 5000ms
      - waiting for locator('a[href="/catalog/"]')


      130 |
      131 |       // Check navigation is visible in mobile view
    > 132 |       await expect(page.locator('a[href="/catalog/"]')).toBeVisible();
          |                                                         ^
      133 |     }
      134 |
      135 |     // Reset to desktop
        at C:\Users\kanei\claudecode\02.Homepage_Dev\02.epac_homepagever1.1\epackage-lab-web\tests\core-features.spec.ts:132:57

    attachment #1: screenshot (image/png) ──────────────────────────────────────────────────────────
    ..\test-results\core-features-Core-TaskMas-f5d3b-Mobile-responsiveness-works-Tablet\test-failed-1.png
    ────────────────────────────────────────────────────────────────────────────────────────────────

    attachment #2: video (video/webm) ──────────────────────────────────────────────────────────────
    ..\test-results\core-features-Core-TaskMas-f5d3b-Mobile-responsiveness-works-Tablet\video.webm
    ────────────────────────────────────────────────────────────────────────────────────────────────

    Error Context: ..\test-results\core-features-Core-TaskMas-f5d3b-Mobile-responsiveness-works-Tablet\error-context.md
]]>
</failure>
<system-out>
<![CDATA[
[[ATTACHMENT|core-features-Core-TaskMas-f5d3b-Mobile-responsiveness-works-Tablet\test-failed-1.png]]

[[ATTACHMENT|core-features-Core-TaskMas-f5d3b-Mobile-responsiveness-works-Tablet\video.webm]]

[[ATTACHMENT|core-features-Core-TaskMas-f5d3b-Mobile-responsiveness-works-Tablet\error-context.md]]
]]>
</system-out>
</testcase>
<testcase name="Additional Functionality › Catalog page loads" classname="core-features.spec.ts" time="0.893">
</testcase>
<testcase name="Additional Functionality › Contact page loads" classname="core-features.spec.ts" time="0.759">
<failure message="core-features.spec.ts:149:7 Contact page loads" type="FAILURE">
<![CDATA[  [Tablet] › core-features.spec.ts:149:7 › Additional Functionality › Contact page loads ───────────

    Error: expect(locator).toBeVisible() failed

    Locator: locator('text=お問い合わせ')
    Expected: visible
    Error: strict mode violation: locator('text=お問い合わせ') resolved to 5 elements:
        1) <span class="truncate">お問い合わせ</span> aka getByRole('button', { name: 'お問い合わせ' })
        2) <span class="truncate">お問い合わせ</span> aka getByLabel('Get a quote - mobile CTA').getByText('お問い合わせ')
        3) <h1 class="text-4xl font-bold text-gray-900 mb-4">パウチ専門お問い合わせ</h1> aka getByRole('heading', { name: 'パウチ専門お問い合わせ' })
        4) <label class="flex items-center text-lg font-medium text-gray-900">…</label> aka getByText('お問い合わせ内容 *')
        5) <title>パウチお問い合わせ | Epackage Lab | Epackage Lab</title> aka getByText('パウチお問い合わせ | Epackage Lab |')

    Call log:
      - Expect "toBeVisible" with timeout 5000ms
      - waiting for locator('text=お問い合わせ')


      153 |     // Page should load
      154 |     await expect(page.locator('body')).toBeVisible();
    > 155 |     await expect(page.locator('text=お問い合わせ')).toBeVisible();
          |                                               ^
      156 |   });
      157 | });
        at C:\Users\kanei\claudecode\02.Homepage_Dev\02.epac_homepagever1.1\epackage-lab-web\tests\core-features.spec.ts:155:47

    attachment #1: screenshot (image/png) ──────────────────────────────────────────────────────────
    ..\test-results\core-features-Additional-Functionality-Contact-page-loads-Tablet\test-failed-1.png
    ────────────────────────────────────────────────────────────────────────────────────────────────

    attachment #2: video (video/webm) ──────────────────────────────────────────────────────────────
    ..\test-results\core-features-Additional-Functionality-Contact-page-loads-Tablet\video.webm
    ────────────────────────────────────────────────────────────────────────────────────────────────

    Error Context: ..\test-results\core-features-Additional-Functionality-Contact-page-loads-Tablet\error-context.md
]]>
</failure>
<system-out>
<![CDATA[
[[ATTACHMENT|core-features-Additional-Functionality-Contact-page-loads-Tablet\test-failed-1.png]]

[[ATTACHMENT|core-features-Additional-Functionality-Contact-page-loads-Tablet\video.webm]]

[[ATTACHMENT|core-features-Additional-Functionality-Contact-page-loads-Tablet\error-context.md]]
]]>
</system-out>
</testcase>
</testsuite>
<testsuite name="download.spec.ts" timestamp="2025-12-12T21:41:49.549Z" hostname="Tablet" tests="7" failures="2" skipped="0" time="11.764" errors="0">
<testcase name="Catalog Download System › initiates PDF download" classname="download.spec.ts" time="1.569">
<failure message="download.spec.ts:9:9 initiates PDF download" type="FAILURE">
<![CDATA[  [Tablet] › download.spec.ts:9:9 › Catalog Download System › initiates PDF download ───────────────

    Error: locator.isVisible: Error: strict mode violation: locator('[data-testid="catalog-download"], .catalog-download, a[href*="catalog"], button:has-text("カタログダウンロード"), button:has-text("Download Catalog")') resolved to 2 elements:
        1) <a title="パウチ製品一覧" href="/catalog/" class="px-4 py-2 text-sm font-medium text-text-secondary transition-colors hover:text-brixa-600 focus:outline-none focus:text-brixa-600 rounded-lg hover:bg-bg-secondary after:absolute after:bottom-[-2px] after:left-0 after:w-0 after:h-0.5 after:bg-brixa-600 after:transition-all after:duration-200 hover:after:w-full">…</a> aka getByRole('link', { name: '製品カタログ' })
        2) <a title="パウチ製品一覧" href="/catalog/" class="block px-4 py-3 text-base font-medium text-text-secondary rounded-lg transition-colors hover:bg-bg-secondary hover:text-text-primary focus:outline-none focus:bg-bg-secondary focus:text-text-primary after:absolute after:bottom-[-2px] after:left-0 after:w-0 after:h-0.5 after:bg-brixa-600 after:transition-all after:duration-200 hover:after:w-full">…</a> aka getByLabel('Mobile navigation').getByTitle('パウチ製品一覧')

    Call log:
        - checking visibility of locator('[data-testid="catalog-download"], .catalog-download, a[href*="catalog"], button:has-text("カタログダウンロード"), button:has-text("Download Catalog")')


      17 |         );
      18 |
    > 19 |         if (await downloadButton.isVisible()) {
         |                                  ^
      20 |             // Set up download handler
      21 |             const downloadPromise = page.waitForEvent('download', { timeout: 30000 });
      22 |
        at C:\Users\kanei\claudecode\02.Homepage_Dev\02.epac_homepagever1.1\epackage-lab-web\tests\download.spec.ts:19:34

    attachment #1: screenshot (image/png) ──────────────────────────────────────────────────────────
    ..\test-results\download-Catalog-Download-System-initiates-PDF-download-Tablet\test-failed-1.png
    ────────────────────────────────────────────────────────────────────────────────────────────────

    attachment #2: video (video/webm) ──────────────────────────────────────────────────────────────
    ..\test-results\download-Catalog-Download-System-initiates-PDF-download-Tablet\video.webm
    ────────────────────────────────────────────────────────────────────────────────────────────────

    Error Context: ..\test-results\download-Catalog-Download-System-initiates-PDF-download-Tablet\error-context.md
]]>
</failure>
<system-out>
<![CDATA[
[[ATTACHMENT|download-Catalog-Download-System-initiates-PDF-download-Tablet\test-failed-1.png]]

[[ATTACHMENT|download-Catalog-Download-System-initiates-PDF-download-Tablet\video.webm]]

[[ATTACHMENT|download-Catalog-Download-System-initiates-PDF-download-Tablet\error-context.md]]
]]>
</system-out>
</testcase>
<testcase name="Catalog Download System › captures email before download" classname="download.spec.ts" time="1.611">
</testcase>
<testcase name="Catalog Download System › progress tracking display" classname="download.spec.ts" time="1.767">
</testcase>
<testcase name="Catalog Download System › error handling for invalid email" classname="download.spec.ts" time="1.584">
</testcase>
<testcase name="Catalog Download System › download on mobile devices" classname="download.spec.ts" time="2">
<failure message="download.spec.ts:169:9 download on mobile devices" type="FAILURE">
<![CDATA[  [Tablet] › download.spec.ts:169:9 › Catalog Download System › download on mobile devices ─────────

    Error: locator.isVisible: Error: strict mode violation: locator('[data-testid="catalog-download"], .catalog-download, a[href*="catalog"]') resolved to 2 elements:
        1) <a title="パウチ製品一覧" href="/catalog/" class="px-4 py-2 text-sm font-medium text-text-secondary transition-colors hover:text-brixa-600 focus:outline-none focus:text-brixa-600 rounded-lg hover:bg-bg-secondary after:absolute after:bottom-[-2px] after:left-0 after:w-0 after:h-0.5 after:bg-brixa-600 after:transition-all after:duration-200 hover:after:w-full">…</a> aka getByLabel('Main navigation').getByTitle('パウチ製品一覧')
        2) <a title="パウチ製品一覧" href="/catalog/" class="block px-4 py-3 text-base font-medium text-text-secondary rounded-lg transition-colors hover:bg-bg-secondary hover:text-text-primary focus:outline-none focus:bg-bg-secondary focus:text-text-primary after:absolute after:bottom-[-2px] after:left-0 after:w-0 after:h-0.5 after:bg-brixa-600 after:transition-all after:duration-200 hover:after:w-full">…</a> aka getByLabel('Mobile navigation').getByTitle('パウチ製品一覧')

    Call log:
        - checking visibility of locator('[data-testid="catalog-download"], .catalog-download, a[href*="catalog"]')


      178 |         );
      179 |
    > 180 |         if (await downloadButton.isVisible()) {
          |                                  ^
      181 |             // Check button is touch-friendly
      182 |             const buttonBox = await downloadButton.boundingBox();
      183 |             if (buttonBox) {
        at C:\Users\kanei\claudecode\02.Homepage_Dev\02.epac_homepagever1.1\epackage-lab-web\tests\download.spec.ts:180:34

    attachment #1: screenshot (image/png) ──────────────────────────────────────────────────────────
    ..\test-results\download-Catalog-Download-System-download-on-mobile-devices-Tablet\test-failed-1.png
    ────────────────────────────────────────────────────────────────────────────────────────────────

    attachment #2: video (video/webm) ──────────────────────────────────────────────────────────────
    ..\test-results\download-Catalog-Download-System-download-on-mobile-devices-Tablet\video.webm
    ────────────────────────────────────────────────────────────────────────────────────────────────

    Error Context: ..\test-results\download-Catalog-Download-System-download-on-mobile-devices-Tablet\error-context.md
]]>
</failure>
<system-out>
<![CDATA[
[[ATTACHMENT|download-Catalog-Download-System-download-on-mobile-devices-Tablet\test-failed-1.png]]

[[ATTACHMENT|download-Catalog-Download-System-download-on-mobile-devices-Tablet\video.webm]]

[[ATTACHMENT|download-Catalog-Download-System-download-on-mobile-devices-Tablet\error-context.md]]
]]>
</system-out>
</testcase>
<testcase name="Catalog Download System › analytics tracking" classname="download.spec.ts" time="1.593">
</testcase>
<testcase name="Catalog Download System › email confirmation after download" classname="download.spec.ts" time="1.64">
</testcase>
</testsuite>
<testsuite name="implementation-validation.spec.ts" timestamp="2025-12-12T21:41:49.549Z" hostname="Tablet" tests="15" failures="7" skipped="0" time="35.375" errors="0">
<testcase name="TaskMaster Implementation Validation › Homepage loads successfully with Japanese content" classname="implementation-validation.spec.ts" time="5.693">
<failure message="implementation-validation.spec.ts:14:7 Homepage loads successfully with Japanese content" type="FAILURE">
<![CDATA[  [Tablet] › implementation-validation.spec.ts:14:7 › TaskMaster Implementation Validation › Homepage loads successfully with Japanese content 

    Error: expect(page).toHaveTitle(expected) failed

    Expected pattern: /Epackage Lab.*パッケージソリューション/
    Received string:  "Epackage Lab | 韓国品質の包装材料で日本のものづくりを支援 | パッケージングソリューション"
    Timeout: 5000ms

    Call log:
      - Expect "toHaveTitle" with timeout 5000ms
        9 × unexpected value "Epackage Lab | 韓国品質の包装材料で日本のものづくりを支援 | パッケージングソリューション"


      14 |   test('Homepage loads successfully with Japanese content', async ({ page }) => {
      15 |     // Test basic homepage functionality
    > 16 |     await expect(page).toHaveTitle(/Epackage Lab.*パッケージソリューション/);
         |                        ^
      17 |
      18 |     // Check for main Japanese content
      19 |     await expect(page.locator('h1')).toContainText('あなたの製品を');
        at C:\Users\kanei\claudecode\02.Homepage_Dev\02.epac_homepagever1.1\epackage-lab-web\tests\implementation-validation.spec.ts:16:24

    attachment #1: screenshot (image/png) ──────────────────────────────────────────────────────────
    ..\test-results\implementation-validation--69f09-fully-with-Japanese-content-Tablet\test-failed-1.png
    ────────────────────────────────────────────────────────────────────────────────────────────────

    attachment #2: video (video/webm) ──────────────────────────────────────────────────────────────
    ..\test-results\implementation-validation--69f09-fully-with-Japanese-content-Tablet\video.webm
    ────────────────────────────────────────────────────────────────────────────────────────────────

    Error Context: ..\test-results\implementation-validation--69f09-fully-with-Japanese-content-Tablet\error-context.md
]]>
</failure>
<system-out>
<![CDATA[
[[ATTACHMENT|implementation-validation--69f09-fully-with-Japanese-content-Tablet\test-failed-1.png]]

[[ATTACHMENT|implementation-validation--69f09-fully-with-Japanese-content-Tablet\video.webm]]

[[ATTACHMENT|implementation-validation--69f09-fully-with-Japanese-content-Tablet\error-context.md]]
]]>
</system-out>
</testcase>
<testcase name="TaskMaster Implementation Validation › Header background color consistency (Task 16)" classname="implementation-validation.spec.ts" time="1.238">
<failure message="implementation-validation.spec.ts:29:7 Header background color consistency (Task 16)" type="FAILURE">
<![CDATA[  [Tablet] › implementation-validation.spec.ts:29:7 › TaskMaster Implementation Validation › Header background color consistency (Task 16) 

    Error: expect(received).toBe(expected) // Object.is equality

    Expected: "rgb(255, 255, 255)"
    Received: "rgba(0, 0, 0, 0)"

      46 |     // Background colors should be consistent (both should be solid white)
      47 |     expect(initialBgColor).toBe(scrolledBgColor);
    > 48 |     expect(initialBgColor).toBe('rgb(255, 255, 255)');
         |                            ^
      49 |
      50 |     // Scroll back to top
      51 |     await page.evaluate(() => window.scrollTo(0, 0));
        at C:\Users\kanei\claudecode\02.Homepage_Dev\02.epac_homepagever1.1\epackage-lab-web\tests\implementation-validation.spec.ts:48:28

    attachment #1: screenshot (image/png) ──────────────────────────────────────────────────────────
    ..\test-results\implementation-validation--9d38c--color-consistency-Task-16--Tablet\test-failed-1.png
    ────────────────────────────────────────────────────────────────────────────────────────────────

    attachment #2: video (video/webm) ──────────────────────────────────────────────────────────────
    ..\test-results\implementation-validation--9d38c--color-consistency-Task-16--Tablet\video.webm
    ────────────────────────────────────────────────────────────────────────────────────────────────

    Error Context: ..\test-results\implementation-validation--9d38c--color-consistency-Task-16--Tablet\error-context.md
]]>
</failure>
<system-out>
<![CDATA[
[[ATTACHMENT|implementation-validation--9d38c--color-consistency-Task-16--Tablet\test-failed-1.png]]

[[ATTACHMENT|implementation-validation--9d38c--color-consistency-Task-16--Tablet\video.webm]]

[[ATTACHMENT|implementation-validation--9d38c--color-consistency-Task-16--Tablet\error-context.md]]
]]>
</system-out>
</testcase>
<testcase name="TaskMaster Implementation Validation › Footer layout restructure (horizontal single row)" classname="implementation-validation.spec.ts" time="5.81">
<failure message="implementation-validation.spec.ts:55:7 Footer layout restructure (horizontal single row)" type="FAILURE">
<![CDATA[  [Tablet] › implementation-validation.spec.ts:55:7 › TaskMaster Implementation Validation › Footer layout restructure (horizontal single row) 

    Error: expect(locator).toBeVisible() failed

    Locator: locator('footer').locator('a[href="/about"]')
    Expected: visible
    Timeout: 5000ms
    Error: element(s) not found

    Call log:
      - Expect "toBeVisible" with timeout 5000ms
      - waiting for locator('footer').locator('a[href="/about"]')


      63 |
      64 |     // Check footer links are properly organized
    > 65 |     await expect(footer.locator('a[href="/about"]')).toBeVisible();
         |                                                      ^
      66 |     await expect(footer.locator('a[href="/privacy"]')).toBeVisible();
      67 |     await expect(footer.locator('a[href="/terms"]')).toBeVisible();
      68 |
        at C:\Users\kanei\claudecode\02.Homepage_Dev\02.epac_homepagever1.1\epackage-lab-web\tests\implementation-validation.spec.ts:65:54

    attachment #1: screenshot (image/png) ──────────────────────────────────────────────────────────
    ..\test-results\implementation-validation--caaab-ture-horizontal-single-row--Tablet\test-failed-1.png
    ────────────────────────────────────────────────────────────────────────────────────────────────

    attachment #2: video (video/webm) ──────────────────────────────────────────────────────────────
    ..\test-results\implementation-validation--caaab-ture-horizontal-single-row--Tablet\video.webm
    ────────────────────────────────────────────────────────────────────────────────────────────────

    Error Context: ..\test-results\implementation-validation--caaab-ture-horizontal-single-row--Tablet\error-context.md
]]>
</failure>
<system-out>
<![CDATA[
[[ATTACHMENT|implementation-validation--caaab-ture-horizontal-single-row--Tablet\test-failed-1.png]]

[[ATTACHMENT|implementation-validation--caaab-ture-horizontal-single-row--Tablet\video.webm]]

[[ATTACHMENT|implementation-validation--caaab-ture-horizontal-single-row--Tablet\error-context.md]]
]]>
</system-out>
</testcase>
<testcase name="TaskMaster Implementation Validation › Product catalog design template download functionality (Task 15)" classname="implementation-validation.spec.ts" time="1.96">
</testcase>
<testcase name="TaskMaster Implementation Validation › Design guide pages availability (Task 10)" classname="implementation-validation.spec.ts" time="4.775">
</testcase>
<testcase name="TaskMaster Implementation Validation › Japanese localization verification (Task 8)" classname="implementation-validation.spec.ts" time="0.593">
<failure message="implementation-validation.spec.ts:134:7 Japanese localization verification (Task 8)" type="FAILURE">
<![CDATA[  [Tablet] › implementation-validation.spec.ts:134:7 › TaskMaster Implementation Validation › Japanese localization verification (Task 8) 

    Error: expect(locator).toBeVisible() failed

    Locator: locator('text=日本語')
    Expected: visible
    Error: strict mode violation: locator('text=日本語') resolved to 2 elements:
        1) <span class="hidden sm:inline text-xs font-medium">日本語</span> aka getByRole('button', { name: '言語を選択: 日本語' })
        2) <span class="text-sm font-medium text-white">日本語サポート</span> aka getByText('日本語サポート')

    Call log:
      - Expect "toBeVisible" with timeout 5000ms
      - waiting for locator('text=日本語')


      149 |
      150 |     // Check for Japanese-specific content
    > 151 |     await expect(page.locator('text=日本語')).toBeVisible();
          |                                            ^
      152 |     await expect(page.locator('text=食品包装')).toBeVisible();
      153 |     await expect(page.locator('text=JIS規格')).toBeVisible();
      154 |   });
        at C:\Users\kanei\claudecode\02.Homepage_Dev\02.epac_homepagever1.1\epackage-lab-web\tests\implementation-validation.spec.ts:151:44

    attachment #1: screenshot (image/png) ──────────────────────────────────────────────────────────
    ..\test-results\implementation-validation--213d0-zation-verification-Task-8--Tablet\test-failed-1.png
    ────────────────────────────────────────────────────────────────────────────────────────────────

    attachment #2: video (video/webm) ──────────────────────────────────────────────────────────────
    ..\test-results\implementation-validation--213d0-zation-verification-Task-8--Tablet\video.webm
    ────────────────────────────────────────────────────────────────────────────────────────────────

    Error Context: ..\test-results\implementation-validation--213d0-zation-verification-Task-8--Tablet\error-context.md
]]>
</failure>
<system-out>
<![CDATA[
[[ATTACHMENT|implementation-validation--213d0-zation-verification-Task-8--Tablet\test-failed-1.png]]

[[ATTACHMENT|implementation-validation--213d0-zation-verification-Task-8--Tablet\video.webm]]

[[ATTACHMENT|implementation-validation--213d0-zation-verification-Task-8--Tablet\error-context.md]]
]]>
</system-out>
</testcase>
<testcase name="TaskMaster Implementation Validation › Catalog page functionality and product display" classname="implementation-validation.spec.ts" time="1.78">
</testcase>
<testcase name="TaskMaster Implementation Validation › Navigation and routing functionality" classname="implementation-validation.spec.ts" time="5.119">
</testcase>
<testcase name="TaskMaster Implementation Validation › Mobile responsiveness and mobile menu functionality" classname="implementation-validation.spec.ts" time="1.477">
<failure message="implementation-validation.spec.ts:203:7 Mobile responsiveness and mobile menu functionality" type="FAILURE">
<![CDATA[  [Tablet] › implementation-validation.spec.ts:203:7 › TaskMaster Implementation Validation › Mobile responsiveness and mobile menu functionality 

    Error: expect(locator).toBeVisible() failed

    Locator: locator('a[href="/catalog/"]')
    Expected: visible
    Error: strict mode violation: locator('a[href="/catalog/"]') resolved to 10 elements:
        1) <a title="パウチ製品一覧" href="/catalog/" class="px-4 py-2 text-sm font-medium text-text-secondary transition-colors hover:text-brixa-600 focus:outline-none focus:text-brixa-600 rounded-lg hover:bg-bg-secondary after:absolute after:bottom-[-2px] after:left-0 after:w-0 after:h-0.5 after:bg-brixa-600 after:transition-all after:duration-200 hover:after:w-full">…</a> aka getByLabel('Main navigation').getByTitle('パウチ製品一覧')
        2) <a title="パウチ製品一覧" href="/catalog/" class="block px-4 py-3 text-base font-medium text-text-secondary rounded-lg transition-colors hover:bg-bg-secondary hover:text-text-primary focus:outline-none focus:bg-bg-secondary focus:text-text-primary after:absolute after:bottom-[-2px] after:left-0 after:w-0 after:h-0.5 after:bg-brixa-600 after:transition-all after:duration-200 hover:after:w-full">…</a> aka getByRole('link', { name: '製品カタログ', exact: true })
        3) <a href="/catalog/" class="inline-flex group relative">…</a> aka getByRole('link', { name: '全製品を見る 人気' })
        4) <a class="flex-1" href="/catalog/">…</a> aka getByRole('link', { name: '詳細をご確認' }).first()
        5) <a class="flex-1" href="/catalog/">…</a> aka getByRole('link', { name: '詳細をご確認' }).nth(1)
        6) <a class="flex-1" href="/catalog/">…</a> aka getByRole('link', { name: '詳細をご確認' }).nth(2)
        7) <a class="flex-1" href="/catalog/">…</a> aka getByRole('link', { name: '詳細をご確認' }).nth(3)
        8) <a class="flex-1" href="/catalog/">…</a> aka getByRole('link', { name: '詳細をご確認' }).nth(4)
        9) <a href="/catalog/">…</a> aka getByRole('link', { name: '全製品を見る', exact: true })
        10) <a class="group" href="/catalog/">…</a> aka getByRole('link', { name: '全製品カタログ 全製品を詳しく確認。仕様と価格を比較。 おすすめ 全製品確認' })

    Call log:
      - Expect "toBeVisible" with timeout 5000ms
      - waiting for locator('a[href="/catalog/"]')


      217 |
      218 |     // Check navigation items are visible in mobile menu
    > 219 |     await expect(page.locator('a[href="/catalog/"]')).toBeVisible();
          |                                                       ^
      220 |     await expect(page.locator('a[href="/contact/"]')).toBeVisible();
      221 |
      222 |     // Close mobile menu
        at C:\Users\kanei\claudecode\02.Homepage_Dev\02.epac_homepagever1.1\epackage-lab-web\tests\implementation-validation.spec.ts:219:55

    attachment #1: screenshot (image/png) ──────────────────────────────────────────────────────────
    ..\test-results\implementation-validation--8034f-d-mobile-menu-functionality-Tablet\test-failed-1.png
    ────────────────────────────────────────────────────────────────────────────────────────────────

    attachment #2: video (video/webm) ──────────────────────────────────────────────────────────────
    ..\test-results\implementation-validation--8034f-d-mobile-menu-functionality-Tablet\video.webm
    ────────────────────────────────────────────────────────────────────────────────────────────────

    Error Context: ..\test-results\implementation-validation--8034f-d-mobile-menu-functionality-Tablet\error-context.md
]]>
</failure>
<system-out>
<![CDATA[
[[ATTACHMENT|implementation-validation--8034f-d-mobile-menu-functionality-Tablet\test-failed-1.png]]

[[ATTACHMENT|implementation-validation--8034f-d-mobile-menu-functionality-Tablet\video.webm]]

[[ATTACHMENT|implementation-validation--8034f-d-mobile-menu-functionality-Tablet\error-context.md]]
]]>
</system-out>
</testcase>
<testcase name="TaskMaster Implementation Validation › Performance and accessibility checks" classname="implementation-validation.spec.ts" time="0.702">
</testcase>
<testcase name="TaskMaster Implementation Validation › Contact and inquiry functionality" classname="implementation-validation.spec.ts" time="1.627">
<failure message="implementation-validation.spec.ts:262:7 Contact and inquiry functionality" type="FAILURE">
<![CDATA[  [Tablet] › implementation-validation.spec.ts:262:7 › TaskMaster Implementation Validation › Contact and inquiry functionality 

    Error: expect(locator).toBeVisible() failed

    Locator: locator('text=お問い合わせ')
    Expected: visible
    Error: strict mode violation: locator('text=お問い合わせ') resolved to 5 elements:
        1) <span class="truncate">お問い合わせ</span> aka getByRole('button', { name: 'お問い合わせ' })
        2) <span class="truncate">お問い合わせ</span> aka getByLabel('Get a quote - mobile CTA').getByText('お問い合わせ')
        3) <h1 class="text-4xl font-bold text-gray-900 mb-4">パウチ専門お問い合わせ</h1> aka getByRole('heading', { name: 'パウチ専門お問い合わせ' })
        4) <label class="flex items-center text-lg font-medium text-gray-900">…</label> aka getByText('お問い合わせ内容 *')
        5) <div role="alert" aria-live="assertive" id="__next-route-announcer__">パウチお問い合わせ | Epackage Lab | Epackage Lab</div> aka getByText('パウチお問い合わせ | Epackage Lab |')

    Call log:
      - Expect "toBeVisible" with timeout 5000ms
      - waiting for locator('text=お問い合わせ')


      284 |
      285 |     // Check for Japanese content in contact page
    > 286 |     await expect(page.locator('text=お問い合わせ')).toBeVisible();
          |                                               ^
      287 |   });
      288 | });
      289 |
        at C:\Users\kanei\claudecode\02.Homepage_Dev\02.epac_homepagever1.1\epackage-lab-web\tests\implementation-validation.spec.ts:286:47

    attachment #1: screenshot (image/png) ──────────────────────────────────────────────────────────
    ..\test-results\implementation-validation--cf019-t-and-inquiry-functionality-Tablet\test-failed-1.png
    ────────────────────────────────────────────────────────────────────────────────────────────────

    attachment #2: video (video/webm) ──────────────────────────────────────────────────────────────
    ..\test-results\implementation-validation--cf019-t-and-inquiry-functionality-Tablet\video.webm
    ────────────────────────────────────────────────────────────────────────────────────────────────

    Error Context: ..\test-results\implementation-validation--cf019-t-and-inquiry-functionality-Tablet\error-context.md
]]>
</failure>
<system-out>
<![CDATA[
[[ATTACHMENT|implementation-validation--cf019-t-and-inquiry-functionality-Tablet\test-failed-1.png]]

[[ATTACHMENT|implementation-validation--cf019-t-and-inquiry-functionality-Tablet\video.webm]]

[[ATTACHMENT|implementation-validation--cf019-t-and-inquiry-functionality-Tablet\error-context.md]]
]]>
</system-out>
</testcase>
<testcase name="API and Backend Functionality › Design template download API endpoints" classname="implementation-validation.spec.ts" time="0.312">
<failure message="implementation-validation.spec.ts:291:7 Design template download API endpoints" type="FAILURE">
<![CDATA[  [Tablet] › implementation-validation.spec.ts:291:7 › API and Backend Functionality › Design template download API endpoints 

    Error: expect(received).toBe(expected) // Object.is equality

    Expected: 200
    Received: 405

      298 |
      299 |     // API should respond successfully
    > 300 |     expect(apiResponse.status()).toBe(200);
          |                                  ^
      301 |
      302 |     // Response should contain template information
      303 |     const responseData = await apiResponse.json();
        at C:\Users\kanei\claudecode\02.Homepage_Dev\02.epac_homepagever1.1\epackage-lab-web\tests\implementation-validation.spec.ts:300:34

    attachment #1: screenshot (image/png) ──────────────────────────────────────────────────────────
    ..\test-results\implementation-validation--ecc2c-late-download-API-endpoints-Tablet\test-failed-1.png
    ────────────────────────────────────────────────────────────────────────────────────────────────

    attachment #2: video (video/webm) ──────────────────────────────────────────────────────────────
    ..\test-results\implementation-validation--ecc2c-late-download-API-endpoints-Tablet\video.webm
    ────────────────────────────────────────────────────────────────────────────────────────────────
]]>
</failure>
<system-out>
<![CDATA[
[[ATTACHMENT|implementation-validation--ecc2c-late-download-API-endpoints-Tablet\test-failed-1.png]]

[[ATTACHMENT|implementation-validation--ecc2c-late-download-API-endpoints-Tablet\video.webm]]
]]>
</system-out>
</testcase>
<testcase name="API and Backend Functionality › Product catalog API" classname="implementation-validation.spec.ts" time="0.403">
</testcase>
<testcase name="Error Handling and Edge Cases › 404 page handling" classname="implementation-validation.spec.ts" time="0.748">
</testcase>
<testcase name="Error Handling and Edge Cases › Image loading with fallbacks" classname="implementation-validation.spec.ts" time="3.138">
</testcase>
</testsuite>
<testsuite name="navigation.spec.ts" timestamp="2025-12-12T21:41:49.549Z" hostname="Tablet" tests="8" failures="1" skipped="0" time="31.431" errors="0">
<testcase name="Navigation System › header menu has no nested duplication" classname="navigation.spec.ts" time="1.971">
</testcase>
<testcase name="Navigation System › all menu links work correctly" classname="navigation.spec.ts" time="13.383">
<failure message="navigation.spec.ts:27:9 all menu links work correctly" type="FAILURE">
<![CDATA[  [Tablet] › navigation.spec.ts:27:9 › Navigation System › all menu links work correctly ───────────

    TimeoutError: locator.getAttribute: Timeout 10000ms exceeded.
    Call log:
      - waiting for locator('nav a, header a, [data-testid="nav-link"]').nth(1)


      35 |         for (let i = 0; i < linksToTest; i++) {
      36 |             const link = navLinks.nth(i);
    > 37 |             const href = await link.getAttribute('href');
         |                                     ^
      38 |
      39 |             // Skip external links and anchors
      40 |             if (href && !href.startsWith('http') && !href.startsWith('#') && !href.startsWith('mailto:')) {
        at C:\Users\kanei\claudecode\02.Homepage_Dev\02.epac_homepagever1.1\epackage-lab-web\tests\navigation.spec.ts:37:37

    attachment #1: screenshot (image/png) ──────────────────────────────────────────────────────────
    ..\test-results\navigation-Navigation-System-all-menu-links-work-correctly-Tablet\test-failed-1.png
    ────────────────────────────────────────────────────────────────────────────────────────────────

    attachment #2: video (video/webm) ──────────────────────────────────────────────────────────────
    ..\test-results\navigation-Navigation-System-all-menu-links-work-correctly-Tablet\video.webm
    ────────────────────────────────────────────────────────────────────────────────────────────────
]]>
</failure>
<system-out>
<![CDATA[
[[ATTACHMENT|navigation-Navigation-System-all-menu-links-work-correctly-Tablet\test-failed-1.png]]

[[ATTACHMENT|navigation-Navigation-System-all-menu-links-work-correctly-Tablet\video.webm]]
]]>
</system-out>
</testcase>
<testcase name="Navigation System › Japanese text renders correctly in navigation" classname="navigation.spec.ts" time="1.922">
<system-out>
<![CDATA[Navigation font: "Noto Sans JP", "Noto Sans CJK JP", "Hiragino Sans", "Yu Gothic", sans-serif
]]>
</system-out>
</testcase>
<testcase name="Navigation System › dropdown menu functionality" classname="navigation.spec.ts" time="1.897">
</testcase>
<testcase name="Navigation System › mobile menu functionality" classname="navigation.spec.ts" time="1.79">
</testcase>
<testcase name="Navigation System › sticky navigation on scroll" classname="navigation.spec.ts" time="2.466">
</testcase>
<testcase name="Navigation System › active page highlighting" classname="navigation.spec.ts" time="5.799">
</testcase>
<testcase name="Navigation System › navigation accessibility" classname="navigation.spec.ts" time="2.203">
<system-out>
<![CDATA[Tab 1: Focused on A
Tab 2: Focused on A
Tab 3: Focused on BUTTON
Tab 4: Focused on A
Tab 5: Focused on A
Tab 6: Focused on BUTTON
Tab 7: Focused on A
Tab 8: Focused on BUTTON
Tab 9: Focused on A
Tab 10: Focused on BUTTON
]]>
</system-out>
</testcase>
</testsuite>
<testsuite name="post-processing.spec.ts" timestamp="2025-12-12T21:41:49.549Z" hostname="Tablet" tests="8" failures="1" skipped="0" time="11.97" errors="0">
<testcase name="Post-Processing Preview System › displays all 14 processing types" classname="post-processing.spec.ts" time="1.526">
<failure message="post-processing.spec.ts:9:9 displays all 14 processing types" type="FAILURE">
<![CDATA[  [Tablet] › post-processing.spec.ts:9:9 › Post-Processing Preview System › displays all 14 processing types 

    Error: expect(received).toBeGreaterThan(expected)

    Expected: > 10
    Received:   0

      20 |
      21 |         // Should have multiple options
    > 22 |         expect(optionCount).toBeGreaterThan(10);
         |                             ^
      23 |
      24 |         // Check category labels
      25 |         const categories = ['ジッパー', '仕上げ', '穴', 'その他'];
        at C:\Users\kanei\claudecode\02.Homepage_Dev\02.epac_homepagever1.1\epackage-lab-web\tests\post-processing.spec.ts:22:29

    attachment #1: screenshot (image/png) ──────────────────────────────────────────────────────────
    ..\test-results\post-processing-Post-Proce-768ad-ays-all-14-processing-types-Tablet\test-failed-1.png
    ────────────────────────────────────────────────────────────────────────────────────────────────

    attachment #2: video (video/webm) ──────────────────────────────────────────────────────────────
    ..\test-results\post-processing-Post-Proce-768ad-ays-all-14-processing-types-Tablet\video.webm
    ────────────────────────────────────────────────────────────────────────────────────────────────

    Error Context: ..\test-results\post-processing-Post-Proce-768ad-ays-all-14-processing-types-Tablet\error-context.md
]]>
</failure>
<system-out>
<![CDATA[Found 0 processing options

[[ATTACHMENT|post-processing-Post-Proce-768ad-ays-all-14-processing-types-Tablet\test-failed-1.png]]

[[ATTACHMENT|post-processing-Post-Proce-768ad-ays-all-14-processing-types-Tablet\video.webm]]

[[ATTACHMENT|post-processing-Post-Proce-768ad-ays-all-14-processing-types-Tablet\error-context.md]]
]]>
</system-out>
</testcase>
<testcase name="Post-Processing Preview System › shows visual previews correctly" classname="post-processing.spec.ts" time="1.47">
</testcase>
<testcase name="Post-Processing Preview System › updates price calculation in real-time" classname="post-processing.spec.ts" time="1.558">
</testcase>
<testcase name="Post-Processing Preview System › selection and deselection functionality" classname="post-processing.spec.ts" time="1.498">
</testcase>
<testcase name="Post-Processing Preview System › mobile responsive preview display" classname="post-processing.spec.ts" time="1.561">
</testcase>
<testcase name="Post-Processing Preview System › category grouping functionality" classname="post-processing.spec.ts" time="1.429">
<system-out>
<![CDATA[Categories - Zipper: false, Finishing: false, Holes: false
]]>
</system-out>
</testcase>
<testcase name="Post-Processing Preview System › preview image loading states" classname="post-processing.spec.ts" time="1.487">
</testcase>
<testcase name="Post-Processing Preview System › processing options affect quote summary" classname="post-processing.spec.ts" time="1.441">
</testcase>
</testsuite>
<testsuite name="simulation.spec.ts" timestamp="2025-12-12T21:41:49.549Z" hostname="Tablet" tests="1" failures="1" skipped="0" time="5.46" errors="0">
<testcase name="Simulation Wizard Flow" classname="simulation.spec.ts" time="5.46">
<failure message="simulation.spec.ts:3:5 Simulation Wizard Flow" type="FAILURE">
<![CDATA[  [Tablet] › simulation.spec.ts:3:5 › Simulation Wizard Flow ───────────────────────────────────────

    Error: expect(page).toHaveTitle(expected) failed

    Expected pattern: /見積り/
    Received string:  "自動見積もり | Epackage Lab"
    Timeout: 5000ms

    Call log:
      - Expect "toHaveTitle" with timeout 5000ms
        9 × unexpected value "自動見積もり | Epackage Lab"


       6 |     await page.goto('/simulation');
       7 |     console.log('Navigated to /simulation');
    >  8 |     await expect(page).toHaveTitle(/見積り/);
         |                        ^
       9 |     console.log('Title verified');
      10 |
      11 |     // 2. Step 1: Bag Selection
        at C:\Users\kanei\claudecode\02.Homepage_Dev\02.epac_homepagever1.1\epackage-lab-web\tests\simulation.spec.ts:8:24

    attachment #1: screenshot (image/png) ──────────────────────────────────────────────────────────
    ..\test-results\simulation-Simulation-Wizard-Flow-Tablet\test-failed-1.png
    ────────────────────────────────────────────────────────────────────────────────────────────────

    attachment #2: video (video/webm) ──────────────────────────────────────────────────────────────
    ..\test-results\simulation-Simulation-Wizard-Flow-Tablet\video.webm
    ────────────────────────────────────────────────────────────────────────────────────────────────

    Error Context: ..\test-results\simulation-Simulation-Wizard-Flow-Tablet\error-context.md
]]>
</failure>
<system-out>
<![CDATA[Starting test...
Navigated to /simulation

[[ATTACHMENT|simulation-Simulation-Wizard-Flow-Tablet\test-failed-1.png]]

[[ATTACHMENT|simulation-Simulation-Wizard-Flow-Tablet\video.webm]]

[[ATTACHMENT|simulation-Simulation-Wizard-Flow-Tablet\error-context.md]]
]]>
</system-out>
</testcase>
</testsuite>
<testsuite name="test-summary.spec.ts" timestamp="2025-12-12T21:41:49.549Z" hostname="Tablet" tests="11" failures="5" skipped="0" time="28.572" errors="0">
<testcase name="TaskMaster Implementation Summary › ✅ SUCCESS: Japanese localization is properly implemented" classname="test-summary.spec.ts" time="0.658">
<failure message="test-summary.spec.ts:13:7 ✅ SUCCESS: Japanese localization is properly implemented" type="FAILURE">
<![CDATA[  [Tablet] › test-summary.spec.ts:13:7 › TaskMaster Implementation Summary › ✅ SUCCESS: Japanese localization is properly implemented 

    Error: expect(locator).toBeVisible() failed

    Locator: locator('text=食品・化粧品・電子部品')
    Expected: visible
    Error: strict mode violation: locator('text=食品・化粧品・電子部品') resolved to 2 elements:
        1) <p class="text-lg md:text-xl text-gray-200 leading-relaxed max-w-4xl mx-auto bg-black/30 backdrop-blur-sm rounded-2xl p-6 border border-white/10">食品・化粧品・電子部品など、あらゆる業界に対応する高品質パウチ包装。 あなたの製品価値を最大限に引…</p> aka getByText('食品・化粧品・電子部品など、あらゆる業界に対応する高品質パウチ包装。 あなたの製品価値を最大限に引き出す最適な包装ソリューションをご提案します。')
        2) <p class="text-lg text-gray-600 max-w-3xl mx-auto">食品・化粧品・電子部品など、あらゆる製品に対応する専門パウチ製品。 お客様のニーズに合わせて最適な…</p> aka getByText('食品・化粧品・電子部品など、あらゆる製品に対応する専門パウチ製品。 お客様のニーズに合わせて最適な包装ソリューションをご提案します。')

    Call log:
      - Expect "toBeVisible" with timeout 5000ms
      - waiting for locator('text=食品・化粧品・電子部品')


      20 |     await expect(page.locator('h1')).toContainText('あなたの製品を');
      21 |     await expect(page.locator('h1')).toContainText('輝かせる');
    > 22 |     await expect(page.locator('text=食品・化粧品・電子部品')).toBeVisible();
         |                                                    ^
      23 |   });
      24 |
      25 |   test('✅ SUCCESS: All key pages are accessible', async ({ page }) => {
        at C:\Users\kanei\claudecode\02.Homepage_Dev\02.epac_homepagever1.1\epackage-lab-web\tests\test-summary.spec.ts:22:52

    attachment #1: screenshot (image/png) ──────────────────────────────────────────────────────────
    ..\test-results\test-summary-TaskMaster-Im-3ad08-ion-is-properly-implemented-Tablet\test-failed-1.png
    ────────────────────────────────────────────────────────────────────────────────────────────────

    attachment #2: video (video/webm) ──────────────────────────────────────────────────────────────
    ..\test-results\test-summary-TaskMaster-Im-3ad08-ion-is-properly-implemented-Tablet\video.webm
    ────────────────────────────────────────────────────────────────────────────────────────────────

    Error Context: ..\test-results\test-summary-TaskMaster-Im-3ad08-ion-is-properly-implemented-Tablet\error-context.md
]]>
</failure>
<system-out>
<![CDATA[
[[ATTACHMENT|test-summary-TaskMaster-Im-3ad08-ion-is-properly-implemented-Tablet\test-failed-1.png]]

[[ATTACHMENT|test-summary-TaskMaster-Im-3ad08-ion-is-properly-implemented-Tablet\video.webm]]

[[ATTACHMENT|test-summary-TaskMaster-Im-3ad08-ion-is-properly-implemented-Tablet\error-context.md]]
]]>
</system-out>
</testcase>
<testcase name="TaskMaster Implementation Summary › ✅ SUCCESS: All key pages are accessible" classname="test-summary.spec.ts" time="1.187">
</testcase>
<testcase name="TaskMaster Implementation Summary › ✅ SUCCESS: Design guide pages are functional" classname="test-summary.spec.ts" time="1.975">
</testcase>
<testcase name="TaskMaster Implementation Summary › ✅ SUCCESS: Footer has been restructured" classname="test-summary.spec.ts" time="6.748">
<failure message="test-summary.spec.ts:56:7 ✅ SUCCESS: Footer has been restructured" type="FAILURE">
<![CDATA[  [Tablet] › test-summary.spec.ts:56:7 › TaskMaster Implementation Summary › ✅ SUCCESS: Footer has been restructured 

    Error: expect(locator).toBeVisible() failed

    Locator: locator('text=〒673-0846')
    Expected: visible
    Timeout: 5000ms
    Error: element(s) not found

    Call log:
      - Expect "toBeVisible" with timeout 5000ms
      - waiting for locator('text=〒673-0846')


      61 |     // Check footer content
      62 |     await expect(page.locator('text=先進技術と卓越した品質で')).toBeVisible();
    > 63 |     await expect(page.locator('text=〒673-0846')).toBeVisible();
         |                                                  ^
      64 |     await expect(page.locator('text=080-6942-7235')).toBeVisible();
      65 |   });
      66 |
        at C:\Users\kanei\claudecode\02.Homepage_Dev\02.epac_homepagever1.1\epackage-lab-web\tests\test-summary.spec.ts:63:50

    attachment #1: screenshot (image/png) ──────────────────────────────────────────────────────────
    ..\test-results\test-summary-TaskMaster-Im-ceb8f-ooter-has-been-restructured-Tablet\test-failed-1.png
    ────────────────────────────────────────────────────────────────────────────────────────────────

    attachment #2: video (video/webm) ──────────────────────────────────────────────────────────────
    ..\test-results\test-summary-TaskMaster-Im-ceb8f-ooter-has-been-restructured-Tablet\video.webm
    ────────────────────────────────────────────────────────────────────────────────────────────────

    Error Context: ..\test-results\test-summary-TaskMaster-Im-ceb8f-ooter-has-been-restructured-Tablet\error-context.md
]]>
</failure>
<system-out>
<![CDATA[
[[ATTACHMENT|test-summary-TaskMaster-Im-ceb8f-ooter-has-been-restructured-Tablet\test-failed-1.png]]

[[ATTACHMENT|test-summary-TaskMaster-Im-ceb8f-ooter-has-been-restructured-Tablet\video.webm]]

[[ATTACHMENT|test-summary-TaskMaster-Im-ceb8f-ooter-has-been-restructured-Tablet\error-context.md]]
]]>
</system-out>
</testcase>
<testcase name="TaskMaster Implementation Summary › ✅ SUCCESS: API endpoints are working" classname="test-summary.spec.ts" time="0.785">
</testcase>
<testcase name="TaskMaster Implementation Summary › ✅ SUCCESS: Header functionality works" classname="test-summary.spec.ts" time="6.209">
<failure message="test-summary.spec.ts:76:7 ✅ SUCCESS: Header functionality works" type="FAILURE">
<![CDATA[  [Tablet] › test-summary.spec.ts:76:7 › TaskMaster Implementation Summary › ✅ SUCCESS: Header functionality works 

    Error: expect(locator).toHaveCount(expected) failed

    Locator:  locator('a[href="/catalog/"]')
    Expected: 5
    Received: 10
    Timeout:  5000ms

    Call log:
      - Expect "toHaveCount" with timeout 5000ms
      - waiting for locator('a[href="/catalog/"]')
        9 × locator resolved to 10 elements
          - unexpected value "10"


      86 |     // Test navigation links exist
      87 |     const catalogLinks = page.locator('a[href="/catalog/"]');
    > 88 |     await expect(catalogLinks).toHaveCount(5); // Multiple catalog links is expected
         |                                ^
      89 |   });
      90 |
      91 |   test('✅ SUCCESS: Mobile responsiveness', async ({ page }) => {
        at C:\Users\kanei\claudecode\02.Homepage_Dev\02.epac_homepagever1.1\epackage-lab-web\tests\test-summary.spec.ts:88:32

    attachment #1: screenshot (image/png) ──────────────────────────────────────────────────────────
    ..\test-results\test-summary-TaskMaster-Im-b5352--Header-functionality-works-Tablet\test-failed-1.png
    ────────────────────────────────────────────────────────────────────────────────────────────────

    attachment #2: video (video/webm) ──────────────────────────────────────────────────────────────
    ..\test-results\test-summary-TaskMaster-Im-b5352--Header-functionality-works-Tablet\video.webm
    ────────────────────────────────────────────────────────────────────────────────────────────────

    Error Context: ..\test-results\test-summary-TaskMaster-Im-b5352--Header-functionality-works-Tablet\error-context.md
]]>
</failure>
<system-out>
<![CDATA[
[[ATTACHMENT|test-summary-TaskMaster-Im-b5352--Header-functionality-works-Tablet\test-failed-1.png]]

[[ATTACHMENT|test-summary-TaskMaster-Im-b5352--Header-functionality-works-Tablet\video.webm]]

[[ATTACHMENT|test-summary-TaskMaster-Im-b5352--Header-functionality-works-Tablet\error-context.md]]
]]>
</system-out>
</testcase>
<testcase name="TaskMaster Implementation Summary › ✅ SUCCESS: Mobile responsiveness" classname="test-summary.spec.ts" time="0.726">
</testcase>
<testcase name="TaskMaster Implementation Summary › ✅ SUCCESS: Navigation functionality" classname="test-summary.spec.ts" time="1.037">
<failure message="test-summary.spec.ts:107:7 ✅ SUCCESS: Navigation functionality" type="FAILURE">
<![CDATA[  [Tablet] › test-summary.spec.ts:107:7 › TaskMaster Implementation Summary › ✅ SUCCESS: Navigation functionality 

    Error: expect(received).toContain(expected) // indexOf

    Expected substring: "/catalog/"
    Received string:    "http://localhost:3000/"

      117 |       await page.click(`a[href="${navTest.href}"]`);
      118 |       await page.waitForLoadState('domcontentloaded');
    > 119 |       expect(page.url()).toContain(navTest.href);
          |                          ^
      120 |       await page.goto('http://localhost:3000'); // Return home
      121 |     }
      122 |   });
        at C:\Users\kanei\claudecode\02.Homepage_Dev\02.epac_homepagever1.1\epackage-lab-web\tests\test-summary.spec.ts:119:26

    attachment #1: screenshot (image/png) ──────────────────────────────────────────────────────────
    ..\test-results\test-summary-TaskMaster-Im-9ba1c-SS-Navigation-functionality-Tablet\test-failed-1.png
    ────────────────────────────────────────────────────────────────────────────────────────────────

    attachment #2: video (video/webm) ──────────────────────────────────────────────────────────────
    ..\test-results\test-summary-TaskMaster-Im-9ba1c-SS-Navigation-functionality-Tablet\video.webm
    ────────────────────────────────────────────────────────────────────────────────────────────────

    Error Context: ..\test-results\test-summary-TaskMaster-Im-9ba1c-SS-Navigation-functionality-Tablet\error-context.md
]]>
</failure>
<system-out>
<![CDATA[
[[ATTACHMENT|test-summary-TaskMaster-Im-9ba1c-SS-Navigation-functionality-Tablet\test-failed-1.png]]

[[ATTACHMENT|test-summary-TaskMaster-Im-9ba1c-SS-Navigation-functionality-Tablet\video.webm]]

[[ATTACHMENT|test-summary-TaskMaster-Im-9ba1c-SS-Navigation-functionality-Tablet\error-context.md]]
]]>
</system-out>
</testcase>
<testcase name="TaskMaster Implementation Summary › ✅ SUCCESS: All TaskMaster requirements implemented" classname="test-summary.spec.ts" time="1.471">
<failure message="test-summary.spec.ts:124:7 ✅ SUCCESS: All TaskMaster requirements implemented" type="FAILURE">
<![CDATA[  [Tablet] › test-summary.spec.ts:124:7 › TaskMaster Implementation Summary › ✅ SUCCESS: All TaskMaster requirements implemented 

    Error: expect(locator).toBeVisible() failed

    Locator: locator('text=お問い合わせ')
    Expected: visible
    Error: strict mode violation: locator('text=お問い合わせ') resolved to 5 elements:
        1) <span class="truncate">お問い合わせ</span> aka getByRole('button', { name: 'お問い合わせ' })
        2) <span class="truncate">お問い合わせ</span> aka getByLabel('Get a quote - mobile CTA').getByText('お問い合わせ')
        3) <h1 class="text-4xl font-bold text-gray-900 mb-4">パウチ専門お問い合わせ</h1> aka getByRole('heading', { name: 'パウチ専門お問い合わせ' })
        4) <label class="flex items-center text-lg font-medium text-gray-900">…</label> aka getByText('お問い合わせ内容 *')
        5) <title>パウチお問い合わせ | Epackage Lab | Epackage Lab</title> aka getByText('パウチお問い合わせ | Epackage Lab |')

    Call log:
      - Expect "toBeVisible" with timeout 5000ms
      - waiting for locator('text=お問い合わせ')


      150 |     // 6. Contact functionality - ✓ Confirmed
      151 |     await page.goto('http://localhost:3000/contact');
    > 152 |     await expect(page.locator('text=お問い合わせ')).toBeVisible();
          |                                               ^
      153 |   });
      154 | });
      155 |
        at C:\Users\kanei\claudecode\02.Homepage_Dev\02.epac_homepagever1.1\epackage-lab-web\tests\test-summary.spec.ts:152:47

    attachment #1: screenshot (image/png) ──────────────────────────────────────────────────────────
    ..\test-results\test-summary-TaskMaster-Im-4fd17-er-requirements-implemented-Tablet\test-failed-1.png
    ────────────────────────────────────────────────────────────────────────────────────────────────

    attachment #2: video (video/webm) ──────────────────────────────────────────────────────────────
    ..\test-results\test-summary-TaskMaster-Im-4fd17-er-requirements-implemented-Tablet\video.webm
    ────────────────────────────────────────────────────────────────────────────────────────────────

    Error Context: ..\test-results\test-summary-TaskMaster-Im-4fd17-er-requirements-implemented-Tablet\error-context.md
]]>
</failure>
<system-out>
<![CDATA[
[[ATTACHMENT|test-summary-TaskMaster-Im-4fd17-er-requirements-implemented-Tablet\test-failed-1.png]]

[[ATTACHMENT|test-summary-TaskMaster-Im-4fd17-er-requirements-implemented-Tablet\video.webm]]

[[ATTACHMENT|test-summary-TaskMaster-Im-4fd17-er-requirements-implemented-Tablet\error-context.md]]
]]>
</system-out>
</testcase>
<testcase name="Performance and Quality › ✅ SUCCESS: Page loads within reasonable time" classname="test-summary.spec.ts" time="0.879">
</testcase>
<testcase name="Performance and Quality › ✅ SUCCESS: No console errors on critical pages" classname="test-summary.spec.ts" time="6.897">
</testcase>
</testsuite>
</testsuites>